[0.047s] Invoking command in '/home/lmz/armpiper/build/piper_with_gripper_moveit': CMAKE_PREFIX_PATH=/home/lmz/armpiper/install/piper_description:/home/lmz/armpiper/install/piper_with_gripper_moveit:/home/lmz/armpiper/install/piper_no_gripper_moveit:/home/lmz/armpiper/install/piper_mujoco:/home/lmz/armpiper/install/piper_msgs:/home/lmz/armpiper/install/piper_humble:/home/lmz/armpiper/install/piper_gazebo:/home/lmz/armpiper/install/open_manipulator:/home/lmz/armpiper/install/open_manipulator_x_bringup:/home/lmz/armpiper/install/open_manipulator_x_description:/home/lmz/armpiper/install/dynamixel_sdk_examples:/home/lmz/armpiper/install/dynamixel_sdk_custom_interfaces:/home/lmz/armpiper/install/dynamixel_hardware_interface:/home/lmz/armpiper/install/dynamixel_sdk:/home/lmz/armpiper/install/dynamixel_interfaces:/home/lmz/armpiper/install/vla:/home/lmz/armpiper/install/interface:/home/lmz/armpiper/install/piper:/home/lmz/armpiper/install/leapsim:/home/lmz/armpiper/install/follow:/home/lmz/armpiper/install/arm_control_pkg:/opt/ros/humble /usr/bin/cmake /home/lmz/armpiper/src/piper_ros/piper_moveit/piper_with_gripper_moveit -DAMENT_CMAKE_SYMLINK_INSTALL=1 -DCMAKE_INSTALL_PREFIX=/home/lmz/armpiper/install/piper_with_gripper_moveit
[0.351s] -- The C compiler identification is GNU 11.4.0
[0.352s] -- The CXX compiler identification is GNU 11.4.0
[0.352s] -- Detecting C compiler ABI info
[0.443s] -- Detecting C compiler ABI info - done
[0.458s] -- Check for working C compiler: /usr/bin/cc - skipped
[0.458s] -- Detecting C compile features
[0.458s] -- Detecting C compile features - done
[0.460s] -- Detecting CXX compiler ABI info
[0.640s] -- Detecting CXX compiler ABI info - done
[0.651s] -- Check for working CXX compiler: /usr/bin/c++ - skipped
[0.651s] -- Detecting CXX compile features
[0.652s] -- Detecting CXX compile features - done
[0.657s] -- Found ament_cmake: 1.3.11 (/opt/ros/humble/share/ament_cmake/cmake)
[0.971s] -- Found Python3: /usr/bin/python3 (found version "3.10.12") found components: Interpreter 
[1.113s] -- Override CMake install command with custom implementation using symlinks instead of copying resources
[1.401s] -- Configuring done
[1.407s] -- Generating done
[1.413s] -- Build files have been written to: /home/lmz/armpiper/build/piper_with_gripper_moveit
[1.455s] Invoked command in '/home/lmz/armpiper/build/piper_with_gripper_moveit' returned '0': CMAKE_PREFIX_PATH=/home/lmz/armpiper/install/piper_description:/home/lmz/armpiper/install/piper_with_gripper_moveit:/home/lmz/armpiper/install/piper_no_gripper_moveit:/home/lmz/armpiper/install/piper_mujoco:/home/lmz/armpiper/install/piper_msgs:/home/lmz/armpiper/install/piper_humble:/home/lmz/armpiper/install/piper_gazebo:/home/lmz/armpiper/install/open_manipulator:/home/lmz/armpiper/install/open_manipulator_x_bringup:/home/lmz/armpiper/install/open_manipulator_x_description:/home/lmz/armpiper/install/dynamixel_sdk_examples:/home/lmz/armpiper/install/dynamixel_sdk_custom_interfaces:/home/lmz/armpiper/install/dynamixel_hardware_interface:/home/lmz/armpiper/install/dynamixel_sdk:/home/lmz/armpiper/install/dynamixel_interfaces:/home/lmz/armpiper/install/vla:/home/lmz/armpiper/install/interface:/home/lmz/armpiper/install/piper:/home/lmz/armpiper/install/leapsim:/home/lmz/armpiper/install/follow:/home/lmz/armpiper/install/arm_control_pkg:/opt/ros/humble /usr/bin/cmake /home/lmz/armpiper/src/piper_ros/piper_moveit/piper_with_gripper_moveit -DAMENT_CMAKE_SYMLINK_INSTALL=1 -DCMAKE_INSTALL_PREFIX=/home/lmz/armpiper/install/piper_with_gripper_moveit
[1.456s] Invoking command in '/home/lmz/armpiper/build/piper_with_gripper_moveit': CMAKE_PREFIX_PATH=/home/lmz/armpiper/install/piper_description:/home/lmz/armpiper/install/piper_with_gripper_moveit:/home/lmz/armpiper/install/piper_no_gripper_moveit:/home/lmz/armpiper/install/piper_mujoco:/home/lmz/armpiper/install/piper_msgs:/home/lmz/armpiper/install/piper_humble:/home/lmz/armpiper/install/piper_gazebo:/home/lmz/armpiper/install/open_manipulator:/home/lmz/armpiper/install/open_manipulator_x_bringup:/home/lmz/armpiper/install/open_manipulator_x_description:/home/lmz/armpiper/install/dynamixel_sdk_examples:/home/lmz/armpiper/install/dynamixel_sdk_custom_interfaces:/home/lmz/armpiper/install/dynamixel_hardware_interface:/home/lmz/armpiper/install/dynamixel_sdk:/home/lmz/armpiper/install/dynamixel_interfaces:/home/lmz/armpiper/install/vla:/home/lmz/armpiper/install/interface:/home/lmz/armpiper/install/piper:/home/lmz/armpiper/install/leapsim:/home/lmz/armpiper/install/follow:/home/lmz/armpiper/install/arm_control_pkg:/opt/ros/humble /usr/bin/cmake --build /home/lmz/armpiper/build/piper_with_gripper_moveit -- -j16 -l16
[1.550s] Invoked command in '/home/lmz/armpiper/build/piper_with_gripper_moveit' returned '0': CMAKE_PREFIX_PATH=/home/lmz/armpiper/install/piper_description:/home/lmz/armpiper/install/piper_with_gripper_moveit:/home/lmz/armpiper/install/piper_no_gripper_moveit:/home/lmz/armpiper/install/piper_mujoco:/home/lmz/armpiper/install/piper_msgs:/home/lmz/armpiper/install/piper_humble:/home/lmz/armpiper/install/piper_gazebo:/home/lmz/armpiper/install/open_manipulator:/home/lmz/armpiper/install/open_manipulator_x_bringup:/home/lmz/armpiper/install/open_manipulator_x_description:/home/lmz/armpiper/install/dynamixel_sdk_examples:/home/lmz/armpiper/install/dynamixel_sdk_custom_interfaces:/home/lmz/armpiper/install/dynamixel_hardware_interface:/home/lmz/armpiper/install/dynamixel_sdk:/home/lmz/armpiper/install/dynamixel_interfaces:/home/lmz/armpiper/install/vla:/home/lmz/armpiper/install/interface:/home/lmz/armpiper/install/piper:/home/lmz/armpiper/install/leapsim:/home/lmz/armpiper/install/follow:/home/lmz/armpiper/install/arm_control_pkg:/opt/ros/humble /usr/bin/cmake --build /home/lmz/armpiper/build/piper_with_gripper_moveit -- -j16 -l16
[1.554s] Invoking command in '/home/lmz/armpiper/build/piper_with_gripper_moveit': CMAKE_PREFIX_PATH=/home/lmz/armpiper/install/piper_description:/home/lmz/armpiper/install/piper_with_gripper_moveit:/home/lmz/armpiper/install/piper_no_gripper_moveit:/home/lmz/armpiper/install/piper_mujoco:/home/lmz/armpiper/install/piper_msgs:/home/lmz/armpiper/install/piper_humble:/home/lmz/armpiper/install/piper_gazebo:/home/lmz/armpiper/install/open_manipulator:/home/lmz/armpiper/install/open_manipulator_x_bringup:/home/lmz/armpiper/install/open_manipulator_x_description:/home/lmz/armpiper/install/dynamixel_sdk_examples:/home/lmz/armpiper/install/dynamixel_sdk_custom_interfaces:/home/lmz/armpiper/install/dynamixel_hardware_interface:/home/lmz/armpiper/install/dynamixel_sdk:/home/lmz/armpiper/install/dynamixel_interfaces:/home/lmz/armpiper/install/vla:/home/lmz/armpiper/install/interface:/home/lmz/armpiper/install/piper:/home/lmz/armpiper/install/leapsim:/home/lmz/armpiper/install/follow:/home/lmz/armpiper/install/arm_control_pkg:/opt/ros/humble /usr/bin/cmake --install /home/lmz/armpiper/build/piper_with_gripper_moveit
[1.573s] -- Install configuration: ""
[1.574s] -- Execute custom install script
[1.574s] -- Symlinking: /home/lmz/armpiper/install/piper_with_gripper_moveit/share/ament_index/resource_index/package_run_dependencies/piper_with_gripper_moveit
[1.593s] -- Symlinking: /home/lmz/armpiper/install/piper_with_gripper_moveit/share/ament_index/resource_index/parent_prefix_path/piper_with_gripper_moveit
[1.614s] -- Symlinking: /home/lmz/armpiper/install/piper_with_gripper_moveit/share/piper_with_gripper_moveit/environment/ament_prefix_path.sh
[1.642s] -- Symlinking: /home/lmz/armpiper/install/piper_with_gripper_moveit/share/piper_with_gripper_moveit/environment/ament_prefix_path.dsv
[1.660s] -- Symlinking: /home/lmz/armpiper/install/piper_with_gripper_moveit/share/piper_with_gripper_moveit/environment/path.sh
[1.683s] -- Symlinking: /home/lmz/armpiper/install/piper_with_gripper_moveit/share/piper_with_gripper_moveit/environment/path.dsv
[1.707s] -- Symlinking: /home/lmz/armpiper/install/piper_with_gripper_moveit/share/piper_with_gripper_moveit/local_setup.bash
[1.730s] -- Symlinking: /home/lmz/armpiper/install/piper_with_gripper_moveit/share/piper_with_gripper_moveit/local_setup.sh
[1.749s] -- Symlinking: /home/lmz/armpiper/install/piper_with_gripper_moveit/share/piper_with_gripper_moveit/local_setup.zsh
[1.767s] -- Symlinking: /home/lmz/armpiper/install/piper_with_gripper_moveit/share/piper_with_gripper_moveit/local_setup.dsv
[1.801s] -- Symlinking: /home/lmz/armpiper/install/piper_with_gripper_moveit/share/piper_with_gripper_moveit/package.dsv
[1.837s] -- Symlinking: /home/lmz/armpiper/install/piper_with_gripper_moveit/share/ament_index/resource_index/packages/piper_with_gripper_moveit
[1.852s] -- Symlinking: /home/lmz/armpiper/install/piper_with_gripper_moveit/share/piper_with_gripper_moveit/cmake/piper_with_gripper_moveitConfig.cmake
[1.881s] -- Symlinking: /home/lmz/armpiper/install/piper_with_gripper_moveit/share/piper_with_gripper_moveit/cmake/piper_with_gripper_moveitConfig-version.cmake
[1.908s] -- Symlinking: /home/lmz/armpiper/install/piper_with_gripper_moveit/share/piper_with_gripper_moveit/package.xml
[1.920s] -- Symlinking: /home/lmz/armpiper/install/piper_with_gripper_moveit/share/piper_with_gripper_moveit/launch/demo.launch.py
[1.933s] -- Symlinking: /home/lmz/armpiper/install/piper_with_gripper_moveit/share/piper_with_gripper_moveit/launch/move_group.launch.py
[1.944s] -- Symlinking: /home/lmz/armpiper/install/piper_with_gripper_moveit/share/piper_with_gripper_moveit/launch/moveit_rviz.launch.py
[1.953s] -- Symlinking: /home/lmz/armpiper/install/piper_with_gripper_moveit/share/piper_with_gripper_moveit/launch/piper_moveit.launch.py
[1.962s] -- Symlinking: /home/lmz/armpiper/install/piper_with_gripper_moveit/share/piper_with_gripper_moveit/launch/rsp.launch.py
[1.972s] -- Symlinking: /home/lmz/armpiper/install/piper_with_gripper_moveit/share/piper_with_gripper_moveit/launch/setup_assistant.launch.py
[1.989s] -- Symlinking: /home/lmz/armpiper/install/piper_with_gripper_moveit/share/piper_with_gripper_moveit/launch/spawn_controllers.launch.py
[2.013s] -- Symlinking: /home/lmz/armpiper/install/piper_with_gripper_moveit/share/piper_with_gripper_moveit/launch/static_virtual_joint_tfs.launch.py
[2.033s] -- Symlinking: /home/lmz/armpiper/install/piper_with_gripper_moveit/share/piper_with_gripper_moveit/launch/warehouse_db.launch.py
[2.052s] -- Symlinking: /home/lmz/armpiper/install/piper_with_gripper_moveit/share/piper_with_gripper_moveit/config/initial_positions.yaml
[2.065s] -- Symlinking: /home/lmz/armpiper/install/piper_with_gripper_moveit/share/piper_with_gripper_moveit/config/joint_limits.yaml
[2.075s] -- Symlinking: /home/lmz/armpiper/install/piper_with_gripper_moveit/share/piper_with_gripper_moveit/config/kinematics.yaml
[2.089s] -- Symlinking: /home/lmz/armpiper/install/piper_with_gripper_moveit/share/piper_with_gripper_moveit/config/moveit.rviz
[2.106s] -- Symlinking: /home/lmz/armpiper/install/piper_with_gripper_moveit/share/piper_with_gripper_moveit/config/moveit_controllers.yaml
[2.119s] -- Symlinking: /home/lmz/armpiper/install/piper_with_gripper_moveit/share/piper_with_gripper_moveit/config/pilz_cartesian_limits.yaml
[2.130s] -- Symlinking: /home/lmz/armpiper/install/piper_with_gripper_moveit/share/piper_with_gripper_moveit/config/piper.ros2_control.xacro
[2.142s] -- Symlinking: /home/lmz/armpiper/install/piper_with_gripper_moveit/share/piper_with_gripper_moveit/config/piper.srdf
[2.155s] -- Symlinking: /home/lmz/armpiper/install/piper_with_gripper_moveit/share/piper_with_gripper_moveit/config/piper.urdf.xacro
[2.171s] -- Symlinking: /home/lmz/armpiper/install/piper_with_gripper_moveit/share/piper_with_gripper_moveit/config/ros2_controllers.yaml
[2.178s] -- Symlinking: /home/lmz/armpiper/install/piper_with_gripper_moveit/share/piper_with_gripper_moveit/config/sensors_3d.yaml
[2.187s] -- Symlinking: /home/lmz/armpiper/install/piper_with_gripper_moveit/share/piper_with_gripper_moveit/.setup_assistant
[2.199s] Invoked command in '/home/lmz/armpiper/build/piper_with_gripper_moveit' returned '0': CMAKE_PREFIX_PATH=/home/lmz/armpiper/install/piper_description:/home/lmz/armpiper/install/piper_with_gripper_moveit:/home/lmz/armpiper/install/piper_no_gripper_moveit:/home/lmz/armpiper/install/piper_mujoco:/home/lmz/armpiper/install/piper_msgs:/home/lmz/armpiper/install/piper_humble:/home/lmz/armpiper/install/piper_gazebo:/home/lmz/armpiper/install/open_manipulator:/home/lmz/armpiper/install/open_manipulator_x_bringup:/home/lmz/armpiper/install/open_manipulator_x_description:/home/lmz/armpiper/install/dynamixel_sdk_examples:/home/lmz/armpiper/install/dynamixel_sdk_custom_interfaces:/home/lmz/armpiper/install/dynamixel_hardware_interface:/home/lmz/armpiper/install/dynamixel_sdk:/home/lmz/armpiper/install/dynamixel_interfaces:/home/lmz/armpiper/install/vla:/home/lmz/armpiper/install/interface:/home/lmz/armpiper/install/piper:/home/lmz/armpiper/install/leapsim:/home/lmz/armpiper/install/follow:/home/lmz/armpiper/install/arm_control_pkg:/opt/ros/humble /usr/bin/cmake --install /home/lmz/armpiper/build/piper_with_gripper_moveit
