[0.030s] Invoking command in '/home/lmz/armpiper/build/open_manipulator': CMAKE_PREFIX_PATH=/home/lmz/armpiper/install/open_manipulator_x_bringup:/home/lmz/armpiper/install/open_manipulator_x_description:/home/lmz/armpiper/install/piper_with_gripper_moveit:/home/lmz/armpiper/install/piper_no_gripper_moveit:/home/lmz/armpiper/install/piper_mujoco:/home/lmz/armpiper/install/piper_msgs:/home/lmz/armpiper/install/piper_humble:/home/lmz/armpiper/install/piper_gazebo:/home/lmz/armpiper/install/piper_description:/home/lmz/armpiper/install/open_manipulator:/home/lmz/armpiper/install/dynamixel_sdk_examples:/home/lmz/armpiper/install/dynamixel_sdk_custom_interfaces:/home/lmz/armpiper/install/dynamixel_hardware_interface:/home/lmz/armpiper/install/dynamixel_sdk:/home/lmz/armpiper/install/dynamixel_interfaces:/home/lmz/armpiper/install/vla:/home/lmz/armpiper/install/interface:/home/lmz/armpiper/install/piper:/home/lmz/armpiper/install/leapsim:/home/lmz/armpiper/install/follow:/home/lmz/armpiper/install/arm_control_pkg:/opt/ros/humble /usr/bin/cmake /home/lmz/armpiper/src/open_manipulator/open_manipulator -DAMENT_CMAKE_SYMLINK_INSTALL=1 -DCMAKE_INSTALL_PREFIX=/home/lmz/armpiper/install/open_manipulator
[0.141s] -- The C compiler identification is GNU 11.4.0
[0.243s] -- The CXX compiler identification is GNU 11.4.0
[0.254s] -- Detecting C compiler ABI info
[0.319s] -- Detecting C compiler ABI info - done
[0.325s] -- Check for working C compiler: /usr/bin/cc - skipped
[0.325s] -- Detecting C compile features
[0.326s] -- Detecting C compile features - done
[0.329s] -- Detecting CXX compiler ABI info
[0.392s] -- Detecting CXX compiler ABI info - done
[0.401s] -- Check for working CXX compiler: /usr/bin/c++ - skipped
[0.402s] -- Detecting CXX compile features
[0.402s] -- Detecting CXX compile features - done
[0.406s] -- Found ament_cmake: 1.3.11 (/opt/ros/humble/share/ament_cmake/cmake)
[0.572s] -- Found Python3: /usr/bin/python3 (found version "3.10.12") found components: Interpreter 
[0.628s] -- Override CMake install command with custom implementation using symlinks instead of copying resources
[0.703s] -- Configuring done
[0.704s] -- Generating done
[0.705s] -- Build files have been written to: /home/lmz/armpiper/build/open_manipulator
[0.708s] Invoked command in '/home/lmz/armpiper/build/open_manipulator' returned '0': CMAKE_PREFIX_PATH=/home/lmz/armpiper/install/open_manipulator_x_bringup:/home/lmz/armpiper/install/open_manipulator_x_description:/home/lmz/armpiper/install/piper_with_gripper_moveit:/home/lmz/armpiper/install/piper_no_gripper_moveit:/home/lmz/armpiper/install/piper_mujoco:/home/lmz/armpiper/install/piper_msgs:/home/lmz/armpiper/install/piper_humble:/home/lmz/armpiper/install/piper_gazebo:/home/lmz/armpiper/install/piper_description:/home/lmz/armpiper/install/open_manipulator:/home/lmz/armpiper/install/dynamixel_sdk_examples:/home/lmz/armpiper/install/dynamixel_sdk_custom_interfaces:/home/lmz/armpiper/install/dynamixel_hardware_interface:/home/lmz/armpiper/install/dynamixel_sdk:/home/lmz/armpiper/install/dynamixel_interfaces:/home/lmz/armpiper/install/vla:/home/lmz/armpiper/install/interface:/home/lmz/armpiper/install/piper:/home/lmz/armpiper/install/leapsim:/home/lmz/armpiper/install/follow:/home/lmz/armpiper/install/arm_control_pkg:/opt/ros/humble /usr/bin/cmake /home/lmz/armpiper/src/open_manipulator/open_manipulator -DAMENT_CMAKE_SYMLINK_INSTALL=1 -DCMAKE_INSTALL_PREFIX=/home/lmz/armpiper/install/open_manipulator
[0.710s] Invoking command in '/home/lmz/armpiper/build/open_manipulator': CMAKE_PREFIX_PATH=/home/lmz/armpiper/install/open_manipulator_x_bringup:/home/lmz/armpiper/install/open_manipulator_x_description:/home/lmz/armpiper/install/piper_with_gripper_moveit:/home/lmz/armpiper/install/piper_no_gripper_moveit:/home/lmz/armpiper/install/piper_mujoco:/home/lmz/armpiper/install/piper_msgs:/home/lmz/armpiper/install/piper_humble:/home/lmz/armpiper/install/piper_gazebo:/home/lmz/armpiper/install/piper_description:/home/lmz/armpiper/install/open_manipulator:/home/lmz/armpiper/install/dynamixel_sdk_examples:/home/lmz/armpiper/install/dynamixel_sdk_custom_interfaces:/home/lmz/armpiper/install/dynamixel_hardware_interface:/home/lmz/armpiper/install/dynamixel_sdk:/home/lmz/armpiper/install/dynamixel_interfaces:/home/lmz/armpiper/install/vla:/home/lmz/armpiper/install/interface:/home/lmz/armpiper/install/piper:/home/lmz/armpiper/install/leapsim:/home/lmz/armpiper/install/follow:/home/lmz/armpiper/install/arm_control_pkg:/opt/ros/humble /usr/bin/cmake --build /home/lmz/armpiper/build/open_manipulator -- -j16 -l16
[0.739s] Invoked command in '/home/lmz/armpiper/build/open_manipulator' returned '0': CMAKE_PREFIX_PATH=/home/lmz/armpiper/install/open_manipulator_x_bringup:/home/lmz/armpiper/install/open_manipulator_x_description:/home/lmz/armpiper/install/piper_with_gripper_moveit:/home/lmz/armpiper/install/piper_no_gripper_moveit:/home/lmz/armpiper/install/piper_mujoco:/home/lmz/armpiper/install/piper_msgs:/home/lmz/armpiper/install/piper_humble:/home/lmz/armpiper/install/piper_gazebo:/home/lmz/armpiper/install/piper_description:/home/lmz/armpiper/install/open_manipulator:/home/lmz/armpiper/install/dynamixel_sdk_examples:/home/lmz/armpiper/install/dynamixel_sdk_custom_interfaces:/home/lmz/armpiper/install/dynamixel_hardware_interface:/home/lmz/armpiper/install/dynamixel_sdk:/home/lmz/armpiper/install/dynamixel_interfaces:/home/lmz/armpiper/install/vla:/home/lmz/armpiper/install/interface:/home/lmz/armpiper/install/piper:/home/lmz/armpiper/install/leapsim:/home/lmz/armpiper/install/follow:/home/lmz/armpiper/install/arm_control_pkg:/opt/ros/humble /usr/bin/cmake --build /home/lmz/armpiper/build/open_manipulator -- -j16 -l16
[0.741s] Invoking command in '/home/lmz/armpiper/build/open_manipulator': CMAKE_PREFIX_PATH=/home/lmz/armpiper/install/open_manipulator_x_bringup:/home/lmz/armpiper/install/open_manipulator_x_description:/home/lmz/armpiper/install/piper_with_gripper_moveit:/home/lmz/armpiper/install/piper_no_gripper_moveit:/home/lmz/armpiper/install/piper_mujoco:/home/lmz/armpiper/install/piper_msgs:/home/lmz/armpiper/install/piper_humble:/home/lmz/armpiper/install/piper_gazebo:/home/lmz/armpiper/install/piper_description:/home/lmz/armpiper/install/open_manipulator:/home/lmz/armpiper/install/dynamixel_sdk_examples:/home/lmz/armpiper/install/dynamixel_sdk_custom_interfaces:/home/lmz/armpiper/install/dynamixel_hardware_interface:/home/lmz/armpiper/install/dynamixel_sdk:/home/lmz/armpiper/install/dynamixel_interfaces:/home/lmz/armpiper/install/vla:/home/lmz/armpiper/install/interface:/home/lmz/armpiper/install/piper:/home/lmz/armpiper/install/leapsim:/home/lmz/armpiper/install/follow:/home/lmz/armpiper/install/arm_control_pkg:/opt/ros/humble /usr/bin/cmake --install /home/lmz/armpiper/build/open_manipulator
[0.748s] -- Install configuration: ""
[0.748s] -- Execute custom install script
[0.748s] -- Symlinking: /home/lmz/armpiper/install/open_manipulator/share/ament_index/resource_index/package_run_dependencies/open_manipulator
[0.754s] -- Symlinking: /home/lmz/armpiper/install/open_manipulator/share/ament_index/resource_index/parent_prefix_path/open_manipulator
[0.760s] -- Symlinking: /home/lmz/armpiper/install/open_manipulator/share/open_manipulator/environment/ament_prefix_path.sh
[0.766s] -- Symlinking: /home/lmz/armpiper/install/open_manipulator/share/open_manipulator/environment/ament_prefix_path.dsv
[0.771s] -- Symlinking: /home/lmz/armpiper/install/open_manipulator/share/open_manipulator/environment/path.sh
[0.777s] -- Symlinking: /home/lmz/armpiper/install/open_manipulator/share/open_manipulator/environment/path.dsv
[0.782s] -- Symlinking: /home/lmz/armpiper/install/open_manipulator/share/open_manipulator/local_setup.bash
[0.788s] -- Symlinking: /home/lmz/armpiper/install/open_manipulator/share/open_manipulator/local_setup.sh
[0.796s] -- Symlinking: /home/lmz/armpiper/install/open_manipulator/share/open_manipulator/local_setup.zsh
[0.803s] -- Symlinking: /home/lmz/armpiper/install/open_manipulator/share/open_manipulator/local_setup.dsv
[0.809s] -- Symlinking: /home/lmz/armpiper/install/open_manipulator/share/open_manipulator/package.dsv
[0.815s] -- Symlinking: /home/lmz/armpiper/install/open_manipulator/share/ament_index/resource_index/packages/open_manipulator
[0.824s] -- Symlinking: /home/lmz/armpiper/install/open_manipulator/share/open_manipulator/cmake/open_manipulatorConfig.cmake
[0.830s] -- Symlinking: /home/lmz/armpiper/install/open_manipulator/share/open_manipulator/cmake/open_manipulatorConfig-version.cmake
[0.839s] -- Symlinking: /home/lmz/armpiper/install/open_manipulator/share/open_manipulator/package.xml
[0.849s] Invoked command in '/home/lmz/armpiper/build/open_manipulator' returned '0': CMAKE_PREFIX_PATH=/home/lmz/armpiper/install/open_manipulator_x_bringup:/home/lmz/armpiper/install/open_manipulator_x_description:/home/lmz/armpiper/install/piper_with_gripper_moveit:/home/lmz/armpiper/install/piper_no_gripper_moveit:/home/lmz/armpiper/install/piper_mujoco:/home/lmz/armpiper/install/piper_msgs:/home/lmz/armpiper/install/piper_humble:/home/lmz/armpiper/install/piper_gazebo:/home/lmz/armpiper/install/piper_description:/home/lmz/armpiper/install/open_manipulator:/home/lmz/armpiper/install/dynamixel_sdk_examples:/home/lmz/armpiper/install/dynamixel_sdk_custom_interfaces:/home/lmz/armpiper/install/dynamixel_hardware_interface:/home/lmz/armpiper/install/dynamixel_sdk:/home/lmz/armpiper/install/dynamixel_interfaces:/home/lmz/armpiper/install/vla:/home/lmz/armpiper/install/interface:/home/lmz/armpiper/install/piper:/home/lmz/armpiper/install/leapsim:/home/lmz/armpiper/install/follow:/home/lmz/armpiper/install/arm_control_pkg:/opt/ros/humble /usr/bin/cmake --install /home/lmz/armpiper/build/open_manipulator
