[1.025s] Invoking command in '/home/lmz/armpiper/build/piper_mujoco': CMAKE_PREFIX_PATH=${CMAKE_PREFIX_PATH}:/home/lmz/armpiper/install/vla:/home/lmz/armpiper/install/interface:/home/lmz/armpiper/install/piper:/home/lmz/armpiper/install/leapsim:/home/lmz/armpiper/install/follow:/home/lmz/armpiper/install/arm_control_pkg:/opt/ros/humble /usr/bin/cmake /home/lmz/armpiper/src/piper_ros/piper_sim/piper_mujoco -DAMENT_CMAKE_SYMLINK_INSTALL=1 -DCMAKE_INSTALL_PREFIX=/home/lmz/armpiper/install/piper_mujoco
[1.067s] -- The C compiler identification is GNU 11.4.0
[1.123s] -- The CXX compiler identification is GNU 11.4.0
[1.131s] -- Detecting C compiler ABI info
[1.189s] -- Detecting C compiler ABI info - done
[1.198s] -- Check for working C compiler: /usr/bin/cc - skipped
[1.198s] -- Detecting C compile features
[1.199s] -- Detecting C compile features - done
[1.202s] -- Detecting CXX compiler ABI info
[1.293s] -- Detecting CXX compiler ABI info - done
[1.305s] -- Check for working CXX compiler: /usr/bin/c++ - skipped
[1.306s] -- Detecting CXX compile features
[1.309s] -- Detecting CXX compile features - done
[1.315s] -- Found ament_cmake: 1.3.11 (/opt/ros/humble/share/ament_cmake/cmake)
[1.730s] -- Found Python3: /usr/bin/python3 (found version "3.10.12") found components: Interpreter 
[1.892s] -- Override CMake install command with custom implementation using symlinks instead of copying resources
[1.948s] -- Found rclpy: 3.3.16 (/opt/ros/humble/share/rclpy/cmake)
[1.951s] -- Found std_msgs: 4.9.0 (/opt/ros/humble/share/std_msgs/cmake)
[2.056s] -- Found rosidl_generator_c: 3.1.6 (/opt/ros/humble/share/rosidl_generator_c/cmake)
[2.064s] -- Found rosidl_adapter: 3.1.6 (/opt/ros/humble/share/rosidl_adapter/cmake)
[2.076s] -- Found rosidl_generator_cpp: 3.1.6 (/opt/ros/humble/share/rosidl_generator_cpp/cmake)
[2.099s] -- Using all available rosidl_typesupport_c: rosidl_typesupport_fastrtps_c;rosidl_typesupport_introspection_c
[2.140s] -- Using all available rosidl_typesupport_cpp: rosidl_typesupport_fastrtps_cpp;rosidl_typesupport_introspection_cpp
[2.275s] -- Configuring done
[2.283s] -- Generating done
[2.285s] -- Build files have been written to: /home/lmz/armpiper/build/piper_mujoco
[2.339s] Invoked command in '/home/lmz/armpiper/build/piper_mujoco' returned '0': CMAKE_PREFIX_PATH=${CMAKE_PREFIX_PATH}:/home/lmz/armpiper/install/vla:/home/lmz/armpiper/install/interface:/home/lmz/armpiper/install/piper:/home/lmz/armpiper/install/leapsim:/home/lmz/armpiper/install/follow:/home/lmz/armpiper/install/arm_control_pkg:/opt/ros/humble /usr/bin/cmake /home/lmz/armpiper/src/piper_ros/piper_sim/piper_mujoco -DAMENT_CMAKE_SYMLINK_INSTALL=1 -DCMAKE_INSTALL_PREFIX=/home/lmz/armpiper/install/piper_mujoco
[2.340s] Invoking command in '/home/lmz/armpiper/build/piper_mujoco': CMAKE_PREFIX_PATH=${CMAKE_PREFIX_PATH}:/home/lmz/armpiper/install/vla:/home/lmz/armpiper/install/interface:/home/lmz/armpiper/install/piper:/home/lmz/armpiper/install/leapsim:/home/lmz/armpiper/install/follow:/home/lmz/armpiper/install/arm_control_pkg:/opt/ros/humble /usr/bin/cmake --build /home/lmz/armpiper/build/piper_mujoco -- -j16 -l16
[2.760s] Invoked command in '/home/lmz/armpiper/build/piper_mujoco' returned '0': CMAKE_PREFIX_PATH=${CMAKE_PREFIX_PATH}:/home/lmz/armpiper/install/vla:/home/lmz/armpiper/install/interface:/home/lmz/armpiper/install/piper:/home/lmz/armpiper/install/leapsim:/home/lmz/armpiper/install/follow:/home/lmz/armpiper/install/arm_control_pkg:/opt/ros/humble /usr/bin/cmake --build /home/lmz/armpiper/build/piper_mujoco -- -j16 -l16
[2.763s] Invoking command in '/home/lmz/armpiper/build/piper_mujoco': CMAKE_PREFIX_PATH=${CMAKE_PREFIX_PATH}:/home/lmz/armpiper/install/vla:/home/lmz/armpiper/install/interface:/home/lmz/armpiper/install/piper:/home/lmz/armpiper/install/leapsim:/home/lmz/armpiper/install/follow:/home/lmz/armpiper/install/arm_control_pkg:/opt/ros/humble /usr/bin/cmake --install /home/lmz/armpiper/build/piper_mujoco
[2.886s] -- Install configuration: ""
[2.886s] -- Execute custom install script
[2.886s] -- Symlinking: /home/lmz/armpiper/install/piper_mujoco/lib/piper_mujoco/piper_mujoco_ctrl.py
[2.886s] -- Symlinking: /home/lmz/armpiper/install/piper_mujoco/lib/piper_mujoco/piper_no_gripper_mujoco_ctrl.py
[2.886s] -- Symlinking: /home/lmz/armpiper/install/piper_mujoco/share/ament_index/resource_index/package_run_dependencies/piper_mujoco
[2.886s] -- Symlinking: /home/lmz/armpiper/install/piper_mujoco/share/ament_index/resource_index/parent_prefix_path/piper_mujoco
[2.894s] -- Symlinking: /home/lmz/armpiper/install/piper_mujoco/share/piper_mujoco/environment/ament_prefix_path.sh
[2.918s] -- Symlinking: /home/lmz/armpiper/install/piper_mujoco/share/piper_mujoco/environment/ament_prefix_path.dsv
[2.946s] -- Symlinking: /home/lmz/armpiper/install/piper_mujoco/share/piper_mujoco/environment/path.sh
[2.978s] -- Symlinking: /home/lmz/armpiper/install/piper_mujoco/share/piper_mujoco/environment/path.dsv
[2.999s] -- Symlinking: /home/lmz/armpiper/install/piper_mujoco/share/piper_mujoco/local_setup.bash
[3.037s] -- Symlinking: /home/lmz/armpiper/install/piper_mujoco/share/piper_mujoco/local_setup.sh
[3.067s] -- Symlinking: /home/lmz/armpiper/install/piper_mujoco/share/piper_mujoco/local_setup.zsh
[3.084s] -- Symlinking: /home/lmz/armpiper/install/piper_mujoco/share/piper_mujoco/local_setup.dsv
[3.102s] -- Symlinking: /home/lmz/armpiper/install/piper_mujoco/share/piper_mujoco/package.dsv
[3.120s] -- Symlinking: /home/lmz/armpiper/install/piper_mujoco/share/ament_index/resource_index/packages/piper_mujoco
[3.136s] -- Symlinking: /home/lmz/armpiper/install/piper_mujoco/share/piper_mujoco/cmake/piper_mujocoConfig.cmake
[3.152s] -- Symlinking: /home/lmz/armpiper/install/piper_mujoco/share/piper_mujoco/cmake/piper_mujocoConfig-version.cmake
[3.186s] -- Symlinking: /home/lmz/armpiper/install/piper_mujoco/share/piper_mujoco/package.xml
[3.213s] Invoked command in '/home/lmz/armpiper/build/piper_mujoco' returned '0': CMAKE_PREFIX_PATH=${CMAKE_PREFIX_PATH}:/home/lmz/armpiper/install/vla:/home/lmz/armpiper/install/interface:/home/lmz/armpiper/install/piper:/home/lmz/armpiper/install/leapsim:/home/lmz/armpiper/install/follow:/home/lmz/armpiper/install/arm_control_pkg:/opt/ros/humble /usr/bin/cmake --install /home/lmz/armpiper/build/piper_mujoco
