[2.230s] Invoking command in '/home/lmz/armpiper/build/vla': PYTHONPATH=/home/lmz/armpiper/build/vla/prefix_override:/usr/lib/python3/dist-packages/colcon_core/task/python/colcon_distutils_commands:/home/lmz/armpiper/install/vla/lib/python3.10/site-packages:${PYTHONPATH} /usr/bin/python3 -W ignore:setup.py install is deprecated -W ignore:easy_install command is deprecated setup.py develop --editable --build-directory /home/lmz/armpiper/build/vla/build --no-deps symlink_data
[2.611s] running develop
[2.963s] running egg_info
[2.963s] creating vla.egg-info
[2.963s] writing vla.egg-info/PKG-INFO
[2.964s] writing dependency_links to vla.egg-info/dependency_links.txt
[2.964s] writing entry points to vla.egg-info/entry_points.txt
[2.964s] writing requirements to vla.egg-info/requires.txt
[2.964s] writing top-level names to vla.egg-info/top_level.txt
[2.964s] writing manifest file 'vla.egg-info/SOURCES.txt'
[2.971s] reading manifest file 'vla.egg-info/SOURCES.txt'
[2.972s] writing manifest file 'vla.egg-info/SOURCES.txt'
[2.977s] running build_ext
[2.977s] Creating /home/lmz/armpiper/install/vla/lib/python3.10/site-packages/vla.egg-link (link to .)
[2.977s] Installing test script to /home/lmz/armpiper/install/vla/lib/vla
[2.977s] 
[2.977s] Installed /home/lmz/armpiper/build/vla
[2.978s] running symlink_data
[2.986s] creating /home/lmz/armpiper/install/vla/share/ament_index
[2.986s] creating /home/lmz/armpiper/install/vla/share/ament_index/resource_index
[2.989s] creating /home/lmz/armpiper/install/vla/share/ament_index/resource_index/packages
[2.989s] symbolically linking /home/lmz/armpiper/build/vla/resource/vla -> /home/lmz/armpiper/install/vla/share/ament_index/resource_index/packages
[2.990s] symbolically linking /home/lmz/armpiper/build/vla/package.xml -> /home/lmz/armpiper/install/vla/share/vla
[3.100s] Invoked command in '/home/lmz/armpiper/build/vla' returned '0': PYTHONPATH=/home/lmz/armpiper/build/vla/prefix_override:/usr/lib/python3/dist-packages/colcon_core/task/python/colcon_distutils_commands:/home/lmz/armpiper/install/vla/lib/python3.10/site-packages:${PYTHONPATH} /usr/bin/python3 -W ignore:setup.py install is deprecated -W ignore:easy_install command is deprecated setup.py develop --editable --build-directory /home/lmz/armpiper/build/vla/build --no-deps symlink_data
