running develop
running egg_info
creating piper.egg-info
writing piper.egg-info/PKG-INFO
writing dependency_links to piper.egg-info/dependency_links.txt
writing entry points to piper.egg-info/entry_points.txt
writing requirements to piper.egg-info/requires.txt
writing top-level names to piper.egg-info/top_level.txt
writing manifest file 'piper.egg-info/SOURCES.txt'
reading manifest file 'piper.egg-info/SOURCES.txt'
writing manifest file 'piper.egg-info/SOURCES.txt'
running build_ext
Creating /home/lmz/armpiper/install/piper/lib/python3.10/site-packages/piper.egg-link (link to .)
Installing piper_read_slave_joint script to /home/lmz/armpiper/install/piper/lib/piper
Installing piper_single_ctrl script to /home/lmz/armpiper/install/piper/lib/piper

Installed /home/lmz/armpiper/build/piper
running symlink_data
creating /home/lmz/armpiper/install/piper/share/ament_index
creating /home/lmz/armpiper/install/piper/share/ament_index/resource_index
creating /home/lmz/armpiper/install/piper/share/ament_index/resource_index/packages
symbolically linking /home/lmz/armpiper/build/piper/resource/piper -> /home/lmz/armpiper/install/piper/share/ament_index/resource_index/packages
symbolically linking /home/lmz/armpiper/build/piper/package.xml -> /home/lmz/armpiper/install/piper/share/piper
creating /home/lmz/armpiper/install/piper/share/piper/launch
symbolically linking /home/lmz/armpiper/build/piper/launch/start_two_piper.launch.py -> /home/lmz/armpiper/install/piper/share/piper/launch
symbolically linking /home/lmz/armpiper/build/piper/launch/start_single_piper.launch.py -> /home/lmz/armpiper/install/piper/share/piper/launch
symbolically linking /home/lmz/armpiper/build/piper/launch/start_single_piper_rviz.launch.py -> /home/lmz/armpiper/install/piper/share/piper/launch
