[0.057s] Invoking command in '/home/lmz/armpiper/build/piper_with_gripper_moveit': CMAKE_PREFIX_PATH=/home/lmz/armpiper/install/piper_description:/home/lmz/armpiper/install/piper_with_gripper_moveit:/home/lmz/armpiper/install/piper_no_gripper_moveit:/home/lmz/armpiper/install/piper_mujoco:/home/lmz/armpiper/install/piper_msgs:/home/lmz/armpiper/install/piper_humble:/home/lmz/armpiper/install/piper_gazebo:/home/lmz/armpiper/install/open_manipulator:/home/lmz/armpiper/install/open_manipulator_x_bringup:/home/lmz/armpiper/install/open_manipulator_x_description:/home/lmz/armpiper/install/dynamixel_sdk_examples:/home/lmz/armpiper/install/dynamixel_sdk_custom_interfaces:/home/lmz/armpiper/install/dynamixel_hardware_interface:/home/lmz/armpiper/install/dynamixel_sdk:/home/lmz/armpiper/install/dynamixel_interfaces:/home/lmz/armpiper/install/vla:/home/lmz/armpiper/install/interface:/home/lmz/armpiper/install/piper:/home/lmz/armpiper/install/leapsim:/home/lmz/armpiper/install/follow:/home/lmz/armpiper/install/arm_control_pkg:/opt/ros/humble /usr/bin/cmake /home/lmz/armpiper/src/piper_ros/piper_moveit/piper_with_gripper_moveit -DAMENT_CMAKE_SYMLINK_INSTALL=1 -DCMAKE_INSTALL_PREFIX=/home/lmz/armpiper/install/piper_with_gripper_moveit
[0.509s] -- The C compiler identification is GNU 11.4.0
[0.509s] -- The CXX compiler identification is GNU 11.4.0
[0.509s] -- Detecting C compiler ABI info
[0.509s] -- Detecting C compiler ABI info - done
[0.543s] -- Check for working C compiler: /usr/bin/cc - skipped
[0.543s] -- Detecting C compile features
[0.543s] -- Detecting C compile features - done
[0.548s] -- Detecting CXX compiler ABI info
[0.792s] -- Detecting CXX compiler ABI info - done
[0.812s] -- Check for working CXX compiler: /usr/bin/c++ - skipped
[0.815s] -- Detecting CXX compile features
[0.816s] -- Detecting CXX compile features - done
[0.824s] -- Found ament_cmake: 1.3.11 (/opt/ros/humble/share/ament_cmake/cmake)
[1.271s] -- Found Python3: /usr/bin/python3 (found version "3.10.12") found components: Interpreter 
[1.391s] -- Override CMake install command with custom implementation using symlinks instead of copying resources
[1.570s] -- Configuring done
[1.574s] -- Generating done
[1.576s] -- Build files have been written to: /home/lmz/armpiper/build/piper_with_gripper_moveit
[1.585s] Invoked command in '/home/lmz/armpiper/build/piper_with_gripper_moveit' returned '0': CMAKE_PREFIX_PATH=/home/lmz/armpiper/install/piper_description:/home/lmz/armpiper/install/piper_with_gripper_moveit:/home/lmz/armpiper/install/piper_no_gripper_moveit:/home/lmz/armpiper/install/piper_mujoco:/home/lmz/armpiper/install/piper_msgs:/home/lmz/armpiper/install/piper_humble:/home/lmz/armpiper/install/piper_gazebo:/home/lmz/armpiper/install/open_manipulator:/home/lmz/armpiper/install/open_manipulator_x_bringup:/home/lmz/armpiper/install/open_manipulator_x_description:/home/lmz/armpiper/install/dynamixel_sdk_examples:/home/lmz/armpiper/install/dynamixel_sdk_custom_interfaces:/home/lmz/armpiper/install/dynamixel_hardware_interface:/home/lmz/armpiper/install/dynamixel_sdk:/home/lmz/armpiper/install/dynamixel_interfaces:/home/lmz/armpiper/install/vla:/home/lmz/armpiper/install/interface:/home/lmz/armpiper/install/piper:/home/lmz/armpiper/install/leapsim:/home/lmz/armpiper/install/follow:/home/lmz/armpiper/install/arm_control_pkg:/opt/ros/humble /usr/bin/cmake /home/lmz/armpiper/src/piper_ros/piper_moveit/piper_with_gripper_moveit -DAMENT_CMAKE_SYMLINK_INSTALL=1 -DCMAKE_INSTALL_PREFIX=/home/lmz/armpiper/install/piper_with_gripper_moveit
[1.589s] Invoking command in '/home/lmz/armpiper/build/piper_with_gripper_moveit': CMAKE_PREFIX_PATH=/home/lmz/armpiper/install/piper_description:/home/lmz/armpiper/install/piper_with_gripper_moveit:/home/lmz/armpiper/install/piper_no_gripper_moveit:/home/lmz/armpiper/install/piper_mujoco:/home/lmz/armpiper/install/piper_msgs:/home/lmz/armpiper/install/piper_humble:/home/lmz/armpiper/install/piper_gazebo:/home/lmz/armpiper/install/open_manipulator:/home/lmz/armpiper/install/open_manipulator_x_bringup:/home/lmz/armpiper/install/open_manipulator_x_description:/home/lmz/armpiper/install/dynamixel_sdk_examples:/home/lmz/armpiper/install/dynamixel_sdk_custom_interfaces:/home/lmz/armpiper/install/dynamixel_hardware_interface:/home/lmz/armpiper/install/dynamixel_sdk:/home/lmz/armpiper/install/dynamixel_interfaces:/home/lmz/armpiper/install/vla:/home/lmz/armpiper/install/interface:/home/lmz/armpiper/install/piper:/home/lmz/armpiper/install/leapsim:/home/lmz/armpiper/install/follow:/home/lmz/armpiper/install/arm_control_pkg:/opt/ros/humble /usr/bin/cmake --build /home/lmz/armpiper/build/piper_with_gripper_moveit -- -j16 -l16
[1.660s] Invoked command in '/home/lmz/armpiper/build/piper_with_gripper_moveit' returned '0': CMAKE_PREFIX_PATH=/home/lmz/armpiper/install/piper_description:/home/lmz/armpiper/install/piper_with_gripper_moveit:/home/lmz/armpiper/install/piper_no_gripper_moveit:/home/lmz/armpiper/install/piper_mujoco:/home/lmz/armpiper/install/piper_msgs:/home/lmz/armpiper/install/piper_humble:/home/lmz/armpiper/install/piper_gazebo:/home/lmz/armpiper/install/open_manipulator:/home/lmz/armpiper/install/open_manipulator_x_bringup:/home/lmz/armpiper/install/open_manipulator_x_description:/home/lmz/armpiper/install/dynamixel_sdk_examples:/home/lmz/armpiper/install/dynamixel_sdk_custom_interfaces:/home/lmz/armpiper/install/dynamixel_hardware_interface:/home/lmz/armpiper/install/dynamixel_sdk:/home/lmz/armpiper/install/dynamixel_interfaces:/home/lmz/armpiper/install/vla:/home/lmz/armpiper/install/interface:/home/lmz/armpiper/install/piper:/home/lmz/armpiper/install/leapsim:/home/lmz/armpiper/install/follow:/home/lmz/armpiper/install/arm_control_pkg:/opt/ros/humble /usr/bin/cmake --build /home/lmz/armpiper/build/piper_with_gripper_moveit -- -j16 -l16
[1.663s] Invoking command in '/home/lmz/armpiper/build/piper_with_gripper_moveit': CMAKE_PREFIX_PATH=/home/lmz/armpiper/install/piper_description:/home/lmz/armpiper/install/piper_with_gripper_moveit:/home/lmz/armpiper/install/piper_no_gripper_moveit:/home/lmz/armpiper/install/piper_mujoco:/home/lmz/armpiper/install/piper_msgs:/home/lmz/armpiper/install/piper_humble:/home/lmz/armpiper/install/piper_gazebo:/home/lmz/armpiper/install/open_manipulator:/home/lmz/armpiper/install/open_manipulator_x_bringup:/home/lmz/armpiper/install/open_manipulator_x_description:/home/lmz/armpiper/install/dynamixel_sdk_examples:/home/lmz/armpiper/install/dynamixel_sdk_custom_interfaces:/home/lmz/armpiper/install/dynamixel_hardware_interface:/home/lmz/armpiper/install/dynamixel_sdk:/home/lmz/armpiper/install/dynamixel_interfaces:/home/lmz/armpiper/install/vla:/home/lmz/armpiper/install/interface:/home/lmz/armpiper/install/piper:/home/lmz/armpiper/install/leapsim:/home/lmz/armpiper/install/follow:/home/lmz/armpiper/install/arm_control_pkg:/opt/ros/humble /usr/bin/cmake --install /home/lmz/armpiper/build/piper_with_gripper_moveit
[1.675s] -- Install configuration: ""
[1.675s] -- Execute custom install script
[1.675s] -- Symlinking: /home/lmz/armpiper/install/piper_with_gripper_moveit/share/ament_index/resource_index/package_run_dependencies/piper_with_gripper_moveit
[1.692s] -- Symlinking: /home/lmz/armpiper/install/piper_with_gripper_moveit/share/ament_index/resource_index/parent_prefix_path/piper_with_gripper_moveit
[1.705s] -- Symlinking: /home/lmz/armpiper/install/piper_with_gripper_moveit/share/piper_with_gripper_moveit/environment/ament_prefix_path.sh
[1.723s] -- Symlinking: /home/lmz/armpiper/install/piper_with_gripper_moveit/share/piper_with_gripper_moveit/environment/ament_prefix_path.dsv
[1.742s] -- Symlinking: /home/lmz/armpiper/install/piper_with_gripper_moveit/share/piper_with_gripper_moveit/environment/path.sh
[1.759s] -- Symlinking: /home/lmz/armpiper/install/piper_with_gripper_moveit/share/piper_with_gripper_moveit/environment/path.dsv
[1.778s] -- Symlinking: /home/lmz/armpiper/install/piper_with_gripper_moveit/share/piper_with_gripper_moveit/local_setup.bash
[1.797s] -- Symlinking: /home/lmz/armpiper/install/piper_with_gripper_moveit/share/piper_with_gripper_moveit/local_setup.sh
[1.815s] -- Symlinking: /home/lmz/armpiper/install/piper_with_gripper_moveit/share/piper_with_gripper_moveit/local_setup.zsh
[1.833s] -- Symlinking: /home/lmz/armpiper/install/piper_with_gripper_moveit/share/piper_with_gripper_moveit/local_setup.dsv
[1.848s] -- Symlinking: /home/lmz/armpiper/install/piper_with_gripper_moveit/share/piper_with_gripper_moveit/package.dsv
[1.864s] -- Symlinking: /home/lmz/armpiper/install/piper_with_gripper_moveit/share/ament_index/resource_index/packages/piper_with_gripper_moveit
[1.873s] -- Symlinking: /home/lmz/armpiper/install/piper_with_gripper_moveit/share/piper_with_gripper_moveit/cmake/piper_with_gripper_moveitConfig.cmake
[1.882s] -- Symlinking: /home/lmz/armpiper/install/piper_with_gripper_moveit/share/piper_with_gripper_moveit/cmake/piper_with_gripper_moveitConfig-version.cmake
[1.892s] -- Symlinking: /home/lmz/armpiper/install/piper_with_gripper_moveit/share/piper_with_gripper_moveit/package.xml
[1.901s] -- Symlinking: /home/lmz/armpiper/install/piper_with_gripper_moveit/share/piper_with_gripper_moveit/launch/demo.launch.py
[1.910s] -- Symlinking: /home/lmz/armpiper/install/piper_with_gripper_moveit/share/piper_with_gripper_moveit/launch/move_group.launch.py
[1.930s] -- Symlinking: /home/lmz/armpiper/install/piper_with_gripper_moveit/share/piper_with_gripper_moveit/launch/moveit_rviz.launch.py
[1.948s] -- Symlinking: /home/lmz/armpiper/install/piper_with_gripper_moveit/share/piper_with_gripper_moveit/launch/piper_moveit.launch.py
[1.981s] -- Symlinking: /home/lmz/armpiper/install/piper_with_gripper_moveit/share/piper_with_gripper_moveit/launch/rsp.launch.py
[1.991s] -- Symlinking: /home/lmz/armpiper/install/piper_with_gripper_moveit/share/piper_with_gripper_moveit/launch/setup_assistant.launch.py
[2.011s] -- Symlinking: /home/lmz/armpiper/install/piper_with_gripper_moveit/share/piper_with_gripper_moveit/launch/spawn_controllers.launch.py
[2.039s] -- Symlinking: /home/lmz/armpiper/install/piper_with_gripper_moveit/share/piper_with_gripper_moveit/launch/static_virtual_joint_tfs.launch.py
[2.061s] -- Symlinking: /home/lmz/armpiper/install/piper_with_gripper_moveit/share/piper_with_gripper_moveit/launch/warehouse_db.launch.py
[2.069s] -- Symlinking: /home/lmz/armpiper/install/piper_with_gripper_moveit/share/piper_with_gripper_moveit/config/initial_positions.yaml
[2.077s] -- Symlinking: /home/lmz/armpiper/install/piper_with_gripper_moveit/share/piper_with_gripper_moveit/config/joint_limits.yaml
[2.088s] -- Symlinking: /home/lmz/armpiper/install/piper_with_gripper_moveit/share/piper_with_gripper_moveit/config/kinematics.yaml
[2.095s] -- Symlinking: /home/lmz/armpiper/install/piper_with_gripper_moveit/share/piper_with_gripper_moveit/config/moveit.rviz
[2.103s] -- Symlinking: /home/lmz/armpiper/install/piper_with_gripper_moveit/share/piper_with_gripper_moveit/config/moveit_controllers.yaml
[2.112s] -- Symlinking: /home/lmz/armpiper/install/piper_with_gripper_moveit/share/piper_with_gripper_moveit/config/pilz_cartesian_limits.yaml
[2.122s] -- Symlinking: /home/lmz/armpiper/install/piper_with_gripper_moveit/share/piper_with_gripper_moveit/config/piper.ros2_control.xacro
[2.132s] -- Symlinking: /home/lmz/armpiper/install/piper_with_gripper_moveit/share/piper_with_gripper_moveit/config/piper.srdf
[2.141s] -- Symlinking: /home/lmz/armpiper/install/piper_with_gripper_moveit/share/piper_with_gripper_moveit/config/piper.urdf.xacro
[2.149s] -- Symlinking: /home/lmz/armpiper/install/piper_with_gripper_moveit/share/piper_with_gripper_moveit/config/ros2_controllers.yaml
[2.158s] -- Symlinking: /home/lmz/armpiper/install/piper_with_gripper_moveit/share/piper_with_gripper_moveit/config/sensors_3d.yaml
[2.168s] -- Symlinking: /home/lmz/armpiper/install/piper_with_gripper_moveit/share/piper_with_gripper_moveit/.setup_assistant
[2.179s] Invoked command in '/home/lmz/armpiper/build/piper_with_gripper_moveit' returned '0': CMAKE_PREFIX_PATH=/home/lmz/armpiper/install/piper_description:/home/lmz/armpiper/install/piper_with_gripper_moveit:/home/lmz/armpiper/install/piper_no_gripper_moveit:/home/lmz/armpiper/install/piper_mujoco:/home/lmz/armpiper/install/piper_msgs:/home/lmz/armpiper/install/piper_humble:/home/lmz/armpiper/install/piper_gazebo:/home/lmz/armpiper/install/open_manipulator:/home/lmz/armpiper/install/open_manipulator_x_bringup:/home/lmz/armpiper/install/open_manipulator_x_description:/home/lmz/armpiper/install/dynamixel_sdk_examples:/home/lmz/armpiper/install/dynamixel_sdk_custom_interfaces:/home/lmz/armpiper/install/dynamixel_hardware_interface:/home/lmz/armpiper/install/dynamixel_sdk:/home/lmz/armpiper/install/dynamixel_interfaces:/home/lmz/armpiper/install/vla:/home/lmz/armpiper/install/interface:/home/lmz/armpiper/install/piper:/home/lmz/armpiper/install/leapsim:/home/lmz/armpiper/install/follow:/home/lmz/armpiper/install/arm_control_pkg:/opt/ros/humble /usr/bin/cmake --install /home/lmz/armpiper/build/piper_with_gripper_moveit
