running develop
running egg_info
creating arm_control_pkg.egg-info
writing arm_control_pkg.egg-info/PKG-INFO
writing dependency_links to arm_control_pkg.egg-info/dependency_links.txt
writing entry points to arm_control_pkg.egg-info/entry_points.txt
writing requirements to arm_control_pkg.egg-info/requires.txt
writing top-level names to arm_control_pkg.egg-info/top_level.txt
writing manifest file 'arm_control_pkg.egg-info/SOURCES.txt'
reading manifest file 'arm_control_pkg.egg-info/SOURCES.txt'
writing manifest file 'arm_control_pkg.egg-info/SOURCES.txt'
running build_ext
Creating /home/lmz/armpiper/install/arm_control_pkg/lib/python3.10/site-packages/arm-control-pkg.egg-link (link to .)
Installing arm_manager script to /home/lmz/armpiper/install/arm_control_pkg/lib/arm_control_pkg

Installed /home/lmz/armpiper/build/arm_control_pkg
running symlink_data
creating /home/lmz/armpiper/install/arm_control_pkg/share/ament_index
creating /home/lmz/armpiper/install/arm_control_pkg/share/ament_index/resource_index
creating /home/lmz/armpiper/install/arm_control_pkg/share/ament_index/resource_index/packages
symbolically linking /home/lmz/armpiper/build/arm_control_pkg/resource/arm_control_pkg -> /home/lmz/armpiper/install/arm_control_pkg/share/ament_index/resource_index/packages
symbolically linking /home/lmz/armpiper/build/arm_control_pkg/package.xml -> /home/lmz/armpiper/install/arm_control_pkg/share/arm_control_pkg
creating /home/lmz/armpiper/install/arm_control_pkg/share/arm_control_pkg/srv
symbolically linking /home/lmz/armpiper/build/arm_control_pkg/srv/StringString.srv -> /home/lmz/armpiper/install/arm_control_pkg/share/arm_control_pkg/srv
