[2.143s] Invoking command in '/home/lmz/armpiper/build/arm_control_pkg': PYTHONPATH=/home/lmz/armpiper/build/arm_control_pkg/prefix_override:/usr/lib/python3/dist-packages/colcon_core/task/python/colcon_distutils_commands:/home/lmz/armpiper/install/arm_control_pkg/lib/python3.10/site-packages:${PYTHONPATH} /usr/bin/python3 -W ignore:setup.py install is deprecated -W ignore:easy_install command is deprecated setup.py develop --editable --build-directory /home/lmz/armpiper/build/arm_control_pkg/build --no-deps symlink_data
[2.607s] running develop
[3.285s] running egg_info
[3.286s] creating arm_control_pkg.egg-info
[3.286s] writing arm_control_pkg.egg-info/PKG-INFO
[3.286s] writing dependency_links to arm_control_pkg.egg-info/dependency_links.txt
[3.287s] writing entry points to arm_control_pkg.egg-info/entry_points.txt
[3.289s] writing requirements to arm_control_pkg.egg-info/requires.txt
[3.289s] writing top-level names to arm_control_pkg.egg-info/top_level.txt
[3.290s] writing manifest file 'arm_control_pkg.egg-info/SOURCES.txt'
[3.300s] reading manifest file 'arm_control_pkg.egg-info/SOURCES.txt'
[3.301s] writing manifest file 'arm_control_pkg.egg-info/SOURCES.txt'
[3.302s] running build_ext
[3.303s] Creating /home/lmz/armpiper/install/arm_control_pkg/lib/python3.10/site-packages/arm-control-pkg.egg-link (link to .)
[3.307s] Installing arm_manager script to /home/lmz/armpiper/install/arm_control_pkg/lib/arm_control_pkg
[3.307s] 
[3.307s] Installed /home/lmz/armpiper/build/arm_control_pkg
[3.308s] running symlink_data
[3.308s] creating /home/lmz/armpiper/install/arm_control_pkg/share/ament_index
[3.308s] creating /home/lmz/armpiper/install/arm_control_pkg/share/ament_index/resource_index
[3.308s] creating /home/lmz/armpiper/install/arm_control_pkg/share/ament_index/resource_index/packages
[3.308s] symbolically linking /home/lmz/armpiper/build/arm_control_pkg/resource/arm_control_pkg -> /home/lmz/armpiper/install/arm_control_pkg/share/ament_index/resource_index/packages
[3.308s] symbolically linking /home/lmz/armpiper/build/arm_control_pkg/package.xml -> /home/lmz/armpiper/install/arm_control_pkg/share/arm_control_pkg
[3.308s] creating /home/lmz/armpiper/install/arm_control_pkg/share/arm_control_pkg/srv
[3.308s] symbolically linking /home/lmz/armpiper/build/arm_control_pkg/srv/StringString.srv -> /home/lmz/armpiper/install/arm_control_pkg/share/arm_control_pkg/srv
[3.447s] Invoked command in '/home/lmz/armpiper/build/arm_control_pkg' returned '0': PYTHONPATH=/home/lmz/armpiper/build/arm_control_pkg/prefix_override:/usr/lib/python3/dist-packages/colcon_core/task/python/colcon_distutils_commands:/home/lmz/armpiper/install/arm_control_pkg/lib/python3.10/site-packages:${PYTHONPATH} /usr/bin/python3 -W ignore:setup.py install is deprecated -W ignore:easy_install command is deprecated setup.py develop --editable --build-directory /home/lmz/armpiper/build/arm_control_pkg/build --no-deps symlink_data
