[0.041s] Invoking command in '/home/lmz/armpiper/build/dynamixel_sdk': CMAKE_PREFIX_PATH=${CMAKE_PREFIX_PATH}:/home/lmz/armpiper/install/vla:/home/lmz/armpiper/install/interface:/home/lmz/armpiper/install/piper:/home/lmz/armpiper/install/leapsim:/home/lmz/armpiper/install/follow:/home/lmz/armpiper/install/arm_control_pkg:/opt/ros/humble /usr/bin/cmake /home/lmz/armpiper/src/DynamixelSDK/ros/dynamixel_sdk -DAMENT_CMAKE_SYMLINK_INSTALL=1 -DCMAKE_INSTALL_PREFIX=/home/lmz/armpiper/install/dynamixel_sdk
[1.062s] -- The C compiler identification is GNU 11.4.0
[1.062s] -- The CXX compiler identification is GNU 11.4.0
[1.062s] -- Detecting C compiler ABI info
[1.062s] -- Detecting C compiler ABI info - done
[1.062s] -- Check for working C compiler: /usr/bin/cc - skipped
[1.062s] -- Detecting C compile features
[1.062s] -- Detecting C compile features - done
[1.062s] -- Detecting CXX compiler ABI info
[1.062s] -- Detecting CXX compiler ABI info - done
[1.062s] -- Check for working CXX compiler: /usr/bin/c++ - skipped
[1.062s] -- Detecting CXX compile features
[1.062s] -- Detecting CXX compile features - done
[1.063s] -- Found ament_cmake: 1.3.11 (/opt/ros/humble/share/ament_cmake/cmake)
[1.063s] -- Found Python3: /usr/bin/python3 (found version "3.10.12") found components: Interpreter 
[1.063s] -- Override CMake install command with custom implementation using symlinks instead of copying resources
[1.063s] -- Configuring done
[1.063s] -- Generating done
[1.063s] -- Build files have been written to: /home/lmz/armpiper/build/dynamixel_sdk
[1.254s] Invoked command in '/home/lmz/armpiper/build/dynamixel_sdk' returned '0': CMAKE_PREFIX_PATH=${CMAKE_PREFIX_PATH}:/home/lmz/armpiper/install/vla:/home/lmz/armpiper/install/interface:/home/lmz/armpiper/install/piper:/home/lmz/armpiper/install/leapsim:/home/lmz/armpiper/install/follow:/home/lmz/armpiper/install/arm_control_pkg:/opt/ros/humble /usr/bin/cmake /home/lmz/armpiper/src/DynamixelSDK/ros/dynamixel_sdk -DAMENT_CMAKE_SYMLINK_INSTALL=1 -DCMAKE_INSTALL_PREFIX=/home/lmz/armpiper/install/dynamixel_sdk
[1.255s] Invoking command in '/home/lmz/armpiper/build/dynamixel_sdk': CMAKE_PREFIX_PATH=${CMAKE_PREFIX_PATH}:/home/lmz/armpiper/install/vla:/home/lmz/armpiper/install/interface:/home/lmz/armpiper/install/piper:/home/lmz/armpiper/install/leapsim:/home/lmz/armpiper/install/follow:/home/lmz/armpiper/install/arm_control_pkg:/opt/ros/humble /usr/bin/cmake --build /home/lmz/armpiper/build/dynamixel_sdk -- -j16 -l16
[1.301s] [  7%] [32mBuilding CXX object CMakeFiles/dynamixel_sdk.dir/src/dynamixel_sdk/protocol1_packet_handler.cpp.o[0m
[1.303s] [ 15%] [32mBuilding CXX object CMakeFiles/dynamixel_sdk.dir/src/dynamixel_sdk/protocol2_packet_handler.cpp.o[0m
[1.304s] [ 23%] [32mBuilding CXX object CMakeFiles/dynamixel_sdk.dir/src/dynamixel_sdk/packet_handler.cpp.o[0m
[1.304s] [ 23%] Built target ament_cmake_python_symlink_dynamixel_sdk
[1.309s] [ 38%] [32mBuilding CXX object CMakeFiles/dynamixel_sdk.dir/src/dynamixel_sdk/group_fast_bulk_read.cpp.o[0m
[1.309s] [ 38%] [32mBuilding CXX object CMakeFiles/dynamixel_sdk.dir/src/dynamixel_sdk/group_sync_write.cpp.o[0m
[1.311s] [ 46%] [32mBuilding CXX object CMakeFiles/dynamixel_sdk.dir/src/dynamixel_sdk/port_handler.cpp.o[0m
[1.321s] [ 53%] [32mBuilding CXX object CMakeFiles/dynamixel_sdk.dir/src/dynamixel_sdk/group_bulk_write.cpp.o[0m
[1.328s] [ 61%] [32mBuilding CXX object CMakeFiles/dynamixel_sdk.dir/src/dynamixel_sdk/group_bulk_read.cpp.o[0m
[1.330s] [ 69%] [32mBuilding CXX object CMakeFiles/dynamixel_sdk.dir/src/dynamixel_sdk/group_fast_sync_read.cpp.o[0m
[1.336s] [ 84%] [32mBuilding CXX object CMakeFiles/dynamixel_sdk.dir/src/dynamixel_sdk/port_handler_linux.cpp.o[0m
[1.337s] [ 92%] [32mBuilding CXX object CMakeFiles/dynamixel_sdk.dir/src/dynamixel_sdk/group_handler.cpp.o[0m
[1.340s] [ 76%] [32mBuilding CXX object CMakeFiles/dynamixel_sdk.dir/src/dynamixel_sdk/group_sync_read.cpp.o[0m
[1.687s] running egg_info
[1.688s] creating dynamixel_sdk.egg-info
[1.688s] writing dynamixel_sdk.egg-info/PKG-INFO
[1.688s] writing dependency_links to dynamixel_sdk.egg-info/dependency_links.txt
[1.689s] writing top-level names to dynamixel_sdk.egg-info/top_level.txt
[1.689s] writing manifest file 'dynamixel_sdk.egg-info/SOURCES.txt'
[1.693s] reading manifest file 'dynamixel_sdk.egg-info/SOURCES.txt'
[1.693s] writing manifest file 'dynamixel_sdk.egg-info/SOURCES.txt'
[1.770s] [ 92%] Built target ament_cmake_python_build_dynamixel_sdk_egg
[2.165s] [100%] [32m[1mLinking CXX shared library libdynamixel_sdk.so[0m
[2.299s] [100%] Built target dynamixel_sdk
[2.355s] Invoked command in '/home/lmz/armpiper/build/dynamixel_sdk' returned '0': CMAKE_PREFIX_PATH=${CMAKE_PREFIX_PATH}:/home/lmz/armpiper/install/vla:/home/lmz/armpiper/install/interface:/home/lmz/armpiper/install/piper:/home/lmz/armpiper/install/leapsim:/home/lmz/armpiper/install/follow:/home/lmz/armpiper/install/arm_control_pkg:/opt/ros/humble /usr/bin/cmake --build /home/lmz/armpiper/build/dynamixel_sdk -- -j16 -l16
[2.359s] Invoking command in '/home/lmz/armpiper/build/dynamixel_sdk': CMAKE_PREFIX_PATH=${CMAKE_PREFIX_PATH}:/home/lmz/armpiper/install/vla:/home/lmz/armpiper/install/interface:/home/lmz/armpiper/install/piper:/home/lmz/armpiper/install/leapsim:/home/lmz/armpiper/install/follow:/home/lmz/armpiper/install/arm_control_pkg:/opt/ros/humble /usr/bin/cmake --install /home/lmz/armpiper/build/dynamixel_sdk
[2.654s] -- Install configuration: ""
[2.654s] -- Execute custom install script
[2.654s] -- Symlinking: /home/lmz/armpiper/install/dynamixel_sdk/include//dynamixel_sdk/dynamixel_sdk.h
[2.654s] -- Symlinking: /home/lmz/armpiper/install/dynamixel_sdk/include//dynamixel_sdk/group_bulk_read.h
[2.654s] -- Symlinking: /home/lmz/armpiper/install/dynamixel_sdk/include//dynamixel_sdk/group_bulk_write.h
[2.654s] -- Symlinking: /home/lmz/armpiper/install/dynamixel_sdk/include//dynamixel_sdk/group_fast_bulk_read.h
[2.654s] -- Symlinking: /home/lmz/armpiper/install/dynamixel_sdk/include//dynamixel_sdk/group_fast_sync_read.h
[2.654s] -- Symlinking: /home/lmz/armpiper/install/dynamixel_sdk/include//dynamixel_sdk/group_handler.h
[2.654s] -- Symlinking: /home/lmz/armpiper/install/dynamixel_sdk/include//dynamixel_sdk/group_sync_read.h
[2.654s] -- Symlinking: /home/lmz/armpiper/install/dynamixel_sdk/include//dynamixel_sdk/group_sync_write.h
[2.654s] -- Symlinking: /home/lmz/armpiper/install/dynamixel_sdk/include//dynamixel_sdk/packet_handler.h
[2.654s] -- Symlinking: /home/lmz/armpiper/install/dynamixel_sdk/include//dynamixel_sdk/port_handler.h
[2.654s] -- Symlinking: /home/lmz/armpiper/install/dynamixel_sdk/include//dynamixel_sdk/port_handler_arduino.h
[2.655s] -- Symlinking: /home/lmz/armpiper/install/dynamixel_sdk/include//dynamixel_sdk/port_handler_linux.h
[2.655s] -- Symlinking: /home/lmz/armpiper/install/dynamixel_sdk/include//dynamixel_sdk/port_handler_mac.h
[2.655s] -- Symlinking: /home/lmz/armpiper/install/dynamixel_sdk/include//dynamixel_sdk/port_handler_windows.h
[2.655s] -- Symlinking: /home/lmz/armpiper/install/dynamixel_sdk/include//dynamixel_sdk/protocol1_packet_handler.h
[2.656s] -- Symlinking: /home/lmz/armpiper/install/dynamixel_sdk/include//dynamixel_sdk/protocol2_packet_handler.h
[2.656s] -- Symlinking: /home/lmz/armpiper/install/dynamixel_sdk/share/dynamixel_sdk/environment/pythonpath.sh
[2.689s] -- Symlinking: /home/lmz/armpiper/install/dynamixel_sdk/share/dynamixel_sdk/environment/pythonpath.dsv
[2.702s] -- Symlinking: /home/lmz/armpiper/install/dynamixel_sdk/local/lib/python3.10/dist-packages/dynamixel_sdk-3.8.4-py3.10.egg-info/PKG-INFO
[2.724s] -- Symlinking: /home/lmz/armpiper/install/dynamixel_sdk/local/lib/python3.10/dist-packages/dynamixel_sdk-3.8.4-py3.10.egg-info/SOURCES.txt
[2.741s] -- Symlinking: /home/lmz/armpiper/install/dynamixel_sdk/local/lib/python3.10/dist-packages/dynamixel_sdk-3.8.4-py3.10.egg-info/dependency_links.txt
[2.765s] -- Symlinking: /home/lmz/armpiper/install/dynamixel_sdk/local/lib/python3.10/dist-packages/dynamixel_sdk-3.8.4-py3.10.egg-info/top_level.txt
[2.784s] -- Symlinking: /home/lmz/armpiper/install/dynamixel_sdk/local/lib/python3.10/dist-packages/dynamixel_sdk/__init__.py
[2.820s] -- Symlinking: /home/lmz/armpiper/install/dynamixel_sdk/local/lib/python3.10/dist-packages/dynamixel_sdk/group_bulk_read.cpp
[2.826s] -- Symlinking: /home/lmz/armpiper/install/dynamixel_sdk/local/lib/python3.10/dist-packages/dynamixel_sdk/group_bulk_read.py
[2.847s] -- Symlinking: /home/lmz/armpiper/install/dynamixel_sdk/local/lib/python3.10/dist-packages/dynamixel_sdk/group_bulk_write.cpp
[2.869s] -- Symlinking: /home/lmz/armpiper/install/dynamixel_sdk/local/lib/python3.10/dist-packages/dynamixel_sdk/group_bulk_write.py
[2.891s] -- Symlinking: /home/lmz/armpiper/install/dynamixel_sdk/local/lib/python3.10/dist-packages/dynamixel_sdk/group_fast_bulk_read.cpp
[2.917s] -- Symlinking: /home/lmz/armpiper/install/dynamixel_sdk/local/lib/python3.10/dist-packages/dynamixel_sdk/group_fast_sync_read.cpp
[2.943s] -- Symlinking: /home/lmz/armpiper/install/dynamixel_sdk/local/lib/python3.10/dist-packages/dynamixel_sdk/group_handler.cpp
[2.971s] -- Symlinking: /home/lmz/armpiper/install/dynamixel_sdk/local/lib/python3.10/dist-packages/dynamixel_sdk/group_sync_read.cpp
[3.000s] -- Symlinking: /home/lmz/armpiper/install/dynamixel_sdk/local/lib/python3.10/dist-packages/dynamixel_sdk/group_sync_read.py
[3.028s] -- Symlinking: /home/lmz/armpiper/install/dynamixel_sdk/local/lib/python3.10/dist-packages/dynamixel_sdk/group_sync_write.cpp
[3.068s] -- Symlinking: /home/lmz/armpiper/install/dynamixel_sdk/local/lib/python3.10/dist-packages/dynamixel_sdk/group_sync_write.py
[3.097s] -- Symlinking: /home/lmz/armpiper/install/dynamixel_sdk/local/lib/python3.10/dist-packages/dynamixel_sdk/packet_handler.cpp
[3.133s] -- Symlinking: /home/lmz/armpiper/install/dynamixel_sdk/local/lib/python3.10/dist-packages/dynamixel_sdk/packet_handler.py
[3.159s] -- Symlinking: /home/lmz/armpiper/install/dynamixel_sdk/local/lib/python3.10/dist-packages/dynamixel_sdk/port_handler.cpp
[3.187s] -- Symlinking: /home/lmz/armpiper/install/dynamixel_sdk/local/lib/python3.10/dist-packages/dynamixel_sdk/port_handler.py
[3.210s] -- Symlinking: /home/lmz/armpiper/install/dynamixel_sdk/local/lib/python3.10/dist-packages/dynamixel_sdk/port_handler_arduino.cpp
[3.244s] -- Symlinking: /home/lmz/armpiper/install/dynamixel_sdk/local/lib/python3.10/dist-packages/dynamixel_sdk/port_handler_linux.cpp
[3.263s] -- Symlinking: /home/lmz/armpiper/install/dynamixel_sdk/local/lib/python3.10/dist-packages/dynamixel_sdk/port_handler_mac.cpp
[3.289s] -- Symlinking: /home/lmz/armpiper/install/dynamixel_sdk/local/lib/python3.10/dist-packages/dynamixel_sdk/port_handler_windows.cpp
[3.311s] -- Symlinking: /home/lmz/armpiper/install/dynamixel_sdk/local/lib/python3.10/dist-packages/dynamixel_sdk/protocol1_packet_handler.cpp
[3.326s] -- Symlinking: /home/lmz/armpiper/install/dynamixel_sdk/local/lib/python3.10/dist-packages/dynamixel_sdk/protocol1_packet_handler.py
[3.339s] -- Symlinking: /home/lmz/armpiper/install/dynamixel_sdk/local/lib/python3.10/dist-packages/dynamixel_sdk/protocol2_packet_handler.cpp
[3.359s] -- Symlinking: /home/lmz/armpiper/install/dynamixel_sdk/local/lib/python3.10/dist-packages/dynamixel_sdk/protocol2_packet_handler.py
[3.381s] -- Symlinking: /home/lmz/armpiper/install/dynamixel_sdk/local/lib/python3.10/dist-packages/dynamixel_sdk/robotis_def.py
[3.404s] -- Symlinking: /home/lmz/armpiper/install/dynamixel_sdk/share/dynamixel_sdk/environment/library_path.sh
[3.422s] -- Symlinking: /home/lmz/armpiper/install/dynamixel_sdk/share/dynamixel_sdk/environment/library_path.dsv
[3.441s] -- Symlinking: /home/lmz/armpiper/install/dynamixel_sdk/share/ament_index/resource_index/package_run_dependencies/dynamixel_sdk
[3.460s] -- Symlinking: /home/lmz/armpiper/install/dynamixel_sdk/share/ament_index/resource_index/parent_prefix_path/dynamixel_sdk
[3.488s] -- Symlinking: /home/lmz/armpiper/install/dynamixel_sdk/share/dynamixel_sdk/environment/ament_prefix_path.sh
[3.500s] -- Symlinking: /home/lmz/armpiper/install/dynamixel_sdk/share/dynamixel_sdk/environment/ament_prefix_path.dsv
[3.521s] -- Symlinking: /home/lmz/armpiper/install/dynamixel_sdk/share/dynamixel_sdk/environment/path.sh
[3.543s] -- Symlinking: /home/lmz/armpiper/install/dynamixel_sdk/share/dynamixel_sdk/environment/path.dsv
[3.562s] -- Symlinking: /home/lmz/armpiper/install/dynamixel_sdk/share/dynamixel_sdk/local_setup.bash
[3.586s] -- Symlinking: /home/lmz/armpiper/install/dynamixel_sdk/share/dynamixel_sdk/local_setup.sh
[3.607s] -- Symlinking: /home/lmz/armpiper/install/dynamixel_sdk/share/dynamixel_sdk/local_setup.zsh
[3.629s] -- Symlinking: /home/lmz/armpiper/install/dynamixel_sdk/share/dynamixel_sdk/local_setup.dsv
[3.651s] -- Symlinking: /home/lmz/armpiper/install/dynamixel_sdk/share/dynamixel_sdk/package.dsv
[3.664s] -- Symlinking: /home/lmz/armpiper/install/dynamixel_sdk/share/ament_index/resource_index/packages/dynamixel_sdk
[3.678s] -- Symlinking: /home/lmz/armpiper/install/dynamixel_sdk/share/dynamixel_sdk/cmake/ament_cmake_export_targets-extras.cmake
[3.705s] -- Symlinking: /home/lmz/armpiper/install/dynamixel_sdk/share/dynamixel_sdk/cmake/ament_cmake_export_include_directories-extras.cmake
[3.719s] -- Symlinking: /home/lmz/armpiper/install/dynamixel_sdk/share/dynamixel_sdk/cmake/ament_cmake_export_libraries-extras.cmake
[3.729s] -- Symlinking: /home/lmz/armpiper/install/dynamixel_sdk/share/dynamixel_sdk/cmake/dynamixel_sdkConfig.cmake
[3.739s] -- Symlinking: /home/lmz/armpiper/install/dynamixel_sdk/share/dynamixel_sdk/cmake/dynamixel_sdkConfig-version.cmake
[3.751s] -- Symlinking: /home/lmz/armpiper/install/dynamixel_sdk/share/dynamixel_sdk/package.xml
[3.759s] -- Installing: /home/lmz/armpiper/install/dynamixel_sdk/lib/libdynamixel_sdk.so
[3.846s] Listing '/home/lmz/armpiper/install/dynamixel_sdk/local/lib/python3.10/dist-packages/dynamixel_sdk'...
[3.846s] Compiling '/home/lmz/armpiper/install/dynamixel_sdk/local/lib/python3.10/dist-packages/dynamixel_sdk/__init__.py'...
[3.846s] Compiling '/home/lmz/armpiper/install/dynamixel_sdk/local/lib/python3.10/dist-packages/dynamixel_sdk/group_bulk_read.py'...
[3.846s] Compiling '/home/lmz/armpiper/install/dynamixel_sdk/local/lib/python3.10/dist-packages/dynamixel_sdk/group_bulk_write.py'...
[3.846s] Compiling '/home/lmz/armpiper/install/dynamixel_sdk/local/lib/python3.10/dist-packages/dynamixel_sdk/group_sync_read.py'...
[3.846s] Compiling '/home/lmz/armpiper/install/dynamixel_sdk/local/lib/python3.10/dist-packages/dynamixel_sdk/group_sync_write.py'...
[3.846s] Compiling '/home/lmz/armpiper/install/dynamixel_sdk/local/lib/python3.10/dist-packages/dynamixel_sdk/packet_handler.py'...
[3.846s] Compiling '/home/lmz/armpiper/install/dynamixel_sdk/local/lib/python3.10/dist-packages/dynamixel_sdk/port_handler.py'...
[3.846s] Compiling '/home/lmz/armpiper/install/dynamixel_sdk/local/lib/python3.10/dist-packages/dynamixel_sdk/protocol1_packet_handler.py'...
[3.846s] Compiling '/home/lmz/armpiper/install/dynamixel_sdk/local/lib/python3.10/dist-packages/dynamixel_sdk/protocol2_packet_handler.py'...
[3.846s] Compiling '/home/lmz/armpiper/install/dynamixel_sdk/local/lib/python3.10/dist-packages/dynamixel_sdk/robotis_def.py'...
[3.853s] -- Installing: /home/lmz/armpiper/install/dynamixel_sdk/share/dynamixel_sdk/cmake/dynamixel_sdkExport.cmake
[3.853s] -- Installing: /home/lmz/armpiper/install/dynamixel_sdk/share/dynamixel_sdk/cmake/dynamixel_sdkExport-noconfig.cmake
[3.859s] Invoked command in '/home/lmz/armpiper/build/dynamixel_sdk' returned '0': CMAKE_PREFIX_PATH=${CMAKE_PREFIX_PATH}:/home/lmz/armpiper/install/vla:/home/lmz/armpiper/install/interface:/home/lmz/armpiper/install/piper:/home/lmz/armpiper/install/leapsim:/home/lmz/armpiper/install/follow:/home/lmz/armpiper/install/arm_control_pkg:/opt/ros/humble /usr/bin/cmake --install /home/lmz/armpiper/build/dynamixel_sdk
