[0.010s] Invoking command in '/home/lmz/armpiper/build/dynamixel_sdk_examples': CMAKE_PREFIX_PATH=/home/lmz/armpiper/install/dynamixel_sdk_custom_interfaces:/home/lmz/armpiper/install/dynamixel_sdk:/home/lmz/armpiper/install/piper_with_gripper_moveit:/home/lmz/armpiper/install/piper_no_gripper_moveit:/home/lmz/armpiper/install/piper_mujoco:/home/lmz/armpiper/install/piper_msgs:/home/lmz/armpiper/install/piper_humble:/home/lmz/armpiper/install/piper_gazebo:/home/lmz/armpiper/install/piper_description:/home/lmz/armpiper/install/open_manipulator:/home/lmz/armpiper/install/open_manipulator_x_bringup:/home/lmz/armpiper/install/open_manipulator_x_description:/home/lmz/armpiper/install/dynamixel_sdk_examples:/home/lmz/armpiper/install/dynamixel_hardware_interface:/home/lmz/armpiper/install/dynamixel_interfaces:/home/lmz/armpiper/install/vla:/home/lmz/armpiper/install/interface:/home/lmz/armpiper/install/piper:/home/lmz/armpiper/install/leapsim:/home/lmz/armpiper/install/follow:/home/lmz/armpiper/install/arm_control_pkg:/opt/ros/humble LD_LIBRARY_PATH=/home/lmz/armpiper/install/dynamixel_sdk_custom_interfaces/lib:/home/lmz/armpiper/install/dynamixel_sdk/lib:/home/lmz/armpiper/install/piper_msgs/lib:/home/lmz/armpiper/install/dynamixel_hardware_interface/lib:/home/lmz/armpiper/install/dynamixel_interfaces/lib:/opt/ros/humble/opt/rviz_ogre_vendor/lib:/opt/ros/humble/lib/x86_64-linux-gnu:/opt/ros/humble/lib /usr/bin/cmake /home/lmz/armpiper/src/DynamixelSDK/ros/dynamixel_sdk_examples -DAMENT_CMAKE_SYMLINK_INSTALL=1 -DCMAKE_INSTALL_PREFIX=/home/lmz/armpiper/install/dynamixel_sdk_examples
[0.058s] -- The C compiler identification is GNU 11.4.0
[0.102s] -- The CXX compiler identification is GNU 11.4.0
[0.108s] -- Detecting C compiler ABI info
[0.167s] -- Detecting C compiler ABI info - done
[0.172s] -- Check for working C compiler: /usr/bin/cc - skipped
[0.172s] -- Detecting C compile features
[0.173s] -- Detecting C compile features - done
[0.175s] -- Detecting CXX compiler ABI info
[0.242s] -- Detecting CXX compiler ABI info - done
[0.249s] -- Check for working CXX compiler: /usr/bin/c++ - skipped
[0.249s] -- Detecting CXX compile features
[0.251s] -- Detecting CXX compile features - done
[0.257s] -- Found ament_cmake: 1.3.11 (/opt/ros/humble/share/ament_cmake/cmake)
[0.415s] -- Found Python3: /usr/bin/python3 (found version "3.10.12") found components: Interpreter 
[0.466s] -- Override CMake install command with custom implementation using symlinks instead of copying resources
[0.494s] -- Found dynamixel_sdk: 3.8.4 (/home/lmz/armpiper/install/dynamixel_sdk/share/dynamixel_sdk/cmake)
[0.496s] -- Found dynamixel_sdk_custom_interfaces: 3.8.4 (/home/lmz/armpiper/install/dynamixel_sdk_custom_interfaces/share/dynamixel_sdk_custom_interfaces/cmake)
[0.526s] -- Found rosidl_generator_c: 3.1.6 (/opt/ros/humble/share/rosidl_generator_c/cmake)
[0.531s] -- Found rosidl_adapter: 3.1.6 (/opt/ros/humble/share/rosidl_adapter/cmake)
[0.538s] -- Found rosidl_generator_cpp: 3.1.6 (/opt/ros/humble/share/rosidl_generator_cpp/cmake)
[0.548s] -- Using all available rosidl_typesupport_c: rosidl_typesupport_fastrtps_c;rosidl_typesupport_introspection_c
[0.561s] -- Using all available rosidl_typesupport_cpp: rosidl_typesupport_fastrtps_cpp;rosidl_typesupport_introspection_cpp
[0.581s] -- Found rclcpp: 16.0.12 (/opt/ros/humble/share/rclcpp/cmake)
[0.614s] -- Found rmw_implementation_cmake: 6.1.2 (/opt/ros/humble/share/rmw_implementation_cmake/cmake)
[0.617s] -- Found rmw_cyclonedds_cpp: 1.3.4 (/opt/ros/humble/share/rmw_cyclonedds_cpp/cmake)
[0.636s] -- Using RMW implementation 'rmw_cyclonedds_cpp' as default
[0.644s] -- Looking for pthread.h
[0.709s] -- Looking for pthread.h - found
[0.709s] -- Performing Test CMAKE_HAVE_LIBC_PTHREAD
[0.788s] -- Performing Test CMAKE_HAVE_LIBC_PTHREAD - Success
[0.789s] -- Found Threads: TRUE  
[0.829s] -- Found rclpy: 3.3.16 (/opt/ros/humble/share/rclpy/cmake)
[0.831s] -- Found ament_lint_auto: 0.12.12 (/opt/ros/humble/share/ament_lint_auto/cmake)
[0.898s] -- Added test 'copyright' to check source files copyright and LICENSE
[0.899s] -- Added test 'cppcheck' to perform static code analysis on C / C++ code
[0.899s] -- Configured cppcheck include dirs: /home/lmz/armpiper/src/DynamixelSDK/ros/dynamixel_sdk_examples/include
[0.899s] -- Configured cppcheck exclude dirs and/or files: 
[0.900s] -- Added test 'cpplint' to check C / C++ code against the Google style
[0.900s] -- Configured cpplint exclude dirs and/or files: 
[0.900s] -- Added test 'flake8' to check Python code syntax and style conventions
[0.901s] -- Added test 'lint_cmake' to check CMake code style
[0.901s] -- Added test 'pep257' to check Python code against some of the docstring style conventions in PEP 257
[0.902s] -- Added test 'uncrustify' to check C / C++ code style
[0.902s] -- Configured uncrustify additional arguments: 
[0.902s] -- Added test 'xmllint' to check XML markup files
[0.903s] -- Configuring done
[0.909s] -- Generating done
[0.911s] -- Build files have been written to: /home/lmz/armpiper/build/dynamixel_sdk_examples
[0.917s] Invoked command in '/home/lmz/armpiper/build/dynamixel_sdk_examples' returned '0': CMAKE_PREFIX_PATH=/home/lmz/armpiper/install/dynamixel_sdk_custom_interfaces:/home/lmz/armpiper/install/dynamixel_sdk:/home/lmz/armpiper/install/piper_with_gripper_moveit:/home/lmz/armpiper/install/piper_no_gripper_moveit:/home/lmz/armpiper/install/piper_mujoco:/home/lmz/armpiper/install/piper_msgs:/home/lmz/armpiper/install/piper_humble:/home/lmz/armpiper/install/piper_gazebo:/home/lmz/armpiper/install/piper_description:/home/lmz/armpiper/install/open_manipulator:/home/lmz/armpiper/install/open_manipulator_x_bringup:/home/lmz/armpiper/install/open_manipulator_x_description:/home/lmz/armpiper/install/dynamixel_sdk_examples:/home/lmz/armpiper/install/dynamixel_hardware_interface:/home/lmz/armpiper/install/dynamixel_interfaces:/home/lmz/armpiper/install/vla:/home/lmz/armpiper/install/interface:/home/lmz/armpiper/install/piper:/home/lmz/armpiper/install/leapsim:/home/lmz/armpiper/install/follow:/home/lmz/armpiper/install/arm_control_pkg:/opt/ros/humble LD_LIBRARY_PATH=/home/lmz/armpiper/install/dynamixel_sdk_custom_interfaces/lib:/home/lmz/armpiper/install/dynamixel_sdk/lib:/home/lmz/armpiper/install/piper_msgs/lib:/home/lmz/armpiper/install/dynamixel_hardware_interface/lib:/home/lmz/armpiper/install/dynamixel_interfaces/lib:/opt/ros/humble/opt/rviz_ogre_vendor/lib:/opt/ros/humble/lib/x86_64-linux-gnu:/opt/ros/humble/lib /usr/bin/cmake /home/lmz/armpiper/src/DynamixelSDK/ros/dynamixel_sdk_examples -DAMENT_CMAKE_SYMLINK_INSTALL=1 -DCMAKE_INSTALL_PREFIX=/home/lmz/armpiper/install/dynamixel_sdk_examples
[0.918s] Invoking command in '/home/lmz/armpiper/build/dynamixel_sdk_examples': CMAKE_PREFIX_PATH=/home/lmz/armpiper/install/dynamixel_sdk_custom_interfaces:/home/lmz/armpiper/install/dynamixel_sdk:/home/lmz/armpiper/install/piper_with_gripper_moveit:/home/lmz/armpiper/install/piper_no_gripper_moveit:/home/lmz/armpiper/install/piper_mujoco:/home/lmz/armpiper/install/piper_msgs:/home/lmz/armpiper/install/piper_humble:/home/lmz/armpiper/install/piper_gazebo:/home/lmz/armpiper/install/piper_description:/home/lmz/armpiper/install/open_manipulator:/home/lmz/armpiper/install/open_manipulator_x_bringup:/home/lmz/armpiper/install/open_manipulator_x_description:/home/lmz/armpiper/install/dynamixel_sdk_examples:/home/lmz/armpiper/install/dynamixel_hardware_interface:/home/lmz/armpiper/install/dynamixel_interfaces:/home/lmz/armpiper/install/vla:/home/lmz/armpiper/install/interface:/home/lmz/armpiper/install/piper:/home/lmz/armpiper/install/leapsim:/home/lmz/armpiper/install/follow:/home/lmz/armpiper/install/arm_control_pkg:/opt/ros/humble LD_LIBRARY_PATH=/home/lmz/armpiper/install/dynamixel_sdk_custom_interfaces/lib:/home/lmz/armpiper/install/dynamixel_sdk/lib:/home/lmz/armpiper/install/piper_msgs/lib:/home/lmz/armpiper/install/dynamixel_hardware_interface/lib:/home/lmz/armpiper/install/dynamixel_interfaces/lib:/opt/ros/humble/opt/rviz_ogre_vendor/lib:/opt/ros/humble/lib/x86_64-linux-gnu:/opt/ros/humble/lib /usr/bin/cmake --build /home/lmz/armpiper/build/dynamixel_sdk_examples -- -j16 -l16
[0.967s] [ 50%] [32mBuilding CXX object CMakeFiles/read_write_node.dir/src/read_write_node.cpp.o[0m
[6.732s] [100%] [32m[1mLinking CXX executable read_write_node[0m
[6.988s] [100%] Built target read_write_node
[6.999s] Invoked command in '/home/lmz/armpiper/build/dynamixel_sdk_examples' returned '0': CMAKE_PREFIX_PATH=/home/lmz/armpiper/install/dynamixel_sdk_custom_interfaces:/home/lmz/armpiper/install/dynamixel_sdk:/home/lmz/armpiper/install/piper_with_gripper_moveit:/home/lmz/armpiper/install/piper_no_gripper_moveit:/home/lmz/armpiper/install/piper_mujoco:/home/lmz/armpiper/install/piper_msgs:/home/lmz/armpiper/install/piper_humble:/home/lmz/armpiper/install/piper_gazebo:/home/lmz/armpiper/install/piper_description:/home/lmz/armpiper/install/open_manipulator:/home/lmz/armpiper/install/open_manipulator_x_bringup:/home/lmz/armpiper/install/open_manipulator_x_description:/home/lmz/armpiper/install/dynamixel_sdk_examples:/home/lmz/armpiper/install/dynamixel_hardware_interface:/home/lmz/armpiper/install/dynamixel_interfaces:/home/lmz/armpiper/install/vla:/home/lmz/armpiper/install/interface:/home/lmz/armpiper/install/piper:/home/lmz/armpiper/install/leapsim:/home/lmz/armpiper/install/follow:/home/lmz/armpiper/install/arm_control_pkg:/opt/ros/humble LD_LIBRARY_PATH=/home/lmz/armpiper/install/dynamixel_sdk_custom_interfaces/lib:/home/lmz/armpiper/install/dynamixel_sdk/lib:/home/lmz/armpiper/install/piper_msgs/lib:/home/lmz/armpiper/install/dynamixel_hardware_interface/lib:/home/lmz/armpiper/install/dynamixel_interfaces/lib:/opt/ros/humble/opt/rviz_ogre_vendor/lib:/opt/ros/humble/lib/x86_64-linux-gnu:/opt/ros/humble/lib /usr/bin/cmake --build /home/lmz/armpiper/build/dynamixel_sdk_examples -- -j16 -l16
[7.001s] Invoking command in '/home/lmz/armpiper/build/dynamixel_sdk_examples': CMAKE_PREFIX_PATH=/home/lmz/armpiper/install/dynamixel_sdk_custom_interfaces:/home/lmz/armpiper/install/dynamixel_sdk:/home/lmz/armpiper/install/piper_with_gripper_moveit:/home/lmz/armpiper/install/piper_no_gripper_moveit:/home/lmz/armpiper/install/piper_mujoco:/home/lmz/armpiper/install/piper_msgs:/home/lmz/armpiper/install/piper_humble:/home/lmz/armpiper/install/piper_gazebo:/home/lmz/armpiper/install/piper_description:/home/lmz/armpiper/install/open_manipulator:/home/lmz/armpiper/install/open_manipulator_x_bringup:/home/lmz/armpiper/install/open_manipulator_x_description:/home/lmz/armpiper/install/dynamixel_sdk_examples:/home/lmz/armpiper/install/dynamixel_hardware_interface:/home/lmz/armpiper/install/dynamixel_interfaces:/home/lmz/armpiper/install/vla:/home/lmz/armpiper/install/interface:/home/lmz/armpiper/install/piper:/home/lmz/armpiper/install/leapsim:/home/lmz/armpiper/install/follow:/home/lmz/armpiper/install/arm_control_pkg:/opt/ros/humble LD_LIBRARY_PATH=/home/lmz/armpiper/install/dynamixel_sdk_custom_interfaces/lib:/home/lmz/armpiper/install/dynamixel_sdk/lib:/home/lmz/armpiper/install/piper_msgs/lib:/home/lmz/armpiper/install/dynamixel_hardware_interface/lib:/home/lmz/armpiper/install/dynamixel_interfaces/lib:/opt/ros/humble/opt/rviz_ogre_vendor/lib:/opt/ros/humble/lib/x86_64-linux-gnu:/opt/ros/humble/lib /usr/bin/cmake --install /home/lmz/armpiper/build/dynamixel_sdk_examples
[7.006s] -- Install configuration: ""
[7.007s] -- Execute custom install script
[7.007s] -- Symlinking: /home/lmz/armpiper/install/dynamixel_sdk_examples/lib/dynamixel_sdk_examples/read_write_node
[7.013s] -- Symlinking: /home/lmz/armpiper/install/dynamixel_sdk_examples/lib/dynamixel_sdk_examples/read_write_node.py
[7.021s] -- Symlinking: /home/lmz/armpiper/install/dynamixel_sdk_examples/share/ament_index/resource_index/package_run_dependencies/dynamixel_sdk_examples
[7.026s] -- Symlinking: /home/lmz/armpiper/install/dynamixel_sdk_examples/share/ament_index/resource_index/parent_prefix_path/dynamixel_sdk_examples
[7.035s] -- Symlinking: /home/lmz/armpiper/install/dynamixel_sdk_examples/share/dynamixel_sdk_examples/environment/ament_prefix_path.sh
[7.041s] -- Symlinking: /home/lmz/armpiper/install/dynamixel_sdk_examples/share/dynamixel_sdk_examples/environment/ament_prefix_path.dsv
[7.048s] -- Symlinking: /home/lmz/armpiper/install/dynamixel_sdk_examples/share/dynamixel_sdk_examples/environment/path.sh
[7.055s] -- Symlinking: /home/lmz/armpiper/install/dynamixel_sdk_examples/share/dynamixel_sdk_examples/environment/path.dsv
[7.061s] -- Symlinking: /home/lmz/armpiper/install/dynamixel_sdk_examples/share/dynamixel_sdk_examples/local_setup.bash
[7.070s] -- Symlinking: /home/lmz/armpiper/install/dynamixel_sdk_examples/share/dynamixel_sdk_examples/local_setup.sh
[7.077s] -- Symlinking: /home/lmz/armpiper/install/dynamixel_sdk_examples/share/dynamixel_sdk_examples/local_setup.zsh
[7.084s] -- Symlinking: /home/lmz/armpiper/install/dynamixel_sdk_examples/share/dynamixel_sdk_examples/local_setup.dsv
[7.089s] -- Symlinking: /home/lmz/armpiper/install/dynamixel_sdk_examples/share/dynamixel_sdk_examples/package.dsv
[7.098s] -- Symlinking: /home/lmz/armpiper/install/dynamixel_sdk_examples/share/ament_index/resource_index/packages/dynamixel_sdk_examples
[7.104s] -- Symlinking: /home/lmz/armpiper/install/dynamixel_sdk_examples/share/dynamixel_sdk_examples/cmake/dynamixel_sdk_examplesConfig.cmake
[7.110s] -- Symlinking: /home/lmz/armpiper/install/dynamixel_sdk_examples/share/dynamixel_sdk_examples/cmake/dynamixel_sdk_examplesConfig-version.cmake
[7.118s] -- Symlinking: /home/lmz/armpiper/install/dynamixel_sdk_examples/share/dynamixel_sdk_examples/package.xml
[7.127s] Invoked command in '/home/lmz/armpiper/build/dynamixel_sdk_examples' returned '0': CMAKE_PREFIX_PATH=/home/lmz/armpiper/install/dynamixel_sdk_custom_interfaces:/home/lmz/armpiper/install/dynamixel_sdk:/home/lmz/armpiper/install/piper_with_gripper_moveit:/home/lmz/armpiper/install/piper_no_gripper_moveit:/home/lmz/armpiper/install/piper_mujoco:/home/lmz/armpiper/install/piper_msgs:/home/lmz/armpiper/install/piper_humble:/home/lmz/armpiper/install/piper_gazebo:/home/lmz/armpiper/install/piper_description:/home/lmz/armpiper/install/open_manipulator:/home/lmz/armpiper/install/open_manipulator_x_bringup:/home/lmz/armpiper/install/open_manipulator_x_description:/home/lmz/armpiper/install/dynamixel_sdk_examples:/home/lmz/armpiper/install/dynamixel_hardware_interface:/home/lmz/armpiper/install/dynamixel_interfaces:/home/lmz/armpiper/install/vla:/home/lmz/armpiper/install/interface:/home/lmz/armpiper/install/piper:/home/lmz/armpiper/install/leapsim:/home/lmz/armpiper/install/follow:/home/lmz/armpiper/install/arm_control_pkg:/opt/ros/humble LD_LIBRARY_PATH=/home/lmz/armpiper/install/dynamixel_sdk_custom_interfaces/lib:/home/lmz/armpiper/install/dynamixel_sdk/lib:/home/lmz/armpiper/install/piper_msgs/lib:/home/lmz/armpiper/install/dynamixel_hardware_interface/lib:/home/lmz/armpiper/install/dynamixel_interfaces/lib:/opt/ros/humble/opt/rviz_ogre_vendor/lib:/opt/ros/humble/lib/x86_64-linux-gnu:/opt/ros/humble/lib /usr/bin/cmake --install /home/lmz/armpiper/build/dynamixel_sdk_examples
