[0.070s] Invoking command in '/home/lmz/armpiper/build/open_manipulator_x_description': CMAKE_PREFIX_PATH=${CMAKE_PREFIX_PATH}:/home/lmz/armpiper/install/vla:/home/lmz/armpiper/install/interface:/home/lmz/armpiper/install/piper:/home/lmz/armpiper/install/leapsim:/home/lmz/armpiper/install/follow:/home/lmz/armpiper/install/arm_control_pkg:/opt/ros/humble /usr/bin/cmake /home/lmz/armpiper/src/open_manipulator/open_manipulator_x_description -DAMENT_CMAKE_SYMLINK_INSTALL=1 -DCMAKE_INSTALL_PREFIX=/home/lmz/armpiper/install/open_manipulator_x_description
[1.551s] -- The C compiler identification is GNU 11.4.0
[1.551s] -- The CXX compiler identification is GNU 11.4.0
[1.552s] -- Detecting C compiler ABI info
[1.552s] -- Detecting C compiler ABI info - done
[1.552s] -- Check for working C compiler: /usr/bin/cc - skipped
[1.552s] -- Detecting C compile features
[1.552s] -- Detecting C compile features - done
[1.552s] -- Detecting CXX compiler ABI info
[1.553s] -- Detecting CXX compiler ABI info - done
[1.553s] -- Check for working CXX compiler: /usr/bin/c++ - skipped
[1.553s] -- Detecting CXX compile features
[1.553s] -- Detecting CXX compile features - done
[1.553s] -- Found ament_cmake: 1.3.11 (/opt/ros/humble/share/ament_cmake/cmake)
[1.553s] -- Found Python3: /usr/bin/python3 (found version "3.10.12") found components: Interpreter 
[1.553s] -- Override CMake install command with custom implementation using symlinks instead of copying resources
[1.553s] -- Configuring done
[1.553s] -- Generating done
[1.553s] -- Build files have been written to: /home/lmz/armpiper/build/open_manipulator_x_description
[1.573s] Invoked command in '/home/lmz/armpiper/build/open_manipulator_x_description' returned '0': CMAKE_PREFIX_PATH=${CMAKE_PREFIX_PATH}:/home/lmz/armpiper/install/vla:/home/lmz/armpiper/install/interface:/home/lmz/armpiper/install/piper:/home/lmz/armpiper/install/leapsim:/home/lmz/armpiper/install/follow:/home/lmz/armpiper/install/arm_control_pkg:/opt/ros/humble /usr/bin/cmake /home/lmz/armpiper/src/open_manipulator/open_manipulator_x_description -DAMENT_CMAKE_SYMLINK_INSTALL=1 -DCMAKE_INSTALL_PREFIX=/home/lmz/armpiper/install/open_manipulator_x_description
[1.574s] Invoking command in '/home/lmz/armpiper/build/open_manipulator_x_description': CMAKE_PREFIX_PATH=${CMAKE_PREFIX_PATH}:/home/lmz/armpiper/install/vla:/home/lmz/armpiper/install/interface:/home/lmz/armpiper/install/piper:/home/lmz/armpiper/install/leapsim:/home/lmz/armpiper/install/follow:/home/lmz/armpiper/install/arm_control_pkg:/opt/ros/humble /usr/bin/cmake --build /home/lmz/armpiper/build/open_manipulator_x_description -- -j16 -l16
[1.607s] Invoked command in '/home/lmz/armpiper/build/open_manipulator_x_description' returned '0': CMAKE_PREFIX_PATH=${CMAKE_PREFIX_PATH}:/home/lmz/armpiper/install/vla:/home/lmz/armpiper/install/interface:/home/lmz/armpiper/install/piper:/home/lmz/armpiper/install/leapsim:/home/lmz/armpiper/install/follow:/home/lmz/armpiper/install/arm_control_pkg:/opt/ros/humble /usr/bin/cmake --build /home/lmz/armpiper/build/open_manipulator_x_description -- -j16 -l16
[1.631s] Invoking command in '/home/lmz/armpiper/build/open_manipulator_x_description': CMAKE_PREFIX_PATH=${CMAKE_PREFIX_PATH}:/home/lmz/armpiper/install/vla:/home/lmz/armpiper/install/interface:/home/lmz/armpiper/install/piper:/home/lmz/armpiper/install/leapsim:/home/lmz/armpiper/install/follow:/home/lmz/armpiper/install/arm_control_pkg:/opt/ros/humble /usr/bin/cmake --install /home/lmz/armpiper/build/open_manipulator_x_description
[1.637s] -- Install configuration: ""
[1.637s] -- Execute custom install script
[1.639s] -- Symlinking: /home/lmz/armpiper/install/open_manipulator_x_description/share/open_manipulator_x_description/launch/model.launch.py
[1.669s] -- Symlinking: /home/lmz/armpiper/install/open_manipulator_x_description/share/open_manipulator_x_description/meshes/Plate.stl
[1.699s] -- Symlinking: /home/lmz/armpiper/install/open_manipulator_x_description/share/open_manipulator_x_description/meshes/gripper_left_palm.stl
[1.727s] -- Symlinking: /home/lmz/armpiper/install/open_manipulator_x_description/share/open_manipulator_x_description/meshes/gripper_right_palm.stl
[1.746s] -- Symlinking: /home/lmz/armpiper/install/open_manipulator_x_description/share/open_manipulator_x_description/meshes/link1.stl
[1.775s] -- Symlinking: /home/lmz/armpiper/install/open_manipulator_x_description/share/open_manipulator_x_description/meshes/link2.stl
[1.803s] -- Symlinking: /home/lmz/armpiper/install/open_manipulator_x_description/share/open_manipulator_x_description/meshes/link3.stl
[1.827s] -- Symlinking: /home/lmz/armpiper/install/open_manipulator_x_description/share/open_manipulator_x_description/meshes/link4.stl
[1.854s] -- Symlinking: /home/lmz/armpiper/install/open_manipulator_x_description/share/open_manipulator_x_description/meshes/link5.stl
[1.875s] -- Symlinking: /home/lmz/armpiper/install/open_manipulator_x_description/share/open_manipulator_x_description/rviz/open_manipulator_x.rviz
[1.901s] -- Symlinking: /home/lmz/armpiper/install/open_manipulator_x_description/share/open_manipulator_x_description/urdf/all.txt
[1.926s] -- Symlinking: /home/lmz/armpiper/install/open_manipulator_x_description/share/open_manipulator_x_description/urdf/materials.xacro
[1.937s] -- Symlinking: /home/lmz/armpiper/install/open_manipulator_x_description/share/open_manipulator_x_description/urdf/open_manipulator_x.urdf.xacro
[1.957s] -- Symlinking: /home/lmz/armpiper/install/open_manipulator_x_description/share/open_manipulator_x_description/urdf/open_manipulator_x_robot.urdf.xacro
[2.003s] -- Symlinking: /home/lmz/armpiper/install/open_manipulator_x_description/share/open_manipulator_x_description/gazebo/materials.xacro
[2.032s] -- Symlinking: /home/lmz/armpiper/install/open_manipulator_x_description/share/open_manipulator_x_description/gazebo/open_manipulator_x.gazebo.xacro
[2.055s] -- Symlinking: /home/lmz/armpiper/install/open_manipulator_x_description/share/open_manipulator_x_description/ros2_control/1.txt
[2.078s] -- Symlinking: /home/lmz/armpiper/install/open_manipulator_x_description/share/open_manipulator_x_description/ros2_control/16.xacro
[2.107s] -- Symlinking: /home/lmz/armpiper/install/open_manipulator_x_description/share/open_manipulator_x_description/ros2_control/17.xacro
[2.134s] -- Symlinking: /home/lmz/armpiper/install/open_manipulator_x_description/share/open_manipulator_x_description/ros2_control/18.xacro
[2.162s] -- Symlinking: /home/lmz/armpiper/install/open_manipulator_x_description/share/open_manipulator_x_description/ros2_control/19.xacro
[2.197s] -- Symlinking: /home/lmz/armpiper/install/open_manipulator_x_description/share/open_manipulator_x_description/ros2_control/20.xacro
[2.221s] -- Symlinking: /home/lmz/armpiper/install/open_manipulator_x_description/share/open_manipulator_x_description/ros2_control/4.xacro
[2.234s] -- Symlinking: /home/lmz/armpiper/install/open_manipulator_x_description/share/open_manipulator_x_description/ros2_control/arm_and_hand.xacro
[2.245s] -- Symlinking: /home/lmz/armpiper/install/open_manipulator_x_description/share/open_manipulator_x_description/ros2_control/open_manipulator_x_system.ros2_control copy.xacro
[2.270s] -- Symlinking: /home/lmz/armpiper/install/open_manipulator_x_description/share/open_manipulator_x_description/ros2_control/open_manipulator_x_system.ros2_control.xacro
[2.293s] -- Symlinking: /home/lmz/armpiper/install/open_manipulator_x_description/share/ament_index/resource_index/package_run_dependencies/open_manipulator_x_description
[2.318s] -- Symlinking: /home/lmz/armpiper/install/open_manipulator_x_description/share/ament_index/resource_index/parent_prefix_path/open_manipulator_x_description
[2.354s] -- Symlinking: /home/lmz/armpiper/install/open_manipulator_x_description/share/open_manipulator_x_description/environment/ament_prefix_path.sh
[2.380s] -- Symlinking: /home/lmz/armpiper/install/open_manipulator_x_description/share/open_manipulator_x_description/environment/ament_prefix_path.dsv
[2.410s] -- Symlinking: /home/lmz/armpiper/install/open_manipulator_x_description/share/open_manipulator_x_description/environment/path.sh
[2.438s] -- Symlinking: /home/lmz/armpiper/install/open_manipulator_x_description/share/open_manipulator_x_description/environment/path.dsv
[2.469s] -- Symlinking: /home/lmz/armpiper/install/open_manipulator_x_description/share/open_manipulator_x_description/local_setup.bash
[2.480s] -- Symlinking: /home/lmz/armpiper/install/open_manipulator_x_description/share/open_manipulator_x_description/local_setup.sh
[2.505s] -- Symlinking: /home/lmz/armpiper/install/open_manipulator_x_description/share/open_manipulator_x_description/local_setup.zsh
[2.538s] -- Symlinking: /home/lmz/armpiper/install/open_manipulator_x_description/share/open_manipulator_x_description/local_setup.dsv
[2.557s] -- Symlinking: /home/lmz/armpiper/install/open_manipulator_x_description/share/open_manipulator_x_description/package.dsv
[2.584s] -- Symlinking: /home/lmz/armpiper/install/open_manipulator_x_description/share/ament_index/resource_index/packages/open_manipulator_x_description
[2.606s] -- Symlinking: /home/lmz/armpiper/install/open_manipulator_x_description/share/open_manipulator_x_description/cmake/open_manipulator_x_descriptionConfig.cmake
[2.623s] -- Symlinking: /home/lmz/armpiper/install/open_manipulator_x_description/share/open_manipulator_x_description/cmake/open_manipulator_x_descriptionConfig-version.cmake
[2.647s] -- Symlinking: /home/lmz/armpiper/install/open_manipulator_x_description/share/open_manipulator_x_description/package.xml
[2.660s] Invoked command in '/home/lmz/armpiper/build/open_manipulator_x_description' returned '0': CMAKE_PREFIX_PATH=${CMAKE_PREFIX_PATH}:/home/lmz/armpiper/install/vla:/home/lmz/armpiper/install/interface:/home/lmz/armpiper/install/piper:/home/lmz/armpiper/install/leapsim:/home/lmz/armpiper/install/follow:/home/lmz/armpiper/install/arm_control_pkg:/opt/ros/humble /usr/bin/cmake --install /home/lmz/armpiper/build/open_manipulator_x_description
