[0.012s] Invoking command in '/home/lmz/armpiper/build/dynamixel_hardware_interface': CMAKE_PREFIX_PATH=/home/lmz/armpiper/install/dynamixel_sdk:/home/lmz/armpiper/install/dynamixel_interfaces:/home/lmz/armpiper/install/piper_with_gripper_moveit:/home/lmz/armpiper/install/piper_no_gripper_moveit:/home/lmz/armpiper/install/piper_mujoco:/home/lmz/armpiper/install/piper_msgs:/home/lmz/armpiper/install/piper_humble:/home/lmz/armpiper/install/piper_gazebo:/home/lmz/armpiper/install/piper_description:/home/lmz/armpiper/install/open_manipulator:/home/lmz/armpiper/install/open_manipulator_x_bringup:/home/lmz/armpiper/install/open_manipulator_x_description:/home/lmz/armpiper/install/dynamixel_sdk_examples:/home/lmz/armpiper/install/dynamixel_sdk_custom_interfaces:/home/lmz/armpiper/install/dynamixel_hardware_interface:/home/lmz/armpiper/install/vla:/home/lmz/armpiper/install/interface:/home/lmz/armpiper/install/piper:/home/lmz/armpiper/install/leapsim:/home/lmz/armpiper/install/follow:/home/lmz/armpiper/install/arm_control_pkg:/opt/ros/humble LD_LIBRARY_PATH=/home/lmz/armpiper/install/dynamixel_sdk/lib:/home/lmz/armpiper/install/dynamixel_interfaces/lib:/home/lmz/armpiper/install/piper_msgs/lib:/home/lmz/armpiper/install/dynamixel_sdk_custom_interfaces/lib:/home/lmz/armpiper/install/dynamixel_hardware_interface/lib:/opt/ros/humble/opt/rviz_ogre_vendor/lib:/opt/ros/humble/lib/x86_64-linux-gnu:/opt/ros/humble/lib /usr/bin/cmake /home/lmz/armpiper/src/dynamixel_hardware_interface -DAMENT_CMAKE_SYMLINK_INSTALL=1 -DCMAKE_INSTALL_PREFIX=/home/lmz/armpiper/install/dynamixel_hardware_interface
[0.068s] -- The C compiler identification is GNU 11.4.0
[0.132s] -- The CXX compiler identification is GNU 11.4.0
[0.138s] -- Detecting C compiler ABI info
[0.204s] -- Detecting C compiler ABI info - done
[0.211s] -- Check for working C compiler: /usr/bin/cc - skipped
[0.211s] -- Detecting C compile features
[0.211s] -- Detecting C compile features - done
[0.213s] -- Detecting CXX compiler ABI info
[0.284s] -- Detecting CXX compiler ABI info - done
[0.290s] -- Check for working CXX compiler: /usr/bin/c++ - skipped
[0.290s] -- Detecting CXX compile features
[0.290s] -- Detecting CXX compile features - done
[0.293s] -- Found ament_cmake: 1.3.11 (/opt/ros/humble/share/ament_cmake/cmake)
[0.458s] -- Found Python3: /usr/bin/python3 (found version "3.10.12") found components: Interpreter 
[0.519s] -- Override CMake install command with custom implementation using symlinks instead of copying resources
[0.555s] -- Found hardware_interface: 2.51.0 (/opt/ros/humble/share/hardware_interface/cmake)
[0.593s] -- Found rosidl_generator_c: 3.1.6 (/opt/ros/humble/share/rosidl_generator_c/cmake)
[0.598s] -- Found rosidl_adapter: 3.1.6 (/opt/ros/humble/share/rosidl_adapter/cmake)
[0.605s] -- Found rosidl_generator_cpp: 3.1.6 (/opt/ros/humble/share/rosidl_generator_cpp/cmake)
[0.619s] -- Using all available rosidl_typesupport_c: rosidl_typesupport_fastrtps_c;rosidl_typesupport_introspection_c
[0.635s] -- Using all available rosidl_typesupport_cpp: rosidl_typesupport_fastrtps_cpp;rosidl_typesupport_introspection_cpp
[0.811s] -- Found rmw_implementation_cmake: 6.1.2 (/opt/ros/humble/share/rmw_implementation_cmake/cmake)
[0.814s] -- Found rmw_cyclonedds_cpp: 1.3.4 (/opt/ros/humble/share/rmw_cyclonedds_cpp/cmake)
[0.833s] -- Using RMW implementation 'rmw_cyclonedds_cpp' as default
[0.841s] -- Looking for pthread.h
[0.913s] -- Looking for pthread.h - found
[0.913s] -- Performing Test CMAKE_HAVE_LIBC_PTHREAD
[0.997s] -- Performing Test CMAKE_HAVE_LIBC_PTHREAD - Success
[0.999s] -- Found Threads: TRUE  
[1.042s] -- Found realtime_tools: 2.14.0 (/opt/ros/humble/share/realtime_tools/cmake)
[1.055s] -- Found dynamixel_sdk: 3.8.4 (/home/lmz/armpiper/install/dynamixel_sdk/share/dynamixel_sdk/cmake)
[1.058s] -- Found std_srvs: 4.9.0 (/opt/ros/humble/share/std_srvs/cmake)
[1.066s] -- Found dynamixel_interfaces: 1.0.1 (/home/lmz/armpiper/install/dynamixel_interfaces/share/dynamixel_interfaces/cmake)
[1.080s] -- Found ament_lint_auto: 0.12.12 (/opt/ros/humble/share/ament_lint_auto/cmake)
[1.188s] -- Added test 'copyright' to check source files copyright and LICENSE
[1.192s] -- Added test 'cppcheck' to perform static code analysis on C / C++ code
[1.193s] -- Configured cppcheck include dirs: /home/lmz/armpiper/src/dynamixel_hardware_interface/include;$<BUILD_INTERFACE:/home/lmz/armpiper/src/dynamixel_hardware_interface/include>
[1.193s] -- Configured cppcheck exclude dirs and/or files: 
[1.197s] -- Added test 'cpplint' to check C / C++ code against the Google style
[1.197s] -- Configured cpplint exclude dirs and/or files: 
[1.199s] -- Added test 'lint_cmake' to check CMake code style
[1.203s] -- Added test 'uncrustify' to check C / C++ code style
[1.203s] -- Configured uncrustify additional arguments: 
[1.204s] -- Added test 'xmllint' to check XML markup files
[1.207s] -- Configuring done
[1.217s] -- Generating done
[1.221s] -- Build files have been written to: /home/lmz/armpiper/build/dynamixel_hardware_interface
[1.230s] Invoked command in '/home/lmz/armpiper/build/dynamixel_hardware_interface' returned '0': CMAKE_PREFIX_PATH=/home/lmz/armpiper/install/dynamixel_sdk:/home/lmz/armpiper/install/dynamixel_interfaces:/home/lmz/armpiper/install/piper_with_gripper_moveit:/home/lmz/armpiper/install/piper_no_gripper_moveit:/home/lmz/armpiper/install/piper_mujoco:/home/lmz/armpiper/install/piper_msgs:/home/lmz/armpiper/install/piper_humble:/home/lmz/armpiper/install/piper_gazebo:/home/lmz/armpiper/install/piper_description:/home/lmz/armpiper/install/open_manipulator:/home/lmz/armpiper/install/open_manipulator_x_bringup:/home/lmz/armpiper/install/open_manipulator_x_description:/home/lmz/armpiper/install/dynamixel_sdk_examples:/home/lmz/armpiper/install/dynamixel_sdk_custom_interfaces:/home/lmz/armpiper/install/dynamixel_hardware_interface:/home/lmz/armpiper/install/vla:/home/lmz/armpiper/install/interface:/home/lmz/armpiper/install/piper:/home/lmz/armpiper/install/leapsim:/home/lmz/armpiper/install/follow:/home/lmz/armpiper/install/arm_control_pkg:/opt/ros/humble LD_LIBRARY_PATH=/home/lmz/armpiper/install/dynamixel_sdk/lib:/home/lmz/armpiper/install/dynamixel_interfaces/lib:/home/lmz/armpiper/install/piper_msgs/lib:/home/lmz/armpiper/install/dynamixel_sdk_custom_interfaces/lib:/home/lmz/armpiper/install/dynamixel_hardware_interface/lib:/opt/ros/humble/opt/rviz_ogre_vendor/lib:/opt/ros/humble/lib/x86_64-linux-gnu:/opt/ros/humble/lib /usr/bin/cmake /home/lmz/armpiper/src/dynamixel_hardware_interface -DAMENT_CMAKE_SYMLINK_INSTALL=1 -DCMAKE_INSTALL_PREFIX=/home/lmz/armpiper/install/dynamixel_hardware_interface
[1.232s] Invoking command in '/home/lmz/armpiper/build/dynamixel_hardware_interface': CMAKE_PREFIX_PATH=/home/lmz/armpiper/install/dynamixel_sdk:/home/lmz/armpiper/install/dynamixel_interfaces:/home/lmz/armpiper/install/piper_with_gripper_moveit:/home/lmz/armpiper/install/piper_no_gripper_moveit:/home/lmz/armpiper/install/piper_mujoco:/home/lmz/armpiper/install/piper_msgs:/home/lmz/armpiper/install/piper_humble:/home/lmz/armpiper/install/piper_gazebo:/home/lmz/armpiper/install/piper_description:/home/lmz/armpiper/install/open_manipulator:/home/lmz/armpiper/install/open_manipulator_x_bringup:/home/lmz/armpiper/install/open_manipulator_x_description:/home/lmz/armpiper/install/dynamixel_sdk_examples:/home/lmz/armpiper/install/dynamixel_sdk_custom_interfaces:/home/lmz/armpiper/install/dynamixel_hardware_interface:/home/lmz/armpiper/install/vla:/home/lmz/armpiper/install/interface:/home/lmz/armpiper/install/piper:/home/lmz/armpiper/install/leapsim:/home/lmz/armpiper/install/follow:/home/lmz/armpiper/install/arm_control_pkg:/opt/ros/humble LD_LIBRARY_PATH=/home/lmz/armpiper/install/dynamixel_sdk/lib:/home/lmz/armpiper/install/dynamixel_interfaces/lib:/home/lmz/armpiper/install/piper_msgs/lib:/home/lmz/armpiper/install/dynamixel_sdk_custom_interfaces/lib:/home/lmz/armpiper/install/dynamixel_hardware_interface/lib:/opt/ros/humble/opt/rviz_ogre_vendor/lib:/opt/ros/humble/lib/x86_64-linux-gnu:/opt/ros/humble/lib /usr/bin/cmake --build /home/lmz/armpiper/build/dynamixel_hardware_interface -- -j16 -l16
[1.286s] [ 75%] [32mBuilding CXX object CMakeFiles/dynamixel_hardware_interface.dir/src/dynamixel/dynamixel.cpp.o[0m
[1.286s] [ 75%] [32mBuilding CXX object CMakeFiles/dynamixel_hardware_interface.dir/src/dynamixel/dynamixel_info.cpp.o[0m
[1.286s] [ 75%] [32mBuilding CXX object CMakeFiles/dynamixel_hardware_interface.dir/src/dynamixel_hardware_interface.cpp.o[0m
[7.884s] [100%] [32m[1mLinking CXX shared library libdynamixel_hardware_interface.so[0m
[8.251s] [100%] Built target dynamixel_hardware_interface
[8.262s] Invoked command in '/home/lmz/armpiper/build/dynamixel_hardware_interface' returned '0': CMAKE_PREFIX_PATH=/home/lmz/armpiper/install/dynamixel_sdk:/home/lmz/armpiper/install/dynamixel_interfaces:/home/lmz/armpiper/install/piper_with_gripper_moveit:/home/lmz/armpiper/install/piper_no_gripper_moveit:/home/lmz/armpiper/install/piper_mujoco:/home/lmz/armpiper/install/piper_msgs:/home/lmz/armpiper/install/piper_humble:/home/lmz/armpiper/install/piper_gazebo:/home/lmz/armpiper/install/piper_description:/home/lmz/armpiper/install/open_manipulator:/home/lmz/armpiper/install/open_manipulator_x_bringup:/home/lmz/armpiper/install/open_manipulator_x_description:/home/lmz/armpiper/install/dynamixel_sdk_examples:/home/lmz/armpiper/install/dynamixel_sdk_custom_interfaces:/home/lmz/armpiper/install/dynamixel_hardware_interface:/home/lmz/armpiper/install/vla:/home/lmz/armpiper/install/interface:/home/lmz/armpiper/install/piper:/home/lmz/armpiper/install/leapsim:/home/lmz/armpiper/install/follow:/home/lmz/armpiper/install/arm_control_pkg:/opt/ros/humble LD_LIBRARY_PATH=/home/lmz/armpiper/install/dynamixel_sdk/lib:/home/lmz/armpiper/install/dynamixel_interfaces/lib:/home/lmz/armpiper/install/piper_msgs/lib:/home/lmz/armpiper/install/dynamixel_sdk_custom_interfaces/lib:/home/lmz/armpiper/install/dynamixel_hardware_interface/lib:/opt/ros/humble/opt/rviz_ogre_vendor/lib:/opt/ros/humble/lib/x86_64-linux-gnu:/opt/ros/humble/lib /usr/bin/cmake --build /home/lmz/armpiper/build/dynamixel_hardware_interface -- -j16 -l16
[8.265s] Invoking command in '/home/lmz/armpiper/build/dynamixel_hardware_interface': CMAKE_PREFIX_PATH=/home/lmz/armpiper/install/dynamixel_sdk:/home/lmz/armpiper/install/dynamixel_interfaces:/home/lmz/armpiper/install/piper_with_gripper_moveit:/home/lmz/armpiper/install/piper_no_gripper_moveit:/home/lmz/armpiper/install/piper_mujoco:/home/lmz/armpiper/install/piper_msgs:/home/lmz/armpiper/install/piper_humble:/home/lmz/armpiper/install/piper_gazebo:/home/lmz/armpiper/install/piper_description:/home/lmz/armpiper/install/open_manipulator:/home/lmz/armpiper/install/open_manipulator_x_bringup:/home/lmz/armpiper/install/open_manipulator_x_description:/home/lmz/armpiper/install/dynamixel_sdk_examples:/home/lmz/armpiper/install/dynamixel_sdk_custom_interfaces:/home/lmz/armpiper/install/dynamixel_hardware_interface:/home/lmz/armpiper/install/vla:/home/lmz/armpiper/install/interface:/home/lmz/armpiper/install/piper:/home/lmz/armpiper/install/leapsim:/home/lmz/armpiper/install/follow:/home/lmz/armpiper/install/arm_control_pkg:/opt/ros/humble LD_LIBRARY_PATH=/home/lmz/armpiper/install/dynamixel_sdk/lib:/home/lmz/armpiper/install/dynamixel_interfaces/lib:/home/lmz/armpiper/install/piper_msgs/lib:/home/lmz/armpiper/install/dynamixel_sdk_custom_interfaces/lib:/home/lmz/armpiper/install/dynamixel_hardware_interface/lib:/opt/ros/humble/opt/rviz_ogre_vendor/lib:/opt/ros/humble/lib/x86_64-linux-gnu:/opt/ros/humble/lib /usr/bin/cmake --install /home/lmz/armpiper/build/dynamixel_hardware_interface
[8.272s] -- Install configuration: ""
[8.273s] -- Execute custom install script
[8.273s] -- Symlinking: /home/lmz/armpiper/install/dynamixel_hardware_interface/share/dynamixel_hardware_interface//dynamixel_hardware_interface_plugin.xml
[8.281s] -- Symlinking: /home/lmz/armpiper/install/dynamixel_hardware_interface/lib/libdynamixel_hardware_interface.so
[8.291s] -- Symlinking: /home/lmz/armpiper/install/dynamixel_hardware_interface/include/dynamixel_hardware_interface/dynamixel/dynamixel.hpp
[8.301s] -- Symlinking: /home/lmz/armpiper/install/dynamixel_hardware_interface/include/dynamixel_hardware_interface/dynamixel/dynamixel_info.hpp
[8.307s] -- Symlinking: /home/lmz/armpiper/install/dynamixel_hardware_interface/include/dynamixel_hardware_interface/dynamixel_hardware_interface.hpp
[8.314s] -- Symlinking: /home/lmz/armpiper/install/dynamixel_hardware_interface/include/dynamixel_hardware_interface/visibility_control.h
[8.323s] -- Symlinking: /home/lmz/armpiper/install/dynamixel_hardware_interface/lib/dynamixel_hardware_interface//create_udev_rules
[8.333s] -- Symlinking: /home/lmz/armpiper/install/dynamixel_hardware_interface/share/dynamixel_hardware_interface//scripts/99-manipulator-cdc.rules
[8.345s] -- Symlinking: /home/lmz/armpiper/install/dynamixel_hardware_interface/share/dynamixel_hardware_interface//scripts/create_udev_rules
[8.357s] -- Symlinking: /home/lmz/armpiper/install/dynamixel_hardware_interface/share/dynamixel_hardware_interface/param/dxl_model/2xc430_w250.model
[8.370s] -- Symlinking: /home/lmz/armpiper/install/dynamixel_hardware_interface/share/dynamixel_hardware_interface/param/dxl_model/2xl430_w250.model
[8.380s] -- Symlinking: /home/lmz/armpiper/install/dynamixel_hardware_interface/share/dynamixel_hardware_interface/param/dxl_model/dynamixel.model
[8.393s] -- Symlinking: /home/lmz/armpiper/install/dynamixel_hardware_interface/share/dynamixel_hardware_interface/param/dxl_model/ffw_g10_led.model
[8.406s] -- Symlinking: /home/lmz/armpiper/install/dynamixel_hardware_interface/share/dynamixel_hardware_interface/param/dxl_model/ffw_g10_rcu.model
[8.419s] -- Symlinking: /home/lmz/armpiper/install/dynamixel_hardware_interface/share/dynamixel_hardware_interface/param/dxl_model/ffw_g40_imu.model
[8.432s] -- Symlinking: /home/lmz/armpiper/install/dynamixel_hardware_interface/share/dynamixel_hardware_interface/param/dxl_model/ffw_sg2_drive_1.model
[8.444s] -- Symlinking: /home/lmz/armpiper/install/dynamixel_hardware_interface/share/dynamixel_hardware_interface/param/dxl_model/ffw_sg2_drive_2.model
[8.458s] -- Symlinking: /home/lmz/armpiper/install/dynamixel_hardware_interface/share/dynamixel_hardware_interface/param/dxl_model/ffw_sg2_drive_3.model
[8.472s] -- Symlinking: /home/lmz/armpiper/install/dynamixel_hardware_interface/share/dynamixel_hardware_interface/param/dxl_model/ffw_sg2_steer_1.model
[8.485s] -- Symlinking: /home/lmz/armpiper/install/dynamixel_hardware_interface/share/dynamixel_hardware_interface/param/dxl_model/ffw_sg2_steer_2.model
[8.498s] -- Symlinking: /home/lmz/armpiper/install/dynamixel_hardware_interface/share/dynamixel_hardware_interface/param/dxl_model/ffw_sg2_steer_3.model
[8.509s] -- Symlinking: /home/lmz/armpiper/install/dynamixel_hardware_interface/share/dynamixel_hardware_interface/param/dxl_model/omy_end.model
[8.521s] -- Symlinking: /home/lmz/armpiper/install/dynamixel_hardware_interface/share/dynamixel_hardware_interface/param/dxl_model/omy_end_rh_p12_rn.model
[8.535s] -- Symlinking: /home/lmz/armpiper/install/dynamixel_hardware_interface/share/dynamixel_hardware_interface/param/dxl_model/omy_hat.model
[8.545s] -- Symlinking: /home/lmz/armpiper/install/dynamixel_hardware_interface/share/dynamixel_hardware_interface/param/dxl_model/ph42_020_s300.model
[8.554s] -- Symlinking: /home/lmz/armpiper/install/dynamixel_hardware_interface/share/dynamixel_hardware_interface/param/dxl_model/rh_p12_rn.model
[8.565s] -- Symlinking: /home/lmz/armpiper/install/dynamixel_hardware_interface/share/dynamixel_hardware_interface/param/dxl_model/sensorxel_joy.model
[8.578s] -- Symlinking: /home/lmz/armpiper/install/dynamixel_hardware_interface/share/dynamixel_hardware_interface/param/dxl_model/xc330_m181.model
[8.587s] -- Symlinking: /home/lmz/armpiper/install/dynamixel_hardware_interface/share/dynamixel_hardware_interface/param/dxl_model/xc330_m288.model
[8.596s] -- Symlinking: /home/lmz/armpiper/install/dynamixel_hardware_interface/share/dynamixel_hardware_interface/param/dxl_model/xc330_t181.model
[8.609s] -- Symlinking: /home/lmz/armpiper/install/dynamixel_hardware_interface/share/dynamixel_hardware_interface/param/dxl_model/xc330_t288.model
[8.623s] -- Symlinking: /home/lmz/armpiper/install/dynamixel_hardware_interface/share/dynamixel_hardware_interface/param/dxl_model/xc430_w150.model
[8.636s] -- Symlinking: /home/lmz/armpiper/install/dynamixel_hardware_interface/share/dynamixel_hardware_interface/param/dxl_model/xc430_w240.model
[8.650s] -- Symlinking: /home/lmz/armpiper/install/dynamixel_hardware_interface/share/dynamixel_hardware_interface/param/dxl_model/xd430_t210.model
[8.662s] -- Symlinking: /home/lmz/armpiper/install/dynamixel_hardware_interface/share/dynamixel_hardware_interface/param/dxl_model/xd430_t350.model
[8.673s] -- Symlinking: /home/lmz/armpiper/install/dynamixel_hardware_interface/share/dynamixel_hardware_interface/param/dxl_model/xd540_t150.model
[8.685s] -- Symlinking: /home/lmz/armpiper/install/dynamixel_hardware_interface/share/dynamixel_hardware_interface/param/dxl_model/xd540_t270.model
[8.698s] -- Symlinking: /home/lmz/armpiper/install/dynamixel_hardware_interface/share/dynamixel_hardware_interface/param/dxl_model/xh430_v210.model
[8.712s] -- Symlinking: /home/lmz/armpiper/install/dynamixel_hardware_interface/share/dynamixel_hardware_interface/param/dxl_model/xh430_v350.model
[8.727s] -- Symlinking: /home/lmz/armpiper/install/dynamixel_hardware_interface/share/dynamixel_hardware_interface/param/dxl_model/xh430_w210.model
[8.739s] -- Symlinking: /home/lmz/armpiper/install/dynamixel_hardware_interface/share/dynamixel_hardware_interface/param/dxl_model/xh430_w350.model
[8.752s] -- Symlinking: /home/lmz/armpiper/install/dynamixel_hardware_interface/share/dynamixel_hardware_interface/param/dxl_model/xh540_v150.model
[8.765s] -- Symlinking: /home/lmz/armpiper/install/dynamixel_hardware_interface/share/dynamixel_hardware_interface/param/dxl_model/xh540_v270.model
[8.776s] -- Symlinking: /home/lmz/armpiper/install/dynamixel_hardware_interface/share/dynamixel_hardware_interface/param/dxl_model/xh540_w150.model
[8.790s] -- Symlinking: /home/lmz/armpiper/install/dynamixel_hardware_interface/share/dynamixel_hardware_interface/param/dxl_model/xh540_w270.model
[8.802s] -- Symlinking: /home/lmz/armpiper/install/dynamixel_hardware_interface/share/dynamixel_hardware_interface/param/dxl_model/xl320.model
[8.812s] -- Symlinking: /home/lmz/armpiper/install/dynamixel_hardware_interface/share/dynamixel_hardware_interface/param/dxl_model/xl330_m077.model
[8.824s] -- Symlinking: /home/lmz/armpiper/install/dynamixel_hardware_interface/share/dynamixel_hardware_interface/param/dxl_model/xl330_m288.model
[8.834s] -- Symlinking: /home/lmz/armpiper/install/dynamixel_hardware_interface/share/dynamixel_hardware_interface/param/dxl_model/xl430_w250.model
[8.844s] -- Symlinking: /home/lmz/armpiper/install/dynamixel_hardware_interface/share/dynamixel_hardware_interface/param/dxl_model/xm430_w210.model
[8.852s] -- Symlinking: /home/lmz/armpiper/install/dynamixel_hardware_interface/share/dynamixel_hardware_interface/param/dxl_model/xm430_w350.model
[8.864s] -- Symlinking: /home/lmz/armpiper/install/dynamixel_hardware_interface/share/dynamixel_hardware_interface/param/dxl_model/xm540_w150.model
[8.876s] -- Symlinking: /home/lmz/armpiper/install/dynamixel_hardware_interface/share/dynamixel_hardware_interface/param/dxl_model/xm540_w270.model
[8.887s] -- Symlinking: /home/lmz/armpiper/install/dynamixel_hardware_interface/share/dynamixel_hardware_interface/param/dxl_model/xw430_t200.model
[8.902s] -- Symlinking: /home/lmz/armpiper/install/dynamixel_hardware_interface/share/dynamixel_hardware_interface/param/dxl_model/xw430_t333.model
[8.912s] -- Symlinking: /home/lmz/armpiper/install/dynamixel_hardware_interface/share/dynamixel_hardware_interface/param/dxl_model/xw540_h260.model
[8.922s] -- Symlinking: /home/lmz/armpiper/install/dynamixel_hardware_interface/share/dynamixel_hardware_interface/param/dxl_model/xw540_t140.model
[8.929s] -- Symlinking: /home/lmz/armpiper/install/dynamixel_hardware_interface/share/dynamixel_hardware_interface/param/dxl_model/xw540_t260.model
[8.937s] -- Symlinking: /home/lmz/armpiper/install/dynamixel_hardware_interface/share/dynamixel_hardware_interface/param/dxl_model/ym070_210_a099.model
[8.946s] -- Symlinking: /home/lmz/armpiper/install/dynamixel_hardware_interface/share/dynamixel_hardware_interface/param/dxl_model/ym070_210_m001.model
[8.956s] -- Symlinking: /home/lmz/armpiper/install/dynamixel_hardware_interface/share/dynamixel_hardware_interface/param/dxl_model/ym070_210_r051.model
[8.963s] -- Symlinking: /home/lmz/armpiper/install/dynamixel_hardware_interface/share/dynamixel_hardware_interface/param/dxl_model/ym070_210_r099.model
[8.970s] -- Symlinking: /home/lmz/armpiper/install/dynamixel_hardware_interface/share/dynamixel_hardware_interface/param/dxl_model/ym080_220_m001.model
[8.977s] -- Symlinking: /home/lmz/armpiper/install/dynamixel_hardware_interface/share/dynamixel_hardware_interface/param/dxl_model/ym080_230_a099.model
[8.987s] -- Symlinking: /home/lmz/armpiper/install/dynamixel_hardware_interface/share/dynamixel_hardware_interface/param/dxl_model/ym080_230_b001.model
[8.994s] -- Symlinking: /home/lmz/armpiper/install/dynamixel_hardware_interface/share/dynamixel_hardware_interface/param/dxl_model/ym080_230_r051.model
[9.003s] -- Symlinking: /home/lmz/armpiper/install/dynamixel_hardware_interface/share/dynamixel_hardware_interface/param/dxl_model/ym080_230_r099.model
[9.010s] -- Symlinking: /home/lmz/armpiper/install/dynamixel_hardware_interface/share/dynamixel_hardware_interface/environment/library_path.sh
[9.019s] -- Symlinking: /home/lmz/armpiper/install/dynamixel_hardware_interface/share/dynamixel_hardware_interface/environment/library_path.dsv
[9.027s] -- Symlinking: /home/lmz/armpiper/install/dynamixel_hardware_interface/share/ament_index/resource_index/package_run_dependencies/dynamixel_hardware_interface
[9.038s] -- Symlinking: /home/lmz/armpiper/install/dynamixel_hardware_interface/share/ament_index/resource_index/parent_prefix_path/dynamixel_hardware_interface
[9.048s] -- Symlinking: /home/lmz/armpiper/install/dynamixel_hardware_interface/share/dynamixel_hardware_interface/environment/ament_prefix_path.sh
[9.055s] -- Symlinking: /home/lmz/armpiper/install/dynamixel_hardware_interface/share/dynamixel_hardware_interface/environment/ament_prefix_path.dsv
[9.062s] -- Symlinking: /home/lmz/armpiper/install/dynamixel_hardware_interface/share/dynamixel_hardware_interface/environment/path.sh
[9.072s] -- Symlinking: /home/lmz/armpiper/install/dynamixel_hardware_interface/share/dynamixel_hardware_interface/environment/path.dsv
[9.080s] -- Symlinking: /home/lmz/armpiper/install/dynamixel_hardware_interface/share/dynamixel_hardware_interface/local_setup.bash
[9.088s] -- Symlinking: /home/lmz/armpiper/install/dynamixel_hardware_interface/share/dynamixel_hardware_interface/local_setup.sh
[9.100s] -- Symlinking: /home/lmz/armpiper/install/dynamixel_hardware_interface/share/dynamixel_hardware_interface/local_setup.zsh
[9.109s] -- Symlinking: /home/lmz/armpiper/install/dynamixel_hardware_interface/share/dynamixel_hardware_interface/local_setup.dsv
[9.117s] -- Symlinking: /home/lmz/armpiper/install/dynamixel_hardware_interface/share/dynamixel_hardware_interface/package.dsv
[9.129s] -- Symlinking: /home/lmz/armpiper/install/dynamixel_hardware_interface/share/ament_index/resource_index/packages/dynamixel_hardware_interface
[9.143s] -- Symlinking: /home/lmz/armpiper/install/dynamixel_hardware_interface/share/ament_index/resource_index/hardware_interface__pluginlib__plugin/dynamixel_hardware_interface
[9.161s] -- Symlinking: /home/lmz/armpiper/install/dynamixel_hardware_interface/share/dynamixel_hardware_interface/cmake/ament_cmake_export_include_directories-extras.cmake
[9.179s] -- Symlinking: /home/lmz/armpiper/install/dynamixel_hardware_interface/share/dynamixel_hardware_interface/cmake/ament_cmake_export_libraries-extras.cmake
[9.193s] -- Symlinking: /home/lmz/armpiper/install/dynamixel_hardware_interface/share/dynamixel_hardware_interface/cmake/ament_cmake_export_dependencies-extras.cmake
[9.202s] -- Symlinking: /home/lmz/armpiper/install/dynamixel_hardware_interface/share/dynamixel_hardware_interface/cmake/dynamixel_hardware_interfaceConfig.cmake
[9.213s] -- Symlinking: /home/lmz/armpiper/install/dynamixel_hardware_interface/share/dynamixel_hardware_interface/cmake/dynamixel_hardware_interfaceConfig-version.cmake
[9.226s] -- Symlinking: /home/lmz/armpiper/install/dynamixel_hardware_interface/share/dynamixel_hardware_interface/package.xml
[9.244s] Invoked command in '/home/lmz/armpiper/build/dynamixel_hardware_interface' returned '0': CMAKE_PREFIX_PATH=/home/lmz/armpiper/install/dynamixel_sdk:/home/lmz/armpiper/install/dynamixel_interfaces:/home/lmz/armpiper/install/piper_with_gripper_moveit:/home/lmz/armpiper/install/piper_no_gripper_moveit:/home/lmz/armpiper/install/piper_mujoco:/home/lmz/armpiper/install/piper_msgs:/home/lmz/armpiper/install/piper_humble:/home/lmz/armpiper/install/piper_gazebo:/home/lmz/armpiper/install/piper_description:/home/lmz/armpiper/install/open_manipulator:/home/lmz/armpiper/install/open_manipulator_x_bringup:/home/lmz/armpiper/install/open_manipulator_x_description:/home/lmz/armpiper/install/dynamixel_sdk_examples:/home/lmz/armpiper/install/dynamixel_sdk_custom_interfaces:/home/lmz/armpiper/install/dynamixel_hardware_interface:/home/lmz/armpiper/install/vla:/home/lmz/armpiper/install/interface:/home/lmz/armpiper/install/piper:/home/lmz/armpiper/install/leapsim:/home/lmz/armpiper/install/follow:/home/lmz/armpiper/install/arm_control_pkg:/opt/ros/humble LD_LIBRARY_PATH=/home/lmz/armpiper/install/dynamixel_sdk/lib:/home/lmz/armpiper/install/dynamixel_interfaces/lib:/home/lmz/armpiper/install/piper_msgs/lib:/home/lmz/armpiper/install/dynamixel_sdk_custom_interfaces/lib:/home/lmz/armpiper/install/dynamixel_hardware_interface/lib:/opt/ros/humble/opt/rviz_ogre_vendor/lib:/opt/ros/humble/lib/x86_64-linux-gnu:/opt/ros/humble/lib /usr/bin/cmake --install /home/lmz/armpiper/build/dynamixel_hardware_interface
