[0.022s] Invoking command in '/home/lmz/armpiper/build/open_manipulator_x_bringup': CMAKE_PREFIX_PATH=/home/lmz/armpiper/install/open_manipulator_x_description:/home/lmz/armpiper/install/piper_with_gripper_moveit:/home/lmz/armpiper/install/piper_no_gripper_moveit:/home/lmz/armpiper/install/piper_mujoco:/home/lmz/armpiper/install/piper_msgs:/home/lmz/armpiper/install/piper_humble:/home/lmz/armpiper/install/piper_gazebo:/home/lmz/armpiper/install/piper_description:/home/lmz/armpiper/install/open_manipulator:/home/lmz/armpiper/install/open_manipulator_x_bringup:/home/lmz/armpiper/install/dynamixel_sdk_examples:/home/lmz/armpiper/install/dynamixel_sdk_custom_interfaces:/home/lmz/armpiper/install/dynamixel_hardware_interface:/home/lmz/armpiper/install/dynamixel_sdk:/home/lmz/armpiper/install/dynamixel_interfaces:/home/lmz/armpiper/install/vla:/home/lmz/armpiper/install/interface:/home/lmz/armpiper/install/piper:/home/lmz/armpiper/install/leapsim:/home/lmz/armpiper/install/follow:/home/lmz/armpiper/install/arm_control_pkg:/opt/ros/humble /usr/bin/cmake /home/lmz/armpiper/src/open_manipulator/open_manipulator_x_bringup -DAMENT_CMAKE_SYMLINK_INSTALL=1 -DCMAKE_INSTALL_PREFIX=/home/lmz/armpiper/install/open_manipulator_x_bringup
[0.180s] -- The C compiler identification is GNU 11.4.0
[0.217s] -- The CXX compiler identification is GNU 11.4.0
[0.234s] -- Detecting C compiler ABI info
[0.363s] -- Detecting C compiler ABI info - done
[0.376s] -- Check for working C compiler: /usr/bin/cc - skipped
[0.376s] -- Detecting C compile features
[0.376s] -- Detecting C compile features - done
[0.387s] -- Detecting CXX compiler ABI info
[0.591s] -- Detecting CXX compiler ABI info - done
[0.610s] -- Check for working CXX compiler: /usr/bin/c++ - skipped
[0.610s] -- Detecting CXX compile features
[0.614s] -- Detecting CXX compile features - done
[0.619s] -- Found ament_cmake: 1.3.11 (/opt/ros/humble/share/ament_cmake/cmake)
[1.113s] -- Found Python3: /usr/bin/python3 (found version "3.10.12") found components: Interpreter 
[1.390s] -- Override CMake install command with custom implementation using symlinks instead of copying resources
[1.620s] -- Configuring done
[1.622s] -- Generating done
[1.630s] -- Build files have been written to: /home/lmz/armpiper/build/open_manipulator_x_bringup
[1.641s] Invoked command in '/home/lmz/armpiper/build/open_manipulator_x_bringup' returned '0': CMAKE_PREFIX_PATH=/home/lmz/armpiper/install/open_manipulator_x_description:/home/lmz/armpiper/install/piper_with_gripper_moveit:/home/lmz/armpiper/install/piper_no_gripper_moveit:/home/lmz/armpiper/install/piper_mujoco:/home/lmz/armpiper/install/piper_msgs:/home/lmz/armpiper/install/piper_humble:/home/lmz/armpiper/install/piper_gazebo:/home/lmz/armpiper/install/piper_description:/home/lmz/armpiper/install/open_manipulator:/home/lmz/armpiper/install/open_manipulator_x_bringup:/home/lmz/armpiper/install/dynamixel_sdk_examples:/home/lmz/armpiper/install/dynamixel_sdk_custom_interfaces:/home/lmz/armpiper/install/dynamixel_hardware_interface:/home/lmz/armpiper/install/dynamixel_sdk:/home/lmz/armpiper/install/dynamixel_interfaces:/home/lmz/armpiper/install/vla:/home/lmz/armpiper/install/interface:/home/lmz/armpiper/install/piper:/home/lmz/armpiper/install/leapsim:/home/lmz/armpiper/install/follow:/home/lmz/armpiper/install/arm_control_pkg:/opt/ros/humble /usr/bin/cmake /home/lmz/armpiper/src/open_manipulator/open_manipulator_x_bringup -DAMENT_CMAKE_SYMLINK_INSTALL=1 -DCMAKE_INSTALL_PREFIX=/home/lmz/armpiper/install/open_manipulator_x_bringup
[1.641s] Invoking command in '/home/lmz/armpiper/build/open_manipulator_x_bringup': CMAKE_PREFIX_PATH=/home/lmz/armpiper/install/open_manipulator_x_description:/home/lmz/armpiper/install/piper_with_gripper_moveit:/home/lmz/armpiper/install/piper_no_gripper_moveit:/home/lmz/armpiper/install/piper_mujoco:/home/lmz/armpiper/install/piper_msgs:/home/lmz/armpiper/install/piper_humble:/home/lmz/armpiper/install/piper_gazebo:/home/lmz/armpiper/install/piper_description:/home/lmz/armpiper/install/open_manipulator:/home/lmz/armpiper/install/open_manipulator_x_bringup:/home/lmz/armpiper/install/dynamixel_sdk_examples:/home/lmz/armpiper/install/dynamixel_sdk_custom_interfaces:/home/lmz/armpiper/install/dynamixel_hardware_interface:/home/lmz/armpiper/install/dynamixel_sdk:/home/lmz/armpiper/install/dynamixel_interfaces:/home/lmz/armpiper/install/vla:/home/lmz/armpiper/install/interface:/home/lmz/armpiper/install/piper:/home/lmz/armpiper/install/leapsim:/home/lmz/armpiper/install/follow:/home/lmz/armpiper/install/arm_control_pkg:/opt/ros/humble /usr/bin/cmake --build /home/lmz/armpiper/build/open_manipulator_x_bringup -- -j16 -l16
[1.728s] Invoked command in '/home/lmz/armpiper/build/open_manipulator_x_bringup' returned '0': CMAKE_PREFIX_PATH=/home/lmz/armpiper/install/open_manipulator_x_description:/home/lmz/armpiper/install/piper_with_gripper_moveit:/home/lmz/armpiper/install/piper_no_gripper_moveit:/home/lmz/armpiper/install/piper_mujoco:/home/lmz/armpiper/install/piper_msgs:/home/lmz/armpiper/install/piper_humble:/home/lmz/armpiper/install/piper_gazebo:/home/lmz/armpiper/install/piper_description:/home/lmz/armpiper/install/open_manipulator:/home/lmz/armpiper/install/open_manipulator_x_bringup:/home/lmz/armpiper/install/dynamixel_sdk_examples:/home/lmz/armpiper/install/dynamixel_sdk_custom_interfaces:/home/lmz/armpiper/install/dynamixel_hardware_interface:/home/lmz/armpiper/install/dynamixel_sdk:/home/lmz/armpiper/install/dynamixel_interfaces:/home/lmz/armpiper/install/vla:/home/lmz/armpiper/install/interface:/home/lmz/armpiper/install/piper:/home/lmz/armpiper/install/leapsim:/home/lmz/armpiper/install/follow:/home/lmz/armpiper/install/arm_control_pkg:/opt/ros/humble /usr/bin/cmake --build /home/lmz/armpiper/build/open_manipulator_x_bringup -- -j16 -l16
[1.728s] Invoking command in '/home/lmz/armpiper/build/open_manipulator_x_bringup': CMAKE_PREFIX_PATH=/home/lmz/armpiper/install/open_manipulator_x_description:/home/lmz/armpiper/install/piper_with_gripper_moveit:/home/lmz/armpiper/install/piper_no_gripper_moveit:/home/lmz/armpiper/install/piper_mujoco:/home/lmz/armpiper/install/piper_msgs:/home/lmz/armpiper/install/piper_humble:/home/lmz/armpiper/install/piper_gazebo:/home/lmz/armpiper/install/piper_description:/home/lmz/armpiper/install/open_manipulator:/home/lmz/armpiper/install/open_manipulator_x_bringup:/home/lmz/armpiper/install/dynamixel_sdk_examples:/home/lmz/armpiper/install/dynamixel_sdk_custom_interfaces:/home/lmz/armpiper/install/dynamixel_hardware_interface:/home/lmz/armpiper/install/dynamixel_sdk:/home/lmz/armpiper/install/dynamixel_interfaces:/home/lmz/armpiper/install/vla:/home/lmz/armpiper/install/interface:/home/lmz/armpiper/install/piper:/home/lmz/armpiper/install/leapsim:/home/lmz/armpiper/install/follow:/home/lmz/armpiper/install/arm_control_pkg:/opt/ros/humble /usr/bin/cmake --install /home/lmz/armpiper/build/open_manipulator_x_bringup
[1.739s] -- Install configuration: ""
[1.739s] -- Execute custom install script
[1.740s] -- Symlinking: /home/lmz/armpiper/install/open_manipulator_x_bringup/share/open_manipulator_x_bringup/launch/__pycache__/base.launch.cpython-310.pyc
[1.751s] -- Symlinking: /home/lmz/armpiper/install/open_manipulator_x_bringup/share/open_manipulator_x_bringup/launch/__pycache__/base.launch.cpython-312.pyc
[1.762s] -- Symlinking: /home/lmz/armpiper/install/open_manipulator_x_bringup/share/open_manipulator_x_bringup/launch/__pycache__/hardware.launch.cpython-310.pyc
[1.772s] -- Symlinking: /home/lmz/armpiper/install/open_manipulator_x_bringup/share/open_manipulator_x_bringup/launch/__pycache__/single_base.cpython-310.pyc
[1.782s] -- Symlinking: /home/lmz/armpiper/install/open_manipulator_x_bringup/share/open_manipulator_x_bringup/launch/__pycache__/single_base.cpython-312.pyc
[1.791s] -- Symlinking: /home/lmz/armpiper/install/open_manipulator_x_bringup/share/open_manipulator_x_bringup/launch/__pycache__/single_hardware.cpython-310.pyc
[1.801s] -- Symlinking: /home/lmz/armpiper/install/open_manipulator_x_bringup/share/open_manipulator_x_bringup/launch/base.launch.py
[1.813s] -- Symlinking: /home/lmz/armpiper/install/open_manipulator_x_bringup/share/open_manipulator_x_bringup/launch/fake.launch.py
[1.821s] -- Symlinking: /home/lmz/armpiper/install/open_manipulator_x_bringup/share/open_manipulator_x_bringup/launch/gazebo.launch.py
[1.840s] -- Symlinking: /home/lmz/armpiper/install/open_manipulator_x_bringup/share/open_manipulator_x_bringup/launch/hardware.launch.py
[1.845s] -- Symlinking: /home/lmz/armpiper/install/open_manipulator_x_bringup/share/open_manipulator_x_bringup/launch/single_base.py
[1.856s] -- Symlinking: /home/lmz/armpiper/install/open_manipulator_x_bringup/share/open_manipulator_x_bringup/launch/single_hardware.py
[1.872s] -- Symlinking: /home/lmz/armpiper/install/open_manipulator_x_bringup/share/open_manipulator_x_bringup/config/gazebo_controller_manager.yaml
[1.894s] -- Symlinking: /home/lmz/armpiper/install/open_manipulator_x_bringup/share/open_manipulator_x_bringup/config/hardware_controller_manager copy.yaml
[1.903s] -- Symlinking: /home/lmz/armpiper/install/open_manipulator_x_bringup/share/open_manipulator_x_bringup/config/hardware_controller_manager.txt
[1.923s] -- Symlinking: /home/lmz/armpiper/install/open_manipulator_x_bringup/share/open_manipulator_x_bringup/config/hardware_controller_manager.yaml
[1.943s] -- Symlinking: /home/lmz/armpiper/install/open_manipulator_x_bringup/share/open_manipulator_x_bringup/rviz/open_manipulator_x.rviz
[1.961s] -- Symlinking: /home/lmz/armpiper/install/open_manipulator_x_bringup/share/open_manipulator_x_bringup/worlds/empty_world.model
[1.980s] -- Symlinking: /home/lmz/armpiper/install/open_manipulator_x_bringup/share/open_manipulator_x_bringup/99-open-manipulator-cdc.rules
[2.003s] -- Symlinking: /home/lmz/armpiper/install/open_manipulator_x_bringup/lib/open_manipulator_x_bringup/create_udev_rules
[2.027s] -- Symlinking: /home/lmz/armpiper/install/open_manipulator_x_bringup/share/ament_index/resource_index/package_run_dependencies/open_manipulator_x_bringup
[2.048s] -- Symlinking: /home/lmz/armpiper/install/open_manipulator_x_bringup/share/ament_index/resource_index/parent_prefix_path/open_manipulator_x_bringup
[2.073s] -- Symlinking: /home/lmz/armpiper/install/open_manipulator_x_bringup/share/open_manipulator_x_bringup/environment/ament_prefix_path.sh
[2.095s] -- Symlinking: /home/lmz/armpiper/install/open_manipulator_x_bringup/share/open_manipulator_x_bringup/environment/ament_prefix_path.dsv
[2.122s] -- Symlinking: /home/lmz/armpiper/install/open_manipulator_x_bringup/share/open_manipulator_x_bringup/environment/path.sh
[2.146s] -- Symlinking: /home/lmz/armpiper/install/open_manipulator_x_bringup/share/open_manipulator_x_bringup/environment/path.dsv
[2.163s] -- Symlinking: /home/lmz/armpiper/install/open_manipulator_x_bringup/share/open_manipulator_x_bringup/local_setup.bash
[2.172s] -- Symlinking: /home/lmz/armpiper/install/open_manipulator_x_bringup/share/open_manipulator_x_bringup/local_setup.sh
[2.184s] -- Symlinking: /home/lmz/armpiper/install/open_manipulator_x_bringup/share/open_manipulator_x_bringup/local_setup.zsh
[2.195s] -- Symlinking: /home/lmz/armpiper/install/open_manipulator_x_bringup/share/open_manipulator_x_bringup/local_setup.dsv
[2.208s] -- Symlinking: /home/lmz/armpiper/install/open_manipulator_x_bringup/share/open_manipulator_x_bringup/package.dsv
[2.218s] -- Symlinking: /home/lmz/armpiper/install/open_manipulator_x_bringup/share/ament_index/resource_index/packages/open_manipulator_x_bringup
[2.236s] -- Symlinking: /home/lmz/armpiper/install/open_manipulator_x_bringup/share/open_manipulator_x_bringup/cmake/open_manipulator_x_bringupConfig.cmake
[2.246s] -- Symlinking: /home/lmz/armpiper/install/open_manipulator_x_bringup/share/open_manipulator_x_bringup/cmake/open_manipulator_x_bringupConfig-version.cmake
[2.255s] -- Symlinking: /home/lmz/armpiper/install/open_manipulator_x_bringup/share/open_manipulator_x_bringup/package.xml
[2.279s] Invoked command in '/home/lmz/armpiper/build/open_manipulator_x_bringup' returned '0': CMAKE_PREFIX_PATH=/home/lmz/armpiper/install/open_manipulator_x_description:/home/lmz/armpiper/install/piper_with_gripper_moveit:/home/lmz/armpiper/install/piper_no_gripper_moveit:/home/lmz/armpiper/install/piper_mujoco:/home/lmz/armpiper/install/piper_msgs:/home/lmz/armpiper/install/piper_humble:/home/lmz/armpiper/install/piper_gazebo:/home/lmz/armpiper/install/piper_description:/home/lmz/armpiper/install/open_manipulator:/home/lmz/armpiper/install/open_manipulator_x_bringup:/home/lmz/armpiper/install/dynamixel_sdk_examples:/home/lmz/armpiper/install/dynamixel_sdk_custom_interfaces:/home/lmz/armpiper/install/dynamixel_hardware_interface:/home/lmz/armpiper/install/dynamixel_sdk:/home/lmz/armpiper/install/dynamixel_interfaces:/home/lmz/armpiper/install/vla:/home/lmz/armpiper/install/interface:/home/lmz/armpiper/install/piper:/home/lmz/armpiper/install/leapsim:/home/lmz/armpiper/install/follow:/home/lmz/armpiper/install/arm_control_pkg:/opt/ros/humble /usr/bin/cmake --install /home/lmz/armpiper/build/open_manipulator_x_bringup
