[0.060s] Invoking command in '/home/lmz/armpiper/build/piper_no_gripper_moveit': CMAKE_PREFIX_PATH=/home/lmz/armpiper/install/piper_description:/home/lmz/armpiper/install/piper_with_gripper_moveit:/home/lmz/armpiper/install/piper_no_gripper_moveit:/home/lmz/armpiper/install/piper_mujoco:/home/lmz/armpiper/install/piper_msgs:/home/lmz/armpiper/install/piper_humble:/home/lmz/armpiper/install/piper_gazebo:/home/lmz/armpiper/install/open_manipulator:/home/lmz/armpiper/install/open_manipulator_x_bringup:/home/lmz/armpiper/install/open_manipulator_x_description:/home/lmz/armpiper/install/dynamixel_sdk_examples:/home/lmz/armpiper/install/dynamixel_sdk_custom_interfaces:/home/lmz/armpiper/install/dynamixel_hardware_interface:/home/lmz/armpiper/install/dynamixel_sdk:/home/lmz/armpiper/install/dynamixel_interfaces:/home/lmz/armpiper/install/vla:/home/lmz/armpiper/install/interface:/home/lmz/armpiper/install/piper:/home/lmz/armpiper/install/leapsim:/home/lmz/armpiper/install/follow:/home/lmz/armpiper/install/arm_control_pkg:/opt/ros/humble /usr/bin/cmake /home/lmz/armpiper/src/piper_ros/piper_moveit/piper_no_gripper_moveit -DAMENT_CMAKE_SYMLINK_INSTALL=1 -DCMAKE_INSTALL_PREFIX=/home/lmz/armpiper/install/piper_no_gripper_moveit
[0.476s] -- The C compiler identification is GNU 11.4.0
[0.476s] -- The CXX compiler identification is GNU 11.4.0
[0.476s] -- Detecting C compiler ABI info
[0.512s] -- Detecting C compiler ABI info - done
[0.534s] -- Check for working C compiler: /usr/bin/cc - skipped
[0.534s] -- Detecting C compile features
[0.539s] -- Detecting C compile features - done
[0.554s] -- Detecting CXX compiler ABI info
[0.757s] -- Detecting CXX compiler ABI info - done
[0.780s] -- Check for working CXX compiler: /usr/bin/c++ - skipped
[0.780s] -- Detecting CXX compile features
[0.784s] -- Detecting CXX compile features - done
[0.799s] -- Found ament_cmake: 1.3.11 (/opt/ros/humble/share/ament_cmake/cmake)
[1.246s] -- Found Python3: /usr/bin/python3 (found version "3.10.12") found components: Interpreter 
[1.422s] -- Override CMake install command with custom implementation using symlinks instead of copying resources
[1.556s] -- Configuring done
[1.560s] -- Generating done
[1.561s] -- Build files have been written to: /home/lmz/armpiper/build/piper_no_gripper_moveit
[1.576s] Invoked command in '/home/lmz/armpiper/build/piper_no_gripper_moveit' returned '0': CMAKE_PREFIX_PATH=/home/lmz/armpiper/install/piper_description:/home/lmz/armpiper/install/piper_with_gripper_moveit:/home/lmz/armpiper/install/piper_no_gripper_moveit:/home/lmz/armpiper/install/piper_mujoco:/home/lmz/armpiper/install/piper_msgs:/home/lmz/armpiper/install/piper_humble:/home/lmz/armpiper/install/piper_gazebo:/home/lmz/armpiper/install/open_manipulator:/home/lmz/armpiper/install/open_manipulator_x_bringup:/home/lmz/armpiper/install/open_manipulator_x_description:/home/lmz/armpiper/install/dynamixel_sdk_examples:/home/lmz/armpiper/install/dynamixel_sdk_custom_interfaces:/home/lmz/armpiper/install/dynamixel_hardware_interface:/home/lmz/armpiper/install/dynamixel_sdk:/home/lmz/armpiper/install/dynamixel_interfaces:/home/lmz/armpiper/install/vla:/home/lmz/armpiper/install/interface:/home/lmz/armpiper/install/piper:/home/lmz/armpiper/install/leapsim:/home/lmz/armpiper/install/follow:/home/lmz/armpiper/install/arm_control_pkg:/opt/ros/humble /usr/bin/cmake /home/lmz/armpiper/src/piper_ros/piper_moveit/piper_no_gripper_moveit -DAMENT_CMAKE_SYMLINK_INSTALL=1 -DCMAKE_INSTALL_PREFIX=/home/lmz/armpiper/install/piper_no_gripper_moveit
[1.576s] Invoking command in '/home/lmz/armpiper/build/piper_no_gripper_moveit': CMAKE_PREFIX_PATH=/home/lmz/armpiper/install/piper_description:/home/lmz/armpiper/install/piper_with_gripper_moveit:/home/lmz/armpiper/install/piper_no_gripper_moveit:/home/lmz/armpiper/install/piper_mujoco:/home/lmz/armpiper/install/piper_msgs:/home/lmz/armpiper/install/piper_humble:/home/lmz/armpiper/install/piper_gazebo:/home/lmz/armpiper/install/open_manipulator:/home/lmz/armpiper/install/open_manipulator_x_bringup:/home/lmz/armpiper/install/open_manipulator_x_description:/home/lmz/armpiper/install/dynamixel_sdk_examples:/home/lmz/armpiper/install/dynamixel_sdk_custom_interfaces:/home/lmz/armpiper/install/dynamixel_hardware_interface:/home/lmz/armpiper/install/dynamixel_sdk:/home/lmz/armpiper/install/dynamixel_interfaces:/home/lmz/armpiper/install/vla:/home/lmz/armpiper/install/interface:/home/lmz/armpiper/install/piper:/home/lmz/armpiper/install/leapsim:/home/lmz/armpiper/install/follow:/home/lmz/armpiper/install/arm_control_pkg:/opt/ros/humble /usr/bin/cmake --build /home/lmz/armpiper/build/piper_no_gripper_moveit -- -j16 -l16
[1.640s] Invoked command in '/home/lmz/armpiper/build/piper_no_gripper_moveit' returned '0': CMAKE_PREFIX_PATH=/home/lmz/armpiper/install/piper_description:/home/lmz/armpiper/install/piper_with_gripper_moveit:/home/lmz/armpiper/install/piper_no_gripper_moveit:/home/lmz/armpiper/install/piper_mujoco:/home/lmz/armpiper/install/piper_msgs:/home/lmz/armpiper/install/piper_humble:/home/lmz/armpiper/install/piper_gazebo:/home/lmz/armpiper/install/open_manipulator:/home/lmz/armpiper/install/open_manipulator_x_bringup:/home/lmz/armpiper/install/open_manipulator_x_description:/home/lmz/armpiper/install/dynamixel_sdk_examples:/home/lmz/armpiper/install/dynamixel_sdk_custom_interfaces:/home/lmz/armpiper/install/dynamixel_hardware_interface:/home/lmz/armpiper/install/dynamixel_sdk:/home/lmz/armpiper/install/dynamixel_interfaces:/home/lmz/armpiper/install/vla:/home/lmz/armpiper/install/interface:/home/lmz/armpiper/install/piper:/home/lmz/armpiper/install/leapsim:/home/lmz/armpiper/install/follow:/home/lmz/armpiper/install/arm_control_pkg:/opt/ros/humble /usr/bin/cmake --build /home/lmz/armpiper/build/piper_no_gripper_moveit -- -j16 -l16
[1.641s] Invoking command in '/home/lmz/armpiper/build/piper_no_gripper_moveit': CMAKE_PREFIX_PATH=/home/lmz/armpiper/install/piper_description:/home/lmz/armpiper/install/piper_with_gripper_moveit:/home/lmz/armpiper/install/piper_no_gripper_moveit:/home/lmz/armpiper/install/piper_mujoco:/home/lmz/armpiper/install/piper_msgs:/home/lmz/armpiper/install/piper_humble:/home/lmz/armpiper/install/piper_gazebo:/home/lmz/armpiper/install/open_manipulator:/home/lmz/armpiper/install/open_manipulator_x_bringup:/home/lmz/armpiper/install/open_manipulator_x_description:/home/lmz/armpiper/install/dynamixel_sdk_examples:/home/lmz/armpiper/install/dynamixel_sdk_custom_interfaces:/home/lmz/armpiper/install/dynamixel_hardware_interface:/home/lmz/armpiper/install/dynamixel_sdk:/home/lmz/armpiper/install/dynamixel_interfaces:/home/lmz/armpiper/install/vla:/home/lmz/armpiper/install/interface:/home/lmz/armpiper/install/piper:/home/lmz/armpiper/install/leapsim:/home/lmz/armpiper/install/follow:/home/lmz/armpiper/install/arm_control_pkg:/opt/ros/humble /usr/bin/cmake --install /home/lmz/armpiper/build/piper_no_gripper_moveit
[1.652s] -- Install configuration: ""
[1.653s] -- Execute custom install script
[1.657s] -- Symlinking: /home/lmz/armpiper/install/piper_no_gripper_moveit/share/ament_index/resource_index/package_run_dependencies/piper_no_gripper_moveit
[1.678s] -- Symlinking: /home/lmz/armpiper/install/piper_no_gripper_moveit/share/ament_index/resource_index/parent_prefix_path/piper_no_gripper_moveit
[1.701s] -- Symlinking: /home/lmz/armpiper/install/piper_no_gripper_moveit/share/piper_no_gripper_moveit/environment/ament_prefix_path.sh
[1.725s] -- Symlinking: /home/lmz/armpiper/install/piper_no_gripper_moveit/share/piper_no_gripper_moveit/environment/ament_prefix_path.dsv
[1.739s] -- Symlinking: /home/lmz/armpiper/install/piper_no_gripper_moveit/share/piper_no_gripper_moveit/environment/path.sh
[1.762s] -- Symlinking: /home/lmz/armpiper/install/piper_no_gripper_moveit/share/piper_no_gripper_moveit/environment/path.dsv
[1.787s] -- Symlinking: /home/lmz/armpiper/install/piper_no_gripper_moveit/share/piper_no_gripper_moveit/local_setup.bash
[1.806s] -- Symlinking: /home/lmz/armpiper/install/piper_no_gripper_moveit/share/piper_no_gripper_moveit/local_setup.sh
[1.836s] -- Symlinking: /home/lmz/armpiper/install/piper_no_gripper_moveit/share/piper_no_gripper_moveit/local_setup.zsh
[1.850s] -- Symlinking: /home/lmz/armpiper/install/piper_no_gripper_moveit/share/piper_no_gripper_moveit/local_setup.dsv
[1.864s] -- Symlinking: /home/lmz/armpiper/install/piper_no_gripper_moveit/share/piper_no_gripper_moveit/package.dsv
[1.872s] -- Symlinking: /home/lmz/armpiper/install/piper_no_gripper_moveit/share/ament_index/resource_index/packages/piper_no_gripper_moveit
[1.885s] -- Symlinking: /home/lmz/armpiper/install/piper_no_gripper_moveit/share/piper_no_gripper_moveit/cmake/piper_no_gripper_moveitConfig.cmake
[1.895s] -- Symlinking: /home/lmz/armpiper/install/piper_no_gripper_moveit/share/piper_no_gripper_moveit/cmake/piper_no_gripper_moveitConfig-version.cmake
[1.905s] -- Symlinking: /home/lmz/armpiper/install/piper_no_gripper_moveit/share/piper_no_gripper_moveit/package.xml
[1.924s] -- Symlinking: /home/lmz/armpiper/install/piper_no_gripper_moveit/share/piper_no_gripper_moveit/launch/demo.launch.py
[1.944s] -- Symlinking: /home/lmz/armpiper/install/piper_no_gripper_moveit/share/piper_no_gripper_moveit/launch/move_group.launch.py
[1.963s] -- Symlinking: /home/lmz/armpiper/install/piper_no_gripper_moveit/share/piper_no_gripper_moveit/launch/moveit_rviz.launch.py
[1.975s] -- Symlinking: /home/lmz/armpiper/install/piper_no_gripper_moveit/share/piper_no_gripper_moveit/launch/piper_moveit.launch.py
[1.994s] -- Symlinking: /home/lmz/armpiper/install/piper_no_gripper_moveit/share/piper_no_gripper_moveit/launch/rsp.launch.py
[2.000s] -- Symlinking: /home/lmz/armpiper/install/piper_no_gripper_moveit/share/piper_no_gripper_moveit/launch/setup_assistant.launch.py
[2.019s] -- Symlinking: /home/lmz/armpiper/install/piper_no_gripper_moveit/share/piper_no_gripper_moveit/launch/spawn_controllers.launch.py
[2.036s] -- Symlinking: /home/lmz/armpiper/install/piper_no_gripper_moveit/share/piper_no_gripper_moveit/launch/static_virtual_joint_tfs.launch.py
[2.051s] -- Symlinking: /home/lmz/armpiper/install/piper_no_gripper_moveit/share/piper_no_gripper_moveit/launch/warehouse_db.launch.py
[2.073s] -- Symlinking: /home/lmz/armpiper/install/piper_no_gripper_moveit/share/piper_no_gripper_moveit/config/initial_positions.yaml
[2.084s] -- Symlinking: /home/lmz/armpiper/install/piper_no_gripper_moveit/share/piper_no_gripper_moveit/config/joint_limits.yaml
[2.095s] -- Symlinking: /home/lmz/armpiper/install/piper_no_gripper_moveit/share/piper_no_gripper_moveit/config/kinematics.yaml
[2.104s] -- Symlinking: /home/lmz/armpiper/install/piper_no_gripper_moveit/share/piper_no_gripper_moveit/config/moveit.rviz
[2.112s] -- Symlinking: /home/lmz/armpiper/install/piper_no_gripper_moveit/share/piper_no_gripper_moveit/config/moveit_controllers.yaml
[2.120s] -- Symlinking: /home/lmz/armpiper/install/piper_no_gripper_moveit/share/piper_no_gripper_moveit/config/pilz_cartesian_limits.yaml
[2.130s] -- Symlinking: /home/lmz/armpiper/install/piper_no_gripper_moveit/share/piper_no_gripper_moveit/config/piper.ros2_control.xacro
[2.138s] -- Symlinking: /home/lmz/armpiper/install/piper_no_gripper_moveit/share/piper_no_gripper_moveit/config/piper.srdf
[2.144s] -- Symlinking: /home/lmz/armpiper/install/piper_no_gripper_moveit/share/piper_no_gripper_moveit/config/piper.urdf.xacro
[2.153s] -- Symlinking: /home/lmz/armpiper/install/piper_no_gripper_moveit/share/piper_no_gripper_moveit/config/ros2_controllers.yaml
[2.159s] -- Symlinking: /home/lmz/armpiper/install/piper_no_gripper_moveit/share/piper_no_gripper_moveit/.setup_assistant
[2.169s] Invoked command in '/home/lmz/armpiper/build/piper_no_gripper_moveit' returned '0': CMAKE_PREFIX_PATH=/home/lmz/armpiper/install/piper_description:/home/lmz/armpiper/install/piper_with_gripper_moveit:/home/lmz/armpiper/install/piper_no_gripper_moveit:/home/lmz/armpiper/install/piper_mujoco:/home/lmz/armpiper/install/piper_msgs:/home/lmz/armpiper/install/piper_humble:/home/lmz/armpiper/install/piper_gazebo:/home/lmz/armpiper/install/open_manipulator:/home/lmz/armpiper/install/open_manipulator_x_bringup:/home/lmz/armpiper/install/open_manipulator_x_description:/home/lmz/armpiper/install/dynamixel_sdk_examples:/home/lmz/armpiper/install/dynamixel_sdk_custom_interfaces:/home/lmz/armpiper/install/dynamixel_hardware_interface:/home/lmz/armpiper/install/dynamixel_sdk:/home/lmz/armpiper/install/dynamixel_interfaces:/home/lmz/armpiper/install/vla:/home/lmz/armpiper/install/interface:/home/lmz/armpiper/install/piper:/home/lmz/armpiper/install/leapsim:/home/lmz/armpiper/install/follow:/home/lmz/armpiper/install/arm_control_pkg:/opt/ros/humble /usr/bin/cmake --install /home/lmz/armpiper/build/piper_no_gripper_moveit
