[0.037s] Invoking command in '/home/lmz/armpiper/build/piper_description': CMAKE_PREFIX_PATH=${CMAKE_PREFIX_PATH}:/home/lmz/armpiper/install/vla:/home/lmz/armpiper/install/interface:/home/lmz/armpiper/install/piper:/home/lmz/armpiper/install/leapsim:/home/lmz/armpiper/install/follow:/home/lmz/armpiper/install/arm_control_pkg:/opt/ros/humble /usr/bin/cmake /home/lmz/armpiper/src/piper_ros/piper_description -DAMENT_CMAKE_SYMLINK_INSTALL=1 -DCMAKE_INSTALL_PREFIX=/home/lmz/armpiper/install/piper_description
[1.131s] -- The C compiler identification is GNU 11.4.0
[1.131s] -- The CXX compiler identification is GNU 11.4.0
[1.131s] -- Detecting C compiler ABI info
[1.132s] -- Detecting C compiler ABI info - done
[1.132s] -- Check for working C compiler: /usr/bin/cc - skipped
[1.132s] -- Detecting C compile features
[1.132s] -- Detecting C compile features - done
[1.132s] -- Detecting CXX compiler ABI info
[1.132s] -- Detecting CXX compiler ABI info - done
[1.132s] -- Check for working CXX compiler: /usr/bin/c++ - skipped
[1.132s] -- Detecting CXX compile features
[1.132s] -- Detecting CXX compile features - done
[1.132s] -- Found ament_cmake: 1.3.11 (/opt/ros/humble/share/ament_cmake/cmake)
[1.132s] -- Found Python3: /usr/bin/python3 (found version "3.10.12") found components: Interpreter 
[1.132s] -- Override CMake install command with custom implementation using symlinks instead of copying resources
[1.133s] -- Found ament_lint_auto: 0.12.12 (/opt/ros/humble/share/ament_lint_auto/cmake)
[1.133s] -- Added test 'copyright' to check source files copyright and LICENSE
[1.133s] -- Added test 'flake8' to check Python code syntax and style conventions
[1.133s] -- Added test 'lint_cmake' to check CMake code style
[1.133s] -- Added test 'pep257' to check Python code against some of the docstring style conventions in PEP 257
[1.133s] -- Added test 'xmllint' to check XML markup files
[1.133s] -- Configuring done
[1.133s] -- Generating done
[1.133s] -- Build files have been written to: /home/lmz/armpiper/build/piper_description
[1.439s] Invoked command in '/home/lmz/armpiper/build/piper_description' returned '0': CMAKE_PREFIX_PATH=${CMAKE_PREFIX_PATH}:/home/lmz/armpiper/install/vla:/home/lmz/armpiper/install/interface:/home/lmz/armpiper/install/piper:/home/lmz/armpiper/install/leapsim:/home/lmz/armpiper/install/follow:/home/lmz/armpiper/install/arm_control_pkg:/opt/ros/humble /usr/bin/cmake /home/lmz/armpiper/src/piper_ros/piper_description -DAMENT_CMAKE_SYMLINK_INSTALL=1 -DCMAKE_INSTALL_PREFIX=/home/lmz/armpiper/install/piper_description
[1.439s] Invoking command in '/home/lmz/armpiper/build/piper_description': CMAKE_PREFIX_PATH=${CMAKE_PREFIX_PATH}:/home/lmz/armpiper/install/vla:/home/lmz/armpiper/install/interface:/home/lmz/armpiper/install/piper:/home/lmz/armpiper/install/leapsim:/home/lmz/armpiper/install/follow:/home/lmz/armpiper/install/arm_control_pkg:/opt/ros/humble /usr/bin/cmake --build /home/lmz/armpiper/build/piper_description -- -j16 -l16
[1.503s] Invoked command in '/home/lmz/armpiper/build/piper_description' returned '0': CMAKE_PREFIX_PATH=${CMAKE_PREFIX_PATH}:/home/lmz/armpiper/install/vla:/home/lmz/armpiper/install/interface:/home/lmz/armpiper/install/piper:/home/lmz/armpiper/install/leapsim:/home/lmz/armpiper/install/follow:/home/lmz/armpiper/install/arm_control_pkg:/opt/ros/humble /usr/bin/cmake --build /home/lmz/armpiper/build/piper_description -- -j16 -l16
[1.504s] Invoking command in '/home/lmz/armpiper/build/piper_description': CMAKE_PREFIX_PATH=${CMAKE_PREFIX_PATH}:/home/lmz/armpiper/install/vla:/home/lmz/armpiper/install/interface:/home/lmz/armpiper/install/piper:/home/lmz/armpiper/install/leapsim:/home/lmz/armpiper/install/follow:/home/lmz/armpiper/install/arm_control_pkg:/opt/ros/humble /usr/bin/cmake --install /home/lmz/armpiper/build/piper_description
[1.523s] -- Install configuration: ""
[1.524s] -- Execute custom install script
[1.528s] -- Symlinking: /home/lmz/armpiper/install/piper_description/share/piper_description/launch/piper_no_gripper/display_no_gripper_urdf.launch.py
[1.545s] -- Symlinking: /home/lmz/armpiper/install/piper_description/share/piper_description/launch/piper_no_gripper/display_no_gripper_urdf_follow.launch.py
[1.559s] -- Symlinking: /home/lmz/armpiper/install/piper_description/share/piper_description/launch/piper_no_gripper/display_no_gripper_xacro.launch.py
[1.580s] -- Symlinking: /home/lmz/armpiper/install/piper_description/share/piper_description/launch/piper_with_gripper/display_urdf.launch.py
[1.598s] -- Symlinking: /home/lmz/armpiper/install/piper_description/share/piper_description/launch/piper_with_gripper/display_urdf_follow.launch.py
[1.621s] -- Symlinking: /home/lmz/armpiper/install/piper_description/share/piper_description/launch/piper_with_gripper/display_xacro.launch.py
[1.646s] -- Symlinking: /home/lmz/armpiper/install/piper_description/share/piper_description/launch/piper_with_teach/display_with_teach_urdf.launch.py
[1.671s] -- Symlinking: /home/lmz/armpiper/install/piper_description/share/piper_description/meshes/base_link.STL
[1.692s] -- Symlinking: /home/lmz/armpiper/install/piper_description/share/piper_description/meshes/gripper_base.STL
[1.702s] -- Symlinking: /home/lmz/armpiper/install/piper_description/share/piper_description/meshes/link1.STL
[1.720s] -- Symlinking: /home/lmz/armpiper/install/piper_description/share/piper_description/meshes/link2.STL
[1.739s] -- Symlinking: /home/lmz/armpiper/install/piper_description/share/piper_description/meshes/link3.STL
[1.753s] -- Symlinking: /home/lmz/armpiper/install/piper_description/share/piper_description/meshes/link4.STL
[1.780s] -- Symlinking: /home/lmz/armpiper/install/piper_description/share/piper_description/meshes/link5.STL
[1.796s] -- Symlinking: /home/lmz/armpiper/install/piper_description/share/piper_description/meshes/link6.STL
[1.819s] -- Symlinking: /home/lmz/armpiper/install/piper_description/share/piper_description/meshes/link7.STL
[1.832s] -- Symlinking: /home/lmz/armpiper/install/piper_description/share/piper_description/meshes/link8.STL
[1.846s] -- Symlinking: /home/lmz/armpiper/install/piper_description/share/piper_description/meshes/teach_base.STL
[1.867s] -- Symlinking: /home/lmz/armpiper/install/piper_description/share/piper_description/meshes/teach_link7.STL
[1.882s] -- Symlinking: /home/lmz/armpiper/install/piper_description/share/piper_description/meshes/teach_link8.STL
[1.900s] -- Symlinking: /home/lmz/armpiper/install/piper_description/share/piper_description/rviz/piper_ctrl.rviz
[1.913s] -- Symlinking: /home/lmz/armpiper/install/piper_description/share/piper_description/rviz/piper_no_gripper.rviz
[1.929s] -- Symlinking: /home/lmz/armpiper/install/piper_description/share/piper_description/urdf/piper_description.urdf
[1.945s] -- Symlinking: /home/lmz/armpiper/install/piper_description/share/piper_description/urdf/piper_description.xacro
[1.954s] -- Symlinking: /home/lmz/armpiper/install/piper_description/share/piper_description/urdf/piper_description_gazebo.xacro
[1.965s] -- Symlinking: /home/lmz/armpiper/install/piper_description/share/piper_description/urdf/piper_description_old.urdf
[1.977s] -- Symlinking: /home/lmz/armpiper/install/piper_description/share/piper_description/urdf/piper_description_with_teach.urdf
[1.994s] -- Symlinking: /home/lmz/armpiper/install/piper_description/share/piper_description/urdf/piper_no_gripper_description.urdf
[2.006s] -- Symlinking: /home/lmz/armpiper/install/piper_description/share/piper_description/urdf/piper_no_gripper_description.xacro
[2.032s] -- Symlinking: /home/lmz/armpiper/install/piper_description/share/piper_description/urdf/piper_no_gripper_description_gazebo.xacro
[2.044s] -- Symlinking: /home/lmz/armpiper/install/piper_description/share/piper_description/urdf/piper_no_gripper_description_old.urdf
[2.064s] -- Symlinking: /home/lmz/armpiper/install/piper_description/share/piper_description/mujoco_model/piper_description.xml
[2.083s] -- Symlinking: /home/lmz/armpiper/install/piper_description/share/piper_description/mujoco_model/piper_no_gripper_description.xml
[2.096s] -- Symlinking: /home/lmz/armpiper/install/piper_description/share/ament_index/resource_index/package_run_dependencies/piper_description
[2.114s] -- Symlinking: /home/lmz/armpiper/install/piper_description/share/ament_index/resource_index/parent_prefix_path/piper_description
[2.129s] -- Symlinking: /home/lmz/armpiper/install/piper_description/share/piper_description/environment/ament_prefix_path.sh
[2.154s] -- Symlinking: /home/lmz/armpiper/install/piper_description/share/piper_description/environment/ament_prefix_path.dsv
[2.171s] -- Symlinking: /home/lmz/armpiper/install/piper_description/share/piper_description/environment/path.sh
[2.192s] -- Symlinking: /home/lmz/armpiper/install/piper_description/share/piper_description/environment/path.dsv
[2.210s] -- Symlinking: /home/lmz/armpiper/install/piper_description/share/piper_description/local_setup.bash
[2.235s] -- Symlinking: /home/lmz/armpiper/install/piper_description/share/piper_description/local_setup.sh
[2.257s] -- Symlinking: /home/lmz/armpiper/install/piper_description/share/piper_description/local_setup.zsh
[2.276s] -- Symlinking: /home/lmz/armpiper/install/piper_description/share/piper_description/local_setup.dsv
[2.297s] -- Symlinking: /home/lmz/armpiper/install/piper_description/share/piper_description/package.dsv
[2.324s] -- Symlinking: /home/lmz/armpiper/install/piper_description/share/ament_index/resource_index/packages/piper_description
[2.348s] -- Symlinking: /home/lmz/armpiper/install/piper_description/share/piper_description/cmake/piper_descriptionConfig.cmake
[2.366s] -- Symlinking: /home/lmz/armpiper/install/piper_description/share/piper_description/cmake/piper_descriptionConfig-version.cmake
[2.377s] -- Symlinking: /home/lmz/armpiper/install/piper_description/share/piper_description/package.xml
[2.399s] Invoked command in '/home/lmz/armpiper/build/piper_description' returned '0': CMAKE_PREFIX_PATH=${CMAKE_PREFIX_PATH}:/home/lmz/armpiper/install/vla:/home/lmz/armpiper/install/interface:/home/lmz/armpiper/install/piper:/home/lmz/armpiper/install/leapsim:/home/lmz/armpiper/install/follow:/home/lmz/armpiper/install/arm_control_pkg:/opt/ros/humble /usr/bin/cmake --install /home/lmz/armpiper/build/piper_description
