[0.069s] Invoking command in '/home/lmz/armpiper/build/piper_description': CMAKE_PREFIX_PATH=${CMAKE_PREFIX_PATH}:/home/lmz/armpiper/install/vla:/home/lmz/armpiper/install/interface:/home/lmz/armpiper/install/piper:/home/lmz/armpiper/install/leapsim:/home/lmz/armpiper/install/follow:/home/lmz/armpiper/install/arm_control_pkg:/opt/ros/humble /usr/bin/cmake /home/lmz/armpiper/src/piper_ros/piper_description -DAMENT_CMAKE_SYMLINK_INSTALL=1 -DCMAKE_INSTALL_PREFIX=/home/lmz/armpiper/install/piper_description
[1.550s] -- The C compiler identification is GNU 11.4.0
[1.551s] -- The CXX compiler identification is GNU 11.4.0
[1.551s] -- Detecting C compiler ABI info
[1.551s] -- Detecting C compiler ABI info - done
[1.551s] -- Check for working C compiler: /usr/bin/cc - skipped
[1.551s] -- Detecting C compile features
[1.551s] -- Detecting C compile features - done
[1.551s] -- Detecting CXX compiler ABI info
[1.551s] -- Detecting CXX compiler ABI info - done
[1.552s] -- Check for working CXX compiler: /usr/bin/c++ - skipped
[1.552s] -- Detecting CXX compile features
[1.552s] -- Detecting CXX compile features - done
[1.552s] -- Found ament_cmake: 1.3.11 (/opt/ros/humble/share/ament_cmake/cmake)
[1.552s] -- Found Python3: /usr/bin/python3 (found version "3.10.12") found components: Interpreter 
[1.552s] -- Override CMake install command with custom implementation using symlinks instead of copying resources
[1.552s] -- Found ament_lint_auto: 0.12.12 (/opt/ros/humble/share/ament_lint_auto/cmake)
[1.552s] -- Added test 'copyright' to check source files copyright and LICENSE
[1.552s] -- Added test 'flake8' to check Python code syntax and style conventions
[1.552s] -- Added test 'lint_cmake' to check CMake code style
[1.552s] -- Added test 'pep257' to check Python code against some of the docstring style conventions in PEP 257
[1.552s] -- Added test 'xmllint' to check XML markup files
[1.552s] -- Configuring done
[1.552s] -- Generating done
[1.552s] -- Build files have been written to: /home/lmz/armpiper/build/piper_description
[1.572s] Invoked command in '/home/lmz/armpiper/build/piper_description' returned '0': CMAKE_PREFIX_PATH=${CMAKE_PREFIX_PATH}:/home/lmz/armpiper/install/vla:/home/lmz/armpiper/install/interface:/home/lmz/armpiper/install/piper:/home/lmz/armpiper/install/leapsim:/home/lmz/armpiper/install/follow:/home/lmz/armpiper/install/arm_control_pkg:/opt/ros/humble /usr/bin/cmake /home/lmz/armpiper/src/piper_ros/piper_description -DAMENT_CMAKE_SYMLINK_INSTALL=1 -DCMAKE_INSTALL_PREFIX=/home/lmz/armpiper/install/piper_description
[1.573s] Invoking command in '/home/lmz/armpiper/build/piper_description': CMAKE_PREFIX_PATH=${CMAKE_PREFIX_PATH}:/home/lmz/armpiper/install/vla:/home/lmz/armpiper/install/interface:/home/lmz/armpiper/install/piper:/home/lmz/armpiper/install/leapsim:/home/lmz/armpiper/install/follow:/home/lmz/armpiper/install/arm_control_pkg:/opt/ros/humble /usr/bin/cmake --build /home/lmz/armpiper/build/piper_description -- -j16 -l16
[1.641s] Invoked command in '/home/lmz/armpiper/build/piper_description' returned '0': CMAKE_PREFIX_PATH=${CMAKE_PREFIX_PATH}:/home/lmz/armpiper/install/vla:/home/lmz/armpiper/install/interface:/home/lmz/armpiper/install/piper:/home/lmz/armpiper/install/leapsim:/home/lmz/armpiper/install/follow:/home/lmz/armpiper/install/arm_control_pkg:/opt/ros/humble /usr/bin/cmake --build /home/lmz/armpiper/build/piper_description -- -j16 -l16
[1.642s] Invoking command in '/home/lmz/armpiper/build/piper_description': CMAKE_PREFIX_PATH=${CMAKE_PREFIX_PATH}:/home/lmz/armpiper/install/vla:/home/lmz/armpiper/install/interface:/home/lmz/armpiper/install/piper:/home/lmz/armpiper/install/leapsim:/home/lmz/armpiper/install/follow:/home/lmz/armpiper/install/arm_control_pkg:/opt/ros/humble /usr/bin/cmake --install /home/lmz/armpiper/build/piper_description
[1.666s] -- Install configuration: ""
[1.668s] -- Execute custom install script
[1.668s] -- Symlinking: /home/lmz/armpiper/install/piper_description/share/piper_description/launch/piper_no_gripper/display_no_gripper_urdf.launch.py
[1.718s] -- Symlinking: /home/lmz/armpiper/install/piper_description/share/piper_description/launch/piper_no_gripper/display_no_gripper_urdf_follow.launch.py
[1.761s] -- Symlinking: /home/lmz/armpiper/install/piper_description/share/piper_description/launch/piper_no_gripper/display_no_gripper_xacro.launch.py
[1.792s] -- Symlinking: /home/lmz/armpiper/install/piper_description/share/piper_description/launch/piper_with_gripper/display_urdf.launch.py
[1.805s] -- Symlinking: /home/lmz/armpiper/install/piper_description/share/piper_description/launch/piper_with_gripper/display_urdf_follow.launch.py
[1.823s] -- Symlinking: /home/lmz/armpiper/install/piper_description/share/piper_description/launch/piper_with_gripper/display_xacro.launch.py
[1.846s] -- Symlinking: /home/lmz/armpiper/install/piper_description/share/piper_description/launch/piper_with_teach/display_with_teach_urdf.launch.py
[1.869s] -- Symlinking: /home/lmz/armpiper/install/piper_description/share/piper_description/meshes/base_link.STL
[1.899s] -- Symlinking: /home/lmz/armpiper/install/piper_description/share/piper_description/meshes/gripper_base.STL
[1.925s] -- Symlinking: /home/lmz/armpiper/install/piper_description/share/piper_description/meshes/link1.STL
[1.952s] -- Symlinking: /home/lmz/armpiper/install/piper_description/share/piper_description/meshes/link2.STL
[1.994s] -- Symlinking: /home/lmz/armpiper/install/piper_description/share/piper_description/meshes/link3.STL
[2.023s] -- Symlinking: /home/lmz/armpiper/install/piper_description/share/piper_description/meshes/link4.STL
[2.049s] -- Symlinking: /home/lmz/armpiper/install/piper_description/share/piper_description/meshes/link5.STL
[2.080s] -- Symlinking: /home/lmz/armpiper/install/piper_description/share/piper_description/meshes/link6.STL
[2.110s] -- Symlinking: /home/lmz/armpiper/install/piper_description/share/piper_description/meshes/link7.STL
[2.134s] -- Symlinking: /home/lmz/armpiper/install/piper_description/share/piper_description/meshes/link8.STL
[2.158s] -- Symlinking: /home/lmz/armpiper/install/piper_description/share/piper_description/meshes/teach_base.STL
[2.189s] -- Symlinking: /home/lmz/armpiper/install/piper_description/share/piper_description/meshes/teach_link7.STL
[2.212s] -- Symlinking: /home/lmz/armpiper/install/piper_description/share/piper_description/meshes/teach_link8.STL
[2.235s] -- Symlinking: /home/lmz/armpiper/install/piper_description/share/piper_description/rviz/piper_ctrl.rviz
[2.252s] -- Symlinking: /home/lmz/armpiper/install/piper_description/share/piper_description/rviz/piper_no_gripper.rviz
[2.275s] -- Symlinking: /home/lmz/armpiper/install/piper_description/share/piper_description/urdf/piper_description.urdf
[2.296s] -- Symlinking: /home/lmz/armpiper/install/piper_description/share/piper_description/urdf/piper_description.xacro
[2.316s] -- Symlinking: /home/lmz/armpiper/install/piper_description/share/piper_description/urdf/piper_description_gazebo.xacro
[2.333s] -- Symlinking: /home/lmz/armpiper/install/piper_description/share/piper_description/urdf/piper_description_old.urdf
[2.350s] -- Symlinking: /home/lmz/armpiper/install/piper_description/share/piper_description/urdf/piper_description_with_teach.urdf
[2.368s] -- Symlinking: /home/lmz/armpiper/install/piper_description/share/piper_description/urdf/piper_no_gripper_description.urdf
[2.381s] -- Symlinking: /home/lmz/armpiper/install/piper_description/share/piper_description/urdf/piper_no_gripper_description.xacro
[2.404s] -- Symlinking: /home/lmz/armpiper/install/piper_description/share/piper_description/urdf/piper_no_gripper_description_gazebo.xacro
[2.435s] -- Symlinking: /home/lmz/armpiper/install/piper_description/share/piper_description/urdf/piper_no_gripper_description_old.urdf
[2.465s] -- Symlinking: /home/lmz/armpiper/install/piper_description/share/piper_description/mujoco_model/piper_description.xml
[2.476s] -- Symlinking: /home/lmz/armpiper/install/piper_description/share/piper_description/mujoco_model/piper_no_gripper_description.xml
[2.508s] -- Symlinking: /home/lmz/armpiper/install/piper_description/share/ament_index/resource_index/package_run_dependencies/piper_description
[2.526s] -- Symlinking: /home/lmz/armpiper/install/piper_description/share/ament_index/resource_index/parent_prefix_path/piper_description
[2.548s] -- Symlinking: /home/lmz/armpiper/install/piper_description/share/piper_description/environment/ament_prefix_path.sh
[2.575s] -- Symlinking: /home/lmz/armpiper/install/piper_description/share/piper_description/environment/ament_prefix_path.dsv
[2.591s] -- Symlinking: /home/lmz/armpiper/install/piper_description/share/piper_description/environment/path.sh
[2.614s] -- Symlinking: /home/lmz/armpiper/install/piper_description/share/piper_description/environment/path.dsv
[2.627s] -- Symlinking: /home/lmz/armpiper/install/piper_description/share/piper_description/local_setup.bash
[2.636s] -- Symlinking: /home/lmz/armpiper/install/piper_description/share/piper_description/local_setup.sh
[2.648s] -- Symlinking: /home/lmz/armpiper/install/piper_description/share/piper_description/local_setup.zsh
[2.662s] -- Symlinking: /home/lmz/armpiper/install/piper_description/share/piper_description/local_setup.dsv
[2.683s] -- Symlinking: /home/lmz/armpiper/install/piper_description/share/piper_description/package.dsv
[2.700s] -- Symlinking: /home/lmz/armpiper/install/piper_description/share/ament_index/resource_index/packages/piper_description
[2.715s] -- Symlinking: /home/lmz/armpiper/install/piper_description/share/piper_description/cmake/piper_descriptionConfig.cmake
[2.736s] -- Symlinking: /home/lmz/armpiper/install/piper_description/share/piper_description/cmake/piper_descriptionConfig-version.cmake
[2.751s] -- Symlinking: /home/lmz/armpiper/install/piper_description/share/piper_description/package.xml
[2.804s] Invoked command in '/home/lmz/armpiper/build/piper_description' returned '0': CMAKE_PREFIX_PATH=${CMAKE_PREFIX_PATH}:/home/lmz/armpiper/install/vla:/home/lmz/armpiper/install/interface:/home/lmz/armpiper/install/piper:/home/lmz/armpiper/install/leapsim:/home/lmz/armpiper/install/follow:/home/lmz/armpiper/install/arm_control_pkg:/opt/ros/humble /usr/bin/cmake --install /home/lmz/armpiper/build/piper_description
