[0.009s] Invoking command in '/home/lmz/armpiper/build/open_manipulator_x_bringup': CMAKE_PREFIX_PATH=/home/lmz/armpiper/install/open_manipulator_x_description:/home/lmz/armpiper/install/piper_with_gripper_moveit:/home/lmz/armpiper/install/piper_no_gripper_moveit:/home/lmz/armpiper/install/piper_mujoco:/home/lmz/armpiper/install/piper_msgs:/home/lmz/armpiper/install/piper_humble:/home/lmz/armpiper/install/piper_gazebo:/home/lmz/armpiper/install/piper_description:/home/lmz/armpiper/install/open_manipulator:/home/lmz/armpiper/install/open_manipulator_x_bringup:/home/lmz/armpiper/install/dynamixel_sdk_examples:/home/lmz/armpiper/install/dynamixel_sdk_custom_interfaces:/home/lmz/armpiper/install/dynamixel_hardware_interface:/home/lmz/armpiper/install/dynamixel_sdk:/home/lmz/armpiper/install/dynamixel_interfaces:/home/lmz/armpiper/install/vla:/home/lmz/armpiper/install/interface:/home/lmz/armpiper/install/piper:/home/lmz/armpiper/install/leapsim:/home/lmz/armpiper/install/follow:/home/lmz/armpiper/install/arm_control_pkg:/opt/ros/humble /usr/bin/cmake /home/lmz/armpiper/src/open_manipulator/open_manipulator_x_bringup -DAMENT_CMAKE_SYMLINK_INSTALL=1 -DCMAKE_INSTALL_PREFIX=/home/lmz/armpiper/install/open_manipulator_x_bringup
[0.149s] -- The C compiler identification is GNU 11.4.0
[0.283s] -- The CXX compiler identification is GNU 11.4.0
[0.302s] -- Detecting C compiler ABI info
[0.482s] -- Detecting C compiler ABI info - done
[0.500s] -- Check for working C compiler: /usr/bin/cc - skipped
[0.500s] -- Detecting C compile features
[0.500s] -- Detecting C compile features - done
[0.507s] -- Detecting CXX compiler ABI info
[0.683s] -- Detecting CXX compiler ABI info - done
[0.705s] -- Check for working CXX compiler: /usr/bin/c++ - skipped
[0.705s] -- Detecting CXX compile features
[0.706s] -- Detecting CXX compile features - done
[0.715s] -- Found ament_cmake: 1.3.11 (/opt/ros/humble/share/ament_cmake/cmake)
[1.121s] -- Found Python3: /usr/bin/python3 (found version "3.10.12") found components: Interpreter 
[1.316s] -- Override CMake install command with custom implementation using symlinks instead of copying resources
[1.518s] -- Configuring done
[1.521s] -- Generating done
[1.529s] -- Build files have been written to: /home/lmz/armpiper/build/open_manipulator_x_bringup
[1.536s] Invoked command in '/home/lmz/armpiper/build/open_manipulator_x_bringup' returned '0': CMAKE_PREFIX_PATH=/home/lmz/armpiper/install/open_manipulator_x_description:/home/lmz/armpiper/install/piper_with_gripper_moveit:/home/lmz/armpiper/install/piper_no_gripper_moveit:/home/lmz/armpiper/install/piper_mujoco:/home/lmz/armpiper/install/piper_msgs:/home/lmz/armpiper/install/piper_humble:/home/lmz/armpiper/install/piper_gazebo:/home/lmz/armpiper/install/piper_description:/home/lmz/armpiper/install/open_manipulator:/home/lmz/armpiper/install/open_manipulator_x_bringup:/home/lmz/armpiper/install/dynamixel_sdk_examples:/home/lmz/armpiper/install/dynamixel_sdk_custom_interfaces:/home/lmz/armpiper/install/dynamixel_hardware_interface:/home/lmz/armpiper/install/dynamixel_sdk:/home/lmz/armpiper/install/dynamixel_interfaces:/home/lmz/armpiper/install/vla:/home/lmz/armpiper/install/interface:/home/lmz/armpiper/install/piper:/home/lmz/armpiper/install/leapsim:/home/lmz/armpiper/install/follow:/home/lmz/armpiper/install/arm_control_pkg:/opt/ros/humble /usr/bin/cmake /home/lmz/armpiper/src/open_manipulator/open_manipulator_x_bringup -DAMENT_CMAKE_SYMLINK_INSTALL=1 -DCMAKE_INSTALL_PREFIX=/home/lmz/armpiper/install/open_manipulator_x_bringup
[1.537s] Invoking command in '/home/lmz/armpiper/build/open_manipulator_x_bringup': CMAKE_PREFIX_PATH=/home/lmz/armpiper/install/open_manipulator_x_description:/home/lmz/armpiper/install/piper_with_gripper_moveit:/home/lmz/armpiper/install/piper_no_gripper_moveit:/home/lmz/armpiper/install/piper_mujoco:/home/lmz/armpiper/install/piper_msgs:/home/lmz/armpiper/install/piper_humble:/home/lmz/armpiper/install/piper_gazebo:/home/lmz/armpiper/install/piper_description:/home/lmz/armpiper/install/open_manipulator:/home/lmz/armpiper/install/open_manipulator_x_bringup:/home/lmz/armpiper/install/dynamixel_sdk_examples:/home/lmz/armpiper/install/dynamixel_sdk_custom_interfaces:/home/lmz/armpiper/install/dynamixel_hardware_interface:/home/lmz/armpiper/install/dynamixel_sdk:/home/lmz/armpiper/install/dynamixel_interfaces:/home/lmz/armpiper/install/vla:/home/lmz/armpiper/install/interface:/home/lmz/armpiper/install/piper:/home/lmz/armpiper/install/leapsim:/home/lmz/armpiper/install/follow:/home/lmz/armpiper/install/arm_control_pkg:/opt/ros/humble /usr/bin/cmake --build /home/lmz/armpiper/build/open_manipulator_x_bringup -- -j16 -l16
[1.613s] Invoked command in '/home/lmz/armpiper/build/open_manipulator_x_bringup' returned '0': CMAKE_PREFIX_PATH=/home/lmz/armpiper/install/open_manipulator_x_description:/home/lmz/armpiper/install/piper_with_gripper_moveit:/home/lmz/armpiper/install/piper_no_gripper_moveit:/home/lmz/armpiper/install/piper_mujoco:/home/lmz/armpiper/install/piper_msgs:/home/lmz/armpiper/install/piper_humble:/home/lmz/armpiper/install/piper_gazebo:/home/lmz/armpiper/install/piper_description:/home/lmz/armpiper/install/open_manipulator:/home/lmz/armpiper/install/open_manipulator_x_bringup:/home/lmz/armpiper/install/dynamixel_sdk_examples:/home/lmz/armpiper/install/dynamixel_sdk_custom_interfaces:/home/lmz/armpiper/install/dynamixel_hardware_interface:/home/lmz/armpiper/install/dynamixel_sdk:/home/lmz/armpiper/install/dynamixel_interfaces:/home/lmz/armpiper/install/vla:/home/lmz/armpiper/install/interface:/home/lmz/armpiper/install/piper:/home/lmz/armpiper/install/leapsim:/home/lmz/armpiper/install/follow:/home/lmz/armpiper/install/arm_control_pkg:/opt/ros/humble /usr/bin/cmake --build /home/lmz/armpiper/build/open_manipulator_x_bringup -- -j16 -l16
[1.614s] Invoking command in '/home/lmz/armpiper/build/open_manipulator_x_bringup': CMAKE_PREFIX_PATH=/home/lmz/armpiper/install/open_manipulator_x_description:/home/lmz/armpiper/install/piper_with_gripper_moveit:/home/lmz/armpiper/install/piper_no_gripper_moveit:/home/lmz/armpiper/install/piper_mujoco:/home/lmz/armpiper/install/piper_msgs:/home/lmz/armpiper/install/piper_humble:/home/lmz/armpiper/install/piper_gazebo:/home/lmz/armpiper/install/piper_description:/home/lmz/armpiper/install/open_manipulator:/home/lmz/armpiper/install/open_manipulator_x_bringup:/home/lmz/armpiper/install/dynamixel_sdk_examples:/home/lmz/armpiper/install/dynamixel_sdk_custom_interfaces:/home/lmz/armpiper/install/dynamixel_hardware_interface:/home/lmz/armpiper/install/dynamixel_sdk:/home/lmz/armpiper/install/dynamixel_interfaces:/home/lmz/armpiper/install/vla:/home/lmz/armpiper/install/interface:/home/lmz/armpiper/install/piper:/home/lmz/armpiper/install/leapsim:/home/lmz/armpiper/install/follow:/home/lmz/armpiper/install/arm_control_pkg:/opt/ros/humble /usr/bin/cmake --install /home/lmz/armpiper/build/open_manipulator_x_bringup
[1.628s] -- Install configuration: ""
[1.628s] -- Execute custom install script
[1.629s] -- Symlinking: /home/lmz/armpiper/install/open_manipulator_x_bringup/share/open_manipulator_x_bringup/launch/__pycache__/base.launch.cpython-310.pyc
[1.638s] -- Symlinking: /home/lmz/armpiper/install/open_manipulator_x_bringup/share/open_manipulator_x_bringup/launch/__pycache__/base.launch.cpython-312.pyc
[1.646s] -- Symlinking: /home/lmz/armpiper/install/open_manipulator_x_bringup/share/open_manipulator_x_bringup/launch/__pycache__/hardware.launch.cpython-310.pyc
[1.656s] -- Symlinking: /home/lmz/armpiper/install/open_manipulator_x_bringup/share/open_manipulator_x_bringup/launch/__pycache__/single_base.cpython-310.pyc
[1.664s] -- Symlinking: /home/lmz/armpiper/install/open_manipulator_x_bringup/share/open_manipulator_x_bringup/launch/__pycache__/single_base.cpython-312.pyc
[1.672s] -- Symlinking: /home/lmz/armpiper/install/open_manipulator_x_bringup/share/open_manipulator_x_bringup/launch/__pycache__/single_hardware.cpython-310.pyc
[1.680s] -- Symlinking: /home/lmz/armpiper/install/open_manipulator_x_bringup/share/open_manipulator_x_bringup/launch/base.launch.py
[1.688s] -- Symlinking: /home/lmz/armpiper/install/open_manipulator_x_bringup/share/open_manipulator_x_bringup/launch/fake.launch.py
[1.698s] -- Symlinking: /home/lmz/armpiper/install/open_manipulator_x_bringup/share/open_manipulator_x_bringup/launch/gazebo.launch.py
[1.707s] -- Symlinking: /home/lmz/armpiper/install/open_manipulator_x_bringup/share/open_manipulator_x_bringup/launch/hardware.launch.py
[1.714s] -- Symlinking: /home/lmz/armpiper/install/open_manipulator_x_bringup/share/open_manipulator_x_bringup/launch/single_base.py
[1.723s] -- Symlinking: /home/lmz/armpiper/install/open_manipulator_x_bringup/share/open_manipulator_x_bringup/launch/single_hardware.py
[1.734s] -- Symlinking: /home/lmz/armpiper/install/open_manipulator_x_bringup/share/open_manipulator_x_bringup/config/gazebo_controller_manager.yaml
[1.742s] -- Symlinking: /home/lmz/armpiper/install/open_manipulator_x_bringup/share/open_manipulator_x_bringup/config/hardware_controller_manager copy.yaml
[1.751s] -- Symlinking: /home/lmz/armpiper/install/open_manipulator_x_bringup/share/open_manipulator_x_bringup/config/hardware_controller_manager.txt
[1.757s] -- Symlinking: /home/lmz/armpiper/install/open_manipulator_x_bringup/share/open_manipulator_x_bringup/config/hardware_controller_manager.yaml
[1.765s] -- Symlinking: /home/lmz/armpiper/install/open_manipulator_x_bringup/share/open_manipulator_x_bringup/rviz/open_manipulator_x.rviz
[1.773s] -- Symlinking: /home/lmz/armpiper/install/open_manipulator_x_bringup/share/open_manipulator_x_bringup/worlds/empty_world.model
[1.782s] -- Symlinking: /home/lmz/armpiper/install/open_manipulator_x_bringup/share/open_manipulator_x_bringup/99-open-manipulator-cdc.rules
[1.791s] -- Symlinking: /home/lmz/armpiper/install/open_manipulator_x_bringup/lib/open_manipulator_x_bringup/create_udev_rules
[1.803s] -- Symlinking: /home/lmz/armpiper/install/open_manipulator_x_bringup/share/ament_index/resource_index/package_run_dependencies/open_manipulator_x_bringup
[1.813s] -- Symlinking: /home/lmz/armpiper/install/open_manipulator_x_bringup/share/ament_index/resource_index/parent_prefix_path/open_manipulator_x_bringup
[1.821s] -- Symlinking: /home/lmz/armpiper/install/open_manipulator_x_bringup/share/open_manipulator_x_bringup/environment/ament_prefix_path.sh
[1.829s] -- Symlinking: /home/lmz/armpiper/install/open_manipulator_x_bringup/share/open_manipulator_x_bringup/environment/ament_prefix_path.dsv
[1.840s] -- Symlinking: /home/lmz/armpiper/install/open_manipulator_x_bringup/share/open_manipulator_x_bringup/environment/path.sh
[1.849s] -- Symlinking: /home/lmz/armpiper/install/open_manipulator_x_bringup/share/open_manipulator_x_bringup/environment/path.dsv
[1.856s] -- Symlinking: /home/lmz/armpiper/install/open_manipulator_x_bringup/share/open_manipulator_x_bringup/local_setup.bash
[1.863s] -- Symlinking: /home/lmz/armpiper/install/open_manipulator_x_bringup/share/open_manipulator_x_bringup/local_setup.sh
[1.869s] -- Symlinking: /home/lmz/armpiper/install/open_manipulator_x_bringup/share/open_manipulator_x_bringup/local_setup.zsh
[1.881s] -- Symlinking: /home/lmz/armpiper/install/open_manipulator_x_bringup/share/open_manipulator_x_bringup/local_setup.dsv
[1.892s] -- Symlinking: /home/lmz/armpiper/install/open_manipulator_x_bringup/share/open_manipulator_x_bringup/package.dsv
[1.900s] -- Symlinking: /home/lmz/armpiper/install/open_manipulator_x_bringup/share/ament_index/resource_index/packages/open_manipulator_x_bringup
[1.911s] -- Symlinking: /home/lmz/armpiper/install/open_manipulator_x_bringup/share/open_manipulator_x_bringup/cmake/open_manipulator_x_bringupConfig.cmake
[1.924s] -- Symlinking: /home/lmz/armpiper/install/open_manipulator_x_bringup/share/open_manipulator_x_bringup/cmake/open_manipulator_x_bringupConfig-version.cmake
[1.930s] -- Symlinking: /home/lmz/armpiper/install/open_manipulator_x_bringup/share/open_manipulator_x_bringup/package.xml
[1.975s] Invoked command in '/home/lmz/armpiper/build/open_manipulator_x_bringup' returned '0': CMAKE_PREFIX_PATH=/home/lmz/armpiper/install/open_manipulator_x_description:/home/lmz/armpiper/install/piper_with_gripper_moveit:/home/lmz/armpiper/install/piper_no_gripper_moveit:/home/lmz/armpiper/install/piper_mujoco:/home/lmz/armpiper/install/piper_msgs:/home/lmz/armpiper/install/piper_humble:/home/lmz/armpiper/install/piper_gazebo:/home/lmz/armpiper/install/piper_description:/home/lmz/armpiper/install/open_manipulator:/home/lmz/armpiper/install/open_manipulator_x_bringup:/home/lmz/armpiper/install/dynamixel_sdk_examples:/home/lmz/armpiper/install/dynamixel_sdk_custom_interfaces:/home/lmz/armpiper/install/dynamixel_hardware_interface:/home/lmz/armpiper/install/dynamixel_sdk:/home/lmz/armpiper/install/dynamixel_interfaces:/home/lmz/armpiper/install/vla:/home/lmz/armpiper/install/interface:/home/lmz/armpiper/install/piper:/home/lmz/armpiper/install/leapsim:/home/lmz/armpiper/install/follow:/home/lmz/armpiper/install/arm_control_pkg:/opt/ros/humble /usr/bin/cmake --install /home/lmz/armpiper/build/open_manipulator_x_bringup
