running develop
running egg_info
creating vla.egg-info
writing vla.egg-info/PKG-INFO
writing dependency_links to vla.egg-info/dependency_links.txt
writing entry points to vla.egg-info/entry_points.txt
writing requirements to vla.egg-info/requires.txt
writing top-level names to vla.egg-info/top_level.txt
writing manifest file 'vla.egg-info/SOURCES.txt'
reading manifest file 'vla.egg-info/SOURCES.txt'
writing manifest file 'vla.egg-info/SOURCES.txt'
running build_ext
Creating /home/lmz/armpiper/install/vla/lib/python3.10/site-packages/vla.egg-link (link to .)
Installing test script to /home/lmz/armpiper/install/vla/lib/vla

Installed /home/lmz/armpiper/build/vla
running symlink_data
creating /home/lmz/armpiper/install/vla/share/ament_index
creating /home/lmz/armpiper/install/vla/share/ament_index/resource_index
creating /home/lmz/armpiper/install/vla/share/ament_index/resource_index/packages
symbolically linking /home/lmz/armpiper/build/vla/resource/vla -> /home/lmz/armpiper/install/vla/share/ament_index/resource_index/packages
symbolically linking /home/lmz/armpiper/build/vla/package.xml -> /home/lmz/armpiper/install/vla/share/vla
