[2.413s] Invoking command in '/home/lmz/armpiper/build/vla': PYTHONPATH=/home/lmz/armpiper/build/vla/prefix_override:/usr/lib/python3/dist-packages/colcon_core/task/python/colcon_distutils_commands:/home/lmz/armpiper/install/vla/lib/python3.10/site-packages:${PYTHONPATH} /usr/bin/python3 -W ignore:setup.py install is deprecated -W ignore:easy_install command is deprecated setup.py develop --editable --build-directory /home/lmz/armpiper/build/vla/build --no-deps symlink_data
[2.812s] running develop
[3.057s] running egg_info
[3.057s] creating vla.egg-info
[3.057s] writing vla.egg-info/PKG-INFO
[3.058s] writing dependency_links to vla.egg-info/dependency_links.txt
[3.058s] writing entry points to vla.egg-info/entry_points.txt
[3.058s] writing requirements to vla.egg-info/requires.txt
[3.058s] writing top-level names to vla.egg-info/top_level.txt
[3.066s] writing manifest file 'vla.egg-info/SOURCES.txt'
[3.067s] reading manifest file 'vla.egg-info/SOURCES.txt'
[3.067s] writing manifest file 'vla.egg-info/SOURCES.txt'
[3.070s] running build_ext
[3.070s] Creating /home/lmz/armpiper/install/vla/lib/python3.10/site-packages/vla.egg-link (link to .)
[3.073s] Installing test script to /home/lmz/armpiper/install/vla/lib/vla
[3.073s] 
[3.074s] Installed /home/lmz/armpiper/build/vla
[3.074s] running symlink_data
[3.074s] creating /home/lmz/armpiper/install/vla/share/ament_index
[3.074s] creating /home/lmz/armpiper/install/vla/share/ament_index/resource_index
[3.074s] creating /home/lmz/armpiper/install/vla/share/ament_index/resource_index/packages
[3.074s] symbolically linking /home/lmz/armpiper/build/vla/resource/vla -> /home/lmz/armpiper/install/vla/share/ament_index/resource_index/packages
[3.074s] symbolically linking /home/lmz/armpiper/build/vla/package.xml -> /home/lmz/armpiper/install/vla/share/vla
[3.249s] Invoked command in '/home/lmz/armpiper/build/vla' returned '0': PYTHONPATH=/home/lmz/armpiper/build/vla/prefix_override:/usr/lib/python3/dist-packages/colcon_core/task/python/colcon_distutils_commands:/home/lmz/armpiper/install/vla/lib/python3.10/site-packages:${PYTHONPATH} /usr/bin/python3 -W ignore:setup.py install is deprecated -W ignore:easy_install command is deprecated setup.py develop --editable --build-directory /home/lmz/armpiper/build/vla/build --no-deps symlink_data
