[0.039s] Invoking command in '/home/lmz/armpiper/build/dynamixel_sdk': CMAKE_PREFIX_PATH=${CMAKE_PREFIX_PATH}:/home/lmz/armpiper/install/vla:/home/lmz/armpiper/install/interface:/home/lmz/armpiper/install/piper:/home/lmz/armpiper/install/leapsim:/home/lmz/armpiper/install/follow:/home/lmz/armpiper/install/arm_control_pkg:/opt/ros/humble /usr/bin/cmake /home/lmz/armpiper/src/DynamixelSDK/ros/dynamixel_sdk -DAMENT_CMAKE_SYMLINK_INSTALL=1 -DCMAKE_INSTALL_PREFIX=/home/lmz/armpiper/install/dynamixel_sdk
[1.132s] -- The C compiler identification is GNU 11.4.0
[1.132s] -- The CXX compiler identification is GNU 11.4.0
[1.132s] -- Detecting C compiler ABI info
[1.132s] -- Detecting C compiler ABI info - done
[1.133s] -- Check for working C compiler: /usr/bin/cc - skipped
[1.133s] -- Detecting C compile features
[1.133s] -- Detecting C compile features - done
[1.133s] -- Detecting CXX compiler ABI info
[1.133s] -- Detecting CXX compiler ABI info - done
[1.133s] -- Check for working CXX compiler: /usr/bin/c++ - skipped
[1.133s] -- Detecting CXX compile features
[1.133s] -- Detecting CXX compile features - done
[1.133s] -- Found ament_cmake: 1.3.11 (/opt/ros/humble/share/ament_cmake/cmake)
[1.133s] -- Found Python3: /usr/bin/python3 (found version "3.10.12") found components: Interpreter 
[1.134s] -- Override CMake install command with custom implementation using symlinks instead of copying resources
[1.134s] -- Configuring done
[1.134s] -- Generating done
[1.134s] -- Build files have been written to: /home/lmz/armpiper/build/dynamixel_sdk
[1.445s] Invoked command in '/home/lmz/armpiper/build/dynamixel_sdk' returned '0': CMAKE_PREFIX_PATH=${CMAKE_PREFIX_PATH}:/home/lmz/armpiper/install/vla:/home/lmz/armpiper/install/interface:/home/lmz/armpiper/install/piper:/home/lmz/armpiper/install/leapsim:/home/lmz/armpiper/install/follow:/home/lmz/armpiper/install/arm_control_pkg:/opt/ros/humble /usr/bin/cmake /home/lmz/armpiper/src/DynamixelSDK/ros/dynamixel_sdk -DAMENT_CMAKE_SYMLINK_INSTALL=1 -DCMAKE_INSTALL_PREFIX=/home/lmz/armpiper/install/dynamixel_sdk
[1.446s] Invoking command in '/home/lmz/armpiper/build/dynamixel_sdk': CMAKE_PREFIX_PATH=${CMAKE_PREFIX_PATH}:/home/lmz/armpiper/install/vla:/home/lmz/armpiper/install/interface:/home/lmz/armpiper/install/piper:/home/lmz/armpiper/install/leapsim:/home/lmz/armpiper/install/follow:/home/lmz/armpiper/install/arm_control_pkg:/opt/ros/humble /usr/bin/cmake --build /home/lmz/armpiper/build/dynamixel_sdk -- -j16 -l16
[1.487s] [  7%] [32mBuilding CXX object CMakeFiles/dynamixel_sdk.dir/src/dynamixel_sdk/protocol2_packet_handler.cpp.o[0m
[1.488s] [ 15%] [32mBuilding CXX object CMakeFiles/dynamixel_sdk.dir/src/dynamixel_sdk/packet_handler.cpp.o[0m
[1.488s] [ 23%] [32mBuilding CXX object CMakeFiles/dynamixel_sdk.dir/src/dynamixel_sdk/protocol1_packet_handler.cpp.o[0m
[1.494s] [ 23%] Built target ament_cmake_python_symlink_dynamixel_sdk
[1.504s] [ 30%] [32mBuilding CXX object CMakeFiles/dynamixel_sdk.dir/src/dynamixel_sdk/group_sync_write.cpp.o[0m
[1.505s] [ 38%] [32mBuilding CXX object CMakeFiles/dynamixel_sdk.dir/src/dynamixel_sdk/group_sync_read.cpp.o[0m
[1.505s] [ 46%] [32mBuilding CXX object CMakeFiles/dynamixel_sdk.dir/src/dynamixel_sdk/group_fast_sync_read.cpp.o[0m
[1.505s] [ 53%] [32mBuilding CXX object CMakeFiles/dynamixel_sdk.dir/src/dynamixel_sdk/group_handler.cpp.o[0m
[1.505s] [ 61%] [32mBuilding CXX object CMakeFiles/dynamixel_sdk.dir/src/dynamixel_sdk/group_fast_bulk_read.cpp.o[0m
[1.506s] [ 69%] [32mBuilding CXX object CMakeFiles/dynamixel_sdk.dir/src/dynamixel_sdk/port_handler.cpp.o[0m
[1.512s] [ 76%] [32mBuilding CXX object CMakeFiles/dynamixel_sdk.dir/src/dynamixel_sdk/port_handler_linux.cpp.o[0m
[1.512s] [ 84%] [32mBuilding CXX object CMakeFiles/dynamixel_sdk.dir/src/dynamixel_sdk/group_bulk_read.cpp.o[0m
[1.512s] [ 92%] [32mBuilding CXX object CMakeFiles/dynamixel_sdk.dir/src/dynamixel_sdk/group_bulk_write.cpp.o[0m
[2.186s] running egg_info
[2.187s] creating dynamixel_sdk.egg-info
[2.188s] writing dynamixel_sdk.egg-info/PKG-INFO
[2.189s] writing dependency_links to dynamixel_sdk.egg-info/dependency_links.txt
[2.189s] writing top-level names to dynamixel_sdk.egg-info/top_level.txt
[2.190s] writing manifest file 'dynamixel_sdk.egg-info/SOURCES.txt'
[2.193s] reading manifest file 'dynamixel_sdk.egg-info/SOURCES.txt'
[2.195s] writing manifest file 'dynamixel_sdk.egg-info/SOURCES.txt'
[2.266s] [ 92%] Built target ament_cmake_python_build_dynamixel_sdk_egg
[2.375s] [100%] [32m[1mLinking CXX shared library libdynamixel_sdk.so[0m
[2.576s] [100%] Built target dynamixel_sdk
[2.600s] Invoked command in '/home/lmz/armpiper/build/dynamixel_sdk' returned '0': CMAKE_PREFIX_PATH=${CMAKE_PREFIX_PATH}:/home/lmz/armpiper/install/vla:/home/lmz/armpiper/install/interface:/home/lmz/armpiper/install/piper:/home/lmz/armpiper/install/leapsim:/home/lmz/armpiper/install/follow:/home/lmz/armpiper/install/arm_control_pkg:/opt/ros/humble /usr/bin/cmake --build /home/lmz/armpiper/build/dynamixel_sdk -- -j16 -l16
[2.613s] Invoking command in '/home/lmz/armpiper/build/dynamixel_sdk': CMAKE_PREFIX_PATH=${CMAKE_PREFIX_PATH}:/home/lmz/armpiper/install/vla:/home/lmz/armpiper/install/interface:/home/lmz/armpiper/install/piper:/home/lmz/armpiper/install/leapsim:/home/lmz/armpiper/install/follow:/home/lmz/armpiper/install/arm_control_pkg:/opt/ros/humble /usr/bin/cmake --install /home/lmz/armpiper/build/dynamixel_sdk
[3.161s] -- Install configuration: ""
[3.161s] -- Execute custom install script
[3.161s] -- Symlinking: /home/lmz/armpiper/install/dynamixel_sdk/include//dynamixel_sdk/dynamixel_sdk.h
[3.161s] -- Symlinking: /home/lmz/armpiper/install/dynamixel_sdk/include//dynamixel_sdk/group_bulk_read.h
[3.161s] -- Symlinking: /home/lmz/armpiper/install/dynamixel_sdk/include//dynamixel_sdk/group_bulk_write.h
[3.161s] -- Symlinking: /home/lmz/armpiper/install/dynamixel_sdk/include//dynamixel_sdk/group_fast_bulk_read.h
[3.161s] -- Symlinking: /home/lmz/armpiper/install/dynamixel_sdk/include//dynamixel_sdk/group_fast_sync_read.h
[3.161s] -- Symlinking: /home/lmz/armpiper/install/dynamixel_sdk/include//dynamixel_sdk/group_handler.h
[3.162s] -- Symlinking: /home/lmz/armpiper/install/dynamixel_sdk/include//dynamixel_sdk/group_sync_read.h
[3.162s] -- Symlinking: /home/lmz/armpiper/install/dynamixel_sdk/include//dynamixel_sdk/group_sync_write.h
[3.162s] -- Symlinking: /home/lmz/armpiper/install/dynamixel_sdk/include//dynamixel_sdk/packet_handler.h
[3.162s] -- Symlinking: /home/lmz/armpiper/install/dynamixel_sdk/include//dynamixel_sdk/port_handler.h
[3.162s] -- Symlinking: /home/lmz/armpiper/install/dynamixel_sdk/include//dynamixel_sdk/port_handler_arduino.h
[3.162s] -- Symlinking: /home/lmz/armpiper/install/dynamixel_sdk/include//dynamixel_sdk/port_handler_linux.h
[3.162s] -- Symlinking: /home/lmz/armpiper/install/dynamixel_sdk/include//dynamixel_sdk/port_handler_mac.h
[3.162s] -- Symlinking: /home/lmz/armpiper/install/dynamixel_sdk/include//dynamixel_sdk/port_handler_windows.h
[3.162s] -- Symlinking: /home/lmz/armpiper/install/dynamixel_sdk/include//dynamixel_sdk/protocol1_packet_handler.h
[3.162s] -- Symlinking: /home/lmz/armpiper/install/dynamixel_sdk/include//dynamixel_sdk/protocol2_packet_handler.h
[3.162s] -- Symlinking: /home/lmz/armpiper/install/dynamixel_sdk/share/dynamixel_sdk/environment/pythonpath.sh
[3.162s] -- Symlinking: /home/lmz/armpiper/install/dynamixel_sdk/share/dynamixel_sdk/environment/pythonpath.dsv
[3.162s] -- Symlinking: /home/lmz/armpiper/install/dynamixel_sdk/local/lib/python3.10/dist-packages/dynamixel_sdk-3.8.4-py3.10.egg-info/PKG-INFO
[3.163s] -- Symlinking: /home/lmz/armpiper/install/dynamixel_sdk/local/lib/python3.10/dist-packages/dynamixel_sdk-3.8.4-py3.10.egg-info/SOURCES.txt
[3.163s] -- Symlinking: /home/lmz/armpiper/install/dynamixel_sdk/local/lib/python3.10/dist-packages/dynamixel_sdk-3.8.4-py3.10.egg-info/dependency_links.txt
[3.163s] -- Symlinking: /home/lmz/armpiper/install/dynamixel_sdk/local/lib/python3.10/dist-packages/dynamixel_sdk-3.8.4-py3.10.egg-info/top_level.txt
[3.163s] -- Symlinking: /home/lmz/armpiper/install/dynamixel_sdk/local/lib/python3.10/dist-packages/dynamixel_sdk/__init__.py
[3.163s] -- Symlinking: /home/lmz/armpiper/install/dynamixel_sdk/local/lib/python3.10/dist-packages/dynamixel_sdk/group_bulk_read.cpp
[3.163s] -- Symlinking: /home/lmz/armpiper/install/dynamixel_sdk/local/lib/python3.10/dist-packages/dynamixel_sdk/group_bulk_read.py
[3.163s] -- Symlinking: /home/lmz/armpiper/install/dynamixel_sdk/local/lib/python3.10/dist-packages/dynamixel_sdk/group_bulk_write.cpp
[3.163s] -- Symlinking: /home/lmz/armpiper/install/dynamixel_sdk/local/lib/python3.10/dist-packages/dynamixel_sdk/group_bulk_write.py
[3.163s] -- Symlinking: /home/lmz/armpiper/install/dynamixel_sdk/local/lib/python3.10/dist-packages/dynamixel_sdk/group_fast_bulk_read.cpp
[3.171s] -- Symlinking: /home/lmz/armpiper/install/dynamixel_sdk/local/lib/python3.10/dist-packages/dynamixel_sdk/group_fast_sync_read.cpp
[3.198s] -- Symlinking: /home/lmz/armpiper/install/dynamixel_sdk/local/lib/python3.10/dist-packages/dynamixel_sdk/group_handler.cpp
[3.218s] -- Symlinking: /home/lmz/armpiper/install/dynamixel_sdk/local/lib/python3.10/dist-packages/dynamixel_sdk/group_sync_read.cpp
[3.233s] -- Symlinking: /home/lmz/armpiper/install/dynamixel_sdk/local/lib/python3.10/dist-packages/dynamixel_sdk/group_sync_read.py
[3.246s] -- Symlinking: /home/lmz/armpiper/install/dynamixel_sdk/local/lib/python3.10/dist-packages/dynamixel_sdk/group_sync_write.cpp
[3.259s] -- Symlinking: /home/lmz/armpiper/install/dynamixel_sdk/local/lib/python3.10/dist-packages/dynamixel_sdk/group_sync_write.py
[3.276s] -- Symlinking: /home/lmz/armpiper/install/dynamixel_sdk/local/lib/python3.10/dist-packages/dynamixel_sdk/packet_handler.cpp
[3.292s] -- Symlinking: /home/lmz/armpiper/install/dynamixel_sdk/local/lib/python3.10/dist-packages/dynamixel_sdk/packet_handler.py
[3.309s] -- Symlinking: /home/lmz/armpiper/install/dynamixel_sdk/local/lib/python3.10/dist-packages/dynamixel_sdk/port_handler.cpp
[3.328s] -- Symlinking: /home/lmz/armpiper/install/dynamixel_sdk/local/lib/python3.10/dist-packages/dynamixel_sdk/port_handler.py
[3.348s] -- Symlinking: /home/lmz/armpiper/install/dynamixel_sdk/local/lib/python3.10/dist-packages/dynamixel_sdk/port_handler_arduino.cpp
[3.378s] -- Symlinking: /home/lmz/armpiper/install/dynamixel_sdk/local/lib/python3.10/dist-packages/dynamixel_sdk/port_handler_linux.cpp
[3.392s] -- Symlinking: /home/lmz/armpiper/install/dynamixel_sdk/local/lib/python3.10/dist-packages/dynamixel_sdk/port_handler_mac.cpp
[3.414s] -- Symlinking: /home/lmz/armpiper/install/dynamixel_sdk/local/lib/python3.10/dist-packages/dynamixel_sdk/port_handler_windows.cpp
[3.427s] -- Symlinking: /home/lmz/armpiper/install/dynamixel_sdk/local/lib/python3.10/dist-packages/dynamixel_sdk/protocol1_packet_handler.cpp
[3.447s] -- Symlinking: /home/lmz/armpiper/install/dynamixel_sdk/local/lib/python3.10/dist-packages/dynamixel_sdk/protocol1_packet_handler.py
[3.466s] -- Symlinking: /home/lmz/armpiper/install/dynamixel_sdk/local/lib/python3.10/dist-packages/dynamixel_sdk/protocol2_packet_handler.cpp
[3.482s] -- Symlinking: /home/lmz/armpiper/install/dynamixel_sdk/local/lib/python3.10/dist-packages/dynamixel_sdk/protocol2_packet_handler.py
[3.493s] -- Symlinking: /home/lmz/armpiper/install/dynamixel_sdk/local/lib/python3.10/dist-packages/dynamixel_sdk/robotis_def.py
[3.505s] -- Symlinking: /home/lmz/armpiper/install/dynamixel_sdk/share/dynamixel_sdk/environment/library_path.sh
[3.523s] -- Symlinking: /home/lmz/armpiper/install/dynamixel_sdk/share/dynamixel_sdk/environment/library_path.dsv
[3.542s] -- Symlinking: /home/lmz/armpiper/install/dynamixel_sdk/share/ament_index/resource_index/package_run_dependencies/dynamixel_sdk
[3.573s] -- Symlinking: /home/lmz/armpiper/install/dynamixel_sdk/share/ament_index/resource_index/parent_prefix_path/dynamixel_sdk
[3.589s] -- Symlinking: /home/lmz/armpiper/install/dynamixel_sdk/share/dynamixel_sdk/environment/ament_prefix_path.sh
[3.611s] -- Symlinking: /home/lmz/armpiper/install/dynamixel_sdk/share/dynamixel_sdk/environment/ament_prefix_path.dsv
[3.630s] -- Symlinking: /home/lmz/armpiper/install/dynamixel_sdk/share/dynamixel_sdk/environment/path.sh
[3.649s] -- Symlinking: /home/lmz/armpiper/install/dynamixel_sdk/share/dynamixel_sdk/environment/path.dsv
[3.671s] -- Symlinking: /home/lmz/armpiper/install/dynamixel_sdk/share/dynamixel_sdk/local_setup.bash
[3.691s] -- Symlinking: /home/lmz/armpiper/install/dynamixel_sdk/share/dynamixel_sdk/local_setup.sh
[3.711s] -- Symlinking: /home/lmz/armpiper/install/dynamixel_sdk/share/dynamixel_sdk/local_setup.zsh
[3.736s] -- Symlinking: /home/lmz/armpiper/install/dynamixel_sdk/share/dynamixel_sdk/local_setup.dsv
[3.758s] -- Symlinking: /home/lmz/armpiper/install/dynamixel_sdk/share/dynamixel_sdk/package.dsv
[3.775s] -- Symlinking: /home/lmz/armpiper/install/dynamixel_sdk/share/ament_index/resource_index/packages/dynamixel_sdk
[3.790s] -- Symlinking: /home/lmz/armpiper/install/dynamixel_sdk/share/dynamixel_sdk/cmake/ament_cmake_export_targets-extras.cmake
[3.801s] -- Symlinking: /home/lmz/armpiper/install/dynamixel_sdk/share/dynamixel_sdk/cmake/ament_cmake_export_include_directories-extras.cmake
[3.811s] -- Symlinking: /home/lmz/armpiper/install/dynamixel_sdk/share/dynamixel_sdk/cmake/ament_cmake_export_libraries-extras.cmake
[3.822s] -- Symlinking: /home/lmz/armpiper/install/dynamixel_sdk/share/dynamixel_sdk/cmake/dynamixel_sdkConfig.cmake
[3.846s] -- Symlinking: /home/lmz/armpiper/install/dynamixel_sdk/share/dynamixel_sdk/cmake/dynamixel_sdkConfig-version.cmake
[3.855s] -- Symlinking: /home/lmz/armpiper/install/dynamixel_sdk/share/dynamixel_sdk/package.xml
[3.870s] -- Installing: /home/lmz/armpiper/install/dynamixel_sdk/lib/libdynamixel_sdk.so
[3.950s] Listing '/home/lmz/armpiper/install/dynamixel_sdk/local/lib/python3.10/dist-packages/dynamixel_sdk'...
[3.950s] Compiling '/home/lmz/armpiper/install/dynamixel_sdk/local/lib/python3.10/dist-packages/dynamixel_sdk/__init__.py'...
[3.951s] Compiling '/home/lmz/armpiper/install/dynamixel_sdk/local/lib/python3.10/dist-packages/dynamixel_sdk/group_bulk_read.py'...
[3.951s] Compiling '/home/lmz/armpiper/install/dynamixel_sdk/local/lib/python3.10/dist-packages/dynamixel_sdk/group_bulk_write.py'...
[3.951s] Compiling '/home/lmz/armpiper/install/dynamixel_sdk/local/lib/python3.10/dist-packages/dynamixel_sdk/group_sync_read.py'...
[3.951s] Compiling '/home/lmz/armpiper/install/dynamixel_sdk/local/lib/python3.10/dist-packages/dynamixel_sdk/group_sync_write.py'...
[3.951s] Compiling '/home/lmz/armpiper/install/dynamixel_sdk/local/lib/python3.10/dist-packages/dynamixel_sdk/packet_handler.py'...
[3.951s] Compiling '/home/lmz/armpiper/install/dynamixel_sdk/local/lib/python3.10/dist-packages/dynamixel_sdk/port_handler.py'...
[3.951s] Compiling '/home/lmz/armpiper/install/dynamixel_sdk/local/lib/python3.10/dist-packages/dynamixel_sdk/protocol1_packet_handler.py'...
[3.951s] Compiling '/home/lmz/armpiper/install/dynamixel_sdk/local/lib/python3.10/dist-packages/dynamixel_sdk/protocol2_packet_handler.py'...
[3.951s] Compiling '/home/lmz/armpiper/install/dynamixel_sdk/local/lib/python3.10/dist-packages/dynamixel_sdk/robotis_def.py'...
[3.955s] -- Installing: /home/lmz/armpiper/install/dynamixel_sdk/share/dynamixel_sdk/cmake/dynamixel_sdkExport.cmake
[3.955s] -- Installing: /home/lmz/armpiper/install/dynamixel_sdk/share/dynamixel_sdk/cmake/dynamixel_sdkExport-noconfig.cmake
[3.960s] Invoked command in '/home/lmz/armpiper/build/dynamixel_sdk' returned '0': CMAKE_PREFIX_PATH=${CMAKE_PREFIX_PATH}:/home/lmz/armpiper/install/vla:/home/lmz/armpiper/install/interface:/home/lmz/armpiper/install/piper:/home/lmz/armpiper/install/leapsim:/home/lmz/armpiper/install/follow:/home/lmz/armpiper/install/arm_control_pkg:/opt/ros/humble /usr/bin/cmake --install /home/lmz/armpiper/build/dynamixel_sdk
