[0.039s] Invoking command in '/home/lmz/armpiper/build/piper_description': CMAKE_PREFIX_PATH=${CMAKE_PREFIX_PATH}:/home/lmz/armpiper/install/vla:/home/lmz/armpiper/install/interface:/home/lmz/armpiper/install/piper:/home/lmz/armpiper/install/leapsim:/home/lmz/armpiper/install/follow:/home/lmz/armpiper/install/arm_control_pkg:/opt/ros/humble /usr/bin/cmake /home/lmz/armpiper/src/piper_ros/piper_description -DAMENT_CMAKE_SYMLINK_INSTALL=1 -DCMAKE_INSTALL_PREFIX=/home/lmz/armpiper/install/piper_description
[1.059s] -- The C compiler identification is GNU 11.4.0
[1.059s] -- The CXX compiler identification is GNU 11.4.0
[1.059s] -- Detecting C compiler ABI info
[1.059s] -- Detecting C compiler ABI info - done
[1.059s] -- Check for working C compiler: /usr/bin/cc - skipped
[1.059s] -- Detecting C compile features
[1.059s] -- Detecting C compile features - done
[1.059s] -- Detecting CXX compiler ABI info
[1.059s] -- Detecting CXX compiler ABI info - done
[1.059s] -- Check for working CXX compiler: /usr/bin/c++ - skipped
[1.059s] -- Detecting CXX compile features
[1.059s] -- Detecting CXX compile features - done
[1.059s] -- Found ament_cmake: 1.3.11 (/opt/ros/humble/share/ament_cmake/cmake)
[1.059s] -- Found Python3: /usr/bin/python3 (found version "3.10.12") found components: Interpreter 
[1.059s] -- Override CMake install command with custom implementation using symlinks instead of copying resources
[1.059s] -- Found ament_lint_auto: 0.12.12 (/opt/ros/humble/share/ament_lint_auto/cmake)
[1.059s] -- Added test 'copyright' to check source files copyright and LICENSE
[1.059s] -- Added test 'flake8' to check Python code syntax and style conventions
[1.059s] -- Added test 'lint_cmake' to check CMake code style
[1.059s] -- Added test 'pep257' to check Python code against some of the docstring style conventions in PEP 257
[1.059s] -- Added test 'xmllint' to check XML markup files
[1.059s] -- Configuring done
[1.059s] -- Generating done
[1.059s] -- Build files have been written to: /home/lmz/armpiper/build/piper_description
[1.247s] Invoked command in '/home/lmz/armpiper/build/piper_description' returned '0': CMAKE_PREFIX_PATH=${CMAKE_PREFIX_PATH}:/home/lmz/armpiper/install/vla:/home/lmz/armpiper/install/interface:/home/lmz/armpiper/install/piper:/home/lmz/armpiper/install/leapsim:/home/lmz/armpiper/install/follow:/home/lmz/armpiper/install/arm_control_pkg:/opt/ros/humble /usr/bin/cmake /home/lmz/armpiper/src/piper_ros/piper_description -DAMENT_CMAKE_SYMLINK_INSTALL=1 -DCMAKE_INSTALL_PREFIX=/home/lmz/armpiper/install/piper_description
[1.248s] Invoking command in '/home/lmz/armpiper/build/piper_description': CMAKE_PREFIX_PATH=${CMAKE_PREFIX_PATH}:/home/lmz/armpiper/install/vla:/home/lmz/armpiper/install/interface:/home/lmz/armpiper/install/piper:/home/lmz/armpiper/install/leapsim:/home/lmz/armpiper/install/follow:/home/lmz/armpiper/install/arm_control_pkg:/opt/ros/humble /usr/bin/cmake --build /home/lmz/armpiper/build/piper_description -- -j16 -l16
[1.292s] Invoked command in '/home/lmz/armpiper/build/piper_description' returned '0': CMAKE_PREFIX_PATH=${CMAKE_PREFIX_PATH}:/home/lmz/armpiper/install/vla:/home/lmz/armpiper/install/interface:/home/lmz/armpiper/install/piper:/home/lmz/armpiper/install/leapsim:/home/lmz/armpiper/install/follow:/home/lmz/armpiper/install/arm_control_pkg:/opt/ros/humble /usr/bin/cmake --build /home/lmz/armpiper/build/piper_description -- -j16 -l16
[1.293s] Invoking command in '/home/lmz/armpiper/build/piper_description': CMAKE_PREFIX_PATH=${CMAKE_PREFIX_PATH}:/home/lmz/armpiper/install/vla:/home/lmz/armpiper/install/interface:/home/lmz/armpiper/install/piper:/home/lmz/armpiper/install/leapsim:/home/lmz/armpiper/install/follow:/home/lmz/armpiper/install/arm_control_pkg:/opt/ros/humble /usr/bin/cmake --install /home/lmz/armpiper/build/piper_description
[1.341s] -- Install configuration: ""
[1.341s] -- Execute custom install script
[1.341s] -- Symlinking: /home/lmz/armpiper/install/piper_description/share/piper_description/launch/piper_no_gripper/display_no_gripper_urdf.launch.py
[1.358s] -- Symlinking: /home/lmz/armpiper/install/piper_description/share/piper_description/launch/piper_no_gripper/display_no_gripper_urdf_follow.launch.py
[1.376s] -- Symlinking: /home/lmz/armpiper/install/piper_description/share/piper_description/launch/piper_no_gripper/display_no_gripper_xacro.launch.py
[1.392s] -- Symlinking: /home/lmz/armpiper/install/piper_description/share/piper_description/launch/piper_with_gripper/display_urdf.launch.py
[1.411s] -- Symlinking: /home/lmz/armpiper/install/piper_description/share/piper_description/launch/piper_with_gripper/display_urdf_follow.launch.py
[1.431s] -- Symlinking: /home/lmz/armpiper/install/piper_description/share/piper_description/launch/piper_with_gripper/display_xacro.launch.py
[1.456s] -- Symlinking: /home/lmz/armpiper/install/piper_description/share/piper_description/launch/piper_with_teach/display_with_teach_urdf.launch.py
[1.472s] -- Symlinking: /home/lmz/armpiper/install/piper_description/share/piper_description/meshes/base_link.STL
[1.495s] -- Symlinking: /home/lmz/armpiper/install/piper_description/share/piper_description/meshes/gripper_base.STL
[1.512s] -- Symlinking: /home/lmz/armpiper/install/piper_description/share/piper_description/meshes/link1.STL
[1.531s] -- Symlinking: /home/lmz/armpiper/install/piper_description/share/piper_description/meshes/link2.STL
[1.552s] -- Symlinking: /home/lmz/armpiper/install/piper_description/share/piper_description/meshes/link3.STL
[1.566s] -- Symlinking: /home/lmz/armpiper/install/piper_description/share/piper_description/meshes/link4.STL
[1.581s] -- Symlinking: /home/lmz/armpiper/install/piper_description/share/piper_description/meshes/link5.STL
[1.603s] -- Symlinking: /home/lmz/armpiper/install/piper_description/share/piper_description/meshes/link6.STL
[1.621s] -- Symlinking: /home/lmz/armpiper/install/piper_description/share/piper_description/meshes/link7.STL
[1.639s] -- Symlinking: /home/lmz/armpiper/install/piper_description/share/piper_description/meshes/link8.STL
[1.657s] -- Symlinking: /home/lmz/armpiper/install/piper_description/share/piper_description/meshes/teach_base.STL
[1.675s] -- Symlinking: /home/lmz/armpiper/install/piper_description/share/piper_description/meshes/teach_link7.STL
[1.695s] -- Symlinking: /home/lmz/armpiper/install/piper_description/share/piper_description/meshes/teach_link8.STL
[1.714s] -- Symlinking: /home/lmz/armpiper/install/piper_description/share/piper_description/rviz/piper_ctrl.rviz
[1.738s] -- Symlinking: /home/lmz/armpiper/install/piper_description/share/piper_description/rviz/piper_no_gripper.rviz
[1.756s] -- Symlinking: /home/lmz/armpiper/install/piper_description/share/piper_description/urdf/piper_description.urdf
[1.772s] -- Symlinking: /home/lmz/armpiper/install/piper_description/share/piper_description/urdf/piper_description.xacro
[1.792s] -- Symlinking: /home/lmz/armpiper/install/piper_description/share/piper_description/urdf/piper_description_gazebo.xacro
[1.805s] -- Symlinking: /home/lmz/armpiper/install/piper_description/share/piper_description/urdf/piper_description_old.urdf
[1.820s] -- Symlinking: /home/lmz/armpiper/install/piper_description/share/piper_description/urdf/piper_description_with_teach.urdf
[1.842s] -- Symlinking: /home/lmz/armpiper/install/piper_description/share/piper_description/urdf/piper_no_gripper_description.urdf
[1.857s] -- Symlinking: /home/lmz/armpiper/install/piper_description/share/piper_description/urdf/piper_no_gripper_description.xacro
[1.881s] -- Symlinking: /home/lmz/armpiper/install/piper_description/share/piper_description/urdf/piper_no_gripper_description_gazebo.xacro
[1.898s] -- Symlinking: /home/lmz/armpiper/install/piper_description/share/piper_description/urdf/piper_no_gripper_description_old.urdf
[1.920s] -- Symlinking: /home/lmz/armpiper/install/piper_description/share/piper_description/mujoco_model/piper_description.xml
[1.939s] -- Symlinking: /home/lmz/armpiper/install/piper_description/share/piper_description/mujoco_model/piper_no_gripper_description.xml
[1.961s] -- Symlinking: /home/lmz/armpiper/install/piper_description/share/ament_index/resource_index/package_run_dependencies/piper_description
[1.979s] -- Symlinking: /home/lmz/armpiper/install/piper_description/share/ament_index/resource_index/parent_prefix_path/piper_description
[1.996s] -- Symlinking: /home/lmz/armpiper/install/piper_description/share/piper_description/environment/ament_prefix_path.sh
[2.017s] -- Symlinking: /home/lmz/armpiper/install/piper_description/share/piper_description/environment/ament_prefix_path.dsv
[2.031s] -- Symlinking: /home/lmz/armpiper/install/piper_description/share/piper_description/environment/path.sh
[2.051s] -- Symlinking: /home/lmz/armpiper/install/piper_description/share/piper_description/environment/path.dsv
[2.068s] -- Symlinking: /home/lmz/armpiper/install/piper_description/share/piper_description/local_setup.bash
[2.089s] -- Symlinking: /home/lmz/armpiper/install/piper_description/share/piper_description/local_setup.sh
[2.100s] -- Symlinking: /home/lmz/armpiper/install/piper_description/share/piper_description/local_setup.zsh
[2.131s] -- Symlinking: /home/lmz/armpiper/install/piper_description/share/piper_description/local_setup.dsv
[2.156s] -- Symlinking: /home/lmz/armpiper/install/piper_description/share/piper_description/package.dsv
[2.172s] -- Symlinking: /home/lmz/armpiper/install/piper_description/share/ament_index/resource_index/packages/piper_description
[2.188s] -- Symlinking: /home/lmz/armpiper/install/piper_description/share/piper_description/cmake/piper_descriptionConfig.cmake
[2.216s] -- Symlinking: /home/lmz/armpiper/install/piper_description/share/piper_description/cmake/piper_descriptionConfig-version.cmake
[2.243s] -- Symlinking: /home/lmz/armpiper/install/piper_description/share/piper_description/package.xml
[2.275s] Invoked command in '/home/lmz/armpiper/build/piper_description' returned '0': CMAKE_PREFIX_PATH=${CMAKE_PREFIX_PATH}:/home/lmz/armpiper/install/vla:/home/lmz/armpiper/install/interface:/home/lmz/armpiper/install/piper:/home/lmz/armpiper/install/leapsim:/home/lmz/armpiper/install/follow:/home/lmz/armpiper/install/arm_control_pkg:/opt/ros/humble /usr/bin/cmake --install /home/lmz/armpiper/build/piper_description
