[1.024s] Invoking command in '/home/lmz/armpiper/build/piper_humble': CMAKE_PREFIX_PATH=${CMAKE_PREFIX_PATH}:/home/lmz/armpiper/install/vla:/home/lmz/armpiper/install/interface:/home/lmz/armpiper/install/piper:/home/lmz/armpiper/install/leapsim:/home/lmz/armpiper/install/follow:/home/lmz/armpiper/install/arm_control_pkg:/opt/ros/humble /usr/bin/cmake /home/lmz/armpiper/src/piper_ros/piper_humble -DAMENT_CMAKE_SYMLINK_INSTALL=1 -DCMAKE_INSTALL_PREFIX=/home/lmz/armpiper/install/piper_humble
[1.076s] -- The C compiler identification is GNU 11.4.0
[1.134s] -- The CXX compiler identification is GNU 11.4.0
[1.142s] -- Detecting C compiler ABI info
[1.203s] -- Detecting C compiler ABI info - done
[1.212s] -- Check for working C compiler: /usr/bin/cc - skipped
[1.212s] -- Detecting C compile features
[1.212s] -- Detecting C compile features - done
[1.216s] -- Detecting CXX compiler ABI info
[1.294s] -- Detecting CXX compiler ABI info - done
[1.318s] -- Check for working CXX compiler: /usr/bin/c++ - skipped
[1.318s] -- Detecting CXX compile features
[1.318s] -- Detecting CXX compile features - done
[1.335s] -- Found ament_cmake: 1.3.11 (/opt/ros/humble/share/ament_cmake/cmake)
[1.754s] -- Found Python3: /usr/bin/python3 (found version "3.10.12") found components: Interpreter 
[1.859s] -- Override CMake install command with custom implementation using symlinks instead of copying resources
[2.003s] -- Configuring done
[2.008s] -- Generating done
[2.013s] -- Build files have been written to: /home/lmz/armpiper/build/piper_humble
[2.030s] Invoked command in '/home/lmz/armpiper/build/piper_humble' returned '0': CMAKE_PREFIX_PATH=${CMAKE_PREFIX_PATH}:/home/lmz/armpiper/install/vla:/home/lmz/armpiper/install/interface:/home/lmz/armpiper/install/piper:/home/lmz/armpiper/install/leapsim:/home/lmz/armpiper/install/follow:/home/lmz/armpiper/install/arm_control_pkg:/opt/ros/humble /usr/bin/cmake /home/lmz/armpiper/src/piper_ros/piper_humble -DAMENT_CMAKE_SYMLINK_INSTALL=1 -DCMAKE_INSTALL_PREFIX=/home/lmz/armpiper/install/piper_humble
[2.032s] Invoking command in '/home/lmz/armpiper/build/piper_humble': CMAKE_PREFIX_PATH=${CMAKE_PREFIX_PATH}:/home/lmz/armpiper/install/vla:/home/lmz/armpiper/install/interface:/home/lmz/armpiper/install/piper:/home/lmz/armpiper/install/leapsim:/home/lmz/armpiper/install/follow:/home/lmz/armpiper/install/arm_control_pkg:/opt/ros/humble /usr/bin/cmake --build /home/lmz/armpiper/build/piper_humble -- -j16 -l16
[2.321s] Invoked command in '/home/lmz/armpiper/build/piper_humble' returned '0': CMAKE_PREFIX_PATH=${CMAKE_PREFIX_PATH}:/home/lmz/armpiper/install/vla:/home/lmz/armpiper/install/interface:/home/lmz/armpiper/install/piper:/home/lmz/armpiper/install/leapsim:/home/lmz/armpiper/install/follow:/home/lmz/armpiper/install/arm_control_pkg:/opt/ros/humble /usr/bin/cmake --build /home/lmz/armpiper/build/piper_humble -- -j16 -l16
[2.322s] Invoking command in '/home/lmz/armpiper/build/piper_humble': CMAKE_PREFIX_PATH=${CMAKE_PREFIX_PATH}:/home/lmz/armpiper/install/vla:/home/lmz/armpiper/install/interface:/home/lmz/armpiper/install/piper:/home/lmz/armpiper/install/leapsim:/home/lmz/armpiper/install/follow:/home/lmz/armpiper/install/arm_control_pkg:/opt/ros/humble /usr/bin/cmake --install /home/lmz/armpiper/build/piper_humble
[2.344s] -- Install configuration: ""
[2.345s] -- Execute custom install script
[2.351s] -- Symlinking: /home/lmz/armpiper/install/piper_humble/share/ament_index/resource_index/package_run_dependencies/piper_humble
[2.364s] -- Symlinking: /home/lmz/armpiper/install/piper_humble/share/ament_index/resource_index/parent_prefix_path/piper_humble
[2.382s] -- Symlinking: /home/lmz/armpiper/install/piper_humble/share/piper_humble/environment/ament_prefix_path.sh
[2.395s] -- Symlinking: /home/lmz/armpiper/install/piper_humble/share/piper_humble/environment/ament_prefix_path.dsv
[2.420s] -- Symlinking: /home/lmz/armpiper/install/piper_humble/share/piper_humble/environment/path.sh
[2.443s] -- Symlinking: /home/lmz/armpiper/install/piper_humble/share/piper_humble/environment/path.dsv
[2.464s] -- Symlinking: /home/lmz/armpiper/install/piper_humble/share/piper_humble/local_setup.bash
[2.481s] -- Symlinking: /home/lmz/armpiper/install/piper_humble/share/piper_humble/local_setup.sh
[2.497s] -- Symlinking: /home/lmz/armpiper/install/piper_humble/share/piper_humble/local_setup.zsh
[2.520s] -- Symlinking: /home/lmz/armpiper/install/piper_humble/share/piper_humble/local_setup.dsv
[2.545s] -- Symlinking: /home/lmz/armpiper/install/piper_humble/share/piper_humble/package.dsv
[2.554s] -- Symlinking: /home/lmz/armpiper/install/piper_humble/share/ament_index/resource_index/packages/piper_humble
[2.567s] -- Symlinking: /home/lmz/armpiper/install/piper_humble/share/piper_humble/cmake/piper_humbleConfig.cmake
[2.588s] -- Symlinking: /home/lmz/armpiper/install/piper_humble/share/piper_humble/cmake/piper_humbleConfig-version.cmake
[2.606s] -- Symlinking: /home/lmz/armpiper/install/piper_humble/share/piper_humble/package.xml
[2.627s] Invoked command in '/home/lmz/armpiper/build/piper_humble' returned '0': CMAKE_PREFIX_PATH=${CMAKE_PREFIX_PATH}:/home/lmz/armpiper/install/vla:/home/lmz/armpiper/install/interface:/home/lmz/armpiper/install/piper:/home/lmz/armpiper/install/leapsim:/home/lmz/armpiper/install/follow:/home/lmz/armpiper/install/arm_control_pkg:/opt/ros/humble /usr/bin/cmake --install /home/lmz/armpiper/build/piper_humble
