[0.021s] Invoking command in '/home/lmz/armpiper/build/open_manipulator_x_bringup': CMAKE_PREFIX_PATH=/home/lmz/armpiper/install/open_manipulator_x_description:/home/lmz/armpiper/install/piper_with_gripper_moveit:/home/lmz/armpiper/install/piper_no_gripper_moveit:/home/lmz/armpiper/install/piper_mujoco:/home/lmz/armpiper/install/piper_msgs:/home/lmz/armpiper/install/piper_humble:/home/lmz/armpiper/install/piper_gazebo:/home/lmz/armpiper/install/piper_description:/home/lmz/armpiper/install/open_manipulator:/home/lmz/armpiper/install/open_manipulator_x_bringup:/home/lmz/armpiper/install/dynamixel_sdk_examples:/home/lmz/armpiper/install/dynamixel_sdk_custom_interfaces:/home/lmz/armpiper/install/dynamixel_hardware_interface:/home/lmz/armpiper/install/dynamixel_sdk:/home/lmz/armpiper/install/dynamixel_interfaces:/home/lmz/armpiper/install/vla:/home/lmz/armpiper/install/interface:/home/lmz/armpiper/install/piper:/home/lmz/armpiper/install/leapsim:/home/lmz/armpiper/install/follow:/home/lmz/armpiper/install/arm_control_pkg:/opt/ros/humble /usr/bin/cmake /home/lmz/armpiper/src/open_manipulator/open_manipulator_x_bringup -DAMENT_CMAKE_SYMLINK_INSTALL=1 -DCMAKE_INSTALL_PREFIX=/home/lmz/armpiper/install/open_manipulator_x_bringup
[0.113s] -- The C compiler identification is GNU 11.4.0
[0.244s] -- The CXX compiler identification is GNU 11.4.0
[0.258s] -- Detecting C compiler ABI info
[0.364s] -- Detecting C compiler ABI info - done
[0.385s] -- Check for working C compiler: /usr/bin/cc - skipped
[0.386s] -- Detecting C compile features
[0.387s] -- Detecting C compile features - done
[0.393s] -- Detecting CXX compiler ABI info
[0.610s] -- Detecting CXX compiler ABI info - done
[0.618s] -- Check for working CXX compiler: /usr/bin/c++ - skipped
[0.619s] -- Detecting CXX compile features
[0.619s] -- Detecting CXX compile features - done
[0.629s] -- Found ament_cmake: 1.3.11 (/opt/ros/humble/share/ament_cmake/cmake)
[0.979s] -- Found Python3: /usr/bin/python3 (found version "3.10.12") found components: Interpreter 
[1.125s] -- Override CMake install command with custom implementation using symlinks instead of copying resources
[1.519s] -- Configuring done
[1.524s] -- Generating done
[1.538s] -- Build files have been written to: /home/lmz/armpiper/build/open_manipulator_x_bringup
[1.571s] Invoked command in '/home/lmz/armpiper/build/open_manipulator_x_bringup' returned '0': CMAKE_PREFIX_PATH=/home/lmz/armpiper/install/open_manipulator_x_description:/home/lmz/armpiper/install/piper_with_gripper_moveit:/home/lmz/armpiper/install/piper_no_gripper_moveit:/home/lmz/armpiper/install/piper_mujoco:/home/lmz/armpiper/install/piper_msgs:/home/lmz/armpiper/install/piper_humble:/home/lmz/armpiper/install/piper_gazebo:/home/lmz/armpiper/install/piper_description:/home/lmz/armpiper/install/open_manipulator:/home/lmz/armpiper/install/open_manipulator_x_bringup:/home/lmz/armpiper/install/dynamixel_sdk_examples:/home/lmz/armpiper/install/dynamixel_sdk_custom_interfaces:/home/lmz/armpiper/install/dynamixel_hardware_interface:/home/lmz/armpiper/install/dynamixel_sdk:/home/lmz/armpiper/install/dynamixel_interfaces:/home/lmz/armpiper/install/vla:/home/lmz/armpiper/install/interface:/home/lmz/armpiper/install/piper:/home/lmz/armpiper/install/leapsim:/home/lmz/armpiper/install/follow:/home/lmz/armpiper/install/arm_control_pkg:/opt/ros/humble /usr/bin/cmake /home/lmz/armpiper/src/open_manipulator/open_manipulator_x_bringup -DAMENT_CMAKE_SYMLINK_INSTALL=1 -DCMAKE_INSTALL_PREFIX=/home/lmz/armpiper/install/open_manipulator_x_bringup
[1.571s] Invoking command in '/home/lmz/armpiper/build/open_manipulator_x_bringup': CMAKE_PREFIX_PATH=/home/lmz/armpiper/install/open_manipulator_x_description:/home/lmz/armpiper/install/piper_with_gripper_moveit:/home/lmz/armpiper/install/piper_no_gripper_moveit:/home/lmz/armpiper/install/piper_mujoco:/home/lmz/armpiper/install/piper_msgs:/home/lmz/armpiper/install/piper_humble:/home/lmz/armpiper/install/piper_gazebo:/home/lmz/armpiper/install/piper_description:/home/lmz/armpiper/install/open_manipulator:/home/lmz/armpiper/install/open_manipulator_x_bringup:/home/lmz/armpiper/install/dynamixel_sdk_examples:/home/lmz/armpiper/install/dynamixel_sdk_custom_interfaces:/home/lmz/armpiper/install/dynamixel_hardware_interface:/home/lmz/armpiper/install/dynamixel_sdk:/home/lmz/armpiper/install/dynamixel_interfaces:/home/lmz/armpiper/install/vla:/home/lmz/armpiper/install/interface:/home/lmz/armpiper/install/piper:/home/lmz/armpiper/install/leapsim:/home/lmz/armpiper/install/follow:/home/lmz/armpiper/install/arm_control_pkg:/opt/ros/humble /usr/bin/cmake --build /home/lmz/armpiper/build/open_manipulator_x_bringup -- -j16 -l16
[1.693s] Invoked command in '/home/lmz/armpiper/build/open_manipulator_x_bringup' returned '0': CMAKE_PREFIX_PATH=/home/lmz/armpiper/install/open_manipulator_x_description:/home/lmz/armpiper/install/piper_with_gripper_moveit:/home/lmz/armpiper/install/piper_no_gripper_moveit:/home/lmz/armpiper/install/piper_mujoco:/home/lmz/armpiper/install/piper_msgs:/home/lmz/armpiper/install/piper_humble:/home/lmz/armpiper/install/piper_gazebo:/home/lmz/armpiper/install/piper_description:/home/lmz/armpiper/install/open_manipulator:/home/lmz/armpiper/install/open_manipulator_x_bringup:/home/lmz/armpiper/install/dynamixel_sdk_examples:/home/lmz/armpiper/install/dynamixel_sdk_custom_interfaces:/home/lmz/armpiper/install/dynamixel_hardware_interface:/home/lmz/armpiper/install/dynamixel_sdk:/home/lmz/armpiper/install/dynamixel_interfaces:/home/lmz/armpiper/install/vla:/home/lmz/armpiper/install/interface:/home/lmz/armpiper/install/piper:/home/lmz/armpiper/install/leapsim:/home/lmz/armpiper/install/follow:/home/lmz/armpiper/install/arm_control_pkg:/opt/ros/humble /usr/bin/cmake --build /home/lmz/armpiper/build/open_manipulator_x_bringup -- -j16 -l16
[1.693s] Invoking command in '/home/lmz/armpiper/build/open_manipulator_x_bringup': CMAKE_PREFIX_PATH=/home/lmz/armpiper/install/open_manipulator_x_description:/home/lmz/armpiper/install/piper_with_gripper_moveit:/home/lmz/armpiper/install/piper_no_gripper_moveit:/home/lmz/armpiper/install/piper_mujoco:/home/lmz/armpiper/install/piper_msgs:/home/lmz/armpiper/install/piper_humble:/home/lmz/armpiper/install/piper_gazebo:/home/lmz/armpiper/install/piper_description:/home/lmz/armpiper/install/open_manipulator:/home/lmz/armpiper/install/open_manipulator_x_bringup:/home/lmz/armpiper/install/dynamixel_sdk_examples:/home/lmz/armpiper/install/dynamixel_sdk_custom_interfaces:/home/lmz/armpiper/install/dynamixel_hardware_interface:/home/lmz/armpiper/install/dynamixel_sdk:/home/lmz/armpiper/install/dynamixel_interfaces:/home/lmz/armpiper/install/vla:/home/lmz/armpiper/install/interface:/home/lmz/armpiper/install/piper:/home/lmz/armpiper/install/leapsim:/home/lmz/armpiper/install/follow:/home/lmz/armpiper/install/arm_control_pkg:/opt/ros/humble /usr/bin/cmake --install /home/lmz/armpiper/build/open_manipulator_x_bringup
[1.716s] -- Install configuration: ""
[1.718s] -- Execute custom install script
[1.719s] -- Symlinking: /home/lmz/armpiper/install/open_manipulator_x_bringup/share/open_manipulator_x_bringup/launch/__pycache__/base.launch.cpython-310.pyc
[1.744s] -- Symlinking: /home/lmz/armpiper/install/open_manipulator_x_bringup/share/open_manipulator_x_bringup/launch/__pycache__/base.launch.cpython-312.pyc
[1.772s] -- Symlinking: /home/lmz/armpiper/install/open_manipulator_x_bringup/share/open_manipulator_x_bringup/launch/__pycache__/hardware.launch.cpython-310.pyc
[1.800s] -- Symlinking: /home/lmz/armpiper/install/open_manipulator_x_bringup/share/open_manipulator_x_bringup/launch/__pycache__/single_base.cpython-310.pyc
[1.819s] -- Symlinking: /home/lmz/armpiper/install/open_manipulator_x_bringup/share/open_manipulator_x_bringup/launch/__pycache__/single_base.cpython-312.pyc
[1.835s] -- Symlinking: /home/lmz/armpiper/install/open_manipulator_x_bringup/share/open_manipulator_x_bringup/launch/__pycache__/single_hardware.cpython-310.pyc
[1.860s] -- Symlinking: /home/lmz/armpiper/install/open_manipulator_x_bringup/share/open_manipulator_x_bringup/launch/base.launch.py
[1.879s] -- Symlinking: /home/lmz/armpiper/install/open_manipulator_x_bringup/share/open_manipulator_x_bringup/launch/fake.launch.py
[1.900s] -- Symlinking: /home/lmz/armpiper/install/open_manipulator_x_bringup/share/open_manipulator_x_bringup/launch/gazebo.launch.py
[1.924s] -- Symlinking: /home/lmz/armpiper/install/open_manipulator_x_bringup/share/open_manipulator_x_bringup/launch/hardware.launch.py
[1.958s] -- Symlinking: /home/lmz/armpiper/install/open_manipulator_x_bringup/share/open_manipulator_x_bringup/launch/single_base.py
[1.975s] -- Symlinking: /home/lmz/armpiper/install/open_manipulator_x_bringup/share/open_manipulator_x_bringup/launch/single_hardware.py
[1.997s] -- Symlinking: /home/lmz/armpiper/install/open_manipulator_x_bringup/share/open_manipulator_x_bringup/config/gazebo_controller_manager.yaml
[2.026s] -- Symlinking: /home/lmz/armpiper/install/open_manipulator_x_bringup/share/open_manipulator_x_bringup/config/hardware_controller_manager copy.yaml
[2.046s] -- Symlinking: /home/lmz/armpiper/install/open_manipulator_x_bringup/share/open_manipulator_x_bringup/config/hardware_controller_manager.txt
[2.064s] -- Symlinking: /home/lmz/armpiper/install/open_manipulator_x_bringup/share/open_manipulator_x_bringup/config/hardware_controller_manager.yaml
[2.075s] -- Symlinking: /home/lmz/armpiper/install/open_manipulator_x_bringup/share/open_manipulator_x_bringup/rviz/open_manipulator_x.rviz
[2.084s] -- Symlinking: /home/lmz/armpiper/install/open_manipulator_x_bringup/share/open_manipulator_x_bringup/worlds/empty_world.model
[2.104s] -- Symlinking: /home/lmz/armpiper/install/open_manipulator_x_bringup/share/open_manipulator_x_bringup/99-open-manipulator-cdc.rules
[2.123s] -- Symlinking: /home/lmz/armpiper/install/open_manipulator_x_bringup/lib/open_manipulator_x_bringup/create_udev_rules
[2.146s] -- Symlinking: /home/lmz/armpiper/install/open_manipulator_x_bringup/share/ament_index/resource_index/package_run_dependencies/open_manipulator_x_bringup
[2.162s] -- Symlinking: /home/lmz/armpiper/install/open_manipulator_x_bringup/share/ament_index/resource_index/parent_prefix_path/open_manipulator_x_bringup
[2.183s] -- Symlinking: /home/lmz/armpiper/install/open_manipulator_x_bringup/share/open_manipulator_x_bringup/environment/ament_prefix_path.sh
[2.194s] -- Symlinking: /home/lmz/armpiper/install/open_manipulator_x_bringup/share/open_manipulator_x_bringup/environment/ament_prefix_path.dsv
[2.207s] -- Symlinking: /home/lmz/armpiper/install/open_manipulator_x_bringup/share/open_manipulator_x_bringup/environment/path.sh
[2.212s] -- Symlinking: /home/lmz/armpiper/install/open_manipulator_x_bringup/share/open_manipulator_x_bringup/environment/path.dsv
[2.221s] -- Symlinking: /home/lmz/armpiper/install/open_manipulator_x_bringup/share/open_manipulator_x_bringup/local_setup.bash
[2.232s] -- Symlinking: /home/lmz/armpiper/install/open_manipulator_x_bringup/share/open_manipulator_x_bringup/local_setup.sh
[2.246s] -- Symlinking: /home/lmz/armpiper/install/open_manipulator_x_bringup/share/open_manipulator_x_bringup/local_setup.zsh
[2.256s] -- Symlinking: /home/lmz/armpiper/install/open_manipulator_x_bringup/share/open_manipulator_x_bringup/local_setup.dsv
[2.277s] -- Symlinking: /home/lmz/armpiper/install/open_manipulator_x_bringup/share/open_manipulator_x_bringup/package.dsv
[2.293s] -- Symlinking: /home/lmz/armpiper/install/open_manipulator_x_bringup/share/ament_index/resource_index/packages/open_manipulator_x_bringup
[2.299s] -- Symlinking: /home/lmz/armpiper/install/open_manipulator_x_bringup/share/open_manipulator_x_bringup/cmake/open_manipulator_x_bringupConfig.cmake
[2.309s] -- Symlinking: /home/lmz/armpiper/install/open_manipulator_x_bringup/share/open_manipulator_x_bringup/cmake/open_manipulator_x_bringupConfig-version.cmake
[2.319s] -- Symlinking: /home/lmz/armpiper/install/open_manipulator_x_bringup/share/open_manipulator_x_bringup/package.xml
[2.356s] Invoked command in '/home/lmz/armpiper/build/open_manipulator_x_bringup' returned '0': CMAKE_PREFIX_PATH=/home/lmz/armpiper/install/open_manipulator_x_description:/home/lmz/armpiper/install/piper_with_gripper_moveit:/home/lmz/armpiper/install/piper_no_gripper_moveit:/home/lmz/armpiper/install/piper_mujoco:/home/lmz/armpiper/install/piper_msgs:/home/lmz/armpiper/install/piper_humble:/home/lmz/armpiper/install/piper_gazebo:/home/lmz/armpiper/install/piper_description:/home/lmz/armpiper/install/open_manipulator:/home/lmz/armpiper/install/open_manipulator_x_bringup:/home/lmz/armpiper/install/dynamixel_sdk_examples:/home/lmz/armpiper/install/dynamixel_sdk_custom_interfaces:/home/lmz/armpiper/install/dynamixel_hardware_interface:/home/lmz/armpiper/install/dynamixel_sdk:/home/lmz/armpiper/install/dynamixel_interfaces:/home/lmz/armpiper/install/vla:/home/lmz/armpiper/install/interface:/home/lmz/armpiper/install/piper:/home/lmz/armpiper/install/leapsim:/home/lmz/armpiper/install/follow:/home/lmz/armpiper/install/arm_control_pkg:/opt/ros/humble /usr/bin/cmake --install /home/lmz/armpiper/build/open_manipulator_x_bringup
