[1.096s] Invoking command in '/home/lmz/armpiper/build/piper_mujoco': CMAKE_PREFIX_PATH=${CMAKE_PREFIX_PATH}:/home/lmz/armpiper/install/vla:/home/lmz/armpiper/install/interface:/home/lmz/armpiper/install/piper:/home/lmz/armpiper/install/leapsim:/home/lmz/armpiper/install/follow:/home/lmz/armpiper/install/arm_control_pkg:/opt/ros/humble /usr/bin/cmake /home/lmz/armpiper/src/piper_ros/piper_sim/piper_mujoco -DAMENT_CMAKE_SYMLINK_INSTALL=1 -DCMAKE_INSTALL_PREFIX=/home/lmz/armpiper/install/piper_mujoco
[1.151s] -- The C compiler identification is GNU 11.4.0
[1.201s] -- The CXX compiler identification is GNU 11.4.0
[1.209s] -- Detecting C compiler ABI info
[1.277s] -- Detecting C compiler ABI info - done
[1.286s] -- Check for working C compiler: /usr/bin/cc - skipped
[1.286s] -- Detecting C compile features
[1.286s] -- Detecting C compile features - done
[1.290s] -- Detecting CXX compiler ABI info
[1.360s] -- Detecting CXX compiler ABI info - done
[1.369s] -- Check for working CXX compiler: /usr/bin/c++ - skipped
[1.370s] -- Detecting CXX compile features
[1.370s] -- Detecting CXX compile features - done
[1.372s] -- Found ament_cmake: 1.3.11 (/opt/ros/humble/share/ament_cmake/cmake)
[1.735s] -- Found Python3: /usr/bin/python3 (found version "3.10.12") found components: Interpreter 
[1.912s] -- Override CMake install command with custom implementation using symlinks instead of copying resources
[1.980s] -- Found rclpy: 3.3.16 (/opt/ros/humble/share/rclpy/cmake)
[1.985s] -- Found std_msgs: 4.9.0 (/opt/ros/humble/share/std_msgs/cmake)
[2.036s] -- Found rosidl_generator_c: 3.1.6 (/opt/ros/humble/share/rosidl_generator_c/cmake)
[2.043s] -- Found rosidl_adapter: 3.1.6 (/opt/ros/humble/share/rosidl_adapter/cmake)
[2.058s] -- Found rosidl_generator_cpp: 3.1.6 (/opt/ros/humble/share/rosidl_generator_cpp/cmake)
[2.072s] -- Using all available rosidl_typesupport_c: rosidl_typesupport_fastrtps_c;rosidl_typesupport_introspection_c
[2.104s] -- Using all available rosidl_typesupport_cpp: rosidl_typesupport_fastrtps_cpp;rosidl_typesupport_introspection_cpp
[2.263s] -- Configuring done
[2.269s] -- Generating done
[2.275s] -- Build files have been written to: /home/lmz/armpiper/build/piper_mujoco
[2.295s] Invoked command in '/home/lmz/armpiper/build/piper_mujoco' returned '0': CMAKE_PREFIX_PATH=${CMAKE_PREFIX_PATH}:/home/lmz/armpiper/install/vla:/home/lmz/armpiper/install/interface:/home/lmz/armpiper/install/piper:/home/lmz/armpiper/install/leapsim:/home/lmz/armpiper/install/follow:/home/lmz/armpiper/install/arm_control_pkg:/opt/ros/humble /usr/bin/cmake /home/lmz/armpiper/src/piper_ros/piper_sim/piper_mujoco -DAMENT_CMAKE_SYMLINK_INSTALL=1 -DCMAKE_INSTALL_PREFIX=/home/lmz/armpiper/install/piper_mujoco
[2.295s] Invoking command in '/home/lmz/armpiper/build/piper_mujoco': CMAKE_PREFIX_PATH=${CMAKE_PREFIX_PATH}:/home/lmz/armpiper/install/vla:/home/lmz/armpiper/install/interface:/home/lmz/armpiper/install/piper:/home/lmz/armpiper/install/leapsim:/home/lmz/armpiper/install/follow:/home/lmz/armpiper/install/arm_control_pkg:/opt/ros/humble /usr/bin/cmake --build /home/lmz/armpiper/build/piper_mujoco -- -j16 -l16
[2.525s] Invoked command in '/home/lmz/armpiper/build/piper_mujoco' returned '0': CMAKE_PREFIX_PATH=${CMAKE_PREFIX_PATH}:/home/lmz/armpiper/install/vla:/home/lmz/armpiper/install/interface:/home/lmz/armpiper/install/piper:/home/lmz/armpiper/install/leapsim:/home/lmz/armpiper/install/follow:/home/lmz/armpiper/install/arm_control_pkg:/opt/ros/humble /usr/bin/cmake --build /home/lmz/armpiper/build/piper_mujoco -- -j16 -l16
[2.525s] Invoking command in '/home/lmz/armpiper/build/piper_mujoco': CMAKE_PREFIX_PATH=${CMAKE_PREFIX_PATH}:/home/lmz/armpiper/install/vla:/home/lmz/armpiper/install/interface:/home/lmz/armpiper/install/piper:/home/lmz/armpiper/install/leapsim:/home/lmz/armpiper/install/follow:/home/lmz/armpiper/install/arm_control_pkg:/opt/ros/humble /usr/bin/cmake --install /home/lmz/armpiper/build/piper_mujoco
[3.124s] -- Install configuration: ""
[3.124s] -- Execute custom install script
[3.124s] -- Symlinking: /home/lmz/armpiper/install/piper_mujoco/lib/piper_mujoco/piper_mujoco_ctrl.py
[3.124s] -- Symlinking: /home/lmz/armpiper/install/piper_mujoco/lib/piper_mujoco/piper_no_gripper_mujoco_ctrl.py
[3.124s] -- Symlinking: /home/lmz/armpiper/install/piper_mujoco/share/ament_index/resource_index/package_run_dependencies/piper_mujoco
[3.125s] -- Symlinking: /home/lmz/armpiper/install/piper_mujoco/share/ament_index/resource_index/parent_prefix_path/piper_mujoco
[3.125s] -- Symlinking: /home/lmz/armpiper/install/piper_mujoco/share/piper_mujoco/environment/ament_prefix_path.sh
[3.125s] -- Symlinking: /home/lmz/armpiper/install/piper_mujoco/share/piper_mujoco/environment/ament_prefix_path.dsv
[3.125s] -- Symlinking: /home/lmz/armpiper/install/piper_mujoco/share/piper_mujoco/environment/path.sh
[3.125s] -- Symlinking: /home/lmz/armpiper/install/piper_mujoco/share/piper_mujoco/environment/path.dsv
[3.125s] -- Symlinking: /home/lmz/armpiper/install/piper_mujoco/share/piper_mujoco/local_setup.bash
[3.125s] -- Symlinking: /home/lmz/armpiper/install/piper_mujoco/share/piper_mujoco/local_setup.sh
[3.125s] -- Symlinking: /home/lmz/armpiper/install/piper_mujoco/share/piper_mujoco/local_setup.zsh
[3.125s] -- Symlinking: /home/lmz/armpiper/install/piper_mujoco/share/piper_mujoco/local_setup.dsv
[3.125s] -- Symlinking: /home/lmz/armpiper/install/piper_mujoco/share/piper_mujoco/package.dsv
[3.125s] -- Symlinking: /home/lmz/armpiper/install/piper_mujoco/share/ament_index/resource_index/packages/piper_mujoco
[3.125s] -- Symlinking: /home/lmz/armpiper/install/piper_mujoco/share/piper_mujoco/cmake/piper_mujocoConfig.cmake
[3.125s] -- Symlinking: /home/lmz/armpiper/install/piper_mujoco/share/piper_mujoco/cmake/piper_mujocoConfig-version.cmake
[3.126s] -- Symlinking: /home/lmz/armpiper/install/piper_mujoco/share/piper_mujoco/package.xml
[3.135s] Invoked command in '/home/lmz/armpiper/build/piper_mujoco' returned '0': CMAKE_PREFIX_PATH=${CMAKE_PREFIX_PATH}:/home/lmz/armpiper/install/vla:/home/lmz/armpiper/install/interface:/home/lmz/armpiper/install/piper:/home/lmz/armpiper/install/leapsim:/home/lmz/armpiper/install/follow:/home/lmz/armpiper/install/arm_control_pkg:/opt/ros/humble /usr/bin/cmake --install /home/lmz/armpiper/build/piper_mujoco
