[0.040s] Invoking command in '/home/lmz/armpiper/build/open_manipulator_x_description': CMAKE_PREFIX_PATH=${CMAKE_PREFIX_PATH}:/home/lmz/armpiper/install/vla:/home/lmz/armpiper/install/interface:/home/lmz/armpiper/install/piper:/home/lmz/armpiper/install/leapsim:/home/lmz/armpiper/install/follow:/home/lmz/armpiper/install/arm_control_pkg:/opt/ros/humble /usr/bin/cmake /home/lmz/armpiper/src/open_manipulator/open_manipulator_x_description -DAMENT_CMAKE_SYMLINK_INSTALL=1 -DCMAKE_INSTALL_PREFIX=/home/lmz/armpiper/install/open_manipulator_x_description
[1.061s] -- The C compiler identification is GNU 11.4.0
[1.061s] -- The CXX compiler identification is GNU 11.4.0
[1.061s] -- Detecting C compiler ABI info
[1.061s] -- Detecting C compiler ABI info - done
[1.061s] -- Check for working C compiler: /usr/bin/cc - skipped
[1.061s] -- Detecting C compile features
[1.061s] -- Detecting C compile features - done
[1.061s] -- Detecting CXX compiler ABI info
[1.061s] -- Detecting CXX compiler ABI info - done
[1.061s] -- Check for working CXX compiler: /usr/bin/c++ - skipped
[1.061s] -- Detecting CXX compile features
[1.061s] -- Detecting CXX compile features - done
[1.061s] -- Found ament_cmake: 1.3.11 (/opt/ros/humble/share/ament_cmake/cmake)
[1.061s] -- Found Python3: /usr/bin/python3 (found version "3.10.12") found components: Interpreter 
[1.061s] -- Override CMake install command with custom implementation using symlinks instead of copying resources
[1.061s] -- Configuring done
[1.061s] -- Generating done
[1.061s] -- Build files have been written to: /home/lmz/armpiper/build/open_manipulator_x_description
[1.246s] Invoked command in '/home/lmz/armpiper/build/open_manipulator_x_description' returned '0': CMAKE_PREFIX_PATH=${CMAKE_PREFIX_PATH}:/home/lmz/armpiper/install/vla:/home/lmz/armpiper/install/interface:/home/lmz/armpiper/install/piper:/home/lmz/armpiper/install/leapsim:/home/lmz/armpiper/install/follow:/home/lmz/armpiper/install/arm_control_pkg:/opt/ros/humble /usr/bin/cmake /home/lmz/armpiper/src/open_manipulator/open_manipulator_x_description -DAMENT_CMAKE_SYMLINK_INSTALL=1 -DCMAKE_INSTALL_PREFIX=/home/lmz/armpiper/install/open_manipulator_x_description
[1.248s] Invoking command in '/home/lmz/armpiper/build/open_manipulator_x_description': CMAKE_PREFIX_PATH=${CMAKE_PREFIX_PATH}:/home/lmz/armpiper/install/vla:/home/lmz/armpiper/install/interface:/home/lmz/armpiper/install/piper:/home/lmz/armpiper/install/leapsim:/home/lmz/armpiper/install/follow:/home/lmz/armpiper/install/arm_control_pkg:/opt/ros/humble /usr/bin/cmake --build /home/lmz/armpiper/build/open_manipulator_x_description -- -j16 -l16
[1.278s] Invoked command in '/home/lmz/armpiper/build/open_manipulator_x_description' returned '0': CMAKE_PREFIX_PATH=${CMAKE_PREFIX_PATH}:/home/lmz/armpiper/install/vla:/home/lmz/armpiper/install/interface:/home/lmz/armpiper/install/piper:/home/lmz/armpiper/install/leapsim:/home/lmz/armpiper/install/follow:/home/lmz/armpiper/install/arm_control_pkg:/opt/ros/humble /usr/bin/cmake --build /home/lmz/armpiper/build/open_manipulator_x_description -- -j16 -l16
[1.287s] Invoking command in '/home/lmz/armpiper/build/open_manipulator_x_description': CMAKE_PREFIX_PATH=${CMAKE_PREFIX_PATH}:/home/lmz/armpiper/install/vla:/home/lmz/armpiper/install/interface:/home/lmz/armpiper/install/piper:/home/lmz/armpiper/install/leapsim:/home/lmz/armpiper/install/follow:/home/lmz/armpiper/install/arm_control_pkg:/opt/ros/humble /usr/bin/cmake --install /home/lmz/armpiper/build/open_manipulator_x_description
[1.297s] -- Install configuration: ""
[1.298s] -- Execute custom install script
[1.298s] -- Symlinking: /home/lmz/armpiper/install/open_manipulator_x_description/share/open_manipulator_x_description/launch/model.launch.py
[1.309s] -- Symlinking: /home/lmz/armpiper/install/open_manipulator_x_description/share/open_manipulator_x_description/meshes/Plate.stl
[1.318s] -- Symlinking: /home/lmz/armpiper/install/open_manipulator_x_description/share/open_manipulator_x_description/meshes/gripper_left_palm.stl
[1.337s] -- Symlinking: /home/lmz/armpiper/install/open_manipulator_x_description/share/open_manipulator_x_description/meshes/gripper_right_palm.stl
[1.350s] -- Symlinking: /home/lmz/armpiper/install/open_manipulator_x_description/share/open_manipulator_x_description/meshes/link1.stl
[1.366s] -- Symlinking: /home/lmz/armpiper/install/open_manipulator_x_description/share/open_manipulator_x_description/meshes/link2.stl
[1.387s] -- Symlinking: /home/lmz/armpiper/install/open_manipulator_x_description/share/open_manipulator_x_description/meshes/link3.stl
[1.406s] -- Symlinking: /home/lmz/armpiper/install/open_manipulator_x_description/share/open_manipulator_x_description/meshes/link4.stl
[1.427s] -- Symlinking: /home/lmz/armpiper/install/open_manipulator_x_description/share/open_manipulator_x_description/meshes/link5.stl
[1.449s] -- Symlinking: /home/lmz/armpiper/install/open_manipulator_x_description/share/open_manipulator_x_description/rviz/open_manipulator_x.rviz
[1.468s] -- Symlinking: /home/lmz/armpiper/install/open_manipulator_x_description/share/open_manipulator_x_description/urdf/all.txt
[1.492s] -- Symlinking: /home/lmz/armpiper/install/open_manipulator_x_description/share/open_manipulator_x_description/urdf/materials.xacro
[1.505s] -- Symlinking: /home/lmz/armpiper/install/open_manipulator_x_description/share/open_manipulator_x_description/urdf/open_manipulator_x.urdf.xacro
[1.522s] -- Symlinking: /home/lmz/armpiper/install/open_manipulator_x_description/share/open_manipulator_x_description/urdf/open_manipulator_x_robot.urdf.xacro
[1.540s] -- Symlinking: /home/lmz/armpiper/install/open_manipulator_x_description/share/open_manipulator_x_description/gazebo/materials.xacro
[1.559s] -- Symlinking: /home/lmz/armpiper/install/open_manipulator_x_description/share/open_manipulator_x_description/gazebo/open_manipulator_x.gazebo.xacro
[1.590s] -- Symlinking: /home/lmz/armpiper/install/open_manipulator_x_description/share/open_manipulator_x_description/ros2_control/1.txt
[1.606s] -- Symlinking: /home/lmz/armpiper/install/open_manipulator_x_description/share/open_manipulator_x_description/ros2_control/16.xacro
[1.631s] -- Symlinking: /home/lmz/armpiper/install/open_manipulator_x_description/share/open_manipulator_x_description/ros2_control/17.xacro
[1.646s] -- Symlinking: /home/lmz/armpiper/install/open_manipulator_x_description/share/open_manipulator_x_description/ros2_control/18.xacro
[1.655s] -- Symlinking: /home/lmz/armpiper/install/open_manipulator_x_description/share/open_manipulator_x_description/ros2_control/19.xacro
[1.667s] -- Symlinking: /home/lmz/armpiper/install/open_manipulator_x_description/share/open_manipulator_x_description/ros2_control/20.xacro
[1.676s] -- Symlinking: /home/lmz/armpiper/install/open_manipulator_x_description/share/open_manipulator_x_description/ros2_control/4.xacro
[1.686s] -- Symlinking: /home/lmz/armpiper/install/open_manipulator_x_description/share/open_manipulator_x_description/ros2_control/arm_and_hand.xacro
[1.695s] -- Symlinking: /home/lmz/armpiper/install/open_manipulator_x_description/share/open_manipulator_x_description/ros2_control/open_manipulator_x_system.ros2_control copy.xacro
[1.707s] -- Symlinking: /home/lmz/armpiper/install/open_manipulator_x_description/share/open_manipulator_x_description/ros2_control/open_manipulator_x_system.ros2_control.xacro
[1.714s] -- Symlinking: /home/lmz/armpiper/install/open_manipulator_x_description/share/ament_index/resource_index/package_run_dependencies/open_manipulator_x_description
[1.726s] -- Symlinking: /home/lmz/armpiper/install/open_manipulator_x_description/share/ament_index/resource_index/parent_prefix_path/open_manipulator_x_description
[1.746s] -- Symlinking: /home/lmz/armpiper/install/open_manipulator_x_description/share/open_manipulator_x_description/environment/ament_prefix_path.sh
[1.764s] -- Symlinking: /home/lmz/armpiper/install/open_manipulator_x_description/share/open_manipulator_x_description/environment/ament_prefix_path.dsv
[1.778s] -- Symlinking: /home/lmz/armpiper/install/open_manipulator_x_description/share/open_manipulator_x_description/environment/path.sh
[1.794s] -- Symlinking: /home/lmz/armpiper/install/open_manipulator_x_description/share/open_manipulator_x_description/environment/path.dsv
[1.806s] -- Symlinking: /home/lmz/armpiper/install/open_manipulator_x_description/share/open_manipulator_x_description/local_setup.bash
[1.826s] -- Symlinking: /home/lmz/armpiper/install/open_manipulator_x_description/share/open_manipulator_x_description/local_setup.sh
[1.849s] -- Symlinking: /home/lmz/armpiper/install/open_manipulator_x_description/share/open_manipulator_x_description/local_setup.zsh
[1.869s] -- Symlinking: /home/lmz/armpiper/install/open_manipulator_x_description/share/open_manipulator_x_description/local_setup.dsv
[1.890s] -- Symlinking: /home/lmz/armpiper/install/open_manipulator_x_description/share/open_manipulator_x_description/package.dsv
[1.905s] -- Symlinking: /home/lmz/armpiper/install/open_manipulator_x_description/share/ament_index/resource_index/packages/open_manipulator_x_description
[1.923s] -- Symlinking: /home/lmz/armpiper/install/open_manipulator_x_description/share/open_manipulator_x_description/cmake/open_manipulator_x_descriptionConfig.cmake
[1.940s] -- Symlinking: /home/lmz/armpiper/install/open_manipulator_x_description/share/open_manipulator_x_description/cmake/open_manipulator_x_descriptionConfig-version.cmake
[1.955s] -- Symlinking: /home/lmz/armpiper/install/open_manipulator_x_description/share/open_manipulator_x_description/package.xml
[1.973s] Invoked command in '/home/lmz/armpiper/build/open_manipulator_x_description' returned '0': CMAKE_PREFIX_PATH=${CMAKE_PREFIX_PATH}:/home/lmz/armpiper/install/vla:/home/lmz/armpiper/install/interface:/home/lmz/armpiper/install/piper:/home/lmz/armpiper/install/leapsim:/home/lmz/armpiper/install/follow:/home/lmz/armpiper/install/arm_control_pkg:/opt/ros/humble /usr/bin/cmake --install /home/lmz/armpiper/build/open_manipulator_x_description
