[0.606s] Invoking command in '/home/lmz/armpiper/build/interface': CMAKE_PREFIX_PATH=/home/lmz/armpiper/install/piper_msgs:/home/lmz/armpiper/install/piper_with_gripper_moveit:/home/lmz/armpiper/install/piper_no_gripper_moveit:/home/lmz/armpiper/install/piper_mujoco:/home/lmz/armpiper/install/piper_humble:/home/lmz/armpiper/install/piper_gazebo:/home/lmz/armpiper/install/piper_description:/home/lmz/armpiper/install/open_manipulator:/home/lmz/armpiper/install/open_manipulator_x_bringup:/home/lmz/armpiper/install/open_manipulator_x_description:/home/lmz/armpiper/install/dynamixel_sdk_examples:/home/lmz/armpiper/install/dynamixel_sdk_custom_interfaces:/home/lmz/armpiper/install/dynamixel_hardware_interface:/home/lmz/armpiper/install/dynamixel_sdk:/home/lmz/armpiper/install/dynamixel_interfaces PYTHONPATH=/home/lmz/armpiper/build/interface/prefix_override:/usr/lib/python3/dist-packages/colcon_core/task/python/colcon_distutils_commands:/home/lmz/armpiper/install/interface/lib/python3.10/site-packages:${PYTHONPATH} /usr/bin/python3 -W ignore:setup.py install is deprecated -W ignore:easy_install command is deprecated setup.py develop --editable --build-directory /home/lmz/armpiper/build/interface/build --no-deps symlink_data
[0.891s] running develop
[1.017s] running egg_info
[1.017s] creating interface.egg-info
[1.018s] writing interface.egg-info/PKG-INFO
[1.018s] writing dependency_links to interface.egg-info/dependency_links.txt
[1.018s] writing entry points to interface.egg-info/entry_points.txt
[1.018s] writing requirements to interface.egg-info/requires.txt
[1.018s] writing top-level names to interface.egg-info/top_level.txt
[1.018s] writing manifest file 'interface.egg-info/SOURCES.txt'
[1.021s] reading manifest file 'interface.egg-info/SOURCES.txt'
[1.022s] writing manifest file 'interface.egg-info/SOURCES.txt'
[1.023s] running build_ext
[1.023s] Creating /home/lmz/armpiper/install/interface/lib/python3.10/site-packages/interface.egg-link (link to .)
[1.024s] Installing action1_4_move script to /home/lmz/armpiper/install/interface/lib/interface
[1.024s] Installing action5_rot script to /home/lmz/armpiper/install/interface/lib/interface
[1.024s] Installing action6_gsp script to /home/lmz/armpiper/install/interface/lib/interface
[1.024s] Installing action7_flat script to /home/lmz/armpiper/install/interface/lib/interface
[1.024s] Installing action8_rst script to /home/lmz/armpiper/install/interface/lib/interface
[1.024s] Installing camera_base_transform_node script to /home/lmz/armpiper/install/interface/lib/interface
[1.024s] Installing chessboard_hand_eye_calibration_node script to /home/lmz/armpiper/install/interface/lib/interface
[1.024s] Installing eye_in_hand_calibration_node script to /home/lmz/armpiper/install/interface/lib/interface
[1.025s] Installing master_node script to /home/lmz/armpiper/install/interface/lib/interface
[1.025s] Installing piper_keyboard_joint_jog script to /home/lmz/armpiper/install/interface/lib/interface
[1.025s] Installing ultimate_yolo_node_cpu script to /home/lmz/armpiper/install/interface/lib/interface
[1.025s] 
[1.025s] Installed /home/lmz/armpiper/build/interface
[1.025s] running symlink_data
[1.025s] creating /home/lmz/armpiper/install/interface/share/ament_index
[1.025s] creating /home/lmz/armpiper/install/interface/share/ament_index/resource_index
[1.025s] creating /home/lmz/armpiper/install/interface/share/ament_index/resource_index/packages
[1.026s] symbolically linking /home/lmz/armpiper/build/interface/resource/interface -> /home/lmz/armpiper/install/interface/share/ament_index/resource_index/packages
[1.026s] symbolically linking /home/lmz/armpiper/build/interface/package.xml -> /home/lmz/armpiper/install/interface/share/interface
[1.026s] creating /home/lmz/armpiper/install/interface/share/interface/cache
[1.026s] symbolically linking /home/lmz/armpiper/build/interface/interface/cache/hello.npy -> /home/lmz/armpiper/install/interface/share/interface/cache
[1.026s] symbolically linking /home/lmz/armpiper/build/interface/interface/cache/leap_hand_in_palm_cube_grasp_50k_s105.npy -> /home/lmz/armpiper/install/interface/share/interface/cache
[1.026s] symbolically linking /home/lmz/armpiper/build/interface/interface/cache/specific_array.npy -> /home/lmz/armpiper/install/interface/share/interface/cache
[1.026s] symbolically linking /home/lmz/armpiper/build/interface/interface/cache/LeapHand.pth -> /home/lmz/armpiper/install/interface/share/interface/cache
[1.026s] symbolically linking /home/lmz/armpiper/build/interface/interface/cache/hand_model_trajectory_5_0.npy -> /home/lmz/armpiper/install/interface/share/interface/cache
[1.026s] symbolically linking /home/lmz/armpiper/build/interface/interface/cache/hand17.npy -> /home/lmz/armpiper/install/interface/share/interface/cache
[1.027s] symbolically linking /home/lmz/armpiper/build/interface/interface/cache/datainsert.py -> /home/lmz/armpiper/install/interface/share/interface/cache
[1.027s] symbolically linking /home/lmz/armpiper/build/interface/interface/cache/random_joint_values.py -> /home/lmz/armpiper/install/interface/share/interface/cache
[1.027s] symbolically linking /home/lmz/armpiper/build/interface/interface/cache/hand17_modified.npy -> /home/lmz/armpiper/install/interface/share/interface/cache
[1.027s] symbolically linking /home/lmz/armpiper/build/interface/interface/cache/qi.npy -> /home/lmz/armpiper/install/interface/share/interface/cache
[1.027s] symbolically linking /home/lmz/armpiper/build/interface/interface/cache/hand_model_trajectory_0.npy -> /home/lmz/armpiper/install/interface/share/interface/cache
[1.027s] symbolically linking /home/lmz/armpiper/build/interface/interface/cache/hand_model_trajectory_10_0.npy -> /home/lmz/armpiper/install/interface/share/interface/cache
[1.027s] symbolically linking /home/lmz/armpiper/build/interface/interface/cache/leap_hand_in_palm_cube_grasp_50k_s095.npy -> /home/lmz/armpiper/install/interface/share/interface/cache
[1.027s] symbolically linking /home/lmz/armpiper/build/interface/interface/cache/hand16.npy -> /home/lmz/armpiper/install/interface/share/interface/cache
[1.027s] symbolically linking /home/lmz/armpiper/build/interface/interface/cache/woven_model_trajectory_2.npy -> /home/lmz/armpiper/install/interface/share/interface/cache
[1.027s] symbolically linking /home/lmz/armpiper/build/interface/interface/cache/my_initial_pose_trajectory.npy -> /home/lmz/armpiper/install/interface/share/interface/cache
[1.027s] symbolically linking /home/lmz/armpiper/build/interface/interface/cache/woven_model_trajectory_5.npy -> /home/lmz/armpiper/install/interface/share/interface/cache
[1.027s] symbolically linking /home/lmz/armpiper/build/interface/interface/cache/arm_model_trajectory_2.npy -> /home/lmz/armpiper/install/interface/share/interface/cache
[1.027s] symbolically linking /home/lmz/armpiper/build/interface/interface/cache/hand_model_trajectory_2.npy -> /home/lmz/armpiper/install/interface/share/interface/cache
[1.028s] symbolically linking /home/lmz/armpiper/build/interface/interface/cache/hand_model_trajectory_20_0.npy -> /home/lmz/armpiper/install/interface/share/interface/cache
[1.028s] symbolically linking /home/lmz/armpiper/build/interface/interface/cache/hello16.npy -> /home/lmz/armpiper/install/interface/share/interface/cache
[1.028s] symbolically linking /home/lmz/armpiper/build/interface/interface/cache/leap_hand_in_palm_cube_grasp_50k_s09.npy -> /home/lmz/armpiper/install/interface/share/interface/cache
[1.028s] symbolically linking /home/lmz/armpiper/build/interface/interface/cache/leap_hand_in_palm_cube_grasp_50k_s10.npy -> /home/lmz/armpiper/install/interface/share/interface/cache
[1.028s] symbolically linking /home/lmz/armpiper/build/interface/interface/cache/ping.npy -> /home/lmz/armpiper/install/interface/share/interface/cache
[1.028s] symbolically linking /home/lmz/armpiper/build/interface/interface/cache/data.py -> /home/lmz/armpiper/install/interface/share/interface/cache
[1.028s] symbolically linking /home/lmz/armpiper/build/interface/interface/cache/LeapHand_name.pth -> /home/lmz/armpiper/install/interface/share/interface/cache
[1.028s] symbolically linking /home/lmz/armpiper/build/interface/interface/cache/grend.py -> /home/lmz/armpiper/install/interface/share/interface/cache
[1.028s] symbolically linking /home/lmz/armpiper/build/interface/interface/cache/hand_model_trajectory_1.npy -> /home/lmz/armpiper/install/interface/share/interface/cache
[1.028s] symbolically linking /home/lmz/armpiper/build/interface/interface/cache/hand_model_trajectory_2_0.npy -> /home/lmz/armpiper/install/interface/share/interface/cache
[1.028s] symbolically linking /home/lmz/armpiper/build/interface/interface/cache/hand_model_trajectory_3.npy -> /home/lmz/armpiper/install/interface/share/interface/cache
[1.028s] symbolically linking /home/lmz/armpiper/build/interface/interface/cache/test.py -> /home/lmz/armpiper/install/interface/share/interface/cache
[1.028s] symbolically linking /home/lmz/armpiper/build/interface/interface/cache/woven_model_trajectory_1.npy -> /home/lmz/armpiper/install/interface/share/interface/cache
[1.028s] symbolically linking /home/lmz/armpiper/build/interface/interface/cache/game.npy -> /home/lmz/armpiper/install/interface/share/interface/cache
[1.029s] symbolically linking /home/lmz/armpiper/build/interface/interface/cache/game16.npy -> /home/lmz/armpiper/install/interface/share/interface/cache
[1.029s] symbolically linking /home/lmz/armpiper/build/interface/interface/cache/old.pth -> /home/lmz/armpiper/install/interface/share/interface/cache
[1.029s] symbolically linking /home/lmz/armpiper/build/interface/interface/cache/hand16_model_trajectory_2.npy -> /home/lmz/armpiper/install/interface/share/interface/cache
[1.029s] symbolically linking /home/lmz/armpiper/build/interface/interface/cache/expanded_array.npy -> /home/lmz/armpiper/install/interface/share/interface/cache
[1.029s] symbolically linking /home/lmz/armpiper/build/interface/interface/cache/16.pth -> /home/lmz/armpiper/install/interface/share/interface/cache
[1.029s] symbolically linking /home/lmz/armpiper/build/interface/interface/cache/hand16弃用.npy -> /home/lmz/armpiper/install/interface/share/interface/cache
[1.029s] symbolically linking /home/lmz/armpiper/build/interface/interface/cache/leap_hand_in_palm_cube_grasp_50k_s11.npy -> /home/lmz/armpiper/install/interface/share/interface/cache
[1.029s] symbolically linking /home/lmz/armpiper/build/interface/interface/cache/expanded20.npy -> /home/lmz/armpiper/install/interface/share/interface/cache
[1.029s] symbolically linking /home/lmz/armpiper/build/interface/interface/cache/expanded21.npy -> /home/lmz/armpiper/install/interface/share/interface/cache
[1.029s] creating /home/lmz/armpiper/install/interface/share/interface/cfg
[1.029s] symbolically linking /home/lmz/armpiper/build/interface/interface/cfg/config.yaml -> /home/lmz/armpiper/install/interface/share/interface/cfg
[1.029s] creating /home/lmz/armpiper/install/interface/share/interface/cfg/task
[1.029s] symbolically linking /home/lmz/armpiper/build/interface/interface/cfg/task/LeapHandGrasp.yaml -> /home/lmz/armpiper/install/interface/share/interface/cfg/task
[1.029s] symbolically linking /home/lmz/armpiper/build/interface/interface/cfg/task/LeapHandRot.yaml -> /home/lmz/armpiper/install/interface/share/interface/cfg/task
[1.030s] symbolically linking /home/lmz/armpiper/build/interface/interface/cfg/task/LeapHandCatch.yaml -> /home/lmz/armpiper/install/interface/share/interface/cfg/task
[1.030s] creating /home/lmz/armpiper/install/interface/share/interface/cfg/train
[1.030s] symbolically linking /home/lmz/armpiper/build/interface/interface/cfg/train/LeapHandCatchPPO.yaml -> /home/lmz/armpiper/install/interface/share/interface/cfg/train
[1.030s] symbolically linking /home/lmz/armpiper/build/interface/interface/cfg/train/LeapHandRotPPO.yaml -> /home/lmz/armpiper/install/interface/share/interface/cfg/train
[1.030s] symbolically linking /home/lmz/armpiper/build/interface/interface/cfg/train/LeapHandGraspPPO.yaml -> /home/lmz/armpiper/install/interface/share/interface/cfg/train
[1.030s] creating /home/lmz/armpiper/install/interface/share/interface/assets
[1.030s] creating /home/lmz/armpiper/install/interface/share/interface/assets/urdf
[1.030s] symbolically linking /home/lmz/armpiper/build/assets/urdf/vlaarm copy.urdf -> /home/lmz/armpiper/install/interface/share/interface/assets/urdf
[1.030s] symbolically linking /home/lmz/armpiper/build/assets/urdf/vlaarm.urdf -> /home/lmz/armpiper/install/interface/share/interface/assets/urdf
[1.030s] creating /home/lmz/armpiper/install/interface/share/interface/assets/meshes
[1.030s] symbolically linking /home/lmz/armpiper/build/assets/meshes/link8.obj -> /home/lmz/armpiper/install/interface/share/interface/assets/meshes
[1.030s] symbolically linking /home/lmz/armpiper/build/assets/meshes/手掌.obj -> /home/lmz/armpiper/install/interface/share/interface/assets/meshes
[1.030s] symbolically linking /home/lmz/armpiper/build/assets/meshes/link4.obj -> /home/lmz/armpiper/install/interface/share/interface/assets/meshes
[1.030s] symbolically linking /home/lmz/armpiper/build/assets/meshes/link2.obj -> /home/lmz/armpiper/install/interface/share/interface/assets/meshes
[1.031s] symbolically linking /home/lmz/armpiper/build/assets/meshes/link7.obj -> /home/lmz/armpiper/install/interface/share/interface/assets/meshes
[1.031s] symbolically linking /home/lmz/armpiper/build/assets/meshes/link6.obj -> /home/lmz/armpiper/install/interface/share/interface/assets/meshes
[1.031s] symbolically linking /home/lmz/armpiper/build/assets/meshes/link5.obj -> /home/lmz/armpiper/install/interface/share/interface/assets/meshes
[1.031s] symbolically linking /home/lmz/armpiper/build/assets/meshes/palm_lower.obj -> /home/lmz/armpiper/install/interface/share/interface/assets/meshes
[1.031s] symbolically linking /home/lmz/armpiper/build/assets/meshes/thumb_dip.obj -> /home/lmz/armpiper/install/interface/share/interface/assets/meshes
[1.031s] symbolically linking /home/lmz/armpiper/build/assets/meshes/fingertip.obj -> /home/lmz/armpiper/install/interface/share/interface/assets/meshes
[1.031s] symbolically linking /home/lmz/armpiper/build/assets/meshes/usdchopro.STL -> /home/lmz/armpiper/install/interface/share/interface/assets/meshes
[1.031s] symbolically linking /home/lmz/armpiper/build/assets/meshes/thumb_pip.obj -> /home/lmz/armpiper/install/interface/share/interface/assets/meshes
[1.031s] symbolically linking /home/lmz/armpiper/build/assets/meshes/mcp_joint.obj -> /home/lmz/armpiper/install/interface/share/interface/assets/meshes
[1.031s] symbolically linking /home/lmz/armpiper/build/assets/meshes/dip.obj -> /home/lmz/armpiper/install/interface/share/interface/assets/meshes
[1.031s] symbolically linking /home/lmz/armpiper/build/assets/meshes/pip.obj -> /home/lmz/armpiper/install/interface/share/interface/assets/meshes
[1.031s] symbolically linking /home/lmz/armpiper/build/assets/meshes/thumb_fingertip.obj -> /home/lmz/armpiper/install/interface/share/interface/assets/meshes
[1.031s] symbolically linking /home/lmz/armpiper/build/assets/meshes/gripper_base.obj -> /home/lmz/armpiper/install/interface/share/interface/assets/meshes
[1.031s] symbolically linking /home/lmz/armpiper/build/assets/meshes/base_link.obj -> /home/lmz/armpiper/install/interface/share/interface/assets/meshes
[1.031s] symbolically linking /home/lmz/armpiper/build/assets/meshes/link3.obj -> /home/lmz/armpiper/install/interface/share/interface/assets/meshes
[1.032s] symbolically linking /home/lmz/armpiper/build/assets/meshes/link1.obj -> /home/lmz/armpiper/install/interface/share/interface/assets/meshes
[1.032s] symbolically linking /home/lmz/armpiper/build/assets/meshes/obj.zip -> /home/lmz/armpiper/install/interface/share/interface/assets/meshes
[1.052s] Invoked command in '/home/lmz/armpiper/build/interface' returned '0': CMAKE_PREFIX_PATH=/home/lmz/armpiper/install/piper_msgs:/home/lmz/armpiper/install/piper_with_gripper_moveit:/home/lmz/armpiper/install/piper_no_gripper_moveit:/home/lmz/armpiper/install/piper_mujoco:/home/lmz/armpiper/install/piper_humble:/home/lmz/armpiper/install/piper_gazebo:/home/lmz/armpiper/install/piper_description:/home/lmz/armpiper/install/open_manipulator:/home/lmz/armpiper/install/open_manipulator_x_bringup:/home/lmz/armpiper/install/open_manipulator_x_description:/home/lmz/armpiper/install/dynamixel_sdk_examples:/home/lmz/armpiper/install/dynamixel_sdk_custom_interfaces:/home/lmz/armpiper/install/dynamixel_hardware_interface:/home/lmz/armpiper/install/dynamixel_sdk:/home/lmz/armpiper/install/dynamixel_interfaces PYTHONPATH=/home/lmz/armpiper/build/interface/prefix_override:/usr/lib/python3/dist-packages/colcon_core/task/python/colcon_distutils_commands:/home/lmz/armpiper/install/interface/lib/python3.10/site-packages:${PYTHONPATH} /usr/bin/python3 -W ignore:setup.py install is deprecated -W ignore:easy_install command is deprecated setup.py develop --editable --build-directory /home/lmz/armpiper/build/interface/build --no-deps symlink_data
