[0.068s] Invoking command in '/home/lmz/armpiper/build/dynamixel_interfaces': CMAKE_PREFIX_PATH=${CMAKE_PREFIX_PATH}:/home/lmz/armpiper/install/vla:/home/lmz/armpiper/install/interface:/home/lmz/armpiper/install/piper:/home/lmz/armpiper/install/leapsim:/home/lmz/armpiper/install/follow:/home/lmz/armpiper/install/arm_control_pkg:/opt/ros/humble /usr/bin/cmake /home/lmz/armpiper/src/dynamixel_interfaces -DAMENT_CMAKE_SYMLINK_INSTALL=1 -DCMAKE_INSTALL_PREFIX=/home/lmz/armpiper/install/dynamixel_interfaces
[1.549s] -- The C compiler identification is GNU 11.4.0
[1.550s] -- The CXX compiler identification is GNU 11.4.0
[1.550s] -- Detecting C compiler ABI info
[1.550s] -- Detecting C compiler ABI info - done
[1.550s] -- Check for working C compiler: /usr/bin/cc - skipped
[1.551s] -- Detecting C compile features
[1.551s] -- Detecting C compile features - done
[1.551s] -- Detecting CXX compiler ABI info
[1.551s] -- Detecting CXX compiler ABI info - done
[1.552s] -- Check for working CXX compiler: /usr/bin/c++ - skipped
[1.552s] -- Detecting CXX compile features
[1.552s] -- Detecting CXX compile features - done
[1.552s] -- Found ament_cmake: 1.3.11 (/opt/ros/humble/share/ament_cmake/cmake)
[1.552s] -- Found Python3: /usr/bin/python3 (found version "3.10.12") found components: Interpreter 
[1.552s] -- Override CMake install command with custom implementation using symlinks instead of copying resources
[1.552s] -- Found std_msgs: 4.9.0 (/opt/ros/humble/share/std_msgs/cmake)
[1.552s] -- Found rosidl_generator_c: 3.1.6 (/opt/ros/humble/share/rosidl_generator_c/cmake)
[1.553s] -- Found rosidl_adapter: 3.1.6 (/opt/ros/humble/share/rosidl_adapter/cmake)
[1.553s] -- Found rosidl_generator_cpp: 3.1.6 (/opt/ros/humble/share/rosidl_generator_cpp/cmake)
[1.553s] -- Using all available rosidl_typesupport_c: rosidl_typesupport_fastrtps_c;rosidl_typesupport_introspection_c
[1.553s] -- Using all available rosidl_typesupport_cpp: rosidl_typesupport_fastrtps_cpp;rosidl_typesupport_introspection_cpp
[1.553s] -- Found geometry_msgs: 4.9.0 (/opt/ros/humble/share/geometry_msgs/cmake)
[1.553s] -- Found rosidl_default_generators: 1.2.0 (/opt/ros/humble/share/rosidl_default_generators/cmake)
[1.553s] -- Found ament_cmake_ros: 0.10.0 (/opt/ros/humble/share/ament_cmake_ros/cmake)
[2.046s] -- Using all available rosidl_typesupport_c: rosidl_typesupport_fastrtps_c;rosidl_typesupport_introspection_c
[2.471s] -- Using all available rosidl_typesupport_cpp: rosidl_typesupport_fastrtps_cpp;rosidl_typesupport_introspection_cpp
[2.543s] -- Found PythonInterp: /usr/bin/python3 (found suitable version "3.10.12", minimum required is "3.6") 
[2.548s] -- Found python_cmake_module: 0.10.0 (/opt/ros/humble/share/python_cmake_module/cmake)
[2.595s] -- Found PythonLibs: /usr/lib/x86_64-linux-gnu/libpython3.10.so (found suitable version "3.10.12", minimum required is "3.5") 
[2.602s] -- Using PYTHON_EXECUTABLE: /usr/bin/python3
[2.602s] -- Using PYTHON_INCLUDE_DIRS: /usr/include/python3.10
[2.602s] -- Using PYTHON_LIBRARIES: /usr/lib/x86_64-linux-gnu/libpython3.10.so
[2.648s] -- Found PythonExtra: .so  
[2.827s] -- Found ament_lint_auto: 0.12.12 (/opt/ros/humble/share/ament_lint_auto/cmake)
[2.867s] -- Added test 'copyright' to check source files copyright and LICENSE
[2.872s] -- Added test 'lint_cmake' to check CMake code style
[2.873s] -- Added test 'xmllint' to check XML markup files
[2.876s] -- Configuring done
[2.928s] -- Generating done
[2.954s] -- Build files have been written to: /home/lmz/armpiper/build/dynamixel_interfaces
[2.980s] Invoked command in '/home/lmz/armpiper/build/dynamixel_interfaces' returned '0': CMAKE_PREFIX_PATH=${CMAKE_PREFIX_PATH}:/home/lmz/armpiper/install/vla:/home/lmz/armpiper/install/interface:/home/lmz/armpiper/install/piper:/home/lmz/armpiper/install/leapsim:/home/lmz/armpiper/install/follow:/home/lmz/armpiper/install/arm_control_pkg:/opt/ros/humble /usr/bin/cmake /home/lmz/armpiper/src/dynamixel_interfaces -DAMENT_CMAKE_SYMLINK_INSTALL=1 -DCMAKE_INSTALL_PREFIX=/home/lmz/armpiper/install/dynamixel_interfaces
[2.981s] Invoking command in '/home/lmz/armpiper/build/dynamixel_interfaces': CMAKE_PREFIX_PATH=${CMAKE_PREFIX_PATH}:/home/lmz/armpiper/install/vla:/home/lmz/armpiper/install/interface:/home/lmz/armpiper/install/piper:/home/lmz/armpiper/install/leapsim:/home/lmz/armpiper/install/follow:/home/lmz/armpiper/install/arm_control_pkg:/opt/ros/humble /usr/bin/cmake --build /home/lmz/armpiper/build/dynamixel_interfaces -- -j16 -l16
[3.238s] [  1%] [34m[1mGenerating C code for ROS interfaces[0m
[3.238s] [  3%] [34m[1mGenerating C++ code for ROS interfaces[0m
[3.239s] [  3%] Built target ament_cmake_python_symlink_dynamixel_interfaces
[3.620s] running egg_info
[3.621s] creating dynamixel_interfaces.egg-info
[3.621s] writing dynamixel_interfaces.egg-info/PKG-INFO
[3.621s] writing dependency_links to dynamixel_interfaces.egg-info/dependency_links.txt
[3.622s] writing top-level names to dynamixel_interfaces.egg-info/top_level.txt
[3.622s] writing manifest file 'dynamixel_interfaces.egg-info/SOURCES.txt'
[3.628s] reading manifest file 'dynamixel_interfaces.egg-info/SOURCES.txt'
[3.629s] writing manifest file 'dynamixel_interfaces.egg-info/SOURCES.txt'
[3.713s] [  3%] Built target ament_cmake_python_build_dynamixel_interfaces_egg
[4.150s] [  5%] [32mBuilding C object CMakeFiles/dynamixel_interfaces__rosidl_generator_c.dir/rosidl_generator_c/dynamixel_interfaces/srv/detail/get_data_from_dxl__functions.c.o[0m
[4.153s] [  9%] [32mBuilding C object CMakeFiles/dynamixel_interfaces__rosidl_generator_c.dir/rosidl_generator_c/dynamixel_interfaces/srv/detail/reboot_dxl__functions.c.o[0m
[4.153s] [  9%] [32mBuilding C object CMakeFiles/dynamixel_interfaces__rosidl_generator_c.dir/rosidl_generator_c/dynamixel_interfaces/msg/detail/dynamixel_state__functions.c.o[0m
[4.154s] [ 10%] [32mBuilding C object CMakeFiles/dynamixel_interfaces__rosidl_generator_c.dir/rosidl_generator_c/dynamixel_interfaces/srv/detail/set_data_to_dxl__functions.c.o[0m
[4.226s] [ 10%] Built target dynamixel_interfaces__cpp
[4.270s] [ 12%] [34m[1mGenerating C++ type support dispatch for ROS interfaces[0m
[4.275s] [ 14%] [34m[1mGenerating C++ introspection for ROS interfaces[0m
[4.281s] [ 16%] [34m[1mGenerating C++ type support for eProsima Fast-RTPS[0m
[4.394s] [ 18%] [32m[1mLinking C shared library libdynamixel_interfaces__rosidl_generator_c.so[0m
[4.506s] [ 18%] Built target dynamixel_interfaces__rosidl_generator_c
[4.526s] [ 20%] [34m[1mGenerating C type support for eProsima Fast-RTPS[0m
[4.530s] [ 21%] [34m[1mGenerating C type support dispatch for ROS interfaces[0m
[4.538s] [ 23%] [34m[1mGenerating C introspection for ROS interfaces[0m
[4.966s] [ 25%] [32mBuilding CXX object CMakeFiles/dynamixel_interfaces__rosidl_typesupport_cpp.dir/rosidl_typesupport_cpp/dynamixel_interfaces/msg/dynamixel_state__type_support.cpp.o[0m
[4.967s] [ 27%] [32mBuilding CXX object CMakeFiles/dynamixel_interfaces__rosidl_typesupport_cpp.dir/rosidl_typesupport_cpp/dynamixel_interfaces/srv/set_data_to_dxl__type_support.cpp.o[0m
[4.973s] [ 29%] [32mBuilding CXX object CMakeFiles/dynamixel_interfaces__rosidl_typesupport_cpp.dir/rosidl_typesupport_cpp/dynamixel_interfaces/srv/get_data_from_dxl__type_support.cpp.o[0m
[4.980s] [ 30%] [32mBuilding CXX object CMakeFiles/dynamixel_interfaces__rosidl_typesupport_cpp.dir/rosidl_typesupport_cpp/dynamixel_interfaces/srv/reboot_dxl__type_support.cpp.o[0m
[5.123s] [ 32%] [32mBuilding CXX object CMakeFiles/dynamixel_interfaces__rosidl_typesupport_fastrtps_cpp.dir/rosidl_typesupport_fastrtps_cpp/dynamixel_interfaces/msg/detail/dds_fastrtps/dynamixel_state__type_support.cpp.o[0m
[5.132s] [ 34%] [32mBuilding CXX object CMakeFiles/dynamixel_interfaces__rosidl_typesupport_fastrtps_cpp.dir/rosidl_typesupport_fastrtps_cpp/dynamixel_interfaces/srv/detail/dds_fastrtps/set_data_to_dxl__type_support.cpp.o[0m
[5.135s] [ 36%] [32mBuilding CXX object CMakeFiles/dynamixel_interfaces__rosidl_typesupport_fastrtps_cpp.dir/rosidl_typesupport_fastrtps_cpp/dynamixel_interfaces/srv/detail/dds_fastrtps/reboot_dxl__type_support.cpp.o[0m
[5.135s] [ 38%] [32mBuilding CXX object CMakeFiles/dynamixel_interfaces__rosidl_typesupport_fastrtps_cpp.dir/rosidl_typesupport_fastrtps_cpp/dynamixel_interfaces/srv/detail/dds_fastrtps/get_data_from_dxl__type_support.cpp.o[0m
[5.149s] [ 40%] [32mBuilding CXX object CMakeFiles/dynamixel_interfaces__rosidl_typesupport_c.dir/rosidl_typesupport_c/dynamixel_interfaces/msg/dynamixel_state__type_support.cpp.o[0m
[5.157s] [ 41%] [32mBuilding CXX object CMakeFiles/dynamixel_interfaces__rosidl_typesupport_c.dir/rosidl_typesupport_c/dynamixel_interfaces/srv/get_data_from_dxl__type_support.cpp.o[0m
[5.158s] [ 43%] [32mBuilding CXX object CMakeFiles/dynamixel_interfaces__rosidl_typesupport_c.dir/rosidl_typesupport_c/dynamixel_interfaces/srv/set_data_to_dxl__type_support.cpp.o[0m
[5.170s] [ 45%] [32mBuilding CXX object CMakeFiles/dynamixel_interfaces__rosidl_typesupport_c.dir/rosidl_typesupport_c/dynamixel_interfaces/srv/reboot_dxl__type_support.cpp.o[0m
[5.253s] [ 47%] [32m[1mLinking CXX shared library libdynamixel_interfaces__rosidl_typesupport_c.so[0m
[5.271s] [ 49%] [32mBuilding CXX object CMakeFiles/dynamixel_interfaces__rosidl_typesupport_introspection_cpp.dir/rosidl_typesupport_introspection_cpp/dynamixel_interfaces/srv/detail/get_data_from_dxl__type_support.cpp.o[0m
[5.274s] [ 50%] [32mBuilding CXX object CMakeFiles/dynamixel_interfaces__rosidl_typesupport_introspection_cpp.dir/rosidl_typesupport_introspection_cpp/dynamixel_interfaces/msg/detail/dynamixel_state__type_support.cpp.o[0m
[5.276s] [ 52%] [32mBuilding CXX object CMakeFiles/dynamixel_interfaces__rosidl_typesupport_introspection_cpp.dir/rosidl_typesupport_introspection_cpp/dynamixel_interfaces/srv/detail/set_data_to_dxl__type_support.cpp.o[0m
[5.279s] [ 54%] [32mBuilding CXX object CMakeFiles/dynamixel_interfaces__rosidl_typesupport_introspection_cpp.dir/rosidl_typesupport_introspection_cpp/dynamixel_interfaces/srv/detail/reboot_dxl__type_support.cpp.o[0m
[5.332s] [ 54%] Built target dynamixel_interfaces__rosidl_typesupport_c
[5.409s] [ 56%] [32mBuilding C object CMakeFiles/dynamixel_interfaces__rosidl_typesupport_introspection_c.dir/rosidl_typesupport_introspection_c/dynamixel_interfaces/msg/detail/dynamixel_state__type_support.c.o[0m
[5.413s] [ 58%] [32mBuilding C object CMakeFiles/dynamixel_interfaces__rosidl_typesupport_introspection_c.dir/rosidl_typesupport_introspection_c/dynamixel_interfaces/srv/detail/get_data_from_dxl__type_support.c.o[0m
[5.421s] [ 60%] [32mBuilding C object CMakeFiles/dynamixel_interfaces__rosidl_typesupport_introspection_c.dir/rosidl_typesupport_introspection_c/dynamixel_interfaces/srv/detail/set_data_to_dxl__type_support.c.o[0m
[5.425s] [ 61%] [32mBuilding C object CMakeFiles/dynamixel_interfaces__rosidl_typesupport_introspection_c.dir/rosidl_typesupport_introspection_c/dynamixel_interfaces/srv/detail/reboot_dxl__type_support.c.o[0m
[5.457s] [ 63%] [32mBuilding CXX object CMakeFiles/dynamixel_interfaces__rosidl_typesupport_fastrtps_c.dir/rosidl_typesupport_fastrtps_c/dynamixel_interfaces/msg/detail/dynamixel_state__type_support_c.cpp.o[0m
[5.458s] [ 65%] [32mBuilding CXX object CMakeFiles/dynamixel_interfaces__rosidl_typesupport_fastrtps_c.dir/rosidl_typesupport_fastrtps_c/dynamixel_interfaces/srv/detail/get_data_from_dxl__type_support_c.cpp.o[0m
[5.463s] [ 67%] [32mBuilding CXX object CMakeFiles/dynamixel_interfaces__rosidl_typesupport_fastrtps_c.dir/rosidl_typesupport_fastrtps_c/dynamixel_interfaces/srv/detail/set_data_to_dxl__type_support_c.cpp.o[0m
[5.466s] [ 69%] [32m[1mLinking CXX shared library libdynamixel_interfaces__rosidl_typesupport_cpp.so[0m
[5.479s] [ 70%] [32mBuilding CXX object CMakeFiles/dynamixel_interfaces__rosidl_typesupport_fastrtps_c.dir/rosidl_typesupport_fastrtps_c/dynamixel_interfaces/srv/detail/reboot_dxl__type_support_c.cpp.o[0m
[5.507s] [ 72%] [32m[1mLinking C shared library libdynamixel_interfaces__rosidl_typesupport_introspection_c.so[0m
[5.568s] [ 72%] Built target dynamixel_interfaces__rosidl_typesupport_cpp
[5.584s] [ 72%] Built target dynamixel_interfaces__rosidl_typesupport_introspection_c
[5.875s] [ 74%] [32m[1mLinking CXX shared library libdynamixel_interfaces__rosidl_typesupport_fastrtps_cpp.so[0m
[5.878s] [ 76%] [32m[1mLinking CXX shared library libdynamixel_interfaces__rosidl_typesupport_introspection_cpp.so[0m
[5.940s] [ 78%] [32m[1mLinking CXX shared library libdynamixel_interfaces__rosidl_typesupport_fastrtps_c.so[0m
[5.965s] [ 78%] Built target dynamixel_interfaces__rosidl_typesupport_fastrtps_cpp
[5.966s] [ 78%] Built target dynamixel_interfaces__rosidl_typesupport_introspection_cpp
[6.017s] [ 78%] Built target dynamixel_interfaces__rosidl_typesupport_fastrtps_c
[6.037s] [ 78%] Built target dynamixel_interfaces
[6.058s] [ 80%] [34m[1mGenerating Python code for ROS interfaces[0m
[6.759s] [ 80%] Built target dynamixel_interfaces__py
[6.779s] [ 81%] [32mBuilding C object CMakeFiles/dynamixel_interfaces__rosidl_generator_py.dir/rosidl_generator_py/dynamixel_interfaces/msg/_dynamixel_state_s.c.o[0m
[6.781s] [ 83%] [32mBuilding C object CMakeFiles/dynamixel_interfaces__rosidl_generator_py.dir/rosidl_generator_py/dynamixel_interfaces/srv/_set_data_to_dxl_s.c.o[0m
[6.781s] [ 85%] [32mBuilding C object CMakeFiles/dynamixel_interfaces__rosidl_generator_py.dir/rosidl_generator_py/dynamixel_interfaces/srv/_reboot_dxl_s.c.o[0m
[6.783s] [ 87%] [32mBuilding C object CMakeFiles/dynamixel_interfaces__rosidl_generator_py.dir/rosidl_generator_py/dynamixel_interfaces/srv/_get_data_from_dxl_s.c.o[0m
[6.908s] [ 89%] [32m[1mLinking C shared library rosidl_generator_py/dynamixel_interfaces/libdynamixel_interfaces__rosidl_generator_py.so[0m
[6.946s] [ 89%] Built target dynamixel_interfaces__rosidl_generator_py
[6.962s] [ 90%] [32mBuilding C object CMakeFiles/dynamixel_interfaces__rosidl_typesupport_c__pyext.dir/rosidl_generator_py/dynamixel_interfaces/_dynamixel_interfaces_s.ep.rosidl_typesupport_c.c.o[0m
[6.967s] [ 92%] [32mBuilding C object CMakeFiles/dynamixel_interfaces__rosidl_typesupport_fastrtps_c__pyext.dir/rosidl_generator_py/dynamixel_interfaces/_dynamixel_interfaces_s.ep.rosidl_typesupport_fastrtps_c.c.o[0m
[6.968s] [ 94%] [32mBuilding C object CMakeFiles/dynamixel_interfaces__rosidl_typesupport_introspection_c__pyext.dir/rosidl_generator_py/dynamixel_interfaces/_dynamixel_interfaces_s.ep.rosidl_typesupport_introspection_c.c.o[0m
[7.044s] [ 96%] [32m[1mLinking C shared library rosidl_generator_py/dynamixel_interfaces/dynamixel_interfaces_s__rosidl_typesupport_c.cpython-310-x86_64-linux-gnu.so[0m
[7.090s] [ 98%] [32m[1mLinking C shared library rosidl_generator_py/dynamixel_interfaces/dynamixel_interfaces_s__rosidl_typesupport_fastrtps_c.cpython-310-x86_64-linux-gnu.so[0m
[7.092s] [ 98%] Built target dynamixel_interfaces__rosidl_typesupport_c__pyext
[7.102s] [100%] [32m[1mLinking C shared library rosidl_generator_py/dynamixel_interfaces/dynamixel_interfaces_s__rosidl_typesupport_introspection_c.cpython-310-x86_64-linux-gnu.so[0m
[7.123s] [100%] Built target dynamixel_interfaces__rosidl_typesupport_fastrtps_c__pyext
[7.140s] [100%] Built target dynamixel_interfaces__rosidl_typesupport_introspection_c__pyext
[7.157s] Invoked command in '/home/lmz/armpiper/build/dynamixel_interfaces' returned '0': CMAKE_PREFIX_PATH=${CMAKE_PREFIX_PATH}:/home/lmz/armpiper/install/vla:/home/lmz/armpiper/install/interface:/home/lmz/armpiper/install/piper:/home/lmz/armpiper/install/leapsim:/home/lmz/armpiper/install/follow:/home/lmz/armpiper/install/arm_control_pkg:/opt/ros/humble /usr/bin/cmake --build /home/lmz/armpiper/build/dynamixel_interfaces -- -j16 -l16
[7.159s] Invoking command in '/home/lmz/armpiper/build/dynamixel_interfaces': CMAKE_PREFIX_PATH=${CMAKE_PREFIX_PATH}:/home/lmz/armpiper/install/vla:/home/lmz/armpiper/install/interface:/home/lmz/armpiper/install/piper:/home/lmz/armpiper/install/leapsim:/home/lmz/armpiper/install/follow:/home/lmz/armpiper/install/arm_control_pkg:/opt/ros/humble /usr/bin/cmake --install /home/lmz/armpiper/build/dynamixel_interfaces
[7.164s] -- Install configuration: ""
[7.165s] -- Execute custom install script
[7.165s] -- Symlinking: /home/lmz/armpiper/install/dynamixel_interfaces/share/ament_index/resource_index/rosidl_interfaces/dynamixel_interfaces
[7.175s] -- Symlinking: /home/lmz/armpiper/install/dynamixel_interfaces/include/dynamixel_interfaces/dynamixel_interfaces/msg/detail/dynamixel_state__functions.h
[7.182s] -- Symlinking: /home/lmz/armpiper/install/dynamixel_interfaces/include/dynamixel_interfaces/dynamixel_interfaces/msg/detail/dynamixel_state__struct.h
[7.191s] -- Symlinking: /home/lmz/armpiper/install/dynamixel_interfaces/include/dynamixel_interfaces/dynamixel_interfaces/msg/detail/dynamixel_state__type_support.h
[7.199s] -- Symlinking: /home/lmz/armpiper/install/dynamixel_interfaces/include/dynamixel_interfaces/dynamixel_interfaces/msg/dynamixel_state.h
[7.209s] -- Symlinking: /home/lmz/armpiper/install/dynamixel_interfaces/include/dynamixel_interfaces/dynamixel_interfaces/msg/rosidl_generator_c__visibility_control.h
[7.217s] -- Symlinking: /home/lmz/armpiper/install/dynamixel_interfaces/include/dynamixel_interfaces/dynamixel_interfaces/srv/detail/get_data_from_dxl__functions.h
[7.225s] -- Symlinking: /home/lmz/armpiper/install/dynamixel_interfaces/include/dynamixel_interfaces/dynamixel_interfaces/srv/detail/get_data_from_dxl__struct.h
[7.232s] -- Symlinking: /home/lmz/armpiper/install/dynamixel_interfaces/include/dynamixel_interfaces/dynamixel_interfaces/srv/detail/get_data_from_dxl__type_support.h
[7.241s] -- Symlinking: /home/lmz/armpiper/install/dynamixel_interfaces/include/dynamixel_interfaces/dynamixel_interfaces/srv/detail/reboot_dxl__functions.h
[7.248s] -- Symlinking: /home/lmz/armpiper/install/dynamixel_interfaces/include/dynamixel_interfaces/dynamixel_interfaces/srv/detail/reboot_dxl__struct.h
[7.258s] -- Symlinking: /home/lmz/armpiper/install/dynamixel_interfaces/include/dynamixel_interfaces/dynamixel_interfaces/srv/detail/reboot_dxl__type_support.h
[7.268s] -- Symlinking: /home/lmz/armpiper/install/dynamixel_interfaces/include/dynamixel_interfaces/dynamixel_interfaces/srv/detail/set_data_to_dxl__functions.h
[7.277s] -- Symlinking: /home/lmz/armpiper/install/dynamixel_interfaces/include/dynamixel_interfaces/dynamixel_interfaces/srv/detail/set_data_to_dxl__struct.h
[7.284s] -- Symlinking: /home/lmz/armpiper/install/dynamixel_interfaces/include/dynamixel_interfaces/dynamixel_interfaces/srv/detail/set_data_to_dxl__type_support.h
[7.291s] -- Symlinking: /home/lmz/armpiper/install/dynamixel_interfaces/include/dynamixel_interfaces/dynamixel_interfaces/srv/get_data_from_dxl.h
[7.297s] -- Symlinking: /home/lmz/armpiper/install/dynamixel_interfaces/include/dynamixel_interfaces/dynamixel_interfaces/srv/reboot_dxl.h
[7.308s] -- Symlinking: /home/lmz/armpiper/install/dynamixel_interfaces/include/dynamixel_interfaces/dynamixel_interfaces/srv/set_data_to_dxl.h
[7.317s] -- Symlinking: /home/lmz/armpiper/install/dynamixel_interfaces/share/dynamixel_interfaces/environment/library_path.sh
[7.328s] -- Symlinking: /home/lmz/armpiper/install/dynamixel_interfaces/share/dynamixel_interfaces/environment/library_path.dsv
[7.337s] -- Symlinking: /home/lmz/armpiper/install/dynamixel_interfaces/include/dynamixel_interfaces/dynamixel_interfaces/msg/detail/dynamixel_state__rosidl_typesupport_fastrtps_c.h
[7.346s] -- Symlinking: /home/lmz/armpiper/install/dynamixel_interfaces/include/dynamixel_interfaces/dynamixel_interfaces/msg/rosidl_typesupport_fastrtps_c__visibility_control.h
[7.357s] -- Symlinking: /home/lmz/armpiper/install/dynamixel_interfaces/include/dynamixel_interfaces/dynamixel_interfaces/srv/detail/get_data_from_dxl__rosidl_typesupport_fastrtps_c.h
[7.365s] -- Symlinking: /home/lmz/armpiper/install/dynamixel_interfaces/include/dynamixel_interfaces/dynamixel_interfaces/srv/detail/reboot_dxl__rosidl_typesupport_fastrtps_c.h
[7.378s] -- Symlinking: /home/lmz/armpiper/install/dynamixel_interfaces/include/dynamixel_interfaces/dynamixel_interfaces/srv/detail/set_data_to_dxl__rosidl_typesupport_fastrtps_c.h
[7.388s] -- Symlinking: /home/lmz/armpiper/install/dynamixel_interfaces/include/dynamixel_interfaces/dynamixel_interfaces/msg/detail/dynamixel_state__builder.hpp
[7.398s] -- Symlinking: /home/lmz/armpiper/install/dynamixel_interfaces/include/dynamixel_interfaces/dynamixel_interfaces/msg/detail/dynamixel_state__struct.hpp
[7.409s] -- Symlinking: /home/lmz/armpiper/install/dynamixel_interfaces/include/dynamixel_interfaces/dynamixel_interfaces/msg/detail/dynamixel_state__traits.hpp
[7.417s] -- Symlinking: /home/lmz/armpiper/install/dynamixel_interfaces/include/dynamixel_interfaces/dynamixel_interfaces/msg/detail/dynamixel_state__type_support.hpp
[7.427s] -- Symlinking: /home/lmz/armpiper/install/dynamixel_interfaces/include/dynamixel_interfaces/dynamixel_interfaces/msg/dynamixel_state.hpp
[7.436s] -- Symlinking: /home/lmz/armpiper/install/dynamixel_interfaces/include/dynamixel_interfaces/dynamixel_interfaces/msg/rosidl_generator_cpp__visibility_control.hpp
[7.446s] -- Symlinking: /home/lmz/armpiper/install/dynamixel_interfaces/include/dynamixel_interfaces/dynamixel_interfaces/srv/detail/get_data_from_dxl__builder.hpp
[7.454s] -- Symlinking: /home/lmz/armpiper/install/dynamixel_interfaces/include/dynamixel_interfaces/dynamixel_interfaces/srv/detail/get_data_from_dxl__struct.hpp
[7.464s] -- Symlinking: /home/lmz/armpiper/install/dynamixel_interfaces/include/dynamixel_interfaces/dynamixel_interfaces/srv/detail/get_data_from_dxl__traits.hpp
[7.472s] -- Symlinking: /home/lmz/armpiper/install/dynamixel_interfaces/include/dynamixel_interfaces/dynamixel_interfaces/srv/detail/get_data_from_dxl__type_support.hpp
[7.482s] -- Symlinking: /home/lmz/armpiper/install/dynamixel_interfaces/include/dynamixel_interfaces/dynamixel_interfaces/srv/detail/reboot_dxl__builder.hpp
[7.492s] -- Symlinking: /home/lmz/armpiper/install/dynamixel_interfaces/include/dynamixel_interfaces/dynamixel_interfaces/srv/detail/reboot_dxl__struct.hpp
[7.499s] -- Symlinking: /home/lmz/armpiper/install/dynamixel_interfaces/include/dynamixel_interfaces/dynamixel_interfaces/srv/detail/reboot_dxl__traits.hpp
[7.506s] -- Symlinking: /home/lmz/armpiper/install/dynamixel_interfaces/include/dynamixel_interfaces/dynamixel_interfaces/srv/detail/reboot_dxl__type_support.hpp
[7.514s] -- Symlinking: /home/lmz/armpiper/install/dynamixel_interfaces/include/dynamixel_interfaces/dynamixel_interfaces/srv/detail/set_data_to_dxl__builder.hpp
[7.524s] -- Symlinking: /home/lmz/armpiper/install/dynamixel_interfaces/include/dynamixel_interfaces/dynamixel_interfaces/srv/detail/set_data_to_dxl__struct.hpp
[7.535s] -- Symlinking: /home/lmz/armpiper/install/dynamixel_interfaces/include/dynamixel_interfaces/dynamixel_interfaces/srv/detail/set_data_to_dxl__traits.hpp
[7.545s] -- Symlinking: /home/lmz/armpiper/install/dynamixel_interfaces/include/dynamixel_interfaces/dynamixel_interfaces/srv/detail/set_data_to_dxl__type_support.hpp
[7.555s] -- Symlinking: /home/lmz/armpiper/install/dynamixel_interfaces/include/dynamixel_interfaces/dynamixel_interfaces/srv/get_data_from_dxl.hpp
[7.563s] -- Symlinking: /home/lmz/armpiper/install/dynamixel_interfaces/include/dynamixel_interfaces/dynamixel_interfaces/srv/reboot_dxl.hpp
[7.571s] -- Symlinking: /home/lmz/armpiper/install/dynamixel_interfaces/include/dynamixel_interfaces/dynamixel_interfaces/srv/set_data_to_dxl.hpp
[7.580s] -- Symlinking: /home/lmz/armpiper/install/dynamixel_interfaces/include/dynamixel_interfaces/dynamixel_interfaces/msg/detail/dynamixel_state__rosidl_typesupport_fastrtps_cpp.hpp
[7.588s] -- Symlinking: /home/lmz/armpiper/install/dynamixel_interfaces/include/dynamixel_interfaces/dynamixel_interfaces/msg/rosidl_typesupport_fastrtps_cpp__visibility_control.h
[7.595s] -- Symlinking: /home/lmz/armpiper/install/dynamixel_interfaces/include/dynamixel_interfaces/dynamixel_interfaces/srv/detail/get_data_from_dxl__rosidl_typesupport_fastrtps_cpp.hpp
[7.605s] -- Symlinking: /home/lmz/armpiper/install/dynamixel_interfaces/include/dynamixel_interfaces/dynamixel_interfaces/srv/detail/reboot_dxl__rosidl_typesupport_fastrtps_cpp.hpp
[7.616s] -- Symlinking: /home/lmz/armpiper/install/dynamixel_interfaces/include/dynamixel_interfaces/dynamixel_interfaces/srv/detail/set_data_to_dxl__rosidl_typesupport_fastrtps_cpp.hpp
[7.626s] -- Symlinking: /home/lmz/armpiper/install/dynamixel_interfaces/include/dynamixel_interfaces/dynamixel_interfaces/msg/detail/dynamixel_state__rosidl_typesupport_introspection_c.h
[7.636s] -- Symlinking: /home/lmz/armpiper/install/dynamixel_interfaces/include/dynamixel_interfaces/dynamixel_interfaces/msg/rosidl_typesupport_introspection_c__visibility_control.h
[7.643s] -- Symlinking: /home/lmz/armpiper/install/dynamixel_interfaces/include/dynamixel_interfaces/dynamixel_interfaces/srv/detail/get_data_from_dxl__rosidl_typesupport_introspection_c.h
[7.654s] -- Symlinking: /home/lmz/armpiper/install/dynamixel_interfaces/include/dynamixel_interfaces/dynamixel_interfaces/srv/detail/reboot_dxl__rosidl_typesupport_introspection_c.h
[7.664s] -- Symlinking: /home/lmz/armpiper/install/dynamixel_interfaces/include/dynamixel_interfaces/dynamixel_interfaces/srv/detail/set_data_to_dxl__rosidl_typesupport_introspection_c.h
[7.675s] -- Symlinking: /home/lmz/armpiper/install/dynamixel_interfaces/include/dynamixel_interfaces/dynamixel_interfaces/msg/detail/dynamixel_state__rosidl_typesupport_introspection_cpp.hpp
[7.686s] -- Symlinking: /home/lmz/armpiper/install/dynamixel_interfaces/include/dynamixel_interfaces/dynamixel_interfaces/srv/detail/get_data_from_dxl__rosidl_typesupport_introspection_cpp.hpp
[7.693s] -- Symlinking: /home/lmz/armpiper/install/dynamixel_interfaces/include/dynamixel_interfaces/dynamixel_interfaces/srv/detail/reboot_dxl__rosidl_typesupport_introspection_cpp.hpp
[7.702s] -- Symlinking: /home/lmz/armpiper/install/dynamixel_interfaces/include/dynamixel_interfaces/dynamixel_interfaces/srv/detail/set_data_to_dxl__rosidl_typesupport_introspection_cpp.hpp
[7.709s] -- Symlinking: /home/lmz/armpiper/install/dynamixel_interfaces/share/dynamixel_interfaces/environment/pythonpath.sh
[7.719s] -- Symlinking: /home/lmz/armpiper/install/dynamixel_interfaces/share/dynamixel_interfaces/environment/pythonpath.dsv
[7.729s] -- Symlinking: /home/lmz/armpiper/install/dynamixel_interfaces/local/lib/python3.10/dist-packages/dynamixel_interfaces-1.0.1-py3.10.egg-info/PKG-INFO
[7.738s] -- Symlinking: /home/lmz/armpiper/install/dynamixel_interfaces/local/lib/python3.10/dist-packages/dynamixel_interfaces-1.0.1-py3.10.egg-info/SOURCES.txt
[7.749s] -- Symlinking: /home/lmz/armpiper/install/dynamixel_interfaces/local/lib/python3.10/dist-packages/dynamixel_interfaces-1.0.1-py3.10.egg-info/dependency_links.txt
[7.759s] -- Symlinking: /home/lmz/armpiper/install/dynamixel_interfaces/local/lib/python3.10/dist-packages/dynamixel_interfaces-1.0.1-py3.10.egg-info/top_level.txt
[7.768s] -- Symlinking: /home/lmz/armpiper/install/dynamixel_interfaces/local/lib/python3.10/dist-packages/dynamixel_interfaces/__init__.py
[7.779s] -- Symlinking: /home/lmz/armpiper/install/dynamixel_interfaces/local/lib/python3.10/dist-packages/dynamixel_interfaces/_dynamixel_interfaces_s.ep.rosidl_typesupport_c.c
[7.789s] -- Symlinking: /home/lmz/armpiper/install/dynamixel_interfaces/local/lib/python3.10/dist-packages/dynamixel_interfaces/_dynamixel_interfaces_s.ep.rosidl_typesupport_fastrtps_c.c
[7.800s] -- Symlinking: /home/lmz/armpiper/install/dynamixel_interfaces/local/lib/python3.10/dist-packages/dynamixel_interfaces/_dynamixel_interfaces_s.ep.rosidl_typesupport_introspection_c.c
[7.811s] -- Symlinking: /home/lmz/armpiper/install/dynamixel_interfaces/local/lib/python3.10/dist-packages/dynamixel_interfaces/dynamixel_interfaces_s__rosidl_typesupport_c.cpython-310-x86_64-linux-gnu.so
[7.821s] -- Symlinking: /home/lmz/armpiper/install/dynamixel_interfaces/local/lib/python3.10/dist-packages/dynamixel_interfaces/dynamixel_interfaces_s__rosidl_typesupport_fastrtps_c.cpython-310-x86_64-linux-gnu.so
[7.831s] -- Symlinking: /home/lmz/armpiper/install/dynamixel_interfaces/local/lib/python3.10/dist-packages/dynamixel_interfaces/dynamixel_interfaces_s__rosidl_typesupport_introspection_c.cpython-310-x86_64-linux-gnu.so
[7.840s] -- Symlinking: /home/lmz/armpiper/install/dynamixel_interfaces/local/lib/python3.10/dist-packages/dynamixel_interfaces/libdynamixel_interfaces__rosidl_generator_py.so
[7.848s] -- Symlinking: /home/lmz/armpiper/install/dynamixel_interfaces/local/lib/python3.10/dist-packages/dynamixel_interfaces/msg/__init__.py
[7.858s] -- Symlinking: /home/lmz/armpiper/install/dynamixel_interfaces/local/lib/python3.10/dist-packages/dynamixel_interfaces/msg/_dynamixel_state.py
[7.866s] -- Symlinking: /home/lmz/armpiper/install/dynamixel_interfaces/local/lib/python3.10/dist-packages/dynamixel_interfaces/msg/_dynamixel_state_s.c
[7.876s] -- Symlinking: /home/lmz/armpiper/install/dynamixel_interfaces/local/lib/python3.10/dist-packages/dynamixel_interfaces/srv/__init__.py
[7.883s] -- Symlinking: /home/lmz/armpiper/install/dynamixel_interfaces/local/lib/python3.10/dist-packages/dynamixel_interfaces/srv/_get_data_from_dxl.py
[7.892s] -- Symlinking: /home/lmz/armpiper/install/dynamixel_interfaces/local/lib/python3.10/dist-packages/dynamixel_interfaces/srv/_get_data_from_dxl_s.c
[7.903s] -- Symlinking: /home/lmz/armpiper/install/dynamixel_interfaces/local/lib/python3.10/dist-packages/dynamixel_interfaces/srv/_reboot_dxl.py
[7.913s] -- Symlinking: /home/lmz/armpiper/install/dynamixel_interfaces/local/lib/python3.10/dist-packages/dynamixel_interfaces/srv/_reboot_dxl_s.c
[7.921s] -- Symlinking: /home/lmz/armpiper/install/dynamixel_interfaces/local/lib/python3.10/dist-packages/dynamixel_interfaces/srv/_set_data_to_dxl.py
[7.928s] -- Symlinking: /home/lmz/armpiper/install/dynamixel_interfaces/local/lib/python3.10/dist-packages/dynamixel_interfaces/srv/_set_data_to_dxl_s.c
[7.934s] -- Up-to-date symlink: /home/lmz/armpiper/install/dynamixel_interfaces/local/lib/python3.10/dist-packages/dynamixel_interfaces/dynamixel_interfaces_s__rosidl_typesupport_fastrtps_c.cpython-310-x86_64-linux-gnu.so
[7.934s] -- Up-to-date symlink: /home/lmz/armpiper/install/dynamixel_interfaces/local/lib/python3.10/dist-packages/dynamixel_interfaces/dynamixel_interfaces_s__rosidl_typesupport_introspection_c.cpython-310-x86_64-linux-gnu.so
[7.934s] -- Up-to-date symlink: /home/lmz/armpiper/install/dynamixel_interfaces/local/lib/python3.10/dist-packages/dynamixel_interfaces/dynamixel_interfaces_s__rosidl_typesupport_c.cpython-310-x86_64-linux-gnu.so
[7.935s] -- Symlinking: /home/lmz/armpiper/install/dynamixel_interfaces/share/dynamixel_interfaces/msg/DynamixelState.idl
[7.941s] -- Symlinking: /home/lmz/armpiper/install/dynamixel_interfaces/share/dynamixel_interfaces/srv/GetDataFromDxl.idl
[7.952s] -- Symlinking: /home/lmz/armpiper/install/dynamixel_interfaces/share/dynamixel_interfaces/srv/SetDataToDxl.idl
[7.962s] -- Symlinking: /home/lmz/armpiper/install/dynamixel_interfaces/share/dynamixel_interfaces/srv/RebootDxl.idl
[7.969s] -- Symlinking: /home/lmz/armpiper/install/dynamixel_interfaces/share/dynamixel_interfaces/msg/DynamixelState.msg
[7.975s] -- Symlinking: /home/lmz/armpiper/install/dynamixel_interfaces/share/dynamixel_interfaces/srv/GetDataFromDxl.srv
[7.982s] -- Symlinking: /home/lmz/armpiper/install/dynamixel_interfaces/share/dynamixel_interfaces/srv/GetDataFromDxl_Request.msg
[7.991s] -- Symlinking: /home/lmz/armpiper/install/dynamixel_interfaces/share/dynamixel_interfaces/srv/GetDataFromDxl_Response.msg
[8.001s] -- Symlinking: /home/lmz/armpiper/install/dynamixel_interfaces/share/dynamixel_interfaces/srv/SetDataToDxl.srv
[8.008s] -- Symlinking: /home/lmz/armpiper/install/dynamixel_interfaces/share/dynamixel_interfaces/srv/SetDataToDxl_Request.msg
[8.017s] -- Symlinking: /home/lmz/armpiper/install/dynamixel_interfaces/share/dynamixel_interfaces/srv/SetDataToDxl_Response.msg
[8.027s] -- Symlinking: /home/lmz/armpiper/install/dynamixel_interfaces/share/dynamixel_interfaces/srv/RebootDxl.srv
[8.034s] -- Symlinking: /home/lmz/armpiper/install/dynamixel_interfaces/share/dynamixel_interfaces/srv/RebootDxl_Request.msg
[8.041s] -- Symlinking: /home/lmz/armpiper/install/dynamixel_interfaces/share/dynamixel_interfaces/srv/RebootDxl_Response.msg
[8.049s] -- Symlinking: /home/lmz/armpiper/install/dynamixel_interfaces/share/ament_index/resource_index/package_run_dependencies/dynamixel_interfaces
[8.060s] -- Symlinking: /home/lmz/armpiper/install/dynamixel_interfaces/share/ament_index/resource_index/parent_prefix_path/dynamixel_interfaces
[8.066s] -- Symlinking: /home/lmz/armpiper/install/dynamixel_interfaces/share/dynamixel_interfaces/environment/ament_prefix_path.sh
[8.073s] -- Symlinking: /home/lmz/armpiper/install/dynamixel_interfaces/share/dynamixel_interfaces/environment/ament_prefix_path.dsv
[8.081s] -- Symlinking: /home/lmz/armpiper/install/dynamixel_interfaces/share/dynamixel_interfaces/environment/path.sh
[8.088s] -- Symlinking: /home/lmz/armpiper/install/dynamixel_interfaces/share/dynamixel_interfaces/environment/path.dsv
[8.099s] -- Symlinking: /home/lmz/armpiper/install/dynamixel_interfaces/share/dynamixel_interfaces/local_setup.bash
[8.111s] -- Symlinking: /home/lmz/armpiper/install/dynamixel_interfaces/share/dynamixel_interfaces/local_setup.sh
[8.120s] -- Symlinking: /home/lmz/armpiper/install/dynamixel_interfaces/share/dynamixel_interfaces/local_setup.zsh
[8.131s] -- Symlinking: /home/lmz/armpiper/install/dynamixel_interfaces/share/dynamixel_interfaces/local_setup.dsv
[8.141s] -- Symlinking: /home/lmz/armpiper/install/dynamixel_interfaces/share/dynamixel_interfaces/package.dsv
[8.152s] -- Symlinking: /home/lmz/armpiper/install/dynamixel_interfaces/share/ament_index/resource_index/packages/dynamixel_interfaces
[8.159s] -- Symlinking: /home/lmz/armpiper/install/dynamixel_interfaces/share/dynamixel_interfaces/cmake/rosidl_cmake-extras.cmake
[8.169s] -- Symlinking: /home/lmz/armpiper/install/dynamixel_interfaces/share/dynamixel_interfaces/cmake/ament_cmake_export_dependencies-extras.cmake
[8.176s] -- Symlinking: /home/lmz/armpiper/install/dynamixel_interfaces/share/dynamixel_interfaces/cmake/ament_cmake_export_include_directories-extras.cmake
[8.185s] -- Symlinking: /home/lmz/armpiper/install/dynamixel_interfaces/share/dynamixel_interfaces/cmake/ament_cmake_export_libraries-extras.cmake
[8.194s] -- Symlinking: /home/lmz/armpiper/install/dynamixel_interfaces/share/dynamixel_interfaces/cmake/ament_cmake_export_targets-extras.cmake
[8.203s] -- Symlinking: /home/lmz/armpiper/install/dynamixel_interfaces/share/dynamixel_interfaces/cmake/rosidl_cmake_export_typesupport_targets-extras.cmake
[8.213s] -- Symlinking: /home/lmz/armpiper/install/dynamixel_interfaces/share/dynamixel_interfaces/cmake/rosidl_cmake_export_typesupport_libraries-extras.cmake
[8.223s] -- Symlinking: /home/lmz/armpiper/install/dynamixel_interfaces/share/dynamixel_interfaces/cmake/dynamixel_interfacesConfig.cmake
[8.233s] -- Symlinking: /home/lmz/armpiper/install/dynamixel_interfaces/share/dynamixel_interfaces/cmake/dynamixel_interfacesConfig-version.cmake
[8.244s] -- Symlinking: /home/lmz/armpiper/install/dynamixel_interfaces/share/dynamixel_interfaces/package.xml
[8.254s] -- Installing: /home/lmz/armpiper/install/dynamixel_interfaces/lib/libdynamixel_interfaces__rosidl_generator_c.so
[8.254s] -- Set runtime path of "/home/lmz/armpiper/install/dynamixel_interfaces/lib/libdynamixel_interfaces__rosidl_generator_c.so" to ""
[8.254s] -- Installing: /home/lmz/armpiper/install/dynamixel_interfaces/lib/libdynamixel_interfaces__rosidl_typesupport_fastrtps_c.so
[8.255s] -- Set runtime path of "/home/lmz/armpiper/install/dynamixel_interfaces/lib/libdynamixel_interfaces__rosidl_typesupport_fastrtps_c.so" to ""
[8.255s] -- Installing: /home/lmz/armpiper/install/dynamixel_interfaces/lib/libdynamixel_interfaces__rosidl_typesupport_fastrtps_cpp.so
[8.255s] -- Set runtime path of "/home/lmz/armpiper/install/dynamixel_interfaces/lib/libdynamixel_interfaces__rosidl_typesupport_fastrtps_cpp.so" to ""
[8.255s] -- Installing: /home/lmz/armpiper/install/dynamixel_interfaces/lib/libdynamixel_interfaces__rosidl_typesupport_introspection_c.so
[8.255s] -- Set runtime path of "/home/lmz/armpiper/install/dynamixel_interfaces/lib/libdynamixel_interfaces__rosidl_typesupport_introspection_c.so" to ""
[8.256s] -- Installing: /home/lmz/armpiper/install/dynamixel_interfaces/lib/libdynamixel_interfaces__rosidl_typesupport_c.so
[8.256s] -- Set runtime path of "/home/lmz/armpiper/install/dynamixel_interfaces/lib/libdynamixel_interfaces__rosidl_typesupport_c.so" to ""
[8.256s] -- Installing: /home/lmz/armpiper/install/dynamixel_interfaces/lib/libdynamixel_interfaces__rosidl_typesupport_introspection_cpp.so
[8.256s] -- Set runtime path of "/home/lmz/armpiper/install/dynamixel_interfaces/lib/libdynamixel_interfaces__rosidl_typesupport_introspection_cpp.so" to ""
[8.257s] -- Installing: /home/lmz/armpiper/install/dynamixel_interfaces/lib/libdynamixel_interfaces__rosidl_typesupport_cpp.so
[8.257s] -- Set runtime path of "/home/lmz/armpiper/install/dynamixel_interfaces/lib/libdynamixel_interfaces__rosidl_typesupport_cpp.so" to ""
[8.317s] Listing '/home/lmz/armpiper/install/dynamixel_interfaces/local/lib/python3.10/dist-packages/dynamixel_interfaces'...
[8.318s] Compiling '/home/lmz/armpiper/install/dynamixel_interfaces/local/lib/python3.10/dist-packages/dynamixel_interfaces/__init__.py'...
[8.318s] Listing '/home/lmz/armpiper/install/dynamixel_interfaces/local/lib/python3.10/dist-packages/dynamixel_interfaces/msg'...
[8.318s] Compiling '/home/lmz/armpiper/install/dynamixel_interfaces/local/lib/python3.10/dist-packages/dynamixel_interfaces/msg/__init__.py'...
[8.318s] Compiling '/home/lmz/armpiper/install/dynamixel_interfaces/local/lib/python3.10/dist-packages/dynamixel_interfaces/msg/_dynamixel_state.py'...
[8.318s] Listing '/home/lmz/armpiper/install/dynamixel_interfaces/local/lib/python3.10/dist-packages/dynamixel_interfaces/srv'...
[8.318s] Compiling '/home/lmz/armpiper/install/dynamixel_interfaces/local/lib/python3.10/dist-packages/dynamixel_interfaces/srv/__init__.py'...
[8.319s] Compiling '/home/lmz/armpiper/install/dynamixel_interfaces/local/lib/python3.10/dist-packages/dynamixel_interfaces/srv/_get_data_from_dxl.py'...
[8.319s] Compiling '/home/lmz/armpiper/install/dynamixel_interfaces/local/lib/python3.10/dist-packages/dynamixel_interfaces/srv/_reboot_dxl.py'...
[8.319s] Compiling '/home/lmz/armpiper/install/dynamixel_interfaces/local/lib/python3.10/dist-packages/dynamixel_interfaces/srv/_set_data_to_dxl.py'...
[8.324s] -- Installing: /home/lmz/armpiper/install/dynamixel_interfaces/lib/libdynamixel_interfaces__rosidl_generator_py.so
[8.324s] -- Set runtime path of "/home/lmz/armpiper/install/dynamixel_interfaces/lib/libdynamixel_interfaces__rosidl_generator_py.so" to ""
[8.324s] -- Installing: /home/lmz/armpiper/install/dynamixel_interfaces/share/dynamixel_interfaces/cmake/export_dynamixel_interfaces__rosidl_generator_cExport.cmake
[8.325s] -- Installing: /home/lmz/armpiper/install/dynamixel_interfaces/share/dynamixel_interfaces/cmake/export_dynamixel_interfaces__rosidl_generator_cExport-noconfig.cmake
[8.325s] -- Installing: /home/lmz/armpiper/install/dynamixel_interfaces/share/dynamixel_interfaces/cmake/export_dynamixel_interfaces__rosidl_typesupport_fastrtps_cExport.cmake
[8.326s] -- Installing: /home/lmz/armpiper/install/dynamixel_interfaces/share/dynamixel_interfaces/cmake/export_dynamixel_interfaces__rosidl_typesupport_fastrtps_cExport-noconfig.cmake
[8.326s] -- Installing: /home/lmz/armpiper/install/dynamixel_interfaces/share/dynamixel_interfaces/cmake/export_dynamixel_interfaces__rosidl_generator_cppExport.cmake
[8.326s] -- Installing: /home/lmz/armpiper/install/dynamixel_interfaces/share/dynamixel_interfaces/cmake/export_dynamixel_interfaces__rosidl_typesupport_fastrtps_cppExport.cmake
[8.326s] -- Installing: /home/lmz/armpiper/install/dynamixel_interfaces/share/dynamixel_interfaces/cmake/export_dynamixel_interfaces__rosidl_typesupport_fastrtps_cppExport-noconfig.cmake
[8.327s] -- Installing: /home/lmz/armpiper/install/dynamixel_interfaces/share/dynamixel_interfaces/cmake/dynamixel_interfaces__rosidl_typesupport_introspection_cExport.cmake
[8.327s] -- Installing: /home/lmz/armpiper/install/dynamixel_interfaces/share/dynamixel_interfaces/cmake/dynamixel_interfaces__rosidl_typesupport_introspection_cExport-noconfig.cmake
[8.327s] -- Installing: /home/lmz/armpiper/install/dynamixel_interfaces/share/dynamixel_interfaces/cmake/dynamixel_interfaces__rosidl_typesupport_cExport.cmake
[8.327s] -- Installing: /home/lmz/armpiper/install/dynamixel_interfaces/share/dynamixel_interfaces/cmake/dynamixel_interfaces__rosidl_typesupport_cExport-noconfig.cmake
[8.327s] -- Installing: /home/lmz/armpiper/install/dynamixel_interfaces/share/dynamixel_interfaces/cmake/dynamixel_interfaces__rosidl_typesupport_introspection_cppExport.cmake
[8.327s] -- Installing: /home/lmz/armpiper/install/dynamixel_interfaces/share/dynamixel_interfaces/cmake/dynamixel_interfaces__rosidl_typesupport_introspection_cppExport-noconfig.cmake
[8.327s] -- Installing: /home/lmz/armpiper/install/dynamixel_interfaces/share/dynamixel_interfaces/cmake/dynamixel_interfaces__rosidl_typesupport_cppExport.cmake
[8.327s] -- Installing: /home/lmz/armpiper/install/dynamixel_interfaces/share/dynamixel_interfaces/cmake/dynamixel_interfaces__rosidl_typesupport_cppExport-noconfig.cmake
[8.327s] -- Installing: /home/lmz/armpiper/install/dynamixel_interfaces/share/dynamixel_interfaces/cmake/export_dynamixel_interfaces__rosidl_generator_pyExport.cmake
[8.327s] -- Installing: /home/lmz/armpiper/install/dynamixel_interfaces/share/dynamixel_interfaces/cmake/export_dynamixel_interfaces__rosidl_generator_pyExport-noconfig.cmake
[8.334s] Invoked command in '/home/lmz/armpiper/build/dynamixel_interfaces' returned '0': CMAKE_PREFIX_PATH=${CMAKE_PREFIX_PATH}:/home/lmz/armpiper/install/vla:/home/lmz/armpiper/install/interface:/home/lmz/armpiper/install/piper:/home/lmz/armpiper/install/leapsim:/home/lmz/armpiper/install/follow:/home/lmz/armpiper/install/arm_control_pkg:/opt/ros/humble /usr/bin/cmake --install /home/lmz/armpiper/build/dynamixel_interfaces
