[0.038s] Invoking command in '/home/lmz/armpiper/build/open_manipulator_x_description': CMAKE_PREFIX_PATH=${CMAKE_PREFIX_PATH}:/home/lmz/armpiper/install/vla:/home/lmz/armpiper/install/interface:/home/lmz/armpiper/install/piper:/home/lmz/armpiper/install/leapsim:/home/lmz/armpiper/install/follow:/home/lmz/armpiper/install/arm_control_pkg:/opt/ros/humble /usr/bin/cmake /home/lmz/armpiper/src/open_manipulator/open_manipulator_x_description -DAMENT_CMAKE_SYMLINK_INSTALL=1 -DCMAKE_INSTALL_PREFIX=/home/lmz/armpiper/install/open_manipulator_x_description
[1.132s] -- The C compiler identification is GNU 11.4.0
[1.132s] -- The CXX compiler identification is GNU 11.4.0
[1.132s] -- Detecting C compiler ABI info
[1.132s] -- Detecting C compiler ABI info - done
[1.132s] -- Check for working C compiler: /usr/bin/cc - skipped
[1.132s] -- Detecting C compile features
[1.132s] -- Detecting C compile features - done
[1.132s] -- Detecting CXX compiler ABI info
[1.132s] -- Detecting CXX compiler ABI info - done
[1.132s] -- Check for working CXX compiler: /usr/bin/c++ - skipped
[1.133s] -- Detecting CXX compile features
[1.133s] -- Detecting CXX compile features - done
[1.133s] -- Found ament_cmake: 1.3.11 (/opt/ros/humble/share/ament_cmake/cmake)
[1.133s] -- Found Python3: /usr/bin/python3 (found version "3.10.12") found components: Interpreter 
[1.133s] -- Override CMake install command with custom implementation using symlinks instead of copying resources
[1.133s] -- Configuring done
[1.133s] -- Generating done
[1.133s] -- Build files have been written to: /home/lmz/armpiper/build/open_manipulator_x_description
[1.438s] Invoked command in '/home/lmz/armpiper/build/open_manipulator_x_description' returned '0': CMAKE_PREFIX_PATH=${CMAKE_PREFIX_PATH}:/home/lmz/armpiper/install/vla:/home/lmz/armpiper/install/interface:/home/lmz/armpiper/install/piper:/home/lmz/armpiper/install/leapsim:/home/lmz/armpiper/install/follow:/home/lmz/armpiper/install/arm_control_pkg:/opt/ros/humble /usr/bin/cmake /home/lmz/armpiper/src/open_manipulator/open_manipulator_x_description -DAMENT_CMAKE_SYMLINK_INSTALL=1 -DCMAKE_INSTALL_PREFIX=/home/lmz/armpiper/install/open_manipulator_x_description
[1.440s] Invoking command in '/home/lmz/armpiper/build/open_manipulator_x_description': CMAKE_PREFIX_PATH=${CMAKE_PREFIX_PATH}:/home/lmz/armpiper/install/vla:/home/lmz/armpiper/install/interface:/home/lmz/armpiper/install/piper:/home/lmz/armpiper/install/leapsim:/home/lmz/armpiper/install/follow:/home/lmz/armpiper/install/arm_control_pkg:/opt/ros/humble /usr/bin/cmake --build /home/lmz/armpiper/build/open_manipulator_x_description -- -j16 -l16
[1.478s] Invoked command in '/home/lmz/armpiper/build/open_manipulator_x_description' returned '0': CMAKE_PREFIX_PATH=${CMAKE_PREFIX_PATH}:/home/lmz/armpiper/install/vla:/home/lmz/armpiper/install/interface:/home/lmz/armpiper/install/piper:/home/lmz/armpiper/install/leapsim:/home/lmz/armpiper/install/follow:/home/lmz/armpiper/install/arm_control_pkg:/opt/ros/humble /usr/bin/cmake --build /home/lmz/armpiper/build/open_manipulator_x_description -- -j16 -l16
[1.491s] Invoking command in '/home/lmz/armpiper/build/open_manipulator_x_description': CMAKE_PREFIX_PATH=${CMAKE_PREFIX_PATH}:/home/lmz/armpiper/install/vla:/home/lmz/armpiper/install/interface:/home/lmz/armpiper/install/piper:/home/lmz/armpiper/install/leapsim:/home/lmz/armpiper/install/follow:/home/lmz/armpiper/install/arm_control_pkg:/opt/ros/humble /usr/bin/cmake --install /home/lmz/armpiper/build/open_manipulator_x_description
[1.510s] -- Install configuration: ""
[1.511s] -- Execute custom install script
[1.512s] -- Symlinking: /home/lmz/armpiper/install/open_manipulator_x_description/share/open_manipulator_x_description/launch/model.launch.py
[1.531s] -- Symlinking: /home/lmz/armpiper/install/open_manipulator_x_description/share/open_manipulator_x_description/meshes/Plate.stl
[1.558s] -- Symlinking: /home/lmz/armpiper/install/open_manipulator_x_description/share/open_manipulator_x_description/meshes/gripper_left_palm.stl
[1.579s] -- Symlinking: /home/lmz/armpiper/install/open_manipulator_x_description/share/open_manipulator_x_description/meshes/gripper_right_palm.stl
[1.600s] -- Symlinking: /home/lmz/armpiper/install/open_manipulator_x_description/share/open_manipulator_x_description/meshes/link1.stl
[1.618s] -- Symlinking: /home/lmz/armpiper/install/open_manipulator_x_description/share/open_manipulator_x_description/meshes/link2.stl
[1.635s] -- Symlinking: /home/lmz/armpiper/install/open_manipulator_x_description/share/open_manipulator_x_description/meshes/link3.stl
[1.656s] -- Symlinking: /home/lmz/armpiper/install/open_manipulator_x_description/share/open_manipulator_x_description/meshes/link4.stl
[1.672s] -- Symlinking: /home/lmz/armpiper/install/open_manipulator_x_description/share/open_manipulator_x_description/meshes/link5.stl
[1.690s] -- Symlinking: /home/lmz/armpiper/install/open_manipulator_x_description/share/open_manipulator_x_description/rviz/open_manipulator_x.rviz
[1.709s] -- Symlinking: /home/lmz/armpiper/install/open_manipulator_x_description/share/open_manipulator_x_description/urdf/all.txt
[1.730s] -- Symlinking: /home/lmz/armpiper/install/open_manipulator_x_description/share/open_manipulator_x_description/urdf/materials.xacro
[1.755s] -- Symlinking: /home/lmz/armpiper/install/open_manipulator_x_description/share/open_manipulator_x_description/urdf/open_manipulator_x.urdf.xacro
[1.780s] -- Symlinking: /home/lmz/armpiper/install/open_manipulator_x_description/share/open_manipulator_x_description/urdf/open_manipulator_x_robot.urdf.xacro
[1.794s] -- Symlinking: /home/lmz/armpiper/install/open_manipulator_x_description/share/open_manipulator_x_description/gazebo/materials.xacro
[1.815s] -- Symlinking: /home/lmz/armpiper/install/open_manipulator_x_description/share/open_manipulator_x_description/gazebo/open_manipulator_x.gazebo.xacro
[1.834s] -- Symlinking: /home/lmz/armpiper/install/open_manipulator_x_description/share/open_manipulator_x_description/ros2_control/1.txt
[1.855s] -- Symlinking: /home/lmz/armpiper/install/open_manipulator_x_description/share/open_manipulator_x_description/ros2_control/16.xacro
[1.874s] -- Symlinking: /home/lmz/armpiper/install/open_manipulator_x_description/share/open_manipulator_x_description/ros2_control/17.xacro
[1.888s] -- Symlinking: /home/lmz/armpiper/install/open_manipulator_x_description/share/open_manipulator_x_description/ros2_control/18.xacro
[1.903s] -- Symlinking: /home/lmz/armpiper/install/open_manipulator_x_description/share/open_manipulator_x_description/ros2_control/19.xacro
[1.915s] -- Symlinking: /home/lmz/armpiper/install/open_manipulator_x_description/share/open_manipulator_x_description/ros2_control/20.xacro
[1.928s] -- Symlinking: /home/lmz/armpiper/install/open_manipulator_x_description/share/open_manipulator_x_description/ros2_control/4.xacro
[1.952s] -- Symlinking: /home/lmz/armpiper/install/open_manipulator_x_description/share/open_manipulator_x_description/ros2_control/arm_and_hand.xacro
[1.968s] -- Symlinking: /home/lmz/armpiper/install/open_manipulator_x_description/share/open_manipulator_x_description/ros2_control/open_manipulator_x_system.ros2_control copy.xacro
[1.991s] -- Symlinking: /home/lmz/armpiper/install/open_manipulator_x_description/share/open_manipulator_x_description/ros2_control/open_manipulator_x_system.ros2_control.xacro
[2.009s] -- Symlinking: /home/lmz/armpiper/install/open_manipulator_x_description/share/ament_index/resource_index/package_run_dependencies/open_manipulator_x_description
[2.034s] -- Symlinking: /home/lmz/armpiper/install/open_manipulator_x_description/share/ament_index/resource_index/parent_prefix_path/open_manipulator_x_description
[2.060s] -- Symlinking: /home/lmz/armpiper/install/open_manipulator_x_description/share/open_manipulator_x_description/environment/ament_prefix_path.sh
[2.072s] -- Symlinking: /home/lmz/armpiper/install/open_manipulator_x_description/share/open_manipulator_x_description/environment/ament_prefix_path.dsv
[2.086s] -- Symlinking: /home/lmz/armpiper/install/open_manipulator_x_description/share/open_manipulator_x_description/environment/path.sh
[2.106s] -- Symlinking: /home/lmz/armpiper/install/open_manipulator_x_description/share/open_manipulator_x_description/environment/path.dsv
[2.133s] -- Symlinking: /home/lmz/armpiper/install/open_manipulator_x_description/share/open_manipulator_x_description/local_setup.bash
[2.152s] -- Symlinking: /home/lmz/armpiper/install/open_manipulator_x_description/share/open_manipulator_x_description/local_setup.sh
[2.176s] -- Symlinking: /home/lmz/armpiper/install/open_manipulator_x_description/share/open_manipulator_x_description/local_setup.zsh
[2.200s] -- Symlinking: /home/lmz/armpiper/install/open_manipulator_x_description/share/open_manipulator_x_description/local_setup.dsv
[2.215s] -- Symlinking: /home/lmz/armpiper/install/open_manipulator_x_description/share/open_manipulator_x_description/package.dsv
[2.238s] -- Symlinking: /home/lmz/armpiper/install/open_manipulator_x_description/share/ament_index/resource_index/packages/open_manipulator_x_description
[2.263s] -- Symlinking: /home/lmz/armpiper/install/open_manipulator_x_description/share/open_manipulator_x_description/cmake/open_manipulator_x_descriptionConfig.cmake
[2.287s] -- Symlinking: /home/lmz/armpiper/install/open_manipulator_x_description/share/open_manipulator_x_description/cmake/open_manipulator_x_descriptionConfig-version.cmake
[2.307s] -- Symlinking: /home/lmz/armpiper/install/open_manipulator_x_description/share/open_manipulator_x_description/package.xml
[2.332s] Invoked command in '/home/lmz/armpiper/build/open_manipulator_x_description' returned '0': CMAKE_PREFIX_PATH=${CMAKE_PREFIX_PATH}:/home/lmz/armpiper/install/vla:/home/lmz/armpiper/install/interface:/home/lmz/armpiper/install/piper:/home/lmz/armpiper/install/leapsim:/home/lmz/armpiper/install/follow:/home/lmz/armpiper/install/arm_control_pkg:/opt/ros/humble /usr/bin/cmake --install /home/lmz/armpiper/build/open_manipulator_x_description
