running develop
running egg_info
creating leapsim.egg-info
writing leapsim.egg-info/PKG-INFO
writing dependency_links to leapsim.egg-info/dependency_links.txt
writing entry points to leapsim.egg-info/entry_points.txt
writing requirements to leapsim.egg-info/requires.txt
writing top-level names to leapsim.egg-info/top_level.txt
writing manifest file 'leapsim.egg-info/SOURCES.txt'
reading manifest file 'leapsim.egg-info/SOURCES.txt'
writing manifest file 'leapsim.egg-info/SOURCES.txt'
running build_ext
Creating /home/lmz/armpiper/install/leapsim/lib/python3.10/site-packages/leapsim.egg-link (link to .)
Installing game script to /home/lmz/armpiper/install/leapsim/lib/leapsim
Installing hello script to /home/lmz/armpiper/install/leapsim/lib/leapsim
Installing inference script to /home/lmz/armpiper/install/leapsim/lib/leapsim
Installing rot script to /home/lmz/armpiper/install/leapsim/lib/leapsim
Installing zero script to /home/lmz/armpiper/install/leapsim/lib/leapsim

Installed /home/lmz/armpiper/build/leapsim
running symlink_data
creating /home/lmz/armpiper/install/leapsim/share/ament_index
creating /home/lmz/armpiper/install/leapsim/share/ament_index/resource_index
creating /home/lmz/armpiper/install/leapsim/share/ament_index/resource_index/packages
symbolically linking /home/lmz/armpiper/build/leapsim/resource/leapsim -> /home/lmz/armpiper/install/leapsim/share/ament_index/resource_index/packages
symbolically linking /home/lmz/armpiper/build/leapsim/package.xml -> /home/lmz/armpiper/install/leapsim/share/leapsim
creating /home/lmz/armpiper/install/leapsim/share/leapsim/cache
symbolically linking /home/lmz/armpiper/build/leapsim/leapsim/cache/hello.npy -> /home/lmz/armpiper/install/leapsim/share/leapsim/cache
symbolically linking /home/lmz/armpiper/build/leapsim/leapsim/cache/leap_hand_in_palm_cube_grasp_50k_s105.npy -> /home/lmz/armpiper/install/leapsim/share/leapsim/cache
symbolically linking /home/lmz/armpiper/build/leapsim/leapsim/cache/specific_array.npy -> /home/lmz/armpiper/install/leapsim/share/leapsim/cache
symbolically linking /home/lmz/armpiper/build/leapsim/leapsim/cache/LeapHand.pth -> /home/lmz/armpiper/install/leapsim/share/leapsim/cache
symbolically linking /home/lmz/armpiper/build/leapsim/leapsim/cache/hand_model_trajectory_5_0.npy -> /home/lmz/armpiper/install/leapsim/share/leapsim/cache
symbolically linking /home/lmz/armpiper/build/leapsim/leapsim/cache/hand17.npy -> /home/lmz/armpiper/install/leapsim/share/leapsim/cache
symbolically linking /home/lmz/armpiper/build/leapsim/leapsim/cache/datainsert.py -> /home/lmz/armpiper/install/leapsim/share/leapsim/cache
symbolically linking /home/lmz/armpiper/build/leapsim/leapsim/cache/random_joint_values.py -> /home/lmz/armpiper/install/leapsim/share/leapsim/cache
symbolically linking /home/lmz/armpiper/build/leapsim/leapsim/cache/hand17_modified.npy -> /home/lmz/armpiper/install/leapsim/share/leapsim/cache
symbolically linking /home/lmz/armpiper/build/leapsim/leapsim/cache/qi.npy -> /home/lmz/armpiper/install/leapsim/share/leapsim/cache
symbolically linking /home/lmz/armpiper/build/leapsim/leapsim/cache/hand_model_trajectory_0.npy -> /home/lmz/armpiper/install/leapsim/share/leapsim/cache
symbolically linking /home/lmz/armpiper/build/leapsim/leapsim/cache/hand_model_trajectory_10_0.npy -> /home/lmz/armpiper/install/leapsim/share/leapsim/cache
symbolically linking /home/lmz/armpiper/build/leapsim/leapsim/cache/leap_hand_in_palm_cube_grasp_50k_s095.npy -> /home/lmz/armpiper/install/leapsim/share/leapsim/cache
symbolically linking /home/lmz/armpiper/build/leapsim/leapsim/cache/hand16.npy -> /home/lmz/armpiper/install/leapsim/share/leapsim/cache
symbolically linking /home/lmz/armpiper/build/leapsim/leapsim/cache/woven_model_trajectory_2.npy -> /home/lmz/armpiper/install/leapsim/share/leapsim/cache
symbolically linking /home/lmz/armpiper/build/leapsim/leapsim/cache/my_initial_pose_trajectory.npy -> /home/lmz/armpiper/install/leapsim/share/leapsim/cache
symbolically linking /home/lmz/armpiper/build/leapsim/leapsim/cache/woven_model_trajectory_5.npy -> /home/lmz/armpiper/install/leapsim/share/leapsim/cache
symbolically linking /home/lmz/armpiper/build/leapsim/leapsim/cache/arm_model_trajectory_2.npy -> /home/lmz/armpiper/install/leapsim/share/leapsim/cache
symbolically linking /home/lmz/armpiper/build/leapsim/leapsim/cache/hand_model_trajectory_2.npy -> /home/lmz/armpiper/install/leapsim/share/leapsim/cache
symbolically linking /home/lmz/armpiper/build/leapsim/leapsim/cache/hand_model_trajectory_20_0.npy -> /home/lmz/armpiper/install/leapsim/share/leapsim/cache
symbolically linking /home/lmz/armpiper/build/leapsim/leapsim/cache/hello16.npy -> /home/lmz/armpiper/install/leapsim/share/leapsim/cache
symbolically linking /home/lmz/armpiper/build/leapsim/leapsim/cache/leap_hand_in_palm_cube_grasp_50k_s09.npy -> /home/lmz/armpiper/install/leapsim/share/leapsim/cache
symbolically linking /home/lmz/armpiper/build/leapsim/leapsim/cache/leap_hand_in_palm_cube_grasp_50k_s10.npy -> /home/lmz/armpiper/install/leapsim/share/leapsim/cache
symbolically linking /home/lmz/armpiper/build/leapsim/leapsim/cache/ping.npy -> /home/lmz/armpiper/install/leapsim/share/leapsim/cache
symbolically linking /home/lmz/armpiper/build/leapsim/leapsim/cache/data.py -> /home/lmz/armpiper/install/leapsim/share/leapsim/cache
symbolically linking /home/lmz/armpiper/build/leapsim/leapsim/cache/LeapHand_name.pth -> /home/lmz/armpiper/install/leapsim/share/leapsim/cache
symbolically linking /home/lmz/armpiper/build/leapsim/leapsim/cache/grend.py -> /home/lmz/armpiper/install/leapsim/share/leapsim/cache
symbolically linking /home/lmz/armpiper/build/leapsim/leapsim/cache/hand_model_trajectory_1.npy -> /home/lmz/armpiper/install/leapsim/share/leapsim/cache
symbolically linking /home/lmz/armpiper/build/leapsim/leapsim/cache/hand_model_trajectory_2_0.npy -> /home/lmz/armpiper/install/leapsim/share/leapsim/cache
symbolically linking /home/lmz/armpiper/build/leapsim/leapsim/cache/hand_model_trajectory_3.npy -> /home/lmz/armpiper/install/leapsim/share/leapsim/cache
symbolically linking /home/lmz/armpiper/build/leapsim/leapsim/cache/test.py -> /home/lmz/armpiper/install/leapsim/share/leapsim/cache
symbolically linking /home/lmz/armpiper/build/leapsim/leapsim/cache/woven_model_trajectory_1.npy -> /home/lmz/armpiper/install/leapsim/share/leapsim/cache
symbolically linking /home/lmz/armpiper/build/leapsim/leapsim/cache/game.npy -> /home/lmz/armpiper/install/leapsim/share/leapsim/cache
symbolically linking /home/lmz/armpiper/build/leapsim/leapsim/cache/game16.npy -> /home/lmz/armpiper/install/leapsim/share/leapsim/cache
symbolically linking /home/lmz/armpiper/build/leapsim/leapsim/cache/old.pth -> /home/lmz/armpiper/install/leapsim/share/leapsim/cache
symbolically linking /home/lmz/armpiper/build/leapsim/leapsim/cache/hand16_model_trajectory_2.npy -> /home/lmz/armpiper/install/leapsim/share/leapsim/cache
symbolically linking /home/lmz/armpiper/build/leapsim/leapsim/cache/expanded_array.npy -> /home/lmz/armpiper/install/leapsim/share/leapsim/cache
symbolically linking /home/lmz/armpiper/build/leapsim/leapsim/cache/16.pth -> /home/lmz/armpiper/install/leapsim/share/leapsim/cache
symbolically linking /home/lmz/armpiper/build/leapsim/leapsim/cache/hand16弃用.npy -> /home/lmz/armpiper/install/leapsim/share/leapsim/cache
symbolically linking /home/lmz/armpiper/build/leapsim/leapsim/cache/leap_hand_in_palm_cube_grasp_50k_s11.npy -> /home/lmz/armpiper/install/leapsim/share/leapsim/cache
symbolically linking /home/lmz/armpiper/build/leapsim/leapsim/cache/expanded20.npy -> /home/lmz/armpiper/install/leapsim/share/leapsim/cache
symbolically linking /home/lmz/armpiper/build/leapsim/leapsim/cache/expanded21.npy -> /home/lmz/armpiper/install/leapsim/share/leapsim/cache
creating /home/lmz/armpiper/install/leapsim/share/leapsim/cfg
symbolically linking /home/lmz/armpiper/build/leapsim/leapsim/cfg/config.yaml -> /home/lmz/armpiper/install/leapsim/share/leapsim/cfg
creating /home/lmz/armpiper/install/leapsim/share/leapsim/cfg/task
symbolically linking /home/lmz/armpiper/build/leapsim/leapsim/cfg/task/LeapHandGrasp.yaml -> /home/lmz/armpiper/install/leapsim/share/leapsim/cfg/task
symbolically linking /home/lmz/armpiper/build/leapsim/leapsim/cfg/task/LeapHandRot.yaml -> /home/lmz/armpiper/install/leapsim/share/leapsim/cfg/task
symbolically linking /home/lmz/armpiper/build/leapsim/leapsim/cfg/task/LeapHandCatch.yaml -> /home/lmz/armpiper/install/leapsim/share/leapsim/cfg/task
creating /home/lmz/armpiper/install/leapsim/share/leapsim/cfg/train
symbolically linking /home/lmz/armpiper/build/leapsim/leapsim/cfg/train/LeapHandCatchPPO.yaml -> /home/lmz/armpiper/install/leapsim/share/leapsim/cfg/train
symbolically linking /home/lmz/armpiper/build/leapsim/leapsim/cfg/train/LeapHandRotPPO.yaml -> /home/lmz/armpiper/install/leapsim/share/leapsim/cfg/train
symbolically linking /home/lmz/armpiper/build/leapsim/leapsim/cfg/train/LeapHandGraspPPO.yaml -> /home/lmz/armpiper/install/leapsim/share/leapsim/cfg/train
