[0.066s] Invoking command in '/home/lmz/armpiper/build/piper_msgs': CMAKE_PREFIX_PATH=${CMAKE_PREFIX_PATH}:/home/lmz/armpiper/install/vla:/home/lmz/armpiper/install/interface:/home/lmz/armpiper/install/piper:/home/lmz/armpiper/install/leapsim:/home/lmz/armpiper/install/follow:/home/lmz/armpiper/install/arm_control_pkg:/opt/ros/humble /usr/bin/cmake /home/lmz/armpiper/src/piper_ros/piper_msgs -DAMENT_CMAKE_SYMLINK_INSTALL=1 -DCMAKE_INSTALL_PREFIX=/home/lmz/armpiper/install/piper_msgs
[1.549s] -- The C compiler identification is GNU 11.4.0
[1.550s] -- The CXX compiler identification is GNU 11.4.0
[1.550s] -- Detecting C compiler ABI info
[1.551s] -- Detecting C compiler ABI info - done
[1.551s] -- Check for working C compiler: /usr/bin/cc - skipped
[1.551s] -- Detecting C compile features
[1.551s] -- Detecting C compile features - done
[1.551s] -- Detecting CXX compiler ABI info
[1.551s] -- Detecting CXX compiler ABI info - done
[1.551s] -- Check for working CXX compiler: /usr/bin/c++ - skipped
[1.551s] -- Detecting CXX compile features
[1.551s] -- Detecting CXX compile features - done
[1.551s] -- Found ament_cmake: 1.3.11 (/opt/ros/humble/share/ament_cmake/cmake)
[1.551s] -- Found Python3: /usr/bin/python3 (found version "3.10.12") found components: Interpreter 
[1.552s] -- Override CMake install command with custom implementation using symlinks instead of copying resources
[1.552s] -- Found rclpy: 3.3.16 (/opt/ros/humble/share/rclpy/cmake)
[1.552s] -- Found rosidl_default_generators: 1.2.0 (/opt/ros/humble/share/rosidl_default_generators/cmake)
[1.552s] -- Using all available rosidl_typesupport_c: rosidl_typesupport_fastrtps_c;rosidl_typesupport_introspection_c
[1.552s] -- Found rosidl_adapter: 3.1.6 (/opt/ros/humble/share/rosidl_adapter/cmake)
[1.553s] -- Using all available rosidl_typesupport_cpp: rosidl_typesupport_fastrtps_cpp;rosidl_typesupport_introspection_cpp
[1.553s] -- Found ament_cmake_ros: 0.10.0 (/opt/ros/humble/share/ament_cmake_ros/cmake)
[1.554s] -- Using all available rosidl_typesupport_c: rosidl_typesupport_fastrtps_c;rosidl_typesupport_introspection_c
[1.791s] -- Using all available rosidl_typesupport_cpp: rosidl_typesupport_fastrtps_cpp;rosidl_typesupport_introspection_cpp
[1.847s] -- Found PythonInterp: /usr/bin/python3 (found suitable version "3.10.12", minimum required is "3.6") 
[1.853s] -- Found python_cmake_module: 0.10.0 (/opt/ros/humble/share/python_cmake_module/cmake)
[1.900s] -- Found PythonLibs: /usr/lib/x86_64-linux-gnu/libpython3.10.so (found suitable version "3.10.12", minimum required is "3.5") 
[1.900s] -- Using PYTHON_EXECUTABLE: /usr/bin/python3
[1.900s] -- Using PYTHON_INCLUDE_DIRS: /usr/include/python3.10
[1.900s] -- Using PYTHON_LIBRARIES: /usr/lib/x86_64-linux-gnu/libpython3.10.so
[1.968s] -- Found PythonExtra: .so  
[2.103s] -- Found ament_lint_auto: 0.12.12 (/opt/ros/humble/share/ament_lint_auto/cmake)
[2.171s] -- Added test 'lint_cmake' to check CMake code style
[2.178s] -- Added test 'xmllint' to check XML markup files
[2.184s] -- Configuring done
[2.266s] -- Generating done
[2.290s] -- Build files have been written to: /home/lmz/armpiper/build/piper_msgs
[2.306s] Invoked command in '/home/lmz/armpiper/build/piper_msgs' returned '0': CMAKE_PREFIX_PATH=${CMAKE_PREFIX_PATH}:/home/lmz/armpiper/install/vla:/home/lmz/armpiper/install/interface:/home/lmz/armpiper/install/piper:/home/lmz/armpiper/install/leapsim:/home/lmz/armpiper/install/follow:/home/lmz/armpiper/install/arm_control_pkg:/opt/ros/humble /usr/bin/cmake /home/lmz/armpiper/src/piper_ros/piper_msgs -DAMENT_CMAKE_SYMLINK_INSTALL=1 -DCMAKE_INSTALL_PREFIX=/home/lmz/armpiper/install/piper_msgs
[2.307s] Invoking command in '/home/lmz/armpiper/build/piper_msgs': CMAKE_PREFIX_PATH=${CMAKE_PREFIX_PATH}:/home/lmz/armpiper/install/vla:/home/lmz/armpiper/install/interface:/home/lmz/armpiper/install/piper:/home/lmz/armpiper/install/leapsim:/home/lmz/armpiper/install/follow:/home/lmz/armpiper/install/arm_control_pkg:/opt/ros/humble /usr/bin/cmake --build /home/lmz/armpiper/build/piper_msgs -- -j16 -l16
[2.412s] [  2%] [34m[1mGenerating C code for ROS interfaces[0m
[2.454s] [  2%] Built target ament_cmake_python_symlink_piper_msgs
[2.454s] [  4%] [34m[1mGenerating C++ code for ROS interfaces[0m
[2.879s] running egg_info
[2.880s] creating piper_msgs.egg-info
[2.880s] writing piper_msgs.egg-info/PKG-INFO
[2.880s] writing dependency_links to piper_msgs.egg-info/dependency_links.txt
[2.880s] writing top-level names to piper_msgs.egg-info/top_level.txt
[2.881s] writing manifest file 'piper_msgs.egg-info/SOURCES.txt'
[2.884s] reading manifest file 'piper_msgs.egg-info/SOURCES.txt'
[2.885s] writing manifest file 'piper_msgs.egg-info/SOURCES.txt'
[2.934s] [  4%] Built target ament_cmake_python_build_piper_msgs_egg
[3.095s] [  4%] Built target piper_msgs__cpp
[3.118s] [  6%] [34m[1mGenerating C++ type support for eProsima Fast-RTPS[0m
[3.118s] [  8%] [34m[1mGenerating C++ type support dispatch for ROS interfaces[0m
[3.135s] [ 10%] [34m[1mGenerating C++ introspection for ROS interfaces[0m
[3.209s] [ 12%] [32mBuilding C object CMakeFiles/piper_msgs__rosidl_generator_c.dir/rosidl_generator_c/piper_msgs/msg/detail/piper_status_msg__functions.c.o[0m
[3.209s] [ 17%] [32mBuilding C object CMakeFiles/piper_msgs__rosidl_generator_c.dir/rosidl_generator_c/piper_msgs/srv/detail/enable__functions.c.o[0m
[3.209s] [ 17%] [32mBuilding C object CMakeFiles/piper_msgs__rosidl_generator_c.dir/rosidl_generator_c/piper_msgs/msg/detail/pos_cmd__functions.c.o[0m
[3.326s] [ 19%] [32m[1mLinking C shared library libpiper_msgs__rosidl_generator_c.so[0m
[3.412s] [ 19%] Built target piper_msgs__rosidl_generator_c
[3.428s] [ 21%] [34m[1mGenerating C type support for eProsima Fast-RTPS[0m
[3.447s] [ 23%] [34m[1mGenerating C introspection for ROS interfaces[0m
[3.448s] [ 25%] [34m[1mGenerating C type support dispatch for ROS interfaces[0m
[3.658s] [ 27%] [32mBuilding CXX object CMakeFiles/piper_msgs__rosidl_typesupport_cpp.dir/rosidl_typesupport_cpp/piper_msgs/msg/pos_cmd__type_support.cpp.o[0m
[3.660s] [ 29%] [32mBuilding CXX object CMakeFiles/piper_msgs__rosidl_typesupport_cpp.dir/rosidl_typesupport_cpp/piper_msgs/msg/piper_status_msg__type_support.cpp.o[0m
[3.667s] [ 31%] [32mBuilding CXX object CMakeFiles/piper_msgs__rosidl_typesupport_cpp.dir/rosidl_typesupport_cpp/piper_msgs/srv/enable__type_support.cpp.o[0m
[3.825s] [ 34%] [32mBuilding CXX object CMakeFiles/piper_msgs__rosidl_typesupport_fastrtps_cpp.dir/rosidl_typesupport_fastrtps_cpp/piper_msgs/msg/detail/dds_fastrtps/piper_status_msg__type_support.cpp.o[0m
[3.829s] [ 36%] [32mBuilding CXX object CMakeFiles/piper_msgs__rosidl_typesupport_fastrtps_cpp.dir/rosidl_typesupport_fastrtps_cpp/piper_msgs/msg/detail/dds_fastrtps/pos_cmd__type_support.cpp.o[0m
[3.846s] [ 38%] [32mBuilding CXX object CMakeFiles/piper_msgs__rosidl_typesupport_fastrtps_cpp.dir/rosidl_typesupport_fastrtps_cpp/piper_msgs/srv/detail/dds_fastrtps/enable__type_support.cpp.o[0m
[3.926s] [ 40%] [32mBuilding CXX object CMakeFiles/piper_msgs__rosidl_typesupport_introspection_cpp.dir/rosidl_typesupport_introspection_cpp/piper_msgs/msg/detail/pos_cmd__type_support.cpp.o[0m
[3.928s] [ 42%] [32mBuilding CXX object CMakeFiles/piper_msgs__rosidl_typesupport_introspection_cpp.dir/rosidl_typesupport_introspection_cpp/piper_msgs/srv/detail/enable__type_support.cpp.o[0m
[3.929s] [ 44%] [32mBuilding CXX object CMakeFiles/piper_msgs__rosidl_typesupport_introspection_cpp.dir/rosidl_typesupport_introspection_cpp/piper_msgs/msg/detail/piper_status_msg__type_support.cpp.o[0m
[4.200s] [ 46%] [32mBuilding CXX object CMakeFiles/piper_msgs__rosidl_typesupport_c.dir/rosidl_typesupport_c/piper_msgs/msg/piper_status_msg__type_support.cpp.o[0m
[4.204s] [ 48%] [32mBuilding CXX object CMakeFiles/piper_msgs__rosidl_typesupport_fastrtps_c.dir/rosidl_typesupport_fastrtps_c/piper_msgs/msg/detail/piper_status_msg__type_support_c.cpp.o[0m
[4.204s] [ 51%] [32mBuilding CXX object CMakeFiles/piper_msgs__rosidl_typesupport_fastrtps_c.dir/rosidl_typesupport_fastrtps_c/piper_msgs/srv/detail/enable__type_support_c.cpp.o[0m
[4.205s] [ 53%] [32mBuilding CXX object CMakeFiles/piper_msgs__rosidl_typesupport_fastrtps_c.dir/rosidl_typesupport_fastrtps_c/piper_msgs/msg/detail/pos_cmd__type_support_c.cpp.o[0m
[4.206s] [ 55%] [32mBuilding CXX object CMakeFiles/piper_msgs__rosidl_typesupport_c.dir/rosidl_typesupport_c/piper_msgs/msg/pos_cmd__type_support.cpp.o[0m
[4.212s] [ 57%] [32mBuilding CXX object CMakeFiles/piper_msgs__rosidl_typesupport_c.dir/rosidl_typesupport_c/piper_msgs/srv/enable__type_support.cpp.o[0m
[4.217s] [ 59%] [32mBuilding C object CMakeFiles/piper_msgs__rosidl_typesupport_introspection_c.dir/rosidl_typesupport_introspection_c/piper_msgs/msg/detail/piper_status_msg__type_support.c.o[0m
[4.297s] [ 61%] [32mBuilding C object CMakeFiles/piper_msgs__rosidl_typesupport_introspection_c.dir/rosidl_typesupport_introspection_c/piper_msgs/msg/detail/pos_cmd__type_support.c.o[0m
[4.321s] [ 63%] [32mBuilding C object CMakeFiles/piper_msgs__rosidl_typesupport_introspection_c.dir/rosidl_typesupport_introspection_c/piper_msgs/srv/detail/enable__type_support.c.o[0m
[4.326s] [ 65%] [32m[1mLinking CXX shared library libpiper_msgs__rosidl_typesupport_c.so[0m
[4.412s] [ 68%] [32m[1mLinking C shared library libpiper_msgs__rosidl_typesupport_introspection_c.so[0m
[4.444s] [ 68%] Built target piper_msgs__rosidl_typesupport_c
[4.489s] [ 68%] Built target piper_msgs__rosidl_typesupport_introspection_c
[4.558s] [ 70%] [32m[1mLinking CXX shared library libpiper_msgs__rosidl_typesupport_cpp.so[0m
[4.644s] [ 70%] Built target piper_msgs__rosidl_typesupport_cpp
[4.837s] [ 72%] [32m[1mLinking CXX shared library libpiper_msgs__rosidl_typesupport_introspection_cpp.so[0m
[4.865s] [ 74%] [32m[1mLinking CXX shared library libpiper_msgs__rosidl_typesupport_fastrtps_cpp.so[0m
[4.901s] [ 74%] Built target piper_msgs__rosidl_typesupport_introspection_cpp
[4.905s] [ 76%] [32m[1mLinking CXX shared library libpiper_msgs__rosidl_typesupport_fastrtps_c.so[0m
[5.005s] [ 76%] Built target piper_msgs__rosidl_typesupport_fastrtps_cpp
[5.015s] [ 76%] Built target piper_msgs__rosidl_typesupport_fastrtps_c
[5.038s] [ 76%] Built target piper_msgs
[5.064s] [ 78%] [34m[1mGenerating Python code for ROS interfaces[0m
[5.945s] [ 78%] Built target piper_msgs__py
[5.967s] [ 80%] [32mBuilding C object CMakeFiles/piper_msgs__rosidl_generator_py.dir/rosidl_generator_py/piper_msgs/msg/_piper_status_msg_s.c.o[0m
[5.972s] [ 82%] [32mBuilding C object CMakeFiles/piper_msgs__rosidl_generator_py.dir/rosidl_generator_py/piper_msgs/msg/_pos_cmd_s.c.o[0m
[5.973s] [ 85%] [32mBuilding C object CMakeFiles/piper_msgs__rosidl_generator_py.dir/rosidl_generator_py/piper_msgs/srv/_enable_s.c.o[0m
[6.096s] [ 87%] [32m[1mLinking C shared library rosidl_generator_py/piper_msgs/libpiper_msgs__rosidl_generator_py.so[0m
[6.130s] [ 87%] Built target piper_msgs__rosidl_generator_py
[6.148s] [ 89%] [32mBuilding C object CMakeFiles/piper_msgs__rosidl_typesupport_introspection_c__pyext.dir/rosidl_generator_py/piper_msgs/_piper_msgs_s.ep.rosidl_typesupport_introspection_c.c.o[0m
[6.149s] [ 91%] [32mBuilding C object CMakeFiles/piper_msgs__rosidl_typesupport_c__pyext.dir/rosidl_generator_py/piper_msgs/_piper_msgs_s.ep.rosidl_typesupport_c.c.o[0m
[6.151s] [ 93%] [32mBuilding C object CMakeFiles/piper_msgs__rosidl_typesupport_fastrtps_c__pyext.dir/rosidl_generator_py/piper_msgs/_piper_msgs_s.ep.rosidl_typesupport_fastrtps_c.c.o[0m
[6.228s] [ 95%] [32m[1mLinking C shared library rosidl_generator_py/piper_msgs/piper_msgs_s__rosidl_typesupport_introspection_c.cpython-310-x86_64-linux-gnu.so[0m
[6.258s] [ 95%] Built target piper_msgs__rosidl_typesupport_introspection_c__pyext
[6.263s] [ 97%] [32m[1mLinking C shared library rosidl_generator_py/piper_msgs/piper_msgs_s__rosidl_typesupport_c.cpython-310-x86_64-linux-gnu.so[0m
[6.265s] [100%] [32m[1mLinking C shared library rosidl_generator_py/piper_msgs/piper_msgs_s__rosidl_typesupport_fastrtps_c.cpython-310-x86_64-linux-gnu.so[0m
[6.289s] [100%] Built target piper_msgs__rosidl_typesupport_c__pyext
[6.306s] [100%] Built target piper_msgs__rosidl_typesupport_fastrtps_c__pyext
[6.320s] Invoked command in '/home/lmz/armpiper/build/piper_msgs' returned '0': CMAKE_PREFIX_PATH=${CMAKE_PREFIX_PATH}:/home/lmz/armpiper/install/vla:/home/lmz/armpiper/install/interface:/home/lmz/armpiper/install/piper:/home/lmz/armpiper/install/leapsim:/home/lmz/armpiper/install/follow:/home/lmz/armpiper/install/arm_control_pkg:/opt/ros/humble /usr/bin/cmake --build /home/lmz/armpiper/build/piper_msgs -- -j16 -l16
[6.322s] Invoking command in '/home/lmz/armpiper/build/piper_msgs': CMAKE_PREFIX_PATH=${CMAKE_PREFIX_PATH}:/home/lmz/armpiper/install/vla:/home/lmz/armpiper/install/interface:/home/lmz/armpiper/install/piper:/home/lmz/armpiper/install/leapsim:/home/lmz/armpiper/install/follow:/home/lmz/armpiper/install/arm_control_pkg:/opt/ros/humble /usr/bin/cmake --install /home/lmz/armpiper/build/piper_msgs
[6.328s] -- Install configuration: ""
[6.328s] -- Execute custom install script
[6.329s] -- Symlinking: /home/lmz/armpiper/install/piper_msgs/share/ament_index/resource_index/rosidl_interfaces/piper_msgs
[6.339s] -- Symlinking: /home/lmz/armpiper/install/piper_msgs/include/piper_msgs/piper_msgs/msg/detail/piper_status_msg__functions.h
[6.349s] -- Symlinking: /home/lmz/armpiper/install/piper_msgs/include/piper_msgs/piper_msgs/msg/detail/piper_status_msg__struct.h
[6.360s] -- Symlinking: /home/lmz/armpiper/install/piper_msgs/include/piper_msgs/piper_msgs/msg/detail/piper_status_msg__type_support.h
[6.367s] -- Symlinking: /home/lmz/armpiper/install/piper_msgs/include/piper_msgs/piper_msgs/msg/detail/pos_cmd__functions.h
[6.376s] -- Symlinking: /home/lmz/armpiper/install/piper_msgs/include/piper_msgs/piper_msgs/msg/detail/pos_cmd__struct.h
[6.385s] -- Symlinking: /home/lmz/armpiper/install/piper_msgs/include/piper_msgs/piper_msgs/msg/detail/pos_cmd__type_support.h
[6.393s] -- Symlinking: /home/lmz/armpiper/install/piper_msgs/include/piper_msgs/piper_msgs/msg/piper_status_msg.h
[6.403s] -- Symlinking: /home/lmz/armpiper/install/piper_msgs/include/piper_msgs/piper_msgs/msg/pos_cmd.h
[6.413s] -- Symlinking: /home/lmz/armpiper/install/piper_msgs/include/piper_msgs/piper_msgs/msg/rosidl_generator_c__visibility_control.h
[6.419s] -- Symlinking: /home/lmz/armpiper/install/piper_msgs/include/piper_msgs/piper_msgs/srv/detail/enable__functions.h
[6.425s] -- Symlinking: /home/lmz/armpiper/install/piper_msgs/include/piper_msgs/piper_msgs/srv/detail/enable__struct.h
[6.434s] -- Symlinking: /home/lmz/armpiper/install/piper_msgs/include/piper_msgs/piper_msgs/srv/detail/enable__type_support.h
[6.444s] -- Symlinking: /home/lmz/armpiper/install/piper_msgs/include/piper_msgs/piper_msgs/srv/enable.h
[6.455s] -- Symlinking: /home/lmz/armpiper/install/piper_msgs/share/piper_msgs/environment/library_path.sh
[6.464s] -- Symlinking: /home/lmz/armpiper/install/piper_msgs/share/piper_msgs/environment/library_path.dsv
[6.474s] -- Symlinking: /home/lmz/armpiper/install/piper_msgs/include/piper_msgs/piper_msgs/msg/detail/piper_status_msg__rosidl_typesupport_fastrtps_c.h
[6.484s] -- Symlinking: /home/lmz/armpiper/install/piper_msgs/include/piper_msgs/piper_msgs/msg/detail/pos_cmd__rosidl_typesupport_fastrtps_c.h
[6.491s] -- Symlinking: /home/lmz/armpiper/install/piper_msgs/include/piper_msgs/piper_msgs/msg/rosidl_typesupport_fastrtps_c__visibility_control.h
[6.498s] -- Symlinking: /home/lmz/armpiper/install/piper_msgs/include/piper_msgs/piper_msgs/srv/detail/enable__rosidl_typesupport_fastrtps_c.h
[6.504s] -- Symlinking: /home/lmz/armpiper/install/piper_msgs/include/piper_msgs/piper_msgs/msg/detail/piper_status_msg__rosidl_typesupport_introspection_c.h
[6.513s] -- Symlinking: /home/lmz/armpiper/install/piper_msgs/include/piper_msgs/piper_msgs/msg/detail/pos_cmd__rosidl_typesupport_introspection_c.h
[6.523s] -- Symlinking: /home/lmz/armpiper/install/piper_msgs/include/piper_msgs/piper_msgs/msg/rosidl_typesupport_introspection_c__visibility_control.h
[6.533s] -- Symlinking: /home/lmz/armpiper/install/piper_msgs/include/piper_msgs/piper_msgs/srv/detail/enable__rosidl_typesupport_introspection_c.h
[6.544s] -- Symlinking: /home/lmz/armpiper/install/piper_msgs/include/piper_msgs/piper_msgs/msg/detail/piper_status_msg__builder.hpp
[6.552s] -- Symlinking: /home/lmz/armpiper/install/piper_msgs/include/piper_msgs/piper_msgs/msg/detail/piper_status_msg__struct.hpp
[6.558s] -- Symlinking: /home/lmz/armpiper/install/piper_msgs/include/piper_msgs/piper_msgs/msg/detail/piper_status_msg__traits.hpp
[6.569s] -- Symlinking: /home/lmz/armpiper/install/piper_msgs/include/piper_msgs/piper_msgs/msg/detail/piper_status_msg__type_support.hpp
[6.577s] -- Symlinking: /home/lmz/armpiper/install/piper_msgs/include/piper_msgs/piper_msgs/msg/detail/pos_cmd__builder.hpp
[6.586s] -- Symlinking: /home/lmz/armpiper/install/piper_msgs/include/piper_msgs/piper_msgs/msg/detail/pos_cmd__struct.hpp
[6.593s] -- Symlinking: /home/lmz/armpiper/install/piper_msgs/include/piper_msgs/piper_msgs/msg/detail/pos_cmd__traits.hpp
[6.599s] -- Symlinking: /home/lmz/armpiper/install/piper_msgs/include/piper_msgs/piper_msgs/msg/detail/pos_cmd__type_support.hpp
[6.608s] -- Symlinking: /home/lmz/armpiper/install/piper_msgs/include/piper_msgs/piper_msgs/msg/piper_status_msg.hpp
[6.617s] -- Symlinking: /home/lmz/armpiper/install/piper_msgs/include/piper_msgs/piper_msgs/msg/pos_cmd.hpp
[6.626s] -- Symlinking: /home/lmz/armpiper/install/piper_msgs/include/piper_msgs/piper_msgs/msg/rosidl_generator_cpp__visibility_control.hpp
[6.633s] -- Symlinking: /home/lmz/armpiper/install/piper_msgs/include/piper_msgs/piper_msgs/srv/detail/enable__builder.hpp
[6.640s] -- Symlinking: /home/lmz/armpiper/install/piper_msgs/include/piper_msgs/piper_msgs/srv/detail/enable__struct.hpp
[6.651s] -- Symlinking: /home/lmz/armpiper/install/piper_msgs/include/piper_msgs/piper_msgs/srv/detail/enable__traits.hpp
[6.661s] -- Symlinking: /home/lmz/armpiper/install/piper_msgs/include/piper_msgs/piper_msgs/srv/detail/enable__type_support.hpp
[6.671s] -- Symlinking: /home/lmz/armpiper/install/piper_msgs/include/piper_msgs/piper_msgs/srv/enable.hpp
[6.679s] -- Symlinking: /home/lmz/armpiper/install/piper_msgs/include/piper_msgs/piper_msgs/msg/detail/piper_status_msg__rosidl_typesupport_fastrtps_cpp.hpp
[6.686s] -- Symlinking: /home/lmz/armpiper/install/piper_msgs/include/piper_msgs/piper_msgs/msg/detail/pos_cmd__rosidl_typesupport_fastrtps_cpp.hpp
[6.695s] -- Symlinking: /home/lmz/armpiper/install/piper_msgs/include/piper_msgs/piper_msgs/msg/rosidl_typesupport_fastrtps_cpp__visibility_control.h
[6.704s] -- Symlinking: /home/lmz/armpiper/install/piper_msgs/include/piper_msgs/piper_msgs/srv/detail/enable__rosidl_typesupport_fastrtps_cpp.hpp
[6.710s] -- Symlinking: /home/lmz/armpiper/install/piper_msgs/include/piper_msgs/piper_msgs/msg/detail/piper_status_msg__rosidl_typesupport_introspection_cpp.hpp
[6.718s] -- Symlinking: /home/lmz/armpiper/install/piper_msgs/include/piper_msgs/piper_msgs/msg/detail/pos_cmd__rosidl_typesupport_introspection_cpp.hpp
[6.725s] -- Symlinking: /home/lmz/armpiper/install/piper_msgs/include/piper_msgs/piper_msgs/srv/detail/enable__rosidl_typesupport_introspection_cpp.hpp
[6.732s] -- Symlinking: /home/lmz/armpiper/install/piper_msgs/share/piper_msgs/environment/pythonpath.sh
[6.742s] -- Symlinking: /home/lmz/armpiper/install/piper_msgs/share/piper_msgs/environment/pythonpath.dsv
[6.751s] -- Symlinking: /home/lmz/armpiper/install/piper_msgs/local/lib/python3.10/dist-packages/piper_msgs-0.0.0-py3.10.egg-info/PKG-INFO
[6.757s] -- Symlinking: /home/lmz/armpiper/install/piper_msgs/local/lib/python3.10/dist-packages/piper_msgs-0.0.0-py3.10.egg-info/SOURCES.txt
[6.763s] -- Symlinking: /home/lmz/armpiper/install/piper_msgs/local/lib/python3.10/dist-packages/piper_msgs-0.0.0-py3.10.egg-info/dependency_links.txt
[6.775s] -- Symlinking: /home/lmz/armpiper/install/piper_msgs/local/lib/python3.10/dist-packages/piper_msgs-0.0.0-py3.10.egg-info/top_level.txt
[6.783s] -- Symlinking: /home/lmz/armpiper/install/piper_msgs/local/lib/python3.10/dist-packages/piper_msgs/__init__.py
[6.794s] -- Symlinking: /home/lmz/armpiper/install/piper_msgs/local/lib/python3.10/dist-packages/piper_msgs/_piper_msgs_s.ep.rosidl_typesupport_c.c
[6.804s] -- Symlinking: /home/lmz/armpiper/install/piper_msgs/local/lib/python3.10/dist-packages/piper_msgs/_piper_msgs_s.ep.rosidl_typesupport_fastrtps_c.c
[6.814s] -- Symlinking: /home/lmz/armpiper/install/piper_msgs/local/lib/python3.10/dist-packages/piper_msgs/_piper_msgs_s.ep.rosidl_typesupport_introspection_c.c
[6.824s] -- Symlinking: /home/lmz/armpiper/install/piper_msgs/local/lib/python3.10/dist-packages/piper_msgs/libpiper_msgs__rosidl_generator_py.so
[6.833s] -- Symlinking: /home/lmz/armpiper/install/piper_msgs/local/lib/python3.10/dist-packages/piper_msgs/msg/__init__.py
[6.843s] -- Symlinking: /home/lmz/armpiper/install/piper_msgs/local/lib/python3.10/dist-packages/piper_msgs/msg/_piper_status_msg.py
[6.852s] -- Symlinking: /home/lmz/armpiper/install/piper_msgs/local/lib/python3.10/dist-packages/piper_msgs/msg/_piper_status_msg_s.c
[6.860s] -- Symlinking: /home/lmz/armpiper/install/piper_msgs/local/lib/python3.10/dist-packages/piper_msgs/msg/_pos_cmd.py
[6.870s] -- Symlinking: /home/lmz/armpiper/install/piper_msgs/local/lib/python3.10/dist-packages/piper_msgs/msg/_pos_cmd_s.c
[6.878s] -- Symlinking: /home/lmz/armpiper/install/piper_msgs/local/lib/python3.10/dist-packages/piper_msgs/piper_msgs_s__rosidl_typesupport_c.cpython-310-x86_64-linux-gnu.so
[6.885s] -- Symlinking: /home/lmz/armpiper/install/piper_msgs/local/lib/python3.10/dist-packages/piper_msgs/piper_msgs_s__rosidl_typesupport_fastrtps_c.cpython-310-x86_64-linux-gnu.so
[6.891s] -- Symlinking: /home/lmz/armpiper/install/piper_msgs/local/lib/python3.10/dist-packages/piper_msgs/piper_msgs_s__rosidl_typesupport_introspection_c.cpython-310-x86_64-linux-gnu.so
[6.901s] -- Symlinking: /home/lmz/armpiper/install/piper_msgs/local/lib/python3.10/dist-packages/piper_msgs/srv/__init__.py
[6.909s] -- Symlinking: /home/lmz/armpiper/install/piper_msgs/local/lib/python3.10/dist-packages/piper_msgs/srv/_enable.py
[6.916s] -- Symlinking: /home/lmz/armpiper/install/piper_msgs/local/lib/python3.10/dist-packages/piper_msgs/srv/_enable_s.c
[6.927s] -- Up-to-date symlink: /home/lmz/armpiper/install/piper_msgs/local/lib/python3.10/dist-packages/piper_msgs/piper_msgs_s__rosidl_typesupport_fastrtps_c.cpython-310-x86_64-linux-gnu.so
[6.927s] -- Up-to-date symlink: /home/lmz/armpiper/install/piper_msgs/local/lib/python3.10/dist-packages/piper_msgs/piper_msgs_s__rosidl_typesupport_introspection_c.cpython-310-x86_64-linux-gnu.so
[6.927s] -- Up-to-date symlink: /home/lmz/armpiper/install/piper_msgs/local/lib/python3.10/dist-packages/piper_msgs/piper_msgs_s__rosidl_typesupport_c.cpython-310-x86_64-linux-gnu.so
[6.928s] -- Symlinking: /home/lmz/armpiper/install/piper_msgs/share/piper_msgs/msg/PiperStatusMsg.idl
[6.937s] -- Symlinking: /home/lmz/armpiper/install/piper_msgs/share/piper_msgs/msg/PosCmd.idl
[6.947s] -- Symlinking: /home/lmz/armpiper/install/piper_msgs/share/piper_msgs/srv/Enable.idl
[6.956s] -- Symlinking: /home/lmz/armpiper/install/piper_msgs/share/piper_msgs/msg/PiperStatusMsg.msg
[6.967s] -- Symlinking: /home/lmz/armpiper/install/piper_msgs/share/piper_msgs/msg/PosCmd.msg
[6.973s] -- Symlinking: /home/lmz/armpiper/install/piper_msgs/share/piper_msgs/srv/Enable.srv
[6.983s] -- Symlinking: /home/lmz/armpiper/install/piper_msgs/share/piper_msgs/srv/Enable_Request.msg
[6.993s] -- Symlinking: /home/lmz/armpiper/install/piper_msgs/share/piper_msgs/srv/Enable_Response.msg
[7.000s] -- Symlinking: /home/lmz/armpiper/install/piper_msgs/share/ament_index/resource_index/package_run_dependencies/piper_msgs
[7.007s] -- Symlinking: /home/lmz/armpiper/install/piper_msgs/share/ament_index/resource_index/parent_prefix_path/piper_msgs
[7.016s] -- Symlinking: /home/lmz/armpiper/install/piper_msgs/share/piper_msgs/environment/ament_prefix_path.sh
[7.024s] -- Symlinking: /home/lmz/armpiper/install/piper_msgs/share/piper_msgs/environment/ament_prefix_path.dsv
[7.031s] -- Symlinking: /home/lmz/armpiper/install/piper_msgs/share/piper_msgs/environment/path.sh
[7.040s] -- Symlinking: /home/lmz/armpiper/install/piper_msgs/share/piper_msgs/environment/path.dsv
[7.047s] -- Symlinking: /home/lmz/armpiper/install/piper_msgs/share/piper_msgs/local_setup.bash
[7.056s] -- Symlinking: /home/lmz/armpiper/install/piper_msgs/share/piper_msgs/local_setup.sh
[7.067s] -- Symlinking: /home/lmz/armpiper/install/piper_msgs/share/piper_msgs/local_setup.zsh
[7.078s] -- Symlinking: /home/lmz/armpiper/install/piper_msgs/share/piper_msgs/local_setup.dsv
[7.084s] -- Symlinking: /home/lmz/armpiper/install/piper_msgs/share/piper_msgs/package.dsv
[7.095s] -- Symlinking: /home/lmz/armpiper/install/piper_msgs/share/ament_index/resource_index/packages/piper_msgs
[7.104s] -- Symlinking: /home/lmz/armpiper/install/piper_msgs/share/piper_msgs/cmake/rosidl_cmake-extras.cmake
[7.111s] -- Symlinking: /home/lmz/armpiper/install/piper_msgs/share/piper_msgs/cmake/ament_cmake_export_include_directories-extras.cmake
[7.117s] -- Symlinking: /home/lmz/armpiper/install/piper_msgs/share/piper_msgs/cmake/ament_cmake_export_libraries-extras.cmake
[7.128s] -- Symlinking: /home/lmz/armpiper/install/piper_msgs/share/piper_msgs/cmake/ament_cmake_export_targets-extras.cmake
[7.134s] -- Symlinking: /home/lmz/armpiper/install/piper_msgs/share/piper_msgs/cmake/rosidl_cmake_export_typesupport_targets-extras.cmake
[7.145s] -- Symlinking: /home/lmz/armpiper/install/piper_msgs/share/piper_msgs/cmake/ament_cmake_export_dependencies-extras.cmake
[7.157s] -- Symlinking: /home/lmz/armpiper/install/piper_msgs/share/piper_msgs/cmake/rosidl_cmake_export_typesupport_libraries-extras.cmake
[7.167s] -- Symlinking: /home/lmz/armpiper/install/piper_msgs/share/piper_msgs/cmake/piper_msgsConfig.cmake
[7.176s] -- Symlinking: /home/lmz/armpiper/install/piper_msgs/share/piper_msgs/cmake/piper_msgsConfig-version.cmake
[7.185s] -- Symlinking: /home/lmz/armpiper/install/piper_msgs/share/piper_msgs/package.xml
[7.191s] -- Installing: /home/lmz/armpiper/install/piper_msgs/lib/libpiper_msgs__rosidl_generator_c.so
[7.192s] -- Set runtime path of "/home/lmz/armpiper/install/piper_msgs/lib/libpiper_msgs__rosidl_generator_c.so" to ""
[7.192s] -- Installing: /home/lmz/armpiper/install/piper_msgs/lib/libpiper_msgs__rosidl_typesupport_fastrtps_c.so
[7.192s] -- Set runtime path of "/home/lmz/armpiper/install/piper_msgs/lib/libpiper_msgs__rosidl_typesupport_fastrtps_c.so" to ""
[7.192s] -- Installing: /home/lmz/armpiper/install/piper_msgs/lib/libpiper_msgs__rosidl_typesupport_introspection_c.so
[7.193s] -- Set runtime path of "/home/lmz/armpiper/install/piper_msgs/lib/libpiper_msgs__rosidl_typesupport_introspection_c.so" to ""
[7.193s] -- Installing: /home/lmz/armpiper/install/piper_msgs/lib/libpiper_msgs__rosidl_typesupport_c.so
[7.193s] -- Set runtime path of "/home/lmz/armpiper/install/piper_msgs/lib/libpiper_msgs__rosidl_typesupport_c.so" to ""
[7.193s] -- Installing: /home/lmz/armpiper/install/piper_msgs/lib/libpiper_msgs__rosidl_typesupport_fastrtps_cpp.so
[7.193s] -- Set runtime path of "/home/lmz/armpiper/install/piper_msgs/lib/libpiper_msgs__rosidl_typesupport_fastrtps_cpp.so" to ""
[7.194s] -- Installing: /home/lmz/armpiper/install/piper_msgs/lib/libpiper_msgs__rosidl_typesupport_introspection_cpp.so
[7.194s] -- Set runtime path of "/home/lmz/armpiper/install/piper_msgs/lib/libpiper_msgs__rosidl_typesupport_introspection_cpp.so" to ""
[7.194s] -- Installing: /home/lmz/armpiper/install/piper_msgs/lib/libpiper_msgs__rosidl_typesupport_cpp.so
[7.194s] -- Set runtime path of "/home/lmz/armpiper/install/piper_msgs/lib/libpiper_msgs__rosidl_typesupport_cpp.so" to ""
[7.228s] Listing '/home/lmz/armpiper/install/piper_msgs/local/lib/python3.10/dist-packages/piper_msgs'...
[7.228s] Compiling '/home/lmz/armpiper/install/piper_msgs/local/lib/python3.10/dist-packages/piper_msgs/__init__.py'...
[7.228s] Listing '/home/lmz/armpiper/install/piper_msgs/local/lib/python3.10/dist-packages/piper_msgs/msg'...
[7.228s] Compiling '/home/lmz/armpiper/install/piper_msgs/local/lib/python3.10/dist-packages/piper_msgs/msg/__init__.py'...
[7.228s] Compiling '/home/lmz/armpiper/install/piper_msgs/local/lib/python3.10/dist-packages/piper_msgs/msg/_piper_status_msg.py'...
[7.228s] Compiling '/home/lmz/armpiper/install/piper_msgs/local/lib/python3.10/dist-packages/piper_msgs/msg/_pos_cmd.py'...
[7.228s] Listing '/home/lmz/armpiper/install/piper_msgs/local/lib/python3.10/dist-packages/piper_msgs/srv'...
[7.228s] Compiling '/home/lmz/armpiper/install/piper_msgs/local/lib/python3.10/dist-packages/piper_msgs/srv/__init__.py'...
[7.228s] Compiling '/home/lmz/armpiper/install/piper_msgs/local/lib/python3.10/dist-packages/piper_msgs/srv/_enable.py'...
[7.232s] -- Installing: /home/lmz/armpiper/install/piper_msgs/lib/libpiper_msgs__rosidl_generator_py.so
[7.232s] -- Set runtime path of "/home/lmz/armpiper/install/piper_msgs/lib/libpiper_msgs__rosidl_generator_py.so" to ""
[7.233s] -- Installing: /home/lmz/armpiper/install/piper_msgs/share/piper_msgs/cmake/export_piper_msgs__rosidl_generator_cExport.cmake
[7.233s] -- Installing: /home/lmz/armpiper/install/piper_msgs/share/piper_msgs/cmake/export_piper_msgs__rosidl_generator_cExport-noconfig.cmake
[7.233s] -- Installing: /home/lmz/armpiper/install/piper_msgs/share/piper_msgs/cmake/export_piper_msgs__rosidl_typesupport_fastrtps_cExport.cmake
[7.233s] -- Installing: /home/lmz/armpiper/install/piper_msgs/share/piper_msgs/cmake/export_piper_msgs__rosidl_typesupport_fastrtps_cExport-noconfig.cmake
[7.233s] -- Installing: /home/lmz/armpiper/install/piper_msgs/share/piper_msgs/cmake/piper_msgs__rosidl_typesupport_introspection_cExport.cmake
[7.233s] -- Installing: /home/lmz/armpiper/install/piper_msgs/share/piper_msgs/cmake/piper_msgs__rosidl_typesupport_introspection_cExport-noconfig.cmake
[7.233s] -- Installing: /home/lmz/armpiper/install/piper_msgs/share/piper_msgs/cmake/piper_msgs__rosidl_typesupport_cExport.cmake
[7.233s] -- Installing: /home/lmz/armpiper/install/piper_msgs/share/piper_msgs/cmake/piper_msgs__rosidl_typesupport_cExport-noconfig.cmake
[7.234s] -- Installing: /home/lmz/armpiper/install/piper_msgs/share/piper_msgs/cmake/export_piper_msgs__rosidl_generator_cppExport.cmake
[7.234s] -- Installing: /home/lmz/armpiper/install/piper_msgs/share/piper_msgs/cmake/export_piper_msgs__rosidl_typesupport_fastrtps_cppExport.cmake
[7.234s] -- Installing: /home/lmz/armpiper/install/piper_msgs/share/piper_msgs/cmake/export_piper_msgs__rosidl_typesupport_fastrtps_cppExport-noconfig.cmake
[7.234s] -- Installing: /home/lmz/armpiper/install/piper_msgs/share/piper_msgs/cmake/piper_msgs__rosidl_typesupport_introspection_cppExport.cmake
[7.234s] -- Installing: /home/lmz/armpiper/install/piper_msgs/share/piper_msgs/cmake/piper_msgs__rosidl_typesupport_introspection_cppExport-noconfig.cmake
[7.234s] -- Installing: /home/lmz/armpiper/install/piper_msgs/share/piper_msgs/cmake/piper_msgs__rosidl_typesupport_cppExport.cmake
[7.234s] -- Installing: /home/lmz/armpiper/install/piper_msgs/share/piper_msgs/cmake/piper_msgs__rosidl_typesupport_cppExport-noconfig.cmake
[7.234s] -- Installing: /home/lmz/armpiper/install/piper_msgs/share/piper_msgs/cmake/export_piper_msgs__rosidl_generator_pyExport.cmake
[7.234s] -- Installing: /home/lmz/armpiper/install/piper_msgs/share/piper_msgs/cmake/export_piper_msgs__rosidl_generator_pyExport-noconfig.cmake
[7.237s] Invoked command in '/home/lmz/armpiper/build/piper_msgs' returned '0': CMAKE_PREFIX_PATH=${CMAKE_PREFIX_PATH}:/home/lmz/armpiper/install/vla:/home/lmz/armpiper/install/interface:/home/lmz/armpiper/install/piper:/home/lmz/armpiper/install/leapsim:/home/lmz/armpiper/install/follow:/home/lmz/armpiper/install/arm_control_pkg:/opt/ros/humble /usr/bin/cmake --install /home/lmz/armpiper/build/piper_msgs
