[2.119s] Invoking command in '/home/lmz/armpiper/build/follow': PYTHONPATH=/home/lmz/armpiper/build/follow/prefix_override:/usr/lib/python3/dist-packages/colcon_core/task/python/colcon_distutils_commands:/home/lmz/armpiper/install/follow/lib/python3.10/site-packages:${PYTHONPATH} /usr/bin/python3 -W ignore:setup.py install is deprecated -W ignore:easy_install command is deprecated setup.py develop --editable --build-directory /home/lmz/armpiper/build/follow/build --no-deps symlink_data
[2.746s] running develop
[3.048s] running egg_info
[3.049s] creating follow.egg-info
[3.049s] writing follow.egg-info/PKG-INFO
[3.050s] writing dependency_links to follow.egg-info/dependency_links.txt
[3.050s] writing entry points to follow.egg-info/entry_points.txt
[3.051s] writing requirements to follow.egg-info/requires.txt
[3.051s] writing top-level names to follow.egg-info/top_level.txt
[3.052s] writing manifest file 'follow.egg-info/SOURCES.txt'
[3.055s] reading manifest file 'follow.egg-info/SOURCES.txt'
[3.057s] writing manifest file 'follow.egg-info/SOURCES.txt'
[3.060s] running build_ext
[3.061s] Creating /home/lmz/armpiper/install/follow/lib/python3.10/site-packages/follow.egg-link (link to .)
[3.062s] Installing follow script to /home/lmz/armpiper/install/follow/lib/follow
[3.062s] Installing pico script to /home/lmz/armpiper/install/follow/lib/follow
[3.062s] 
[3.063s] Installed /home/lmz/armpiper/build/follow
[3.063s] running symlink_data
[3.063s] creating /home/lmz/armpiper/install/follow/share/ament_index
[3.064s] creating /home/lmz/armpiper/install/follow/share/ament_index/resource_index
[3.064s] creating /home/lmz/armpiper/install/follow/share/ament_index/resource_index/packages
[3.064s] symbolically linking /home/lmz/armpiper/build/follow/resource/follow -> /home/lmz/armpiper/install/follow/share/ament_index/resource_index/packages
[3.064s] symbolically linking /home/lmz/armpiper/build/follow/package.xml -> /home/lmz/armpiper/install/follow/share/follow
[3.065s] symbolically linking /home/lmz/armpiper/build/follow/follow/pose_landmarker_full.task -> /home/lmz/armpiper/install/follow/share/follow
[3.065s] symbolically linking /home/lmz/armpiper/build/follow/follow/hand_landmarker.task -> /home/lmz/armpiper/install/follow/share/follow
[3.185s] Invoked command in '/home/lmz/armpiper/build/follow' returned '0': PYTHONPATH=/home/lmz/armpiper/build/follow/prefix_override:/usr/lib/python3/dist-packages/colcon_core/task/python/colcon_distutils_commands:/home/lmz/armpiper/install/follow/lib/python3.10/site-packages:${PYTHONPATH} /usr/bin/python3 -W ignore:setup.py install is deprecated -W ignore:easy_install command is deprecated setup.py develop --editable --build-directory /home/lmz/armpiper/build/follow/build --no-deps symlink_data
