[1.229s] Invoking command in '/home/lmz/armpiper/build/piper_gazebo': CMAKE_PREFIX_PATH=${CMAKE_PREFIX_PATH}:/home/lmz/armpiper/install/vla:/home/lmz/armpiper/install/interface:/home/lmz/armpiper/install/piper:/home/lmz/armpiper/install/leapsim:/home/lmz/armpiper/install/follow:/home/lmz/armpiper/install/arm_control_pkg:/opt/ros/humble /usr/bin/cmake /home/lmz/armpiper/src/piper_ros/piper_sim/piper_gazebo -DAMENT_CMAKE_SYMLINK_INSTALL=1 -DCMAKE_INSTALL_PREFIX=/home/lmz/armpiper/install/piper_gazebo
[1.531s] -- The C compiler identification is GNU 11.4.0
[1.532s] -- The CXX compiler identification is GNU 11.4.0
[1.533s] -- Detecting C compiler ABI info
[1.533s] -- Detecting C compiler ABI info - done
[1.533s] -- Check for working C compiler: /usr/bin/cc - skipped
[1.534s] -- Detecting C compile features
[1.534s] -- Detecting C compile features - done
[1.534s] -- Detecting CXX compiler ABI info
[1.539s] -- Detecting CXX compiler ABI info - done
[1.540s] -- Check for working CXX compiler: /usr/bin/c++ - skipped
[1.540s] -- Detecting CXX compile features
[1.541s] -- Detecting CXX compile features - done
[1.542s] -- Found ament_cmake: 1.3.11 (/opt/ros/humble/share/ament_cmake/cmake)
[2.006s] -- Found Python3: /usr/bin/python3 (found version "3.10.12") found components: Interpreter 
[2.196s] -- Override CMake install command with custom implementation using symlinks instead of copying resources
[2.276s] -- Found ament_lint_auto: 0.12.12 (/opt/ros/humble/share/ament_lint_auto/cmake)
[2.446s] -- Added test 'copyright' to check source files copyright and LICENSE
[2.450s] -- Added test 'flake8' to check Python code syntax and style conventions
[2.456s] -- Added test 'lint_cmake' to check CMake code style
[2.456s] -- Added test 'pep257' to check Python code against some of the docstring style conventions in PEP 257
[2.458s] -- Added test 'xmllint' to check XML markup files
[2.460s] -- Configuring done
[2.467s] -- Generating done
[2.471s] -- Build files have been written to: /home/lmz/armpiper/build/piper_gazebo
[2.498s] Invoked command in '/home/lmz/armpiper/build/piper_gazebo' returned '0': CMAKE_PREFIX_PATH=${CMAKE_PREFIX_PATH}:/home/lmz/armpiper/install/vla:/home/lmz/armpiper/install/interface:/home/lmz/armpiper/install/piper:/home/lmz/armpiper/install/leapsim:/home/lmz/armpiper/install/follow:/home/lmz/armpiper/install/arm_control_pkg:/opt/ros/humble /usr/bin/cmake /home/lmz/armpiper/src/piper_ros/piper_sim/piper_gazebo -DAMENT_CMAKE_SYMLINK_INSTALL=1 -DCMAKE_INSTALL_PREFIX=/home/lmz/armpiper/install/piper_gazebo
[2.499s] Invoking command in '/home/lmz/armpiper/build/piper_gazebo': CMAKE_PREFIX_PATH=${CMAKE_PREFIX_PATH}:/home/lmz/armpiper/install/vla:/home/lmz/armpiper/install/interface:/home/lmz/armpiper/install/piper:/home/lmz/armpiper/install/leapsim:/home/lmz/armpiper/install/follow:/home/lmz/armpiper/install/arm_control_pkg:/opt/ros/humble /usr/bin/cmake --build /home/lmz/armpiper/build/piper_gazebo -- -j16 -l16
[2.754s] Invoked command in '/home/lmz/armpiper/build/piper_gazebo' returned '0': CMAKE_PREFIX_PATH=${CMAKE_PREFIX_PATH}:/home/lmz/armpiper/install/vla:/home/lmz/armpiper/install/interface:/home/lmz/armpiper/install/piper:/home/lmz/armpiper/install/leapsim:/home/lmz/armpiper/install/follow:/home/lmz/armpiper/install/arm_control_pkg:/opt/ros/humble /usr/bin/cmake --build /home/lmz/armpiper/build/piper_gazebo -- -j16 -l16
[2.760s] Invoking command in '/home/lmz/armpiper/build/piper_gazebo': CMAKE_PREFIX_PATH=${CMAKE_PREFIX_PATH}:/home/lmz/armpiper/install/vla:/home/lmz/armpiper/install/interface:/home/lmz/armpiper/install/piper:/home/lmz/armpiper/install/leapsim:/home/lmz/armpiper/install/follow:/home/lmz/armpiper/install/arm_control_pkg:/opt/ros/humble /usr/bin/cmake --install /home/lmz/armpiper/build/piper_gazebo
[2.948s] -- Install configuration: ""
[2.948s] -- Execute custom install script
[2.948s] -- Symlinking: /home/lmz/armpiper/install/piper_gazebo/share/piper_gazebo/launch/piper_no_gripper/piper_no_gripper_gazebo.launch.py
[2.948s] -- Symlinking: /home/lmz/armpiper/install/piper_gazebo/share/piper_gazebo/launch/piper_with_gripper/piper_gazebo.launch.py
[2.948s] -- Symlinking: /home/lmz/armpiper/install/piper_gazebo/share/piper_gazebo/config/ros2_controllers.yaml
[2.948s] -- Symlinking: /home/lmz/armpiper/install/piper_gazebo/share/piper_gazebo/config/ros2_no_gripper_controllers.yaml
[2.948s] -- Symlinking: /home/lmz/armpiper/install/piper_gazebo/share/piper_gazebo/scripts/joint8_ctrl.py
[2.948s] -- Symlinking: /home/lmz/armpiper/install/piper_gazebo/lib/piper_gazebo/joint8_ctrl.py
[2.948s] -- Symlinking: /home/lmz/armpiper/install/piper_gazebo/share/ament_index/resource_index/package_run_dependencies/piper_gazebo
[2.948s] -- Symlinking: /home/lmz/armpiper/install/piper_gazebo/share/ament_index/resource_index/parent_prefix_path/piper_gazebo
[2.949s] -- Symlinking: /home/lmz/armpiper/install/piper_gazebo/share/piper_gazebo/environment/ament_prefix_path.sh
[2.949s] -- Symlinking: /home/lmz/armpiper/install/piper_gazebo/share/piper_gazebo/environment/ament_prefix_path.dsv
[2.949s] -- Symlinking: /home/lmz/armpiper/install/piper_gazebo/share/piper_gazebo/environment/path.sh
[2.949s] -- Symlinking: /home/lmz/armpiper/install/piper_gazebo/share/piper_gazebo/environment/path.dsv
[2.955s] -- Symlinking: /home/lmz/armpiper/install/piper_gazebo/share/piper_gazebo/local_setup.bash
[2.981s] -- Symlinking: /home/lmz/armpiper/install/piper_gazebo/share/piper_gazebo/local_setup.sh
[2.985s] -- Symlinking: /home/lmz/armpiper/install/piper_gazebo/share/piper_gazebo/local_setup.zsh
[3.007s] -- Symlinking: /home/lmz/armpiper/install/piper_gazebo/share/piper_gazebo/local_setup.dsv
[3.029s] -- Symlinking: /home/lmz/armpiper/install/piper_gazebo/share/piper_gazebo/package.dsv
[3.047s] -- Symlinking: /home/lmz/armpiper/install/piper_gazebo/share/ament_index/resource_index/packages/piper_gazebo
[3.059s] -- Symlinking: /home/lmz/armpiper/install/piper_gazebo/share/piper_gazebo/cmake/piper_gazeboConfig.cmake
[3.072s] -- Symlinking: /home/lmz/armpiper/install/piper_gazebo/share/piper_gazebo/cmake/piper_gazeboConfig-version.cmake
[3.084s] -- Symlinking: /home/lmz/armpiper/install/piper_gazebo/share/piper_gazebo/package.xml
[3.136s] Invoked command in '/home/lmz/armpiper/build/piper_gazebo' returned '0': CMAKE_PREFIX_PATH=${CMAKE_PREFIX_PATH}:/home/lmz/armpiper/install/vla:/home/lmz/armpiper/install/interface:/home/lmz/armpiper/install/piper:/home/lmz/armpiper/install/leapsim:/home/lmz/armpiper/install/follow:/home/lmz/armpiper/install/arm_control_pkg:/opt/ros/humble /usr/bin/cmake --install /home/lmz/armpiper/build/piper_gazebo
