[1.228s] Invoking command in '/home/lmz/armpiper/build/piper_humble': CMAKE_PREFIX_PATH=${CMAKE_PREFIX_PATH}:/home/lmz/armpiper/install/vla:/home/lmz/armpiper/install/interface:/home/lmz/armpiper/install/piper:/home/lmz/armpiper/install/leapsim:/home/lmz/armpiper/install/follow:/home/lmz/armpiper/install/arm_control_pkg:/opt/ros/humble /usr/bin/cmake /home/lmz/armpiper/src/piper_ros/piper_humble -DAMENT_CMAKE_SYMLINK_INSTALL=1 -DCMAKE_INSTALL_PREFIX=/home/lmz/armpiper/install/piper_humble
[1.529s] -- The C compiler identification is GNU 11.4.0
[1.529s] -- The CXX compiler identification is GNU 11.4.0
[1.529s] -- Detecting C compiler ABI info
[1.529s] -- Detecting C compiler ABI info - done
[1.529s] -- Check for working C compiler: /usr/bin/cc - skipped
[1.529s] -- Detecting C compile features
[1.529s] -- Detecting C compile features - done
[1.529s] -- Detecting CXX compiler ABI info
[1.547s] -- Detecting CXX compiler ABI info - done
[1.554s] -- Check for working CXX compiler: /usr/bin/c++ - skipped
[1.558s] -- Detecting CXX compile features
[1.559s] -- Detecting CXX compile features - done
[1.559s] -- Found ament_cmake: 1.3.11 (/opt/ros/humble/share/ament_cmake/cmake)
[1.982s] -- Found Python3: /usr/bin/python3 (found version "3.10.12") found components: Interpreter 
[2.221s] -- Override CMake install command with custom implementation using symlinks instead of copying resources
[2.457s] -- Configuring done
[2.461s] -- Generating done
[2.462s] -- Build files have been written to: /home/lmz/armpiper/build/piper_humble
[2.477s] Invoked command in '/home/lmz/armpiper/build/piper_humble' returned '0': CMAKE_PREFIX_PATH=${CMAKE_PREFIX_PATH}:/home/lmz/armpiper/install/vla:/home/lmz/armpiper/install/interface:/home/lmz/armpiper/install/piper:/home/lmz/armpiper/install/leapsim:/home/lmz/armpiper/install/follow:/home/lmz/armpiper/install/arm_control_pkg:/opt/ros/humble /usr/bin/cmake /home/lmz/armpiper/src/piper_ros/piper_humble -DAMENT_CMAKE_SYMLINK_INSTALL=1 -DCMAKE_INSTALL_PREFIX=/home/lmz/armpiper/install/piper_humble
[2.479s] Invoking command in '/home/lmz/armpiper/build/piper_humble': CMAKE_PREFIX_PATH=${CMAKE_PREFIX_PATH}:/home/lmz/armpiper/install/vla:/home/lmz/armpiper/install/interface:/home/lmz/armpiper/install/piper:/home/lmz/armpiper/install/leapsim:/home/lmz/armpiper/install/follow:/home/lmz/armpiper/install/arm_control_pkg:/opt/ros/humble /usr/bin/cmake --build /home/lmz/armpiper/build/piper_humble -- -j16 -l16
[2.746s] Invoked command in '/home/lmz/armpiper/build/piper_humble' returned '0': CMAKE_PREFIX_PATH=${CMAKE_PREFIX_PATH}:/home/lmz/armpiper/install/vla:/home/lmz/armpiper/install/interface:/home/lmz/armpiper/install/piper:/home/lmz/armpiper/install/leapsim:/home/lmz/armpiper/install/follow:/home/lmz/armpiper/install/arm_control_pkg:/opt/ros/humble /usr/bin/cmake --build /home/lmz/armpiper/build/piper_humble -- -j16 -l16
[2.747s] Invoking command in '/home/lmz/armpiper/build/piper_humble': CMAKE_PREFIX_PATH=${CMAKE_PREFIX_PATH}:/home/lmz/armpiper/install/vla:/home/lmz/armpiper/install/interface:/home/lmz/armpiper/install/piper:/home/lmz/armpiper/install/leapsim:/home/lmz/armpiper/install/follow:/home/lmz/armpiper/install/arm_control_pkg:/opt/ros/humble /usr/bin/cmake --install /home/lmz/armpiper/build/piper_humble
[2.809s] -- Install configuration: ""
[2.810s] -- Execute custom install script
[2.810s] -- Symlinking: /home/lmz/armpiper/install/piper_humble/share/ament_index/resource_index/package_run_dependencies/piper_humble
[2.810s] -- Symlinking: /home/lmz/armpiper/install/piper_humble/share/ament_index/resource_index/parent_prefix_path/piper_humble
[2.812s] -- Symlinking: /home/lmz/armpiper/install/piper_humble/share/piper_humble/environment/ament_prefix_path.sh
[2.813s] -- Symlinking: /home/lmz/armpiper/install/piper_humble/share/piper_humble/environment/ament_prefix_path.dsv
[2.830s] -- Symlinking: /home/lmz/armpiper/install/piper_humble/share/piper_humble/environment/path.sh
[2.849s] -- Symlinking: /home/lmz/armpiper/install/piper_humble/share/piper_humble/environment/path.dsv
[2.874s] -- Symlinking: /home/lmz/armpiper/install/piper_humble/share/piper_humble/local_setup.bash
[2.896s] -- Symlinking: /home/lmz/armpiper/install/piper_humble/share/piper_humble/local_setup.sh
[2.906s] -- Symlinking: /home/lmz/armpiper/install/piper_humble/share/piper_humble/local_setup.zsh
[2.916s] -- Symlinking: /home/lmz/armpiper/install/piper_humble/share/piper_humble/local_setup.dsv
[2.928s] -- Symlinking: /home/lmz/armpiper/install/piper_humble/share/piper_humble/package.dsv
[2.943s] -- Symlinking: /home/lmz/armpiper/install/piper_humble/share/ament_index/resource_index/packages/piper_humble
[2.948s] -- Symlinking: /home/lmz/armpiper/install/piper_humble/share/piper_humble/cmake/piper_humbleConfig.cmake
[2.958s] -- Symlinking: /home/lmz/armpiper/install/piper_humble/share/piper_humble/cmake/piper_humbleConfig-version.cmake
[2.975s] -- Symlinking: /home/lmz/armpiper/install/piper_humble/share/piper_humble/package.xml
[2.995s] Invoked command in '/home/lmz/armpiper/build/piper_humble' returned '0': CMAKE_PREFIX_PATH=${CMAKE_PREFIX_PATH}:/home/lmz/armpiper/install/vla:/home/lmz/armpiper/install/interface:/home/lmz/armpiper/install/piper:/home/lmz/armpiper/install/leapsim:/home/lmz/armpiper/install/follow:/home/lmz/armpiper/install/arm_control_pkg:/opt/ros/humble /usr/bin/cmake --install /home/lmz/armpiper/build/piper_humble
