[1.096s] Invoking command in '/home/lmz/armpiper/build/piper_humble': CMAKE_PREFIX_PATH=${CMAKE_PREFIX_PATH}:/home/lmz/armpiper/install/vla:/home/lmz/armpiper/install/interface:/home/lmz/armpiper/install/piper:/home/lmz/armpiper/install/leapsim:/home/lmz/armpiper/install/follow:/home/lmz/armpiper/install/arm_control_pkg:/opt/ros/humble /usr/bin/cmake /home/lmz/armpiper/src/piper_ros/piper_humble -DAMENT_CMAKE_SYMLINK_INSTALL=1 -DCMAKE_INSTALL_PREFIX=/home/lmz/armpiper/install/piper_humble
[1.139s] -- The C compiler identification is GNU 11.4.0
[1.181s] -- The CXX compiler identification is GNU 11.4.0
[1.189s] -- Detecting C compiler ABI info
[1.248s] -- Detecting C compiler ABI info - done
[1.255s] -- Check for working C compiler: /usr/bin/cc - skipped
[1.255s] -- Detecting C compile features
[1.255s] -- Detecting C compile features - done
[1.257s] -- Detecting CXX compiler ABI info
[1.318s] -- Detecting CXX compiler ABI info - done
[1.327s] -- Check for working CXX compiler: /usr/bin/c++ - skipped
[1.327s] -- Detecting CXX compile features
[1.328s] -- Detecting CXX compile features - done
[1.331s] -- Found ament_cmake: 1.3.11 (/opt/ros/humble/share/ament_cmake/cmake)
[1.609s] -- Found Python3: /usr/bin/python3 (found version "3.10.12") found components: Interpreter 
[1.822s] -- Override CMake install command with custom implementation using symlinks instead of copying resources
[2.034s] -- Configuring done
[2.039s] -- Generating done
[2.041s] -- Build files have been written to: /home/lmz/armpiper/build/piper_humble
[2.052s] Invoked command in '/home/lmz/armpiper/build/piper_humble' returned '0': CMAKE_PREFIX_PATH=${CMAKE_PREFIX_PATH}:/home/lmz/armpiper/install/vla:/home/lmz/armpiper/install/interface:/home/lmz/armpiper/install/piper:/home/lmz/armpiper/install/leapsim:/home/lmz/armpiper/install/follow:/home/lmz/armpiper/install/arm_control_pkg:/opt/ros/humble /usr/bin/cmake /home/lmz/armpiper/src/piper_ros/piper_humble -DAMENT_CMAKE_SYMLINK_INSTALL=1 -DCMAKE_INSTALL_PREFIX=/home/lmz/armpiper/install/piper_humble
[2.060s] Invoking command in '/home/lmz/armpiper/build/piper_humble': CMAKE_PREFIX_PATH=${CMAKE_PREFIX_PATH}:/home/lmz/armpiper/install/vla:/home/lmz/armpiper/install/interface:/home/lmz/armpiper/install/piper:/home/lmz/armpiper/install/leapsim:/home/lmz/armpiper/install/follow:/home/lmz/armpiper/install/arm_control_pkg:/opt/ros/humble /usr/bin/cmake --build /home/lmz/armpiper/build/piper_humble -- -j16 -l16
[2.140s] Invoked command in '/home/lmz/armpiper/build/piper_humble' returned '0': CMAKE_PREFIX_PATH=${CMAKE_PREFIX_PATH}:/home/lmz/armpiper/install/vla:/home/lmz/armpiper/install/interface:/home/lmz/armpiper/install/piper:/home/lmz/armpiper/install/leapsim:/home/lmz/armpiper/install/follow:/home/lmz/armpiper/install/arm_control_pkg:/opt/ros/humble /usr/bin/cmake --build /home/lmz/armpiper/build/piper_humble -- -j16 -l16
[2.141s] Invoking command in '/home/lmz/armpiper/build/piper_humble': CMAKE_PREFIX_PATH=${CMAKE_PREFIX_PATH}:/home/lmz/armpiper/install/vla:/home/lmz/armpiper/install/interface:/home/lmz/armpiper/install/piper:/home/lmz/armpiper/install/leapsim:/home/lmz/armpiper/install/follow:/home/lmz/armpiper/install/arm_control_pkg:/opt/ros/humble /usr/bin/cmake --install /home/lmz/armpiper/build/piper_humble
[2.294s] -- Install configuration: ""
[2.294s] -- Execute custom install script
[2.294s] -- Symlinking: /home/lmz/armpiper/install/piper_humble/share/ament_index/resource_index/package_run_dependencies/piper_humble
[2.294s] -- Symlinking: /home/lmz/armpiper/install/piper_humble/share/ament_index/resource_index/parent_prefix_path/piper_humble
[2.294s] -- Symlinking: /home/lmz/armpiper/install/piper_humble/share/piper_humble/environment/ament_prefix_path.sh
[2.294s] -- Symlinking: /home/lmz/armpiper/install/piper_humble/share/piper_humble/environment/ament_prefix_path.dsv
[2.294s] -- Symlinking: /home/lmz/armpiper/install/piper_humble/share/piper_humble/environment/path.sh
[2.294s] -- Symlinking: /home/lmz/armpiper/install/piper_humble/share/piper_humble/environment/path.dsv
[2.294s] -- Symlinking: /home/lmz/armpiper/install/piper_humble/share/piper_humble/local_setup.bash
[2.302s] -- Symlinking: /home/lmz/armpiper/install/piper_humble/share/piper_humble/local_setup.sh
[2.320s] -- Symlinking: /home/lmz/armpiper/install/piper_humble/share/piper_humble/local_setup.zsh
[2.332s] -- Symlinking: /home/lmz/armpiper/install/piper_humble/share/piper_humble/local_setup.dsv
[2.344s] -- Symlinking: /home/lmz/armpiper/install/piper_humble/share/piper_humble/package.dsv
[2.363s] -- Symlinking: /home/lmz/armpiper/install/piper_humble/share/ament_index/resource_index/packages/piper_humble
[2.372s] -- Symlinking: /home/lmz/armpiper/install/piper_humble/share/piper_humble/cmake/piper_humbleConfig.cmake
[2.383s] -- Symlinking: /home/lmz/armpiper/install/piper_humble/share/piper_humble/cmake/piper_humbleConfig-version.cmake
[2.399s] -- Symlinking: /home/lmz/armpiper/install/piper_humble/share/piper_humble/package.xml
[2.423s] Invoked command in '/home/lmz/armpiper/build/piper_humble' returned '0': CMAKE_PREFIX_PATH=${CMAKE_PREFIX_PATH}:/home/lmz/armpiper/install/vla:/home/lmz/armpiper/install/interface:/home/lmz/armpiper/install/piper:/home/lmz/armpiper/install/leapsim:/home/lmz/armpiper/install/follow:/home/lmz/armpiper/install/arm_control_pkg:/opt/ros/humble /usr/bin/cmake --install /home/lmz/armpiper/build/piper_humble
