[1.824s] Invoking command in '/home/lmz/armpiper/build/follow': PYTHONPATH=/home/lmz/armpiper/build/follow/prefix_override:/usr/lib/python3/dist-packages/colcon_core/task/python/colcon_distutils_commands:/home/lmz/armpiper/install/follow/lib/python3.10/site-packages:${PYTHONPATH} /usr/bin/python3 -W ignore:setup.py install is deprecated -W ignore:easy_install command is deprecated setup.py develop --editable --build-directory /home/lmz/armpiper/build/follow/build --no-deps symlink_data
[2.284s] running develop
[2.688s] running egg_info
[2.689s] creating follow.egg-info
[2.689s] writing follow.egg-info/PKG-INFO
[2.689s] writing dependency_links to follow.egg-info/dependency_links.txt
[2.689s] writing entry points to follow.egg-info/entry_points.txt
[2.689s] writing requirements to follow.egg-info/requires.txt
[2.689s] writing top-level names to follow.egg-info/top_level.txt
[2.689s] writing manifest file 'follow.egg-info/SOURCES.txt'
[2.689s] reading manifest file 'follow.egg-info/SOURCES.txt'
[2.689s] writing manifest file 'follow.egg-info/SOURCES.txt'
[2.696s] running build_ext
[2.696s] Creating /home/lmz/armpiper/install/follow/lib/python3.10/site-packages/follow.egg-link (link to .)
[2.696s] Installing follow script to /home/lmz/armpiper/install/follow/lib/follow
[2.696s] Installing pico script to /home/lmz/armpiper/install/follow/lib/follow
[2.696s] 
[2.696s] Installed /home/lmz/armpiper/build/follow
[2.696s] running symlink_data
[2.696s] creating /home/lmz/armpiper/install/follow/share/ament_index
[2.696s] creating /home/lmz/armpiper/install/follow/share/ament_index/resource_index
[2.696s] creating /home/lmz/armpiper/install/follow/share/ament_index/resource_index/packages
[2.697s] symbolically linking /home/lmz/armpiper/build/follow/resource/follow -> /home/lmz/armpiper/install/follow/share/ament_index/resource_index/packages
[2.697s] symbolically linking /home/lmz/armpiper/build/follow/package.xml -> /home/lmz/armpiper/install/follow/share/follow
[2.701s] symbolically linking /home/lmz/armpiper/build/follow/follow/pose_landmarker_full.task -> /home/lmz/armpiper/install/follow/share/follow
[2.702s] symbolically linking /home/lmz/armpiper/build/follow/follow/hand_landmarker.task -> /home/lmz/armpiper/install/follow/share/follow
[2.763s] Invoked command in '/home/lmz/armpiper/build/follow' returned '0': PYTHONPATH=/home/lmz/armpiper/build/follow/prefix_override:/usr/lib/python3/dist-packages/colcon_core/task/python/colcon_distutils_commands:/home/lmz/armpiper/install/follow/lib/python3.10/site-packages:${PYTHONPATH} /usr/bin/python3 -W ignore:setup.py install is deprecated -W ignore:easy_install command is deprecated setup.py develop --editable --build-directory /home/lmz/armpiper/build/follow/build --no-deps symlink_data
