[0.075s] Invoking command in '/home/lmz/armpiper/build/dynamixel_sdk': CMAKE_PREFIX_PATH=${CMAKE_PREFIX_PATH}:/home/lmz/armpiper/install/vla:/home/lmz/armpiper/install/interface:/home/lmz/armpiper/install/piper:/home/lmz/armpiper/install/leapsim:/home/lmz/armpiper/install/follow:/home/lmz/armpiper/install/arm_control_pkg:/opt/ros/humble /usr/bin/cmake /home/lmz/armpiper/src/DynamixelSDK/ros/dynamixel_sdk -DAMENT_CMAKE_SYMLINK_INSTALL=1 -DCMAKE_INSTALL_PREFIX=/home/lmz/armpiper/install/dynamixel_sdk
[1.555s] -- The C compiler identification is GNU 11.4.0
[1.555s] -- The CXX compiler identification is GNU 11.4.0
[1.555s] -- Detecting C compiler ABI info
[1.556s] -- Detecting C compiler ABI info - done
[1.556s] -- Check for working C compiler: /usr/bin/cc - skipped
[1.556s] -- Detecting C compile features
[1.556s] -- Detecting C compile features - done
[1.556s] -- Detecting CXX compiler ABI info
[1.556s] -- Detecting CXX compiler ABI info - done
[1.556s] -- Check for working CXX compiler: /usr/bin/c++ - skipped
[1.556s] -- Detecting CXX compile features
[1.556s] -- Detecting CXX compile features - done
[1.557s] -- Found ament_cmake: 1.3.11 (/opt/ros/humble/share/ament_cmake/cmake)
[1.557s] -- Found Python3: /usr/bin/python3 (found version "3.10.12") found components: Interpreter 
[1.557s] -- Override CMake install command with custom implementation using symlinks instead of copying resources
[1.557s] -- Configuring done
[1.557s] -- Generating done
[1.557s] -- Build files have been written to: /home/lmz/armpiper/build/dynamixel_sdk
[1.581s] Invoked command in '/home/lmz/armpiper/build/dynamixel_sdk' returned '0': CMAKE_PREFIX_PATH=${CMAKE_PREFIX_PATH}:/home/lmz/armpiper/install/vla:/home/lmz/armpiper/install/interface:/home/lmz/armpiper/install/piper:/home/lmz/armpiper/install/leapsim:/home/lmz/armpiper/install/follow:/home/lmz/armpiper/install/arm_control_pkg:/opt/ros/humble /usr/bin/cmake /home/lmz/armpiper/src/DynamixelSDK/ros/dynamixel_sdk -DAMENT_CMAKE_SYMLINK_INSTALL=1 -DCMAKE_INSTALL_PREFIX=/home/lmz/armpiper/install/dynamixel_sdk
[1.582s] Invoking command in '/home/lmz/armpiper/build/dynamixel_sdk': CMAKE_PREFIX_PATH=${CMAKE_PREFIX_PATH}:/home/lmz/armpiper/install/vla:/home/lmz/armpiper/install/interface:/home/lmz/armpiper/install/piper:/home/lmz/armpiper/install/leapsim:/home/lmz/armpiper/install/follow:/home/lmz/armpiper/install/arm_control_pkg:/opt/ros/humble /usr/bin/cmake --build /home/lmz/armpiper/build/dynamixel_sdk -- -j16 -l16
[1.673s] [ 15%] [32mBuilding CXX object CMakeFiles/dynamixel_sdk.dir/src/dynamixel_sdk/group_sync_write.cpp.o[0m
[1.676s] [ 15%] [32mBuilding CXX object CMakeFiles/dynamixel_sdk.dir/src/dynamixel_sdk/protocol1_packet_handler.cpp.o[0m
[1.677s] [ 23%] [32mBuilding CXX object CMakeFiles/dynamixel_sdk.dir/src/dynamixel_sdk/packet_handler.cpp.o[0m
[1.677s] [ 15%] Built target ament_cmake_python_symlink_dynamixel_sdk
[1.678s] [ 30%] [32mBuilding CXX object CMakeFiles/dynamixel_sdk.dir/src/dynamixel_sdk/group_bulk_read.cpp.o[0m
[1.682s] [ 38%] [32mBuilding CXX object CMakeFiles/dynamixel_sdk.dir/src/dynamixel_sdk/group_sync_read.cpp.o[0m
[1.682s] [ 46%] [32mBuilding CXX object CMakeFiles/dynamixel_sdk.dir/src/dynamixel_sdk/port_handler_linux.cpp.o[0m
[1.683s] [ 53%] [32mBuilding CXX object CMakeFiles/dynamixel_sdk.dir/src/dynamixel_sdk/group_fast_bulk_read.cpp.o[0m
[1.695s] [ 61%] [32mBuilding CXX object CMakeFiles/dynamixel_sdk.dir/src/dynamixel_sdk/protocol2_packet_handler.cpp.o[0m
[1.696s] [ 69%] [32mBuilding CXX object CMakeFiles/dynamixel_sdk.dir/src/dynamixel_sdk/group_bulk_write.cpp.o[0m
[1.696s] [ 76%] [32mBuilding CXX object CMakeFiles/dynamixel_sdk.dir/src/dynamixel_sdk/group_fast_sync_read.cpp.o[0m
[1.696s] [ 84%] [32mBuilding CXX object CMakeFiles/dynamixel_sdk.dir/src/dynamixel_sdk/port_handler.cpp.o[0m
[1.705s] [ 92%] [32mBuilding CXX object CMakeFiles/dynamixel_sdk.dir/src/dynamixel_sdk/group_handler.cpp.o[0m
[2.374s] running egg_info
[2.375s] creating dynamixel_sdk.egg-info
[2.375s] writing dynamixel_sdk.egg-info/PKG-INFO
[2.375s] writing dependency_links to dynamixel_sdk.egg-info/dependency_links.txt
[2.375s] writing top-level names to dynamixel_sdk.egg-info/top_level.txt
[2.375s] writing manifest file 'dynamixel_sdk.egg-info/SOURCES.txt'
[2.379s] reading manifest file 'dynamixel_sdk.egg-info/SOURCES.txt'
[2.379s] writing manifest file 'dynamixel_sdk.egg-info/SOURCES.txt'
[2.475s] [ 92%] Built target ament_cmake_python_build_dynamixel_sdk_egg
[2.639s] [100%] [32m[1mLinking CXX shared library libdynamixel_sdk.so[0m
[2.773s] [100%] Built target dynamixel_sdk
[2.852s] Invoked command in '/home/lmz/armpiper/build/dynamixel_sdk' returned '0': CMAKE_PREFIX_PATH=${CMAKE_PREFIX_PATH}:/home/lmz/armpiper/install/vla:/home/lmz/armpiper/install/interface:/home/lmz/armpiper/install/piper:/home/lmz/armpiper/install/leapsim:/home/lmz/armpiper/install/follow:/home/lmz/armpiper/install/arm_control_pkg:/opt/ros/humble /usr/bin/cmake --build /home/lmz/armpiper/build/dynamixel_sdk -- -j16 -l16
[2.856s] Invoking command in '/home/lmz/armpiper/build/dynamixel_sdk': CMAKE_PREFIX_PATH=${CMAKE_PREFIX_PATH}:/home/lmz/armpiper/install/vla:/home/lmz/armpiper/install/interface:/home/lmz/armpiper/install/piper:/home/lmz/armpiper/install/leapsim:/home/lmz/armpiper/install/follow:/home/lmz/armpiper/install/arm_control_pkg:/opt/ros/humble /usr/bin/cmake --install /home/lmz/armpiper/build/dynamixel_sdk
[3.035s] -- Install configuration: ""
[3.035s] -- Execute custom install script
[3.035s] -- Symlinking: /home/lmz/armpiper/install/dynamixel_sdk/include//dynamixel_sdk/dynamixel_sdk.h
[3.036s] -- Symlinking: /home/lmz/armpiper/install/dynamixel_sdk/include//dynamixel_sdk/group_bulk_read.h
[3.036s] -- Symlinking: /home/lmz/armpiper/install/dynamixel_sdk/include//dynamixel_sdk/group_bulk_write.h
[3.036s] -- Symlinking: /home/lmz/armpiper/install/dynamixel_sdk/include//dynamixel_sdk/group_fast_bulk_read.h
[3.036s] -- Symlinking: /home/lmz/armpiper/install/dynamixel_sdk/include//dynamixel_sdk/group_fast_sync_read.h
[3.036s] -- Symlinking: /home/lmz/armpiper/install/dynamixel_sdk/include//dynamixel_sdk/group_handler.h
[3.036s] -- Symlinking: /home/lmz/armpiper/install/dynamixel_sdk/include//dynamixel_sdk/group_sync_read.h
[3.036s] -- Symlinking: /home/lmz/armpiper/install/dynamixel_sdk/include//dynamixel_sdk/group_sync_write.h
[3.036s] -- Symlinking: /home/lmz/armpiper/install/dynamixel_sdk/include//dynamixel_sdk/packet_handler.h
[3.036s] -- Symlinking: /home/lmz/armpiper/install/dynamixel_sdk/include//dynamixel_sdk/port_handler.h
[3.045s] -- Symlinking: /home/lmz/armpiper/install/dynamixel_sdk/include//dynamixel_sdk/port_handler_arduino.h
[3.062s] -- Symlinking: /home/lmz/armpiper/install/dynamixel_sdk/include//dynamixel_sdk/port_handler_linux.h
[3.074s] -- Symlinking: /home/lmz/armpiper/install/dynamixel_sdk/include//dynamixel_sdk/port_handler_mac.h
[3.087s] -- Symlinking: /home/lmz/armpiper/install/dynamixel_sdk/include//dynamixel_sdk/port_handler_windows.h
[3.106s] -- Symlinking: /home/lmz/armpiper/install/dynamixel_sdk/include//dynamixel_sdk/protocol1_packet_handler.h
[3.127s] -- Symlinking: /home/lmz/armpiper/install/dynamixel_sdk/include//dynamixel_sdk/protocol2_packet_handler.h
[3.145s] -- Symlinking: /home/lmz/armpiper/install/dynamixel_sdk/share/dynamixel_sdk/environment/pythonpath.sh
[3.166s] -- Symlinking: /home/lmz/armpiper/install/dynamixel_sdk/share/dynamixel_sdk/environment/pythonpath.dsv
[3.184s] -- Symlinking: /home/lmz/armpiper/install/dynamixel_sdk/local/lib/python3.10/dist-packages/dynamixel_sdk-3.8.4-py3.10.egg-info/PKG-INFO
[3.203s] -- Symlinking: /home/lmz/armpiper/install/dynamixel_sdk/local/lib/python3.10/dist-packages/dynamixel_sdk-3.8.4-py3.10.egg-info/SOURCES.txt
[3.225s] -- Symlinking: /home/lmz/armpiper/install/dynamixel_sdk/local/lib/python3.10/dist-packages/dynamixel_sdk-3.8.4-py3.10.egg-info/dependency_links.txt
[3.251s] -- Symlinking: /home/lmz/armpiper/install/dynamixel_sdk/local/lib/python3.10/dist-packages/dynamixel_sdk-3.8.4-py3.10.egg-info/top_level.txt
[3.275s] -- Symlinking: /home/lmz/armpiper/install/dynamixel_sdk/local/lib/python3.10/dist-packages/dynamixel_sdk/__init__.py
[3.291s] -- Symlinking: /home/lmz/armpiper/install/dynamixel_sdk/local/lib/python3.10/dist-packages/dynamixel_sdk/group_bulk_read.cpp
[3.321s] -- Symlinking: /home/lmz/armpiper/install/dynamixel_sdk/local/lib/python3.10/dist-packages/dynamixel_sdk/group_bulk_read.py
[3.325s] -- Symlinking: /home/lmz/armpiper/install/dynamixel_sdk/local/lib/python3.10/dist-packages/dynamixel_sdk/group_bulk_write.cpp
[3.340s] -- Symlinking: /home/lmz/armpiper/install/dynamixel_sdk/local/lib/python3.10/dist-packages/dynamixel_sdk/group_bulk_write.py
[3.352s] -- Symlinking: /home/lmz/armpiper/install/dynamixel_sdk/local/lib/python3.10/dist-packages/dynamixel_sdk/group_fast_bulk_read.cpp
[3.374s] -- Symlinking: /home/lmz/armpiper/install/dynamixel_sdk/local/lib/python3.10/dist-packages/dynamixel_sdk/group_fast_sync_read.cpp
[3.386s] -- Symlinking: /home/lmz/armpiper/install/dynamixel_sdk/local/lib/python3.10/dist-packages/dynamixel_sdk/group_handler.cpp
[3.408s] -- Symlinking: /home/lmz/armpiper/install/dynamixel_sdk/local/lib/python3.10/dist-packages/dynamixel_sdk/group_sync_read.cpp
[3.426s] -- Symlinking: /home/lmz/armpiper/install/dynamixel_sdk/local/lib/python3.10/dist-packages/dynamixel_sdk/group_sync_read.py
[3.451s] -- Symlinking: /home/lmz/armpiper/install/dynamixel_sdk/local/lib/python3.10/dist-packages/dynamixel_sdk/group_sync_write.cpp
[3.489s] -- Symlinking: /home/lmz/armpiper/install/dynamixel_sdk/local/lib/python3.10/dist-packages/dynamixel_sdk/group_sync_write.py
[3.504s] -- Symlinking: /home/lmz/armpiper/install/dynamixel_sdk/local/lib/python3.10/dist-packages/dynamixel_sdk/packet_handler.cpp
[3.518s] -- Symlinking: /home/lmz/armpiper/install/dynamixel_sdk/local/lib/python3.10/dist-packages/dynamixel_sdk/packet_handler.py
[3.541s] -- Symlinking: /home/lmz/armpiper/install/dynamixel_sdk/local/lib/python3.10/dist-packages/dynamixel_sdk/port_handler.cpp
[3.553s] -- Symlinking: /home/lmz/armpiper/install/dynamixel_sdk/local/lib/python3.10/dist-packages/dynamixel_sdk/port_handler.py
[3.569s] -- Symlinking: /home/lmz/armpiper/install/dynamixel_sdk/local/lib/python3.10/dist-packages/dynamixel_sdk/port_handler_arduino.cpp
[3.584s] -- Symlinking: /home/lmz/armpiper/install/dynamixel_sdk/local/lib/python3.10/dist-packages/dynamixel_sdk/port_handler_linux.cpp
[3.616s] -- Symlinking: /home/lmz/armpiper/install/dynamixel_sdk/local/lib/python3.10/dist-packages/dynamixel_sdk/port_handler_mac.cpp
[3.652s] -- Symlinking: /home/lmz/armpiper/install/dynamixel_sdk/local/lib/python3.10/dist-packages/dynamixel_sdk/port_handler_windows.cpp
[3.669s] -- Symlinking: /home/lmz/armpiper/install/dynamixel_sdk/local/lib/python3.10/dist-packages/dynamixel_sdk/protocol1_packet_handler.cpp
[3.689s] -- Symlinking: /home/lmz/armpiper/install/dynamixel_sdk/local/lib/python3.10/dist-packages/dynamixel_sdk/protocol1_packet_handler.py
[3.735s] -- Symlinking: /home/lmz/armpiper/install/dynamixel_sdk/local/lib/python3.10/dist-packages/dynamixel_sdk/protocol2_packet_handler.cpp
[3.753s] -- Symlinking: /home/lmz/armpiper/install/dynamixel_sdk/local/lib/python3.10/dist-packages/dynamixel_sdk/protocol2_packet_handler.py
[3.775s] -- Symlinking: /home/lmz/armpiper/install/dynamixel_sdk/local/lib/python3.10/dist-packages/dynamixel_sdk/robotis_def.py
[3.803s] -- Symlinking: /home/lmz/armpiper/install/dynamixel_sdk/share/dynamixel_sdk/environment/library_path.sh
[3.823s] -- Symlinking: /home/lmz/armpiper/install/dynamixel_sdk/share/dynamixel_sdk/environment/library_path.dsv
[3.847s] -- Symlinking: /home/lmz/armpiper/install/dynamixel_sdk/share/ament_index/resource_index/package_run_dependencies/dynamixel_sdk
[3.868s] -- Symlinking: /home/lmz/armpiper/install/dynamixel_sdk/share/ament_index/resource_index/parent_prefix_path/dynamixel_sdk
[3.888s] -- Symlinking: /home/lmz/armpiper/install/dynamixel_sdk/share/dynamixel_sdk/environment/ament_prefix_path.sh
[3.910s] -- Symlinking: /home/lmz/armpiper/install/dynamixel_sdk/share/dynamixel_sdk/environment/ament_prefix_path.dsv
[3.929s] -- Symlinking: /home/lmz/armpiper/install/dynamixel_sdk/share/dynamixel_sdk/environment/path.sh
[3.946s] -- Symlinking: /home/lmz/armpiper/install/dynamixel_sdk/share/dynamixel_sdk/environment/path.dsv
[3.968s] -- Symlinking: /home/lmz/armpiper/install/dynamixel_sdk/share/dynamixel_sdk/local_setup.bash
[3.991s] -- Symlinking: /home/lmz/armpiper/install/dynamixel_sdk/share/dynamixel_sdk/local_setup.sh
[4.013s] -- Symlinking: /home/lmz/armpiper/install/dynamixel_sdk/share/dynamixel_sdk/local_setup.zsh
[4.034s] -- Symlinking: /home/lmz/armpiper/install/dynamixel_sdk/share/dynamixel_sdk/local_setup.dsv
[4.063s] -- Symlinking: /home/lmz/armpiper/install/dynamixel_sdk/share/dynamixel_sdk/package.dsv
[4.119s] -- Symlinking: /home/lmz/armpiper/install/dynamixel_sdk/share/ament_index/resource_index/packages/dynamixel_sdk
[4.149s] -- Symlinking: /home/lmz/armpiper/install/dynamixel_sdk/share/dynamixel_sdk/cmake/ament_cmake_export_targets-extras.cmake
[4.196s] -- Symlinking: /home/lmz/armpiper/install/dynamixel_sdk/share/dynamixel_sdk/cmake/ament_cmake_export_include_directories-extras.cmake
[4.225s] -- Symlinking: /home/lmz/armpiper/install/dynamixel_sdk/share/dynamixel_sdk/cmake/ament_cmake_export_libraries-extras.cmake
[4.244s] -- Symlinking: /home/lmz/armpiper/install/dynamixel_sdk/share/dynamixel_sdk/cmake/dynamixel_sdkConfig.cmake
[4.266s] -- Symlinking: /home/lmz/armpiper/install/dynamixel_sdk/share/dynamixel_sdk/cmake/dynamixel_sdkConfig-version.cmake
[4.301s] -- Symlinking: /home/lmz/armpiper/install/dynamixel_sdk/share/dynamixel_sdk/package.xml
[4.341s] -- Installing: /home/lmz/armpiper/install/dynamixel_sdk/lib/libdynamixel_sdk.so
[4.590s] Listing '/home/lmz/armpiper/install/dynamixel_sdk/local/lib/python3.10/dist-packages/dynamixel_sdk'...
[4.591s] Compiling '/home/lmz/armpiper/install/dynamixel_sdk/local/lib/python3.10/dist-packages/dynamixel_sdk/__init__.py'...
[4.591s] Compiling '/home/lmz/armpiper/install/dynamixel_sdk/local/lib/python3.10/dist-packages/dynamixel_sdk/group_bulk_read.py'...
[4.591s] Compiling '/home/lmz/armpiper/install/dynamixel_sdk/local/lib/python3.10/dist-packages/dynamixel_sdk/group_bulk_write.py'...
[4.591s] Compiling '/home/lmz/armpiper/install/dynamixel_sdk/local/lib/python3.10/dist-packages/dynamixel_sdk/group_sync_read.py'...
[4.591s] Compiling '/home/lmz/armpiper/install/dynamixel_sdk/local/lib/python3.10/dist-packages/dynamixel_sdk/group_sync_write.py'...
[4.591s] Compiling '/home/lmz/armpiper/install/dynamixel_sdk/local/lib/python3.10/dist-packages/dynamixel_sdk/packet_handler.py'...
[4.591s] Compiling '/home/lmz/armpiper/install/dynamixel_sdk/local/lib/python3.10/dist-packages/dynamixel_sdk/port_handler.py'...
[4.591s] Compiling '/home/lmz/armpiper/install/dynamixel_sdk/local/lib/python3.10/dist-packages/dynamixel_sdk/protocol1_packet_handler.py'...
[4.591s] Compiling '/home/lmz/armpiper/install/dynamixel_sdk/local/lib/python3.10/dist-packages/dynamixel_sdk/protocol2_packet_handler.py'...
[4.591s] Compiling '/home/lmz/armpiper/install/dynamixel_sdk/local/lib/python3.10/dist-packages/dynamixel_sdk/robotis_def.py'...
[4.619s] -- Installing: /home/lmz/armpiper/install/dynamixel_sdk/share/dynamixel_sdk/cmake/dynamixel_sdkExport.cmake
[4.622s] -- Installing: /home/lmz/armpiper/install/dynamixel_sdk/share/dynamixel_sdk/cmake/dynamixel_sdkExport-noconfig.cmake
[4.622s] Invoked command in '/home/lmz/armpiper/build/dynamixel_sdk' returned '0': CMAKE_PREFIX_PATH=${CMAKE_PREFIX_PATH}:/home/lmz/armpiper/install/vla:/home/lmz/armpiper/install/interface:/home/lmz/armpiper/install/piper:/home/lmz/armpiper/install/leapsim:/home/lmz/armpiper/install/follow:/home/lmz/armpiper/install/arm_control_pkg:/opt/ros/humble /usr/bin/cmake --install /home/lmz/armpiper/build/dynamixel_sdk
