[0.041s] Invoking command in '/home/lmz/armpiper/build/piper_no_gripper_moveit': CMAKE_PREFIX_PATH=/home/lmz/armpiper/install/piper_description:/home/lmz/armpiper/install/piper_with_gripper_moveit:/home/lmz/armpiper/install/piper_no_gripper_moveit:/home/lmz/armpiper/install/piper_mujoco:/home/lmz/armpiper/install/piper_msgs:/home/lmz/armpiper/install/piper_humble:/home/lmz/armpiper/install/piper_gazebo:/home/lmz/armpiper/install/open_manipulator:/home/lmz/armpiper/install/open_manipulator_x_bringup:/home/lmz/armpiper/install/open_manipulator_x_description:/home/lmz/armpiper/install/dynamixel_sdk_examples:/home/lmz/armpiper/install/dynamixel_sdk_custom_interfaces:/home/lmz/armpiper/install/dynamixel_hardware_interface:/home/lmz/armpiper/install/dynamixel_sdk:/home/lmz/armpiper/install/dynamixel_interfaces:/home/lmz/armpiper/install/vla:/home/lmz/armpiper/install/interface:/home/lmz/armpiper/install/piper:/home/lmz/armpiper/install/leapsim:/home/lmz/armpiper/install/follow:/home/lmz/armpiper/install/arm_control_pkg:/opt/ros/humble /usr/bin/cmake /home/lmz/armpiper/src/piper_ros/piper_moveit/piper_no_gripper_moveit -DAMENT_CMAKE_SYMLINK_INSTALL=1 -DCMAKE_INSTALL_PREFIX=/home/lmz/armpiper/install/piper_no_gripper_moveit
[0.357s] -- The C compiler identification is GNU 11.4.0
[0.357s] -- The CXX compiler identification is GNU 11.4.0
[0.367s] -- Detecting C compiler ABI info
[0.513s] -- Detecting C compiler ABI info - done
[0.533s] -- Check for working C compiler: /usr/bin/cc - skipped
[0.541s] -- Detecting C compile features
[0.541s] -- Detecting C compile features - done
[0.550s] -- Detecting CXX compiler ABI info
[0.772s] -- Detecting CXX compiler ABI info - done
[0.796s] -- Check for working CXX compiler: /usr/bin/c++ - skipped
[0.796s] -- Detecting CXX compile features
[0.796s] -- Detecting CXX compile features - done
[0.801s] -- Found ament_cmake: 1.3.11 (/opt/ros/humble/share/ament_cmake/cmake)
[1.208s] -- Found Python3: /usr/bin/python3 (found version "3.10.12") found components: Interpreter 
[1.347s] -- Override CMake install command with custom implementation using symlinks instead of copying resources
[1.617s] -- Configuring done
[1.626s] -- Generating done
[1.628s] -- Build files have been written to: /home/lmz/armpiper/build/piper_no_gripper_moveit
[1.642s] Invoked command in '/home/lmz/armpiper/build/piper_no_gripper_moveit' returned '0': CMAKE_PREFIX_PATH=/home/lmz/armpiper/install/piper_description:/home/lmz/armpiper/install/piper_with_gripper_moveit:/home/lmz/armpiper/install/piper_no_gripper_moveit:/home/lmz/armpiper/install/piper_mujoco:/home/lmz/armpiper/install/piper_msgs:/home/lmz/armpiper/install/piper_humble:/home/lmz/armpiper/install/piper_gazebo:/home/lmz/armpiper/install/open_manipulator:/home/lmz/armpiper/install/open_manipulator_x_bringup:/home/lmz/armpiper/install/open_manipulator_x_description:/home/lmz/armpiper/install/dynamixel_sdk_examples:/home/lmz/armpiper/install/dynamixel_sdk_custom_interfaces:/home/lmz/armpiper/install/dynamixel_hardware_interface:/home/lmz/armpiper/install/dynamixel_sdk:/home/lmz/armpiper/install/dynamixel_interfaces:/home/lmz/armpiper/install/vla:/home/lmz/armpiper/install/interface:/home/lmz/armpiper/install/piper:/home/lmz/armpiper/install/leapsim:/home/lmz/armpiper/install/follow:/home/lmz/armpiper/install/arm_control_pkg:/opt/ros/humble /usr/bin/cmake /home/lmz/armpiper/src/piper_ros/piper_moveit/piper_no_gripper_moveit -DAMENT_CMAKE_SYMLINK_INSTALL=1 -DCMAKE_INSTALL_PREFIX=/home/lmz/armpiper/install/piper_no_gripper_moveit
[1.650s] Invoking command in '/home/lmz/armpiper/build/piper_no_gripper_moveit': CMAKE_PREFIX_PATH=/home/lmz/armpiper/install/piper_description:/home/lmz/armpiper/install/piper_with_gripper_moveit:/home/lmz/armpiper/install/piper_no_gripper_moveit:/home/lmz/armpiper/install/piper_mujoco:/home/lmz/armpiper/install/piper_msgs:/home/lmz/armpiper/install/piper_humble:/home/lmz/armpiper/install/piper_gazebo:/home/lmz/armpiper/install/open_manipulator:/home/lmz/armpiper/install/open_manipulator_x_bringup:/home/lmz/armpiper/install/open_manipulator_x_description:/home/lmz/armpiper/install/dynamixel_sdk_examples:/home/lmz/armpiper/install/dynamixel_sdk_custom_interfaces:/home/lmz/armpiper/install/dynamixel_hardware_interface:/home/lmz/armpiper/install/dynamixel_sdk:/home/lmz/armpiper/install/dynamixel_interfaces:/home/lmz/armpiper/install/vla:/home/lmz/armpiper/install/interface:/home/lmz/armpiper/install/piper:/home/lmz/armpiper/install/leapsim:/home/lmz/armpiper/install/follow:/home/lmz/armpiper/install/arm_control_pkg:/opt/ros/humble /usr/bin/cmake --build /home/lmz/armpiper/build/piper_no_gripper_moveit -- -j16 -l16
[1.739s] Invoked command in '/home/lmz/armpiper/build/piper_no_gripper_moveit' returned '0': CMAKE_PREFIX_PATH=/home/lmz/armpiper/install/piper_description:/home/lmz/armpiper/install/piper_with_gripper_moveit:/home/lmz/armpiper/install/piper_no_gripper_moveit:/home/lmz/armpiper/install/piper_mujoco:/home/lmz/armpiper/install/piper_msgs:/home/lmz/armpiper/install/piper_humble:/home/lmz/armpiper/install/piper_gazebo:/home/lmz/armpiper/install/open_manipulator:/home/lmz/armpiper/install/open_manipulator_x_bringup:/home/lmz/armpiper/install/open_manipulator_x_description:/home/lmz/armpiper/install/dynamixel_sdk_examples:/home/lmz/armpiper/install/dynamixel_sdk_custom_interfaces:/home/lmz/armpiper/install/dynamixel_hardware_interface:/home/lmz/armpiper/install/dynamixel_sdk:/home/lmz/armpiper/install/dynamixel_interfaces:/home/lmz/armpiper/install/vla:/home/lmz/armpiper/install/interface:/home/lmz/armpiper/install/piper:/home/lmz/armpiper/install/leapsim:/home/lmz/armpiper/install/follow:/home/lmz/armpiper/install/arm_control_pkg:/opt/ros/humble /usr/bin/cmake --build /home/lmz/armpiper/build/piper_no_gripper_moveit -- -j16 -l16
[1.739s] Invoking command in '/home/lmz/armpiper/build/piper_no_gripper_moveit': CMAKE_PREFIX_PATH=/home/lmz/armpiper/install/piper_description:/home/lmz/armpiper/install/piper_with_gripper_moveit:/home/lmz/armpiper/install/piper_no_gripper_moveit:/home/lmz/armpiper/install/piper_mujoco:/home/lmz/armpiper/install/piper_msgs:/home/lmz/armpiper/install/piper_humble:/home/lmz/armpiper/install/piper_gazebo:/home/lmz/armpiper/install/open_manipulator:/home/lmz/armpiper/install/open_manipulator_x_bringup:/home/lmz/armpiper/install/open_manipulator_x_description:/home/lmz/armpiper/install/dynamixel_sdk_examples:/home/lmz/armpiper/install/dynamixel_sdk_custom_interfaces:/home/lmz/armpiper/install/dynamixel_hardware_interface:/home/lmz/armpiper/install/dynamixel_sdk:/home/lmz/armpiper/install/dynamixel_interfaces:/home/lmz/armpiper/install/vla:/home/lmz/armpiper/install/interface:/home/lmz/armpiper/install/piper:/home/lmz/armpiper/install/leapsim:/home/lmz/armpiper/install/follow:/home/lmz/armpiper/install/arm_control_pkg:/opt/ros/humble /usr/bin/cmake --install /home/lmz/armpiper/build/piper_no_gripper_moveit
[1.765s] -- Install configuration: ""
[1.766s] -- Execute custom install script
[1.766s] -- Symlinking: /home/lmz/armpiper/install/piper_no_gripper_moveit/share/ament_index/resource_index/package_run_dependencies/piper_no_gripper_moveit
[1.787s] -- Symlinking: /home/lmz/armpiper/install/piper_no_gripper_moveit/share/ament_index/resource_index/parent_prefix_path/piper_no_gripper_moveit
[1.817s] -- Symlinking: /home/lmz/armpiper/install/piper_no_gripper_moveit/share/piper_no_gripper_moveit/environment/ament_prefix_path.sh
[1.846s] -- Symlinking: /home/lmz/armpiper/install/piper_no_gripper_moveit/share/piper_no_gripper_moveit/environment/ament_prefix_path.dsv
[1.865s] -- Symlinking: /home/lmz/armpiper/install/piper_no_gripper_moveit/share/piper_no_gripper_moveit/environment/path.sh
[1.898s] -- Symlinking: /home/lmz/armpiper/install/piper_no_gripper_moveit/share/piper_no_gripper_moveit/environment/path.dsv
[1.922s] -- Symlinking: /home/lmz/armpiper/install/piper_no_gripper_moveit/share/piper_no_gripper_moveit/local_setup.bash
[1.948s] -- Symlinking: /home/lmz/armpiper/install/piper_no_gripper_moveit/share/piper_no_gripper_moveit/local_setup.sh
[1.965s] -- Symlinking: /home/lmz/armpiper/install/piper_no_gripper_moveit/share/piper_no_gripper_moveit/local_setup.zsh
[1.984s] -- Symlinking: /home/lmz/armpiper/install/piper_no_gripper_moveit/share/piper_no_gripper_moveit/local_setup.dsv
[2.005s] -- Symlinking: /home/lmz/armpiper/install/piper_no_gripper_moveit/share/piper_no_gripper_moveit/package.dsv
[2.024s] -- Symlinking: /home/lmz/armpiper/install/piper_no_gripper_moveit/share/ament_index/resource_index/packages/piper_no_gripper_moveit
[2.041s] -- Symlinking: /home/lmz/armpiper/install/piper_no_gripper_moveit/share/piper_no_gripper_moveit/cmake/piper_no_gripper_moveitConfig.cmake
[2.058s] -- Symlinking: /home/lmz/armpiper/install/piper_no_gripper_moveit/share/piper_no_gripper_moveit/cmake/piper_no_gripper_moveitConfig-version.cmake
[2.071s] -- Symlinking: /home/lmz/armpiper/install/piper_no_gripper_moveit/share/piper_no_gripper_moveit/package.xml
[2.081s] -- Symlinking: /home/lmz/armpiper/install/piper_no_gripper_moveit/share/piper_no_gripper_moveit/launch/demo.launch.py
[2.094s] -- Symlinking: /home/lmz/armpiper/install/piper_no_gripper_moveit/share/piper_no_gripper_moveit/launch/move_group.launch.py
[2.105s] -- Symlinking: /home/lmz/armpiper/install/piper_no_gripper_moveit/share/piper_no_gripper_moveit/launch/moveit_rviz.launch.py
[2.125s] -- Symlinking: /home/lmz/armpiper/install/piper_no_gripper_moveit/share/piper_no_gripper_moveit/launch/piper_moveit.launch.py
[2.135s] -- Symlinking: /home/lmz/armpiper/install/piper_no_gripper_moveit/share/piper_no_gripper_moveit/launch/rsp.launch.py
[2.147s] -- Symlinking: /home/lmz/armpiper/install/piper_no_gripper_moveit/share/piper_no_gripper_moveit/launch/setup_assistant.launch.py
[2.160s] -- Symlinking: /home/lmz/armpiper/install/piper_no_gripper_moveit/share/piper_no_gripper_moveit/launch/spawn_controllers.launch.py
[2.171s] -- Symlinking: /home/lmz/armpiper/install/piper_no_gripper_moveit/share/piper_no_gripper_moveit/launch/static_virtual_joint_tfs.launch.py
[2.186s] -- Symlinking: /home/lmz/armpiper/install/piper_no_gripper_moveit/share/piper_no_gripper_moveit/launch/warehouse_db.launch.py
[2.206s] -- Symlinking: /home/lmz/armpiper/install/piper_no_gripper_moveit/share/piper_no_gripper_moveit/config/initial_positions.yaml
[2.218s] -- Symlinking: /home/lmz/armpiper/install/piper_no_gripper_moveit/share/piper_no_gripper_moveit/config/joint_limits.yaml
[2.242s] -- Symlinking: /home/lmz/armpiper/install/piper_no_gripper_moveit/share/piper_no_gripper_moveit/config/kinematics.yaml
[2.263s] -- Symlinking: /home/lmz/armpiper/install/piper_no_gripper_moveit/share/piper_no_gripper_moveit/config/moveit.rviz
[2.269s] -- Symlinking: /home/lmz/armpiper/install/piper_no_gripper_moveit/share/piper_no_gripper_moveit/config/moveit_controllers.yaml
[2.282s] -- Symlinking: /home/lmz/armpiper/install/piper_no_gripper_moveit/share/piper_no_gripper_moveit/config/pilz_cartesian_limits.yaml
[2.293s] -- Symlinking: /home/lmz/armpiper/install/piper_no_gripper_moveit/share/piper_no_gripper_moveit/config/piper.ros2_control.xacro
[2.302s] -- Symlinking: /home/lmz/armpiper/install/piper_no_gripper_moveit/share/piper_no_gripper_moveit/config/piper.srdf
[2.313s] -- Symlinking: /home/lmz/armpiper/install/piper_no_gripper_moveit/share/piper_no_gripper_moveit/config/piper.urdf.xacro
[2.324s] -- Symlinking: /home/lmz/armpiper/install/piper_no_gripper_moveit/share/piper_no_gripper_moveit/config/ros2_controllers.yaml
[2.337s] -- Symlinking: /home/lmz/armpiper/install/piper_no_gripper_moveit/share/piper_no_gripper_moveit/.setup_assistant
[2.368s] Invoked command in '/home/lmz/armpiper/build/piper_no_gripper_moveit' returned '0': CMAKE_PREFIX_PATH=/home/lmz/armpiper/install/piper_description:/home/lmz/armpiper/install/piper_with_gripper_moveit:/home/lmz/armpiper/install/piper_no_gripper_moveit:/home/lmz/armpiper/install/piper_mujoco:/home/lmz/armpiper/install/piper_msgs:/home/lmz/armpiper/install/piper_humble:/home/lmz/armpiper/install/piper_gazebo:/home/lmz/armpiper/install/open_manipulator:/home/lmz/armpiper/install/open_manipulator_x_bringup:/home/lmz/armpiper/install/open_manipulator_x_description:/home/lmz/armpiper/install/dynamixel_sdk_examples:/home/lmz/armpiper/install/dynamixel_sdk_custom_interfaces:/home/lmz/armpiper/install/dynamixel_hardware_interface:/home/lmz/armpiper/install/dynamixel_sdk:/home/lmz/armpiper/install/dynamixel_interfaces:/home/lmz/armpiper/install/vla:/home/lmz/armpiper/install/interface:/home/lmz/armpiper/install/piper:/home/lmz/armpiper/install/leapsim:/home/lmz/armpiper/install/follow:/home/lmz/armpiper/install/arm_control_pkg:/opt/ros/humble /usr/bin/cmake --install /home/lmz/armpiper/build/piper_no_gripper_moveit
