[0.073s] Invoking command in '/home/lmz/armpiper/build/piper_with_gripper_moveit': CMAKE_PREFIX_PATH=/home/lmz/armpiper/install/piper_description:/home/lmz/armpiper/install/piper_with_gripper_moveit:/home/lmz/armpiper/install/piper_no_gripper_moveit:/home/lmz/armpiper/install/piper_mujoco:/home/lmz/armpiper/install/piper_msgs:/home/lmz/armpiper/install/piper_humble:/home/lmz/armpiper/install/piper_gazebo:/home/lmz/armpiper/install/open_manipulator:/home/lmz/armpiper/install/open_manipulator_x_bringup:/home/lmz/armpiper/install/open_manipulator_x_description:/home/lmz/armpiper/install/dynamixel_sdk_examples:/home/lmz/armpiper/install/dynamixel_sdk_custom_interfaces:/home/lmz/armpiper/install/dynamixel_hardware_interface:/home/lmz/armpiper/install/dynamixel_sdk:/home/lmz/armpiper/install/dynamixel_interfaces:/home/lmz/armpiper/install/vla:/home/lmz/armpiper/install/interface:/home/lmz/armpiper/install/piper:/home/lmz/armpiper/install/leapsim:/home/lmz/armpiper/install/follow:/home/lmz/armpiper/install/arm_control_pkg:/opt/ros/humble /usr/bin/cmake /home/lmz/armpiper/src/piper_ros/piper_moveit/piper_with_gripper_moveit -DAMENT_CMAKE_SYMLINK_INSTALL=1 -DCMAKE_INSTALL_PREFIX=/home/lmz/armpiper/install/piper_with_gripper_moveit
[0.687s] -- The C compiler identification is GNU 11.4.0
[0.687s] -- The CXX compiler identification is GNU 11.4.0
[0.688s] -- Detecting C compiler ABI info
[0.688s] -- Detecting C compiler ABI info - done
[0.688s] -- Check for working C compiler: /usr/bin/cc - skipped
[0.688s] -- Detecting C compile features
[0.688s] -- Detecting C compile features - done
[0.688s] -- Detecting CXX compiler ABI info
[0.697s] -- Detecting CXX compiler ABI info - done
[0.733s] -- Check for working CXX compiler: /usr/bin/c++ - skipped
[0.733s] -- Detecting CXX compile features
[0.733s] -- Detecting CXX compile features - done
[0.733s] -- Found ament_cmake: 1.3.11 (/opt/ros/humble/share/ament_cmake/cmake)
[1.072s] -- Found Python3: /usr/bin/python3 (found version "3.10.12") found components: Interpreter 
[1.244s] -- Override CMake install command with custom implementation using symlinks instead of copying resources
[1.445s] -- Configuring done
[1.451s] -- Generating done
[1.458s] -- Build files have been written to: /home/lmz/armpiper/build/piper_with_gripper_moveit
[1.465s] Invoked command in '/home/lmz/armpiper/build/piper_with_gripper_moveit' returned '0': CMAKE_PREFIX_PATH=/home/lmz/armpiper/install/piper_description:/home/lmz/armpiper/install/piper_with_gripper_moveit:/home/lmz/armpiper/install/piper_no_gripper_moveit:/home/lmz/armpiper/install/piper_mujoco:/home/lmz/armpiper/install/piper_msgs:/home/lmz/armpiper/install/piper_humble:/home/lmz/armpiper/install/piper_gazebo:/home/lmz/armpiper/install/open_manipulator:/home/lmz/armpiper/install/open_manipulator_x_bringup:/home/lmz/armpiper/install/open_manipulator_x_description:/home/lmz/armpiper/install/dynamixel_sdk_examples:/home/lmz/armpiper/install/dynamixel_sdk_custom_interfaces:/home/lmz/armpiper/install/dynamixel_hardware_interface:/home/lmz/armpiper/install/dynamixel_sdk:/home/lmz/armpiper/install/dynamixel_interfaces:/home/lmz/armpiper/install/vla:/home/lmz/armpiper/install/interface:/home/lmz/armpiper/install/piper:/home/lmz/armpiper/install/leapsim:/home/lmz/armpiper/install/follow:/home/lmz/armpiper/install/arm_control_pkg:/opt/ros/humble /usr/bin/cmake /home/lmz/armpiper/src/piper_ros/piper_moveit/piper_with_gripper_moveit -DAMENT_CMAKE_SYMLINK_INSTALL=1 -DCMAKE_INSTALL_PREFIX=/home/lmz/armpiper/install/piper_with_gripper_moveit
[1.467s] Invoking command in '/home/lmz/armpiper/build/piper_with_gripper_moveit': CMAKE_PREFIX_PATH=/home/lmz/armpiper/install/piper_description:/home/lmz/armpiper/install/piper_with_gripper_moveit:/home/lmz/armpiper/install/piper_no_gripper_moveit:/home/lmz/armpiper/install/piper_mujoco:/home/lmz/armpiper/install/piper_msgs:/home/lmz/armpiper/install/piper_humble:/home/lmz/armpiper/install/piper_gazebo:/home/lmz/armpiper/install/open_manipulator:/home/lmz/armpiper/install/open_manipulator_x_bringup:/home/lmz/armpiper/install/open_manipulator_x_description:/home/lmz/armpiper/install/dynamixel_sdk_examples:/home/lmz/armpiper/install/dynamixel_sdk_custom_interfaces:/home/lmz/armpiper/install/dynamixel_hardware_interface:/home/lmz/armpiper/install/dynamixel_sdk:/home/lmz/armpiper/install/dynamixel_interfaces:/home/lmz/armpiper/install/vla:/home/lmz/armpiper/install/interface:/home/lmz/armpiper/install/piper:/home/lmz/armpiper/install/leapsim:/home/lmz/armpiper/install/follow:/home/lmz/armpiper/install/arm_control_pkg:/opt/ros/humble /usr/bin/cmake --build /home/lmz/armpiper/build/piper_with_gripper_moveit -- -j16 -l16
[1.554s] Invoked command in '/home/lmz/armpiper/build/piper_with_gripper_moveit' returned '0': CMAKE_PREFIX_PATH=/home/lmz/armpiper/install/piper_description:/home/lmz/armpiper/install/piper_with_gripper_moveit:/home/lmz/armpiper/install/piper_no_gripper_moveit:/home/lmz/armpiper/install/piper_mujoco:/home/lmz/armpiper/install/piper_msgs:/home/lmz/armpiper/install/piper_humble:/home/lmz/armpiper/install/piper_gazebo:/home/lmz/armpiper/install/open_manipulator:/home/lmz/armpiper/install/open_manipulator_x_bringup:/home/lmz/armpiper/install/open_manipulator_x_description:/home/lmz/armpiper/install/dynamixel_sdk_examples:/home/lmz/armpiper/install/dynamixel_sdk_custom_interfaces:/home/lmz/armpiper/install/dynamixel_hardware_interface:/home/lmz/armpiper/install/dynamixel_sdk:/home/lmz/armpiper/install/dynamixel_interfaces:/home/lmz/armpiper/install/vla:/home/lmz/armpiper/install/interface:/home/lmz/armpiper/install/piper:/home/lmz/armpiper/install/leapsim:/home/lmz/armpiper/install/follow:/home/lmz/armpiper/install/arm_control_pkg:/opt/ros/humble /usr/bin/cmake --build /home/lmz/armpiper/build/piper_with_gripper_moveit -- -j16 -l16
[1.555s] Invoking command in '/home/lmz/armpiper/build/piper_with_gripper_moveit': CMAKE_PREFIX_PATH=/home/lmz/armpiper/install/piper_description:/home/lmz/armpiper/install/piper_with_gripper_moveit:/home/lmz/armpiper/install/piper_no_gripper_moveit:/home/lmz/armpiper/install/piper_mujoco:/home/lmz/armpiper/install/piper_msgs:/home/lmz/armpiper/install/piper_humble:/home/lmz/armpiper/install/piper_gazebo:/home/lmz/armpiper/install/open_manipulator:/home/lmz/armpiper/install/open_manipulator_x_bringup:/home/lmz/armpiper/install/open_manipulator_x_description:/home/lmz/armpiper/install/dynamixel_sdk_examples:/home/lmz/armpiper/install/dynamixel_sdk_custom_interfaces:/home/lmz/armpiper/install/dynamixel_hardware_interface:/home/lmz/armpiper/install/dynamixel_sdk:/home/lmz/armpiper/install/dynamixel_interfaces:/home/lmz/armpiper/install/vla:/home/lmz/armpiper/install/interface:/home/lmz/armpiper/install/piper:/home/lmz/armpiper/install/leapsim:/home/lmz/armpiper/install/follow:/home/lmz/armpiper/install/arm_control_pkg:/opt/ros/humble /usr/bin/cmake --install /home/lmz/armpiper/build/piper_with_gripper_moveit
[1.561s] -- Install configuration: ""
[1.563s] -- Execute custom install script
[1.564s] -- Symlinking: /home/lmz/armpiper/install/piper_with_gripper_moveit/share/ament_index/resource_index/package_run_dependencies/piper_with_gripper_moveit
[1.571s] -- Symlinking: /home/lmz/armpiper/install/piper_with_gripper_moveit/share/ament_index/resource_index/parent_prefix_path/piper_with_gripper_moveit
[1.592s] -- Symlinking: /home/lmz/armpiper/install/piper_with_gripper_moveit/share/piper_with_gripper_moveit/environment/ament_prefix_path.sh
[1.601s] -- Symlinking: /home/lmz/armpiper/install/piper_with_gripper_moveit/share/piper_with_gripper_moveit/environment/ament_prefix_path.dsv
[1.617s] -- Symlinking: /home/lmz/armpiper/install/piper_with_gripper_moveit/share/piper_with_gripper_moveit/environment/path.sh
[1.627s] -- Symlinking: /home/lmz/armpiper/install/piper_with_gripper_moveit/share/piper_with_gripper_moveit/environment/path.dsv
[1.635s] -- Symlinking: /home/lmz/armpiper/install/piper_with_gripper_moveit/share/piper_with_gripper_moveit/local_setup.bash
[1.643s] -- Symlinking: /home/lmz/armpiper/install/piper_with_gripper_moveit/share/piper_with_gripper_moveit/local_setup.sh
[1.652s] -- Symlinking: /home/lmz/armpiper/install/piper_with_gripper_moveit/share/piper_with_gripper_moveit/local_setup.zsh
[1.660s] -- Symlinking: /home/lmz/armpiper/install/piper_with_gripper_moveit/share/piper_with_gripper_moveit/local_setup.dsv
[1.669s] -- Symlinking: /home/lmz/armpiper/install/piper_with_gripper_moveit/share/piper_with_gripper_moveit/package.dsv
[1.679s] -- Symlinking: /home/lmz/armpiper/install/piper_with_gripper_moveit/share/ament_index/resource_index/packages/piper_with_gripper_moveit
[1.687s] -- Symlinking: /home/lmz/armpiper/install/piper_with_gripper_moveit/share/piper_with_gripper_moveit/cmake/piper_with_gripper_moveitConfig.cmake
[1.696s] -- Symlinking: /home/lmz/armpiper/install/piper_with_gripper_moveit/share/piper_with_gripper_moveit/cmake/piper_with_gripper_moveitConfig-version.cmake
[1.705s] -- Symlinking: /home/lmz/armpiper/install/piper_with_gripper_moveit/share/piper_with_gripper_moveit/package.xml
[1.714s] -- Symlinking: /home/lmz/armpiper/install/piper_with_gripper_moveit/share/piper_with_gripper_moveit/launch/demo.launch.py
[1.724s] -- Symlinking: /home/lmz/armpiper/install/piper_with_gripper_moveit/share/piper_with_gripper_moveit/launch/move_group.launch.py
[1.732s] -- Symlinking: /home/lmz/armpiper/install/piper_with_gripper_moveit/share/piper_with_gripper_moveit/launch/moveit_rviz.launch.py
[1.739s] -- Symlinking: /home/lmz/armpiper/install/piper_with_gripper_moveit/share/piper_with_gripper_moveit/launch/piper_moveit.launch.py
[1.745s] -- Symlinking: /home/lmz/armpiper/install/piper_with_gripper_moveit/share/piper_with_gripper_moveit/launch/rsp.launch.py
[1.751s] -- Symlinking: /home/lmz/armpiper/install/piper_with_gripper_moveit/share/piper_with_gripper_moveit/launch/setup_assistant.launch.py
[1.757s] -- Symlinking: /home/lmz/armpiper/install/piper_with_gripper_moveit/share/piper_with_gripper_moveit/launch/spawn_controllers.launch.py
[1.766s] -- Symlinking: /home/lmz/armpiper/install/piper_with_gripper_moveit/share/piper_with_gripper_moveit/launch/static_virtual_joint_tfs.launch.py
[1.774s] -- Symlinking: /home/lmz/armpiper/install/piper_with_gripper_moveit/share/piper_with_gripper_moveit/launch/warehouse_db.launch.py
[1.781s] -- Symlinking: /home/lmz/armpiper/install/piper_with_gripper_moveit/share/piper_with_gripper_moveit/config/initial_positions.yaml
[1.787s] -- Symlinking: /home/lmz/armpiper/install/piper_with_gripper_moveit/share/piper_with_gripper_moveit/config/joint_limits.yaml
[1.794s] -- Symlinking: /home/lmz/armpiper/install/piper_with_gripper_moveit/share/piper_with_gripper_moveit/config/kinematics.yaml
[1.801s] -- Symlinking: /home/lmz/armpiper/install/piper_with_gripper_moveit/share/piper_with_gripper_moveit/config/moveit.rviz
[1.811s] -- Symlinking: /home/lmz/armpiper/install/piper_with_gripper_moveit/share/piper_with_gripper_moveit/config/moveit_controllers.yaml
[1.821s] -- Symlinking: /home/lmz/armpiper/install/piper_with_gripper_moveit/share/piper_with_gripper_moveit/config/pilz_cartesian_limits.yaml
[1.826s] -- Symlinking: /home/lmz/armpiper/install/piper_with_gripper_moveit/share/piper_with_gripper_moveit/config/piper.ros2_control.xacro
[1.835s] -- Symlinking: /home/lmz/armpiper/install/piper_with_gripper_moveit/share/piper_with_gripper_moveit/config/piper.srdf
[1.844s] -- Symlinking: /home/lmz/armpiper/install/piper_with_gripper_moveit/share/piper_with_gripper_moveit/config/piper.urdf.xacro
[1.853s] -- Symlinking: /home/lmz/armpiper/install/piper_with_gripper_moveit/share/piper_with_gripper_moveit/config/ros2_controllers.yaml
[1.859s] -- Symlinking: /home/lmz/armpiper/install/piper_with_gripper_moveit/share/piper_with_gripper_moveit/config/sensors_3d.yaml
[1.875s] -- Symlinking: /home/lmz/armpiper/install/piper_with_gripper_moveit/share/piper_with_gripper_moveit/.setup_assistant
[1.954s] Invoked command in '/home/lmz/armpiper/build/piper_with_gripper_moveit' returned '0': CMAKE_PREFIX_PATH=/home/lmz/armpiper/install/piper_description:/home/lmz/armpiper/install/piper_with_gripper_moveit:/home/lmz/armpiper/install/piper_no_gripper_moveit:/home/lmz/armpiper/install/piper_mujoco:/home/lmz/armpiper/install/piper_msgs:/home/lmz/armpiper/install/piper_humble:/home/lmz/armpiper/install/piper_gazebo:/home/lmz/armpiper/install/open_manipulator:/home/lmz/armpiper/install/open_manipulator_x_bringup:/home/lmz/armpiper/install/open_manipulator_x_description:/home/lmz/armpiper/install/dynamixel_sdk_examples:/home/lmz/armpiper/install/dynamixel_sdk_custom_interfaces:/home/lmz/armpiper/install/dynamixel_hardware_interface:/home/lmz/armpiper/install/dynamixel_sdk:/home/lmz/armpiper/install/dynamixel_interfaces:/home/lmz/armpiper/install/vla:/home/lmz/armpiper/install/interface:/home/lmz/armpiper/install/piper:/home/lmz/armpiper/install/leapsim:/home/lmz/armpiper/install/follow:/home/lmz/armpiper/install/arm_control_pkg:/opt/ros/humble /usr/bin/cmake --install /home/lmz/armpiper/build/piper_with_gripper_moveit
