[2.456s] Invoking command in '/home/lmz/armpiper/build/follow': PYTHONPATH=/home/lmz/armpiper/build/follow/prefix_override:/usr/lib/python3/dist-packages/colcon_core/task/python/colcon_distutils_commands:/home/lmz/armpiper/install/follow/lib/python3.10/site-packages:${PYTHONPATH} /usr/bin/python3 -W ignore:setup.py install is deprecated -W ignore:easy_install command is deprecated setup.py develop --editable --build-directory /home/lmz/armpiper/build/follow/build --no-deps symlink_data
[2.826s] running develop
[3.069s] running egg_info
[3.070s] creating follow.egg-info
[3.070s] writing follow.egg-info/PKG-INFO
[3.070s] writing dependency_links to follow.egg-info/dependency_links.txt
[3.070s] writing entry points to follow.egg-info/entry_points.txt
[3.070s] writing requirements to follow.egg-info/requires.txt
[3.070s] writing top-level names to follow.egg-info/top_level.txt
[3.070s] writing manifest file 'follow.egg-info/SOURCES.txt'
[3.072s] reading manifest file 'follow.egg-info/SOURCES.txt'
[3.073s] writing manifest file 'follow.egg-info/SOURCES.txt'
[3.075s] running build_ext
[3.075s] Creating /home/lmz/armpiper/install/follow/lib/python3.10/site-packages/follow.egg-link (link to .)
[3.077s] Installing follow script to /home/lmz/armpiper/install/follow/lib/follow
[3.077s] Installing pico script to /home/lmz/armpiper/install/follow/lib/follow
[3.077s] 
[3.077s] Installed /home/lmz/armpiper/build/follow
[3.077s] running symlink_data
[3.077s] creating /home/lmz/armpiper/install/follow/share/ament_index
[3.077s] creating /home/lmz/armpiper/install/follow/share/ament_index/resource_index
[3.077s] creating /home/lmz/armpiper/install/follow/share/ament_index/resource_index/packages
[3.077s] symbolically linking /home/lmz/armpiper/build/follow/resource/follow -> /home/lmz/armpiper/install/follow/share/ament_index/resource_index/packages
[3.077s] symbolically linking /home/lmz/armpiper/build/follow/package.xml -> /home/lmz/armpiper/install/follow/share/follow
[3.078s] symbolically linking /home/lmz/armpiper/build/follow/follow/pose_landmarker_full.task -> /home/lmz/armpiper/install/follow/share/follow
[3.078s] symbolically linking /home/lmz/armpiper/build/follow/follow/hand_landmarker.task -> /home/lmz/armpiper/install/follow/share/follow
[3.198s] Invoked command in '/home/lmz/armpiper/build/follow' returned '0': PYTHONPATH=/home/lmz/armpiper/build/follow/prefix_override:/usr/lib/python3/dist-packages/colcon_core/task/python/colcon_distutils_commands:/home/lmz/armpiper/install/follow/lib/python3.10/site-packages:${PYTHONPATH} /usr/bin/python3 -W ignore:setup.py install is deprecated -W ignore:easy_install command is deprecated setup.py develop --editable --build-directory /home/lmz/armpiper/build/follow/build --no-deps symlink_data
