[2.159s] Invoking command in '/home/lmz/armpiper/build/arm_control_pkg': PYTHONPATH=/home/lmz/armpiper/build/arm_control_pkg/prefix_override:/usr/lib/python3/dist-packages/colcon_core/task/python/colcon_distutils_commands:/home/lmz/armpiper/install/arm_control_pkg/lib/python3.10/site-packages:${PYTHONPATH} /usr/bin/python3 -W ignore:setup.py install is deprecated -W ignore:easy_install command is deprecated setup.py develop --editable --build-directory /home/lmz/armpiper/build/arm_control_pkg/build --no-deps symlink_data
[2.744s] running develop
[3.141s] running egg_info
[3.141s] creating arm_control_pkg.egg-info
[3.142s] writing arm_control_pkg.egg-info/PKG-INFO
[3.142s] writing dependency_links to arm_control_pkg.egg-info/dependency_links.txt
[3.142s] writing entry points to arm_control_pkg.egg-info/entry_points.txt
[3.142s] writing requirements to arm_control_pkg.egg-info/requires.txt
[3.142s] writing top-level names to arm_control_pkg.egg-info/top_level.txt
[3.142s] writing manifest file 'arm_control_pkg.egg-info/SOURCES.txt'
[3.147s] reading manifest file 'arm_control_pkg.egg-info/SOURCES.txt'
[3.147s] writing manifest file 'arm_control_pkg.egg-info/SOURCES.txt'
[3.149s] running build_ext
[3.150s] Creating /home/lmz/armpiper/install/arm_control_pkg/lib/python3.10/site-packages/arm-control-pkg.egg-link (link to .)
[3.150s] Installing arm_manager script to /home/lmz/armpiper/install/arm_control_pkg/lib/arm_control_pkg
[3.155s] 
[3.156s] Installed /home/lmz/armpiper/build/arm_control_pkg
[3.156s] running symlink_data
[3.156s] creating /home/lmz/armpiper/install/arm_control_pkg/share/ament_index
[3.156s] creating /home/lmz/armpiper/install/arm_control_pkg/share/ament_index/resource_index
[3.156s] creating /home/lmz/armpiper/install/arm_control_pkg/share/ament_index/resource_index/packages
[3.156s] symbolically linking /home/lmz/armpiper/build/arm_control_pkg/resource/arm_control_pkg -> /home/lmz/armpiper/install/arm_control_pkg/share/ament_index/resource_index/packages
[3.156s] symbolically linking /home/lmz/armpiper/build/arm_control_pkg/package.xml -> /home/lmz/armpiper/install/arm_control_pkg/share/arm_control_pkg
[3.156s] creating /home/lmz/armpiper/install/arm_control_pkg/share/arm_control_pkg/srv
[3.156s] symbolically linking /home/lmz/armpiper/build/arm_control_pkg/srv/StringString.srv -> /home/lmz/armpiper/install/arm_control_pkg/share/arm_control_pkg/srv
[3.242s] Invoked command in '/home/lmz/armpiper/build/arm_control_pkg' returned '0': PYTHONPATH=/home/lmz/armpiper/build/arm_control_pkg/prefix_override:/usr/lib/python3/dist-packages/colcon_core/task/python/colcon_distutils_commands:/home/lmz/armpiper/install/arm_control_pkg/lib/python3.10/site-packages:${PYTHONPATH} /usr/bin/python3 -W ignore:setup.py install is deprecated -W ignore:easy_install command is deprecated setup.py develop --editable --build-directory /home/lmz/armpiper/build/arm_control_pkg/build --no-deps symlink_data
