[0.041s] Invoking command in '/home/lmz/armpiper/build/dynamixel_interfaces': CMAKE_PREFIX_PATH=${CMAKE_PREFIX_PATH}:/home/lmz/armpiper/install/vla:/home/lmz/armpiper/install/interface:/home/lmz/armpiper/install/piper:/home/lmz/armpiper/install/leapsim:/home/lmz/armpiper/install/follow:/home/lmz/armpiper/install/arm_control_pkg:/opt/ros/humble /usr/bin/cmake /home/lmz/armpiper/src/dynamixel_interfaces -DAMENT_CMAKE_SYMLINK_INSTALL=1 -DCMAKE_INSTALL_PREFIX=/home/lmz/armpiper/install/dynamixel_interfaces
[1.130s] -- The C compiler identification is GNU 11.4.0
[1.131s] -- The CXX compiler identification is GNU 11.4.0
[1.131s] -- Detecting C compiler ABI info
[1.132s] -- Detecting C compiler ABI info - done
[1.132s] -- Check for working C compiler: /usr/bin/cc - skipped
[1.132s] -- Detecting C compile features
[1.132s] -- Detecting C compile features - done
[1.132s] -- Detecting CXX compiler ABI info
[1.132s] -- Detecting CXX compiler ABI info - done
[1.132s] -- Check for working CXX compiler: /usr/bin/c++ - skipped
[1.133s] -- Detecting CXX compile features
[1.133s] -- Detecting CXX compile features - done
[1.134s] -- Found ament_cmake: 1.3.11 (/opt/ros/humble/share/ament_cmake/cmake)
[1.134s] -- Found Python3: /usr/bin/python3 (found version "3.10.12") found components: Interpreter 
[1.134s] -- Override CMake install command with custom implementation using symlinks instead of copying resources
[1.135s] -- Found std_msgs: 4.9.0 (/opt/ros/humble/share/std_msgs/cmake)
[1.135s] -- Found rosidl_generator_c: 3.1.6 (/opt/ros/humble/share/rosidl_generator_c/cmake)
[1.135s] -- Found rosidl_adapter: 3.1.6 (/opt/ros/humble/share/rosidl_adapter/cmake)
[1.135s] -- Found rosidl_generator_cpp: 3.1.6 (/opt/ros/humble/share/rosidl_generator_cpp/cmake)
[1.135s] -- Using all available rosidl_typesupport_c: rosidl_typesupport_fastrtps_c;rosidl_typesupport_introspection_c
[1.135s] -- Using all available rosidl_typesupport_cpp: rosidl_typesupport_fastrtps_cpp;rosidl_typesupport_introspection_cpp
[1.135s] -- Found geometry_msgs: 4.9.0 (/opt/ros/humble/share/geometry_msgs/cmake)
[1.135s] -- Found rosidl_default_generators: 1.2.0 (/opt/ros/humble/share/rosidl_default_generators/cmake)
[1.135s] -- Found ament_cmake_ros: 0.10.0 (/opt/ros/humble/share/ament_cmake_ros/cmake)
[1.249s] -- Using all available rosidl_typesupport_c: rosidl_typesupport_fastrtps_c;rosidl_typesupport_introspection_c
[1.383s] -- Using all available rosidl_typesupport_cpp: rosidl_typesupport_fastrtps_cpp;rosidl_typesupport_introspection_cpp
[1.405s] -- Found PythonInterp: /usr/bin/python3 (found suitable version "3.10.12", minimum required is "3.6") 
[1.406s] -- Found python_cmake_module: 0.10.0 (/opt/ros/humble/share/python_cmake_module/cmake)
[1.439s] -- Found PythonLibs: /usr/lib/x86_64-linux-gnu/libpython3.10.so (found suitable version "3.10.12", minimum required is "3.5") 
[1.439s] -- Using PYTHON_EXECUTABLE: /usr/bin/python3
[1.439s] -- Using PYTHON_INCLUDE_DIRS: /usr/include/python3.10
[1.439s] -- Using PYTHON_LIBRARIES: /usr/lib/x86_64-linux-gnu/libpython3.10.so
[1.458s] -- Found PythonExtra: .so  
[1.692s] -- Found ament_lint_auto: 0.12.12 (/opt/ros/humble/share/ament_lint_auto/cmake)
[1.798s] -- Added test 'copyright' to check source files copyright and LICENSE
[1.807s] -- Added test 'lint_cmake' to check CMake code style
[1.809s] -- Added test 'xmllint' to check XML markup files
[1.826s] -- Configuring done
[1.930s] -- Generating done
[1.961s] -- Build files have been written to: /home/lmz/armpiper/build/dynamixel_interfaces
[1.998s] Invoked command in '/home/lmz/armpiper/build/dynamixel_interfaces' returned '0': CMAKE_PREFIX_PATH=${CMAKE_PREFIX_PATH}:/home/lmz/armpiper/install/vla:/home/lmz/armpiper/install/interface:/home/lmz/armpiper/install/piper:/home/lmz/armpiper/install/leapsim:/home/lmz/armpiper/install/follow:/home/lmz/armpiper/install/arm_control_pkg:/opt/ros/humble /usr/bin/cmake /home/lmz/armpiper/src/dynamixel_interfaces -DAMENT_CMAKE_SYMLINK_INSTALL=1 -DCMAKE_INSTALL_PREFIX=/home/lmz/armpiper/install/dynamixel_interfaces
[1.998s] Invoking command in '/home/lmz/armpiper/build/dynamixel_interfaces': CMAKE_PREFIX_PATH=${CMAKE_PREFIX_PATH}:/home/lmz/armpiper/install/vla:/home/lmz/armpiper/install/interface:/home/lmz/armpiper/install/piper:/home/lmz/armpiper/install/leapsim:/home/lmz/armpiper/install/follow:/home/lmz/armpiper/install/arm_control_pkg:/opt/ros/humble /usr/bin/cmake --build /home/lmz/armpiper/build/dynamixel_interfaces -- -j16 -l16
[2.098s] [  1%] [34m[1mGenerating C code for ROS interfaces[0m
[2.120s] [  3%] [34m[1mGenerating C++ code for ROS interfaces[0m
[2.154s] [  3%] Built target ament_cmake_python_symlink_dynamixel_interfaces
[2.654s] running egg_info
[2.655s] creating dynamixel_interfaces.egg-info
[2.656s] writing dynamixel_interfaces.egg-info/PKG-INFO
[2.656s] writing dependency_links to dynamixel_interfaces.egg-info/dependency_links.txt
[2.657s] writing top-level names to dynamixel_interfaces.egg-info/top_level.txt
[2.657s] writing manifest file 'dynamixel_interfaces.egg-info/SOURCES.txt'
[2.661s] reading manifest file 'dynamixel_interfaces.egg-info/SOURCES.txt'
[2.662s] writing manifest file 'dynamixel_interfaces.egg-info/SOURCES.txt'
[2.720s] [  3%] Built target ament_cmake_python_build_dynamixel_interfaces_egg
[3.266s] [  5%] [32mBuilding C object CMakeFiles/dynamixel_interfaces__rosidl_generator_c.dir/rosidl_generator_c/dynamixel_interfaces/msg/detail/dynamixel_state__functions.c.o[0m
[3.269s] [  7%] [32mBuilding C object CMakeFiles/dynamixel_interfaces__rosidl_generator_c.dir/rosidl_generator_c/dynamixel_interfaces/srv/detail/get_data_from_dxl__functions.c.o[0m
[3.270s] [  9%] [32mBuilding C object CMakeFiles/dynamixel_interfaces__rosidl_generator_c.dir/rosidl_generator_c/dynamixel_interfaces/srv/detail/reboot_dxl__functions.c.o[0m
[3.278s] [ 10%] [32mBuilding C object CMakeFiles/dynamixel_interfaces__rosidl_generator_c.dir/rosidl_generator_c/dynamixel_interfaces/srv/detail/set_data_to_dxl__functions.c.o[0m
[3.424s] [ 12%] [32m[1mLinking C shared library libdynamixel_interfaces__rosidl_generator_c.so[0m
[3.481s] [ 12%] Built target dynamixel_interfaces__rosidl_generator_c
[3.492s] [ 14%] [34m[1mGenerating C type support for eProsima Fast-RTPS[0m
[3.499s] [ 16%] [34m[1mGenerating C introspection for ROS interfaces[0m
[3.508s] [ 18%] [34m[1mGenerating C type support dispatch for ROS interfaces[0m
[3.612s] [ 18%] Built target dynamixel_interfaces__cpp
[3.633s] [ 20%] [34m[1mGenerating C++ type support for eProsima Fast-RTPS[0m
[3.634s] [ 21%] [34m[1mGenerating C++ type support dispatch for ROS interfaces[0m
[3.641s] [ 23%] [34m[1mGenerating C++ introspection for ROS interfaces[0m
[4.215s] [ 25%] [32mBuilding CXX object CMakeFiles/dynamixel_interfaces__rosidl_typesupport_c.dir/rosidl_typesupport_c/dynamixel_interfaces/srv/reboot_dxl__type_support.cpp.o[0m
[4.216s] [ 27%] [32mBuilding CXX object CMakeFiles/dynamixel_interfaces__rosidl_typesupport_c.dir/rosidl_typesupport_c/dynamixel_interfaces/srv/set_data_to_dxl__type_support.cpp.o[0m
[4.217s] [ 29%] [32mBuilding CXX object CMakeFiles/dynamixel_interfaces__rosidl_typesupport_c.dir/rosidl_typesupport_c/dynamixel_interfaces/msg/dynamixel_state__type_support.cpp.o[0m
[4.217s] [ 30%] [32mBuilding CXX object CMakeFiles/dynamixel_interfaces__rosidl_typesupport_c.dir/rosidl_typesupport_c/dynamixel_interfaces/srv/get_data_from_dxl__type_support.cpp.o[0m
[4.251s] [ 32%] [32m[1mLinking CXX shared library libdynamixel_interfaces__rosidl_typesupport_c.so[0m
[4.259s] [ 34%] [32mBuilding CXX object CMakeFiles/dynamixel_interfaces__rosidl_typesupport_fastrtps_c.dir/rosidl_typesupport_fastrtps_c/dynamixel_interfaces/srv/detail/reboot_dxl__type_support_c.cpp.o[0m
[4.259s] [ 36%] [32mBuilding CXX object CMakeFiles/dynamixel_interfaces__rosidl_typesupport_fastrtps_c.dir/rosidl_typesupport_fastrtps_c/dynamixel_interfaces/srv/detail/set_data_to_dxl__type_support_c.cpp.o[0m
[4.265s] [ 38%] [32mBuilding CXX object CMakeFiles/dynamixel_interfaces__rosidl_typesupport_fastrtps_c.dir/rosidl_typesupport_fastrtps_c/dynamixel_interfaces/msg/detail/dynamixel_state__type_support_c.cpp.o[0m
[4.266s] [ 40%] [32mBuilding CXX object CMakeFiles/dynamixel_interfaces__rosidl_typesupport_fastrtps_c.dir/rosidl_typesupport_fastrtps_c/dynamixel_interfaces/srv/detail/get_data_from_dxl__type_support_c.cpp.o[0m
[4.294s] [ 40%] Built target dynamixel_interfaces__rosidl_typesupport_c
[4.296s] [ 41%] [32mBuilding C object CMakeFiles/dynamixel_interfaces__rosidl_typesupport_introspection_c.dir/rosidl_typesupport_introspection_c/dynamixel_interfaces/srv/detail/reboot_dxl__type_support.c.o[0m
[4.298s] [ 43%] [32mBuilding C object CMakeFiles/dynamixel_interfaces__rosidl_typesupport_introspection_c.dir/rosidl_typesupport_introspection_c/dynamixel_interfaces/msg/detail/dynamixel_state__type_support.c.o[0m
[4.300s] [ 45%] [32mBuilding C object CMakeFiles/dynamixel_interfaces__rosidl_typesupport_introspection_c.dir/rosidl_typesupport_introspection_c/dynamixel_interfaces/srv/detail/set_data_to_dxl__type_support.c.o[0m
[4.301s] [ 47%] [32mBuilding C object CMakeFiles/dynamixel_interfaces__rosidl_typesupport_introspection_c.dir/rosidl_typesupport_introspection_c/dynamixel_interfaces/srv/detail/get_data_from_dxl__type_support.c.o[0m
[4.316s] [ 49%] [32mBuilding CXX object CMakeFiles/dynamixel_interfaces__rosidl_typesupport_introspection_cpp.dir/rosidl_typesupport_introspection_cpp/dynamixel_interfaces/msg/detail/dynamixel_state__type_support.cpp.o[0m
[4.316s] [ 50%] [32mBuilding CXX object CMakeFiles/dynamixel_interfaces__rosidl_typesupport_introspection_cpp.dir/rosidl_typesupport_introspection_cpp/dynamixel_interfaces/srv/detail/get_data_from_dxl__type_support.cpp.o[0m
[4.319s] [ 52%] [32mBuilding CXX object CMakeFiles/dynamixel_interfaces__rosidl_typesupport_cpp.dir/rosidl_typesupport_cpp/dynamixel_interfaces/msg/dynamixel_state__type_support.cpp.o[0m
[4.321s] [ 54%] [32mBuilding CXX object CMakeFiles/dynamixel_interfaces__rosidl_typesupport_introspection_cpp.dir/rosidl_typesupport_introspection_cpp/dynamixel_interfaces/srv/detail/reboot_dxl__type_support.cpp.o[0m
[4.321s] [ 56%] [32mBuilding CXX object CMakeFiles/dynamixel_interfaces__rosidl_typesupport_introspection_cpp.dir/rosidl_typesupport_introspection_cpp/dynamixel_interfaces/srv/detail/set_data_to_dxl__type_support.cpp.o[0m
[4.334s] [ 58%] [32mBuilding CXX object CMakeFiles/dynamixel_interfaces__rosidl_typesupport_cpp.dir/rosidl_typesupport_cpp/dynamixel_interfaces/srv/get_data_from_dxl__type_support.cpp.o[0m
[4.337s] [ 60%] [32mBuilding CXX object CMakeFiles/dynamixel_interfaces__rosidl_typesupport_cpp.dir/rosidl_typesupport_cpp/dynamixel_interfaces/srv/set_data_to_dxl__type_support.cpp.o[0m
[4.344s] [ 61%] [32mBuilding CXX object CMakeFiles/dynamixel_interfaces__rosidl_typesupport_cpp.dir/rosidl_typesupport_cpp/dynamixel_interfaces/srv/reboot_dxl__type_support.cpp.o[0m
[4.361s] [ 63%] [32m[1mLinking C shared library libdynamixel_interfaces__rosidl_typesupport_introspection_c.so[0m
[4.422s] [ 63%] Built target dynamixel_interfaces__rosidl_typesupport_introspection_c
[4.550s] [ 65%] [32mBuilding CXX object CMakeFiles/dynamixel_interfaces__rosidl_typesupport_fastrtps_cpp.dir/rosidl_typesupport_fastrtps_cpp/dynamixel_interfaces/msg/detail/dds_fastrtps/dynamixel_state__type_support.cpp.o[0m
[4.560s] [ 67%] [32mBuilding CXX object CMakeFiles/dynamixel_interfaces__rosidl_typesupport_fastrtps_cpp.dir/rosidl_typesupport_fastrtps_cpp/dynamixel_interfaces/srv/detail/dds_fastrtps/set_data_to_dxl__type_support.cpp.o[0m
[4.561s] [ 69%] [32mBuilding CXX object CMakeFiles/dynamixel_interfaces__rosidl_typesupport_fastrtps_cpp.dir/rosidl_typesupport_fastrtps_cpp/dynamixel_interfaces/srv/detail/dds_fastrtps/get_data_from_dxl__type_support.cpp.o[0m
[4.562s] [ 70%] [32mBuilding CXX object CMakeFiles/dynamixel_interfaces__rosidl_typesupport_fastrtps_cpp.dir/rosidl_typesupport_fastrtps_cpp/dynamixel_interfaces/srv/detail/dds_fastrtps/reboot_dxl__type_support.cpp.o[0m
[4.719s] [ 72%] [32m[1mLinking CXX shared library libdynamixel_interfaces__rosidl_typesupport_fastrtps_c.so[0m
[4.746s] [ 74%] [32m[1mLinking CXX shared library libdynamixel_interfaces__rosidl_typesupport_cpp.so[0m
[4.781s] [ 74%] Built target dynamixel_interfaces__rosidl_typesupport_cpp
[4.782s] [ 74%] Built target dynamixel_interfaces__rosidl_typesupport_fastrtps_c
[4.940s] [ 76%] [32m[1mLinking CXX shared library libdynamixel_interfaces__rosidl_typesupport_introspection_cpp.so[0m
[5.001s] [ 76%] Built target dynamixel_interfaces__rosidl_typesupport_introspection_cpp
[5.099s] [ 78%] [32m[1mLinking CXX shared library libdynamixel_interfaces__rosidl_typesupport_fastrtps_cpp.so[0m
[5.161s] [ 78%] Built target dynamixel_interfaces__rosidl_typesupport_fastrtps_cpp
[5.173s] [ 78%] Built target dynamixel_interfaces
[5.189s] [ 80%] [34m[1mGenerating Python code for ROS interfaces[0m
[5.816s] [ 80%] Built target dynamixel_interfaces__py
[5.836s] [ 83%] [32mBuilding C object CMakeFiles/dynamixel_interfaces__rosidl_generator_py.dir/rosidl_generator_py/dynamixel_interfaces/msg/_dynamixel_state_s.c.o[0m
[5.836s] [ 83%] [32mBuilding C object CMakeFiles/dynamixel_interfaces__rosidl_generator_py.dir/rosidl_generator_py/dynamixel_interfaces/srv/_set_data_to_dxl_s.c.o[0m
[5.838s] [ 85%] [32mBuilding C object CMakeFiles/dynamixel_interfaces__rosidl_generator_py.dir/rosidl_generator_py/dynamixel_interfaces/srv/_get_data_from_dxl_s.c.o[0m
[5.838s] [ 87%] [32mBuilding C object CMakeFiles/dynamixel_interfaces__rosidl_generator_py.dir/rosidl_generator_py/dynamixel_interfaces/srv/_reboot_dxl_s.c.o[0m
[5.972s] [ 89%] [32m[1mLinking C shared library rosidl_generator_py/dynamixel_interfaces/libdynamixel_interfaces__rosidl_generator_py.so[0m
[6.008s] [ 89%] Built target dynamixel_interfaces__rosidl_generator_py
[6.023s] [ 90%] [32mBuilding C object CMakeFiles/dynamixel_interfaces__rosidl_typesupport_introspection_c__pyext.dir/rosidl_generator_py/dynamixel_interfaces/_dynamixel_interfaces_s.ep.rosidl_typesupport_introspection_c.c.o[0m
[6.025s] [ 92%] [32mBuilding C object CMakeFiles/dynamixel_interfaces__rosidl_typesupport_fastrtps_c__pyext.dir/rosidl_generator_py/dynamixel_interfaces/_dynamixel_interfaces_s.ep.rosidl_typesupport_fastrtps_c.c.o[0m
[6.027s] [ 94%] [32mBuilding C object CMakeFiles/dynamixel_interfaces__rosidl_typesupport_c__pyext.dir/rosidl_generator_py/dynamixel_interfaces/_dynamixel_interfaces_s.ep.rosidl_typesupport_c.c.o[0m
[6.096s] [ 96%] [32m[1mLinking C shared library rosidl_generator_py/dynamixel_interfaces/dynamixel_interfaces_s__rosidl_typesupport_introspection_c.cpython-310-x86_64-linux-gnu.so[0m
[6.108s] [ 98%] [32m[1mLinking C shared library rosidl_generator_py/dynamixel_interfaces/dynamixel_interfaces_s__rosidl_typesupport_fastrtps_c.cpython-310-x86_64-linux-gnu.so[0m
[6.118s] [100%] [32m[1mLinking C shared library rosidl_generator_py/dynamixel_interfaces/dynamixel_interfaces_s__rosidl_typesupport_c.cpython-310-x86_64-linux-gnu.so[0m
[6.137s] [100%] Built target dynamixel_interfaces__rosidl_typesupport_introspection_c__pyext
[6.138s] [100%] Built target dynamixel_interfaces__rosidl_typesupport_fastrtps_c__pyext
[6.151s] [100%] Built target dynamixel_interfaces__rosidl_typesupport_c__pyext
[6.161s] Invoked command in '/home/lmz/armpiper/build/dynamixel_interfaces' returned '0': CMAKE_PREFIX_PATH=${CMAKE_PREFIX_PATH}:/home/lmz/armpiper/install/vla:/home/lmz/armpiper/install/interface:/home/lmz/armpiper/install/piper:/home/lmz/armpiper/install/leapsim:/home/lmz/armpiper/install/follow:/home/lmz/armpiper/install/arm_control_pkg:/opt/ros/humble /usr/bin/cmake --build /home/lmz/armpiper/build/dynamixel_interfaces -- -j16 -l16
[6.162s] Invoking command in '/home/lmz/armpiper/build/dynamixel_interfaces': CMAKE_PREFIX_PATH=${CMAKE_PREFIX_PATH}:/home/lmz/armpiper/install/vla:/home/lmz/armpiper/install/interface:/home/lmz/armpiper/install/piper:/home/lmz/armpiper/install/leapsim:/home/lmz/armpiper/install/follow:/home/lmz/armpiper/install/arm_control_pkg:/opt/ros/humble /usr/bin/cmake --install /home/lmz/armpiper/build/dynamixel_interfaces
[6.171s] -- Install configuration: ""
[6.171s] -- Execute custom install script
[6.172s] -- Symlinking: /home/lmz/armpiper/install/dynamixel_interfaces/share/ament_index/resource_index/rosidl_interfaces/dynamixel_interfaces
[6.180s] -- Symlinking: /home/lmz/armpiper/install/dynamixel_interfaces/include/dynamixel_interfaces/dynamixel_interfaces/msg/detail/dynamixel_state__functions.h
[6.188s] -- Symlinking: /home/lmz/armpiper/install/dynamixel_interfaces/include/dynamixel_interfaces/dynamixel_interfaces/msg/detail/dynamixel_state__struct.h
[6.194s] -- Symlinking: /home/lmz/armpiper/install/dynamixel_interfaces/include/dynamixel_interfaces/dynamixel_interfaces/msg/detail/dynamixel_state__type_support.h
[6.201s] -- Symlinking: /home/lmz/armpiper/install/dynamixel_interfaces/include/dynamixel_interfaces/dynamixel_interfaces/msg/dynamixel_state.h
[6.208s] -- Symlinking: /home/lmz/armpiper/install/dynamixel_interfaces/include/dynamixel_interfaces/dynamixel_interfaces/msg/rosidl_generator_c__visibility_control.h
[6.214s] -- Symlinking: /home/lmz/armpiper/install/dynamixel_interfaces/include/dynamixel_interfaces/dynamixel_interfaces/srv/detail/get_data_from_dxl__functions.h
[6.223s] -- Symlinking: /home/lmz/armpiper/install/dynamixel_interfaces/include/dynamixel_interfaces/dynamixel_interfaces/srv/detail/get_data_from_dxl__struct.h
[6.229s] -- Symlinking: /home/lmz/armpiper/install/dynamixel_interfaces/include/dynamixel_interfaces/dynamixel_interfaces/srv/detail/get_data_from_dxl__type_support.h
[6.238s] -- Symlinking: /home/lmz/armpiper/install/dynamixel_interfaces/include/dynamixel_interfaces/dynamixel_interfaces/srv/detail/reboot_dxl__functions.h
[6.247s] -- Symlinking: /home/lmz/armpiper/install/dynamixel_interfaces/include/dynamixel_interfaces/dynamixel_interfaces/srv/detail/reboot_dxl__struct.h
[6.255s] -- Symlinking: /home/lmz/armpiper/install/dynamixel_interfaces/include/dynamixel_interfaces/dynamixel_interfaces/srv/detail/reboot_dxl__type_support.h
[6.261s] -- Symlinking: /home/lmz/armpiper/install/dynamixel_interfaces/include/dynamixel_interfaces/dynamixel_interfaces/srv/detail/set_data_to_dxl__functions.h
[6.269s] -- Symlinking: /home/lmz/armpiper/install/dynamixel_interfaces/include/dynamixel_interfaces/dynamixel_interfaces/srv/detail/set_data_to_dxl__struct.h
[6.279s] -- Symlinking: /home/lmz/armpiper/install/dynamixel_interfaces/include/dynamixel_interfaces/dynamixel_interfaces/srv/detail/set_data_to_dxl__type_support.h
[6.287s] -- Symlinking: /home/lmz/armpiper/install/dynamixel_interfaces/include/dynamixel_interfaces/dynamixel_interfaces/srv/get_data_from_dxl.h
[6.296s] -- Symlinking: /home/lmz/armpiper/install/dynamixel_interfaces/include/dynamixel_interfaces/dynamixel_interfaces/srv/reboot_dxl.h
[6.307s] -- Symlinking: /home/lmz/armpiper/install/dynamixel_interfaces/include/dynamixel_interfaces/dynamixel_interfaces/srv/set_data_to_dxl.h
[6.318s] -- Symlinking: /home/lmz/armpiper/install/dynamixel_interfaces/share/dynamixel_interfaces/environment/library_path.sh
[6.329s] -- Symlinking: /home/lmz/armpiper/install/dynamixel_interfaces/share/dynamixel_interfaces/environment/library_path.dsv
[6.340s] -- Symlinking: /home/lmz/armpiper/install/dynamixel_interfaces/include/dynamixel_interfaces/dynamixel_interfaces/msg/detail/dynamixel_state__rosidl_typesupport_fastrtps_c.h
[6.350s] -- Symlinking: /home/lmz/armpiper/install/dynamixel_interfaces/include/dynamixel_interfaces/dynamixel_interfaces/msg/rosidl_typesupport_fastrtps_c__visibility_control.h
[6.356s] -- Symlinking: /home/lmz/armpiper/install/dynamixel_interfaces/include/dynamixel_interfaces/dynamixel_interfaces/srv/detail/get_data_from_dxl__rosidl_typesupport_fastrtps_c.h
[6.364s] -- Symlinking: /home/lmz/armpiper/install/dynamixel_interfaces/include/dynamixel_interfaces/dynamixel_interfaces/srv/detail/reboot_dxl__rosidl_typesupport_fastrtps_c.h
[6.371s] -- Symlinking: /home/lmz/armpiper/install/dynamixel_interfaces/include/dynamixel_interfaces/dynamixel_interfaces/srv/detail/set_data_to_dxl__rosidl_typesupport_fastrtps_c.h
[6.380s] -- Symlinking: /home/lmz/armpiper/install/dynamixel_interfaces/include/dynamixel_interfaces/dynamixel_interfaces/msg/detail/dynamixel_state__builder.hpp
[6.385s] -- Symlinking: /home/lmz/armpiper/install/dynamixel_interfaces/include/dynamixel_interfaces/dynamixel_interfaces/msg/detail/dynamixel_state__struct.hpp
[6.390s] -- Symlinking: /home/lmz/armpiper/install/dynamixel_interfaces/include/dynamixel_interfaces/dynamixel_interfaces/msg/detail/dynamixel_state__traits.hpp
[6.397s] -- Symlinking: /home/lmz/armpiper/install/dynamixel_interfaces/include/dynamixel_interfaces/dynamixel_interfaces/msg/detail/dynamixel_state__type_support.hpp
[6.403s] -- Symlinking: /home/lmz/armpiper/install/dynamixel_interfaces/include/dynamixel_interfaces/dynamixel_interfaces/msg/dynamixel_state.hpp
[6.411s] -- Symlinking: /home/lmz/armpiper/install/dynamixel_interfaces/include/dynamixel_interfaces/dynamixel_interfaces/msg/rosidl_generator_cpp__visibility_control.hpp
[6.416s] -- Symlinking: /home/lmz/armpiper/install/dynamixel_interfaces/include/dynamixel_interfaces/dynamixel_interfaces/srv/detail/get_data_from_dxl__builder.hpp
[6.424s] -- Symlinking: /home/lmz/armpiper/install/dynamixel_interfaces/include/dynamixel_interfaces/dynamixel_interfaces/srv/detail/get_data_from_dxl__struct.hpp
[6.430s] -- Symlinking: /home/lmz/armpiper/install/dynamixel_interfaces/include/dynamixel_interfaces/dynamixel_interfaces/srv/detail/get_data_from_dxl__traits.hpp
[6.435s] -- Symlinking: /home/lmz/armpiper/install/dynamixel_interfaces/include/dynamixel_interfaces/dynamixel_interfaces/srv/detail/get_data_from_dxl__type_support.hpp
[6.441s] -- Symlinking: /home/lmz/armpiper/install/dynamixel_interfaces/include/dynamixel_interfaces/dynamixel_interfaces/srv/detail/reboot_dxl__builder.hpp
[6.448s] -- Symlinking: /home/lmz/armpiper/install/dynamixel_interfaces/include/dynamixel_interfaces/dynamixel_interfaces/srv/detail/reboot_dxl__struct.hpp
[6.456s] -- Symlinking: /home/lmz/armpiper/install/dynamixel_interfaces/include/dynamixel_interfaces/dynamixel_interfaces/srv/detail/reboot_dxl__traits.hpp
[6.463s] -- Symlinking: /home/lmz/armpiper/install/dynamixel_interfaces/include/dynamixel_interfaces/dynamixel_interfaces/srv/detail/reboot_dxl__type_support.hpp
[6.470s] -- Symlinking: /home/lmz/armpiper/install/dynamixel_interfaces/include/dynamixel_interfaces/dynamixel_interfaces/srv/detail/set_data_to_dxl__builder.hpp
[6.475s] -- Symlinking: /home/lmz/armpiper/install/dynamixel_interfaces/include/dynamixel_interfaces/dynamixel_interfaces/srv/detail/set_data_to_dxl__struct.hpp
[6.482s] -- Symlinking: /home/lmz/armpiper/install/dynamixel_interfaces/include/dynamixel_interfaces/dynamixel_interfaces/srv/detail/set_data_to_dxl__traits.hpp
[6.489s] -- Symlinking: /home/lmz/armpiper/install/dynamixel_interfaces/include/dynamixel_interfaces/dynamixel_interfaces/srv/detail/set_data_to_dxl__type_support.hpp
[6.496s] -- Symlinking: /home/lmz/armpiper/install/dynamixel_interfaces/include/dynamixel_interfaces/dynamixel_interfaces/srv/get_data_from_dxl.hpp
[6.502s] -- Symlinking: /home/lmz/armpiper/install/dynamixel_interfaces/include/dynamixel_interfaces/dynamixel_interfaces/srv/reboot_dxl.hpp
[6.508s] -- Symlinking: /home/lmz/armpiper/install/dynamixel_interfaces/include/dynamixel_interfaces/dynamixel_interfaces/srv/set_data_to_dxl.hpp
[6.515s] -- Symlinking: /home/lmz/armpiper/install/dynamixel_interfaces/include/dynamixel_interfaces/dynamixel_interfaces/msg/detail/dynamixel_state__rosidl_typesupport_fastrtps_cpp.hpp
[6.519s] -- Symlinking: /home/lmz/armpiper/install/dynamixel_interfaces/include/dynamixel_interfaces/dynamixel_interfaces/msg/rosidl_typesupport_fastrtps_cpp__visibility_control.h
[6.525s] -- Symlinking: /home/lmz/armpiper/install/dynamixel_interfaces/include/dynamixel_interfaces/dynamixel_interfaces/srv/detail/get_data_from_dxl__rosidl_typesupport_fastrtps_cpp.hpp
[6.534s] -- Symlinking: /home/lmz/armpiper/install/dynamixel_interfaces/include/dynamixel_interfaces/dynamixel_interfaces/srv/detail/reboot_dxl__rosidl_typesupport_fastrtps_cpp.hpp
[6.541s] -- Symlinking: /home/lmz/armpiper/install/dynamixel_interfaces/include/dynamixel_interfaces/dynamixel_interfaces/srv/detail/set_data_to_dxl__rosidl_typesupport_fastrtps_cpp.hpp
[6.551s] -- Symlinking: /home/lmz/armpiper/install/dynamixel_interfaces/include/dynamixel_interfaces/dynamixel_interfaces/msg/detail/dynamixel_state__rosidl_typesupport_introspection_c.h
[6.559s] -- Symlinking: /home/lmz/armpiper/install/dynamixel_interfaces/include/dynamixel_interfaces/dynamixel_interfaces/msg/rosidl_typesupport_introspection_c__visibility_control.h
[6.566s] -- Symlinking: /home/lmz/armpiper/install/dynamixel_interfaces/include/dynamixel_interfaces/dynamixel_interfaces/srv/detail/get_data_from_dxl__rosidl_typesupport_introspection_c.h
[6.571s] -- Symlinking: /home/lmz/armpiper/install/dynamixel_interfaces/include/dynamixel_interfaces/dynamixel_interfaces/srv/detail/reboot_dxl__rosidl_typesupport_introspection_c.h
[6.579s] -- Symlinking: /home/lmz/armpiper/install/dynamixel_interfaces/include/dynamixel_interfaces/dynamixel_interfaces/srv/detail/set_data_to_dxl__rosidl_typesupport_introspection_c.h
[6.585s] -- Symlinking: /home/lmz/armpiper/install/dynamixel_interfaces/include/dynamixel_interfaces/dynamixel_interfaces/msg/detail/dynamixel_state__rosidl_typesupport_introspection_cpp.hpp
[6.591s] -- Symlinking: /home/lmz/armpiper/install/dynamixel_interfaces/include/dynamixel_interfaces/dynamixel_interfaces/srv/detail/get_data_from_dxl__rosidl_typesupport_introspection_cpp.hpp
[6.597s] -- Symlinking: /home/lmz/armpiper/install/dynamixel_interfaces/include/dynamixel_interfaces/dynamixel_interfaces/srv/detail/reboot_dxl__rosidl_typesupport_introspection_cpp.hpp
[6.602s] -- Symlinking: /home/lmz/armpiper/install/dynamixel_interfaces/include/dynamixel_interfaces/dynamixel_interfaces/srv/detail/set_data_to_dxl__rosidl_typesupport_introspection_cpp.hpp
[6.611s] -- Symlinking: /home/lmz/armpiper/install/dynamixel_interfaces/share/dynamixel_interfaces/environment/pythonpath.sh
[6.618s] -- Symlinking: /home/lmz/armpiper/install/dynamixel_interfaces/share/dynamixel_interfaces/environment/pythonpath.dsv
[6.625s] -- Symlinking: /home/lmz/armpiper/install/dynamixel_interfaces/local/lib/python3.10/dist-packages/dynamixel_interfaces-1.0.1-py3.10.egg-info/PKG-INFO
[6.630s] -- Symlinking: /home/lmz/armpiper/install/dynamixel_interfaces/local/lib/python3.10/dist-packages/dynamixel_interfaces-1.0.1-py3.10.egg-info/SOURCES.txt
[6.638s] -- Symlinking: /home/lmz/armpiper/install/dynamixel_interfaces/local/lib/python3.10/dist-packages/dynamixel_interfaces-1.0.1-py3.10.egg-info/dependency_links.txt
[6.643s] -- Symlinking: /home/lmz/armpiper/install/dynamixel_interfaces/local/lib/python3.10/dist-packages/dynamixel_interfaces-1.0.1-py3.10.egg-info/top_level.txt
[6.649s] -- Symlinking: /home/lmz/armpiper/install/dynamixel_interfaces/local/lib/python3.10/dist-packages/dynamixel_interfaces/__init__.py
[6.657s] -- Symlinking: /home/lmz/armpiper/install/dynamixel_interfaces/local/lib/python3.10/dist-packages/dynamixel_interfaces/_dynamixel_interfaces_s.ep.rosidl_typesupport_c.c
[6.663s] -- Symlinking: /home/lmz/armpiper/install/dynamixel_interfaces/local/lib/python3.10/dist-packages/dynamixel_interfaces/_dynamixel_interfaces_s.ep.rosidl_typesupport_fastrtps_c.c
[6.670s] -- Symlinking: /home/lmz/armpiper/install/dynamixel_interfaces/local/lib/python3.10/dist-packages/dynamixel_interfaces/_dynamixel_interfaces_s.ep.rosidl_typesupport_introspection_c.c
[6.678s] -- Symlinking: /home/lmz/armpiper/install/dynamixel_interfaces/local/lib/python3.10/dist-packages/dynamixel_interfaces/dynamixel_interfaces_s__rosidl_typesupport_c.cpython-310-x86_64-linux-gnu.so
[6.685s] -- Symlinking: /home/lmz/armpiper/install/dynamixel_interfaces/local/lib/python3.10/dist-packages/dynamixel_interfaces/dynamixel_interfaces_s__rosidl_typesupport_fastrtps_c.cpython-310-x86_64-linux-gnu.so
[6.693s] -- Symlinking: /home/lmz/armpiper/install/dynamixel_interfaces/local/lib/python3.10/dist-packages/dynamixel_interfaces/dynamixel_interfaces_s__rosidl_typesupport_introspection_c.cpython-310-x86_64-linux-gnu.so
[6.700s] -- Symlinking: /home/lmz/armpiper/install/dynamixel_interfaces/local/lib/python3.10/dist-packages/dynamixel_interfaces/libdynamixel_interfaces__rosidl_generator_py.so
[6.708s] -- Symlinking: /home/lmz/armpiper/install/dynamixel_interfaces/local/lib/python3.10/dist-packages/dynamixel_interfaces/msg/__init__.py
[6.714s] -- Symlinking: /home/lmz/armpiper/install/dynamixel_interfaces/local/lib/python3.10/dist-packages/dynamixel_interfaces/msg/_dynamixel_state.py
[6.719s] -- Symlinking: /home/lmz/armpiper/install/dynamixel_interfaces/local/lib/python3.10/dist-packages/dynamixel_interfaces/msg/_dynamixel_state_s.c
[6.727s] -- Symlinking: /home/lmz/armpiper/install/dynamixel_interfaces/local/lib/python3.10/dist-packages/dynamixel_interfaces/srv/__init__.py
[6.734s] -- Symlinking: /home/lmz/armpiper/install/dynamixel_interfaces/local/lib/python3.10/dist-packages/dynamixel_interfaces/srv/_get_data_from_dxl.py
[6.742s] -- Symlinking: /home/lmz/armpiper/install/dynamixel_interfaces/local/lib/python3.10/dist-packages/dynamixel_interfaces/srv/_get_data_from_dxl_s.c
[6.750s] -- Symlinking: /home/lmz/armpiper/install/dynamixel_interfaces/local/lib/python3.10/dist-packages/dynamixel_interfaces/srv/_reboot_dxl.py
[6.758s] -- Symlinking: /home/lmz/armpiper/install/dynamixel_interfaces/local/lib/python3.10/dist-packages/dynamixel_interfaces/srv/_reboot_dxl_s.c
[6.767s] -- Symlinking: /home/lmz/armpiper/install/dynamixel_interfaces/local/lib/python3.10/dist-packages/dynamixel_interfaces/srv/_set_data_to_dxl.py
[6.775s] -- Symlinking: /home/lmz/armpiper/install/dynamixel_interfaces/local/lib/python3.10/dist-packages/dynamixel_interfaces/srv/_set_data_to_dxl_s.c
[6.783s] -- Up-to-date symlink: /home/lmz/armpiper/install/dynamixel_interfaces/local/lib/python3.10/dist-packages/dynamixel_interfaces/dynamixel_interfaces_s__rosidl_typesupport_fastrtps_c.cpython-310-x86_64-linux-gnu.so
[6.783s] -- Up-to-date symlink: /home/lmz/armpiper/install/dynamixel_interfaces/local/lib/python3.10/dist-packages/dynamixel_interfaces/dynamixel_interfaces_s__rosidl_typesupport_introspection_c.cpython-310-x86_64-linux-gnu.so
[6.783s] -- Up-to-date symlink: /home/lmz/armpiper/install/dynamixel_interfaces/local/lib/python3.10/dist-packages/dynamixel_interfaces/dynamixel_interfaces_s__rosidl_typesupport_c.cpython-310-x86_64-linux-gnu.so
[6.783s] -- Symlinking: /home/lmz/armpiper/install/dynamixel_interfaces/share/dynamixel_interfaces/msg/DynamixelState.idl
[6.790s] -- Symlinking: /home/lmz/armpiper/install/dynamixel_interfaces/share/dynamixel_interfaces/srv/GetDataFromDxl.idl
[6.798s] -- Symlinking: /home/lmz/armpiper/install/dynamixel_interfaces/share/dynamixel_interfaces/srv/SetDataToDxl.idl
[6.804s] -- Symlinking: /home/lmz/armpiper/install/dynamixel_interfaces/share/dynamixel_interfaces/srv/RebootDxl.idl
[6.813s] -- Symlinking: /home/lmz/armpiper/install/dynamixel_interfaces/share/dynamixel_interfaces/msg/DynamixelState.msg
[6.819s] -- Symlinking: /home/lmz/armpiper/install/dynamixel_interfaces/share/dynamixel_interfaces/srv/GetDataFromDxl.srv
[6.828s] -- Symlinking: /home/lmz/armpiper/install/dynamixel_interfaces/share/dynamixel_interfaces/srv/GetDataFromDxl_Request.msg
[6.835s] -- Symlinking: /home/lmz/armpiper/install/dynamixel_interfaces/share/dynamixel_interfaces/srv/GetDataFromDxl_Response.msg
[6.841s] -- Symlinking: /home/lmz/armpiper/install/dynamixel_interfaces/share/dynamixel_interfaces/srv/SetDataToDxl.srv
[6.847s] -- Symlinking: /home/lmz/armpiper/install/dynamixel_interfaces/share/dynamixel_interfaces/srv/SetDataToDxl_Request.msg
[6.855s] -- Symlinking: /home/lmz/armpiper/install/dynamixel_interfaces/share/dynamixel_interfaces/srv/SetDataToDxl_Response.msg
[6.862s] -- Symlinking: /home/lmz/armpiper/install/dynamixel_interfaces/share/dynamixel_interfaces/srv/RebootDxl.srv
[6.870s] -- Symlinking: /home/lmz/armpiper/install/dynamixel_interfaces/share/dynamixel_interfaces/srv/RebootDxl_Request.msg
[6.877s] -- Symlinking: /home/lmz/armpiper/install/dynamixel_interfaces/share/dynamixel_interfaces/srv/RebootDxl_Response.msg
[6.883s] -- Symlinking: /home/lmz/armpiper/install/dynamixel_interfaces/share/ament_index/resource_index/package_run_dependencies/dynamixel_interfaces
[6.890s] -- Symlinking: /home/lmz/armpiper/install/dynamixel_interfaces/share/ament_index/resource_index/parent_prefix_path/dynamixel_interfaces
[6.897s] -- Symlinking: /home/lmz/armpiper/install/dynamixel_interfaces/share/dynamixel_interfaces/environment/ament_prefix_path.sh
[6.904s] -- Symlinking: /home/lmz/armpiper/install/dynamixel_interfaces/share/dynamixel_interfaces/environment/ament_prefix_path.dsv
[6.910s] -- Symlinking: /home/lmz/armpiper/install/dynamixel_interfaces/share/dynamixel_interfaces/environment/path.sh
[6.919s] -- Symlinking: /home/lmz/armpiper/install/dynamixel_interfaces/share/dynamixel_interfaces/environment/path.dsv
[6.928s] -- Symlinking: /home/lmz/armpiper/install/dynamixel_interfaces/share/dynamixel_interfaces/local_setup.bash
[6.936s] -- Symlinking: /home/lmz/armpiper/install/dynamixel_interfaces/share/dynamixel_interfaces/local_setup.sh
[6.942s] -- Symlinking: /home/lmz/armpiper/install/dynamixel_interfaces/share/dynamixel_interfaces/local_setup.zsh
[6.947s] -- Symlinking: /home/lmz/armpiper/install/dynamixel_interfaces/share/dynamixel_interfaces/local_setup.dsv
[6.956s] -- Symlinking: /home/lmz/armpiper/install/dynamixel_interfaces/share/dynamixel_interfaces/package.dsv
[6.962s] -- Symlinking: /home/lmz/armpiper/install/dynamixel_interfaces/share/ament_index/resource_index/packages/dynamixel_interfaces
[6.972s] -- Symlinking: /home/lmz/armpiper/install/dynamixel_interfaces/share/dynamixel_interfaces/cmake/rosidl_cmake-extras.cmake
[6.979s] -- Symlinking: /home/lmz/armpiper/install/dynamixel_interfaces/share/dynamixel_interfaces/cmake/ament_cmake_export_dependencies-extras.cmake
[6.988s] -- Symlinking: /home/lmz/armpiper/install/dynamixel_interfaces/share/dynamixel_interfaces/cmake/ament_cmake_export_include_directories-extras.cmake
[6.995s] -- Symlinking: /home/lmz/armpiper/install/dynamixel_interfaces/share/dynamixel_interfaces/cmake/ament_cmake_export_libraries-extras.cmake
[7.002s] -- Symlinking: /home/lmz/armpiper/install/dynamixel_interfaces/share/dynamixel_interfaces/cmake/ament_cmake_export_targets-extras.cmake
[7.010s] -- Symlinking: /home/lmz/armpiper/install/dynamixel_interfaces/share/dynamixel_interfaces/cmake/rosidl_cmake_export_typesupport_targets-extras.cmake
[7.016s] -- Symlinking: /home/lmz/armpiper/install/dynamixel_interfaces/share/dynamixel_interfaces/cmake/rosidl_cmake_export_typesupport_libraries-extras.cmake
[7.024s] -- Symlinking: /home/lmz/armpiper/install/dynamixel_interfaces/share/dynamixel_interfaces/cmake/dynamixel_interfacesConfig.cmake
[7.030s] -- Symlinking: /home/lmz/armpiper/install/dynamixel_interfaces/share/dynamixel_interfaces/cmake/dynamixel_interfacesConfig-version.cmake
[7.038s] -- Symlinking: /home/lmz/armpiper/install/dynamixel_interfaces/share/dynamixel_interfaces/package.xml
[7.044s] -- Installing: /home/lmz/armpiper/install/dynamixel_interfaces/lib/libdynamixel_interfaces__rosidl_generator_c.so
[7.044s] -- Set runtime path of "/home/lmz/armpiper/install/dynamixel_interfaces/lib/libdynamixel_interfaces__rosidl_generator_c.so" to ""
[7.044s] -- Installing: /home/lmz/armpiper/install/dynamixel_interfaces/lib/libdynamixel_interfaces__rosidl_typesupport_fastrtps_c.so
[7.044s] -- Set runtime path of "/home/lmz/armpiper/install/dynamixel_interfaces/lib/libdynamixel_interfaces__rosidl_typesupport_fastrtps_c.so" to ""
[7.044s] -- Installing: /home/lmz/armpiper/install/dynamixel_interfaces/lib/libdynamixel_interfaces__rosidl_typesupport_fastrtps_cpp.so
[7.045s] -- Set runtime path of "/home/lmz/armpiper/install/dynamixel_interfaces/lib/libdynamixel_interfaces__rosidl_typesupport_fastrtps_cpp.so" to ""
[7.045s] -- Installing: /home/lmz/armpiper/install/dynamixel_interfaces/lib/libdynamixel_interfaces__rosidl_typesupport_introspection_c.so
[7.045s] -- Set runtime path of "/home/lmz/armpiper/install/dynamixel_interfaces/lib/libdynamixel_interfaces__rosidl_typesupport_introspection_c.so" to ""
[7.045s] -- Installing: /home/lmz/armpiper/install/dynamixel_interfaces/lib/libdynamixel_interfaces__rosidl_typesupport_c.so
[7.045s] -- Set runtime path of "/home/lmz/armpiper/install/dynamixel_interfaces/lib/libdynamixel_interfaces__rosidl_typesupport_c.so" to ""
[7.045s] -- Installing: /home/lmz/armpiper/install/dynamixel_interfaces/lib/libdynamixel_interfaces__rosidl_typesupport_introspection_cpp.so
[7.045s] -- Set runtime path of "/home/lmz/armpiper/install/dynamixel_interfaces/lib/libdynamixel_interfaces__rosidl_typesupport_introspection_cpp.so" to ""
[7.045s] -- Installing: /home/lmz/armpiper/install/dynamixel_interfaces/lib/libdynamixel_interfaces__rosidl_typesupport_cpp.so
[7.046s] -- Set runtime path of "/home/lmz/armpiper/install/dynamixel_interfaces/lib/libdynamixel_interfaces__rosidl_typesupport_cpp.so" to ""
[7.078s] Listing '/home/lmz/armpiper/install/dynamixel_interfaces/local/lib/python3.10/dist-packages/dynamixel_interfaces'...
[7.079s] Compiling '/home/lmz/armpiper/install/dynamixel_interfaces/local/lib/python3.10/dist-packages/dynamixel_interfaces/__init__.py'...
[7.079s] Listing '/home/lmz/armpiper/install/dynamixel_interfaces/local/lib/python3.10/dist-packages/dynamixel_interfaces/msg'...
[7.079s] Compiling '/home/lmz/armpiper/install/dynamixel_interfaces/local/lib/python3.10/dist-packages/dynamixel_interfaces/msg/__init__.py'...
[7.079s] Compiling '/home/lmz/armpiper/install/dynamixel_interfaces/local/lib/python3.10/dist-packages/dynamixel_interfaces/msg/_dynamixel_state.py'...
[7.079s] Listing '/home/lmz/armpiper/install/dynamixel_interfaces/local/lib/python3.10/dist-packages/dynamixel_interfaces/srv'...
[7.079s] Compiling '/home/lmz/armpiper/install/dynamixel_interfaces/local/lib/python3.10/dist-packages/dynamixel_interfaces/srv/__init__.py'...
[7.079s] Compiling '/home/lmz/armpiper/install/dynamixel_interfaces/local/lib/python3.10/dist-packages/dynamixel_interfaces/srv/_get_data_from_dxl.py'...
[7.079s] Compiling '/home/lmz/armpiper/install/dynamixel_interfaces/local/lib/python3.10/dist-packages/dynamixel_interfaces/srv/_reboot_dxl.py'...
[7.079s] Compiling '/home/lmz/armpiper/install/dynamixel_interfaces/local/lib/python3.10/dist-packages/dynamixel_interfaces/srv/_set_data_to_dxl.py'...
[7.082s] -- Installing: /home/lmz/armpiper/install/dynamixel_interfaces/lib/libdynamixel_interfaces__rosidl_generator_py.so
[7.082s] -- Set runtime path of "/home/lmz/armpiper/install/dynamixel_interfaces/lib/libdynamixel_interfaces__rosidl_generator_py.so" to ""
[7.082s] -- Installing: /home/lmz/armpiper/install/dynamixel_interfaces/share/dynamixel_interfaces/cmake/export_dynamixel_interfaces__rosidl_generator_cExport.cmake
[7.083s] -- Installing: /home/lmz/armpiper/install/dynamixel_interfaces/share/dynamixel_interfaces/cmake/export_dynamixel_interfaces__rosidl_generator_cExport-noconfig.cmake
[7.083s] -- Installing: /home/lmz/armpiper/install/dynamixel_interfaces/share/dynamixel_interfaces/cmake/export_dynamixel_interfaces__rosidl_typesupport_fastrtps_cExport.cmake
[7.083s] -- Installing: /home/lmz/armpiper/install/dynamixel_interfaces/share/dynamixel_interfaces/cmake/export_dynamixel_interfaces__rosidl_typesupport_fastrtps_cExport-noconfig.cmake
[7.083s] -- Installing: /home/lmz/armpiper/install/dynamixel_interfaces/share/dynamixel_interfaces/cmake/export_dynamixel_interfaces__rosidl_generator_cppExport.cmake
[7.083s] -- Installing: /home/lmz/armpiper/install/dynamixel_interfaces/share/dynamixel_interfaces/cmake/export_dynamixel_interfaces__rosidl_typesupport_fastrtps_cppExport.cmake
[7.083s] -- Installing: /home/lmz/armpiper/install/dynamixel_interfaces/share/dynamixel_interfaces/cmake/export_dynamixel_interfaces__rosidl_typesupport_fastrtps_cppExport-noconfig.cmake
[7.083s] -- Installing: /home/lmz/armpiper/install/dynamixel_interfaces/share/dynamixel_interfaces/cmake/dynamixel_interfaces__rosidl_typesupport_introspection_cExport.cmake
[7.083s] -- Installing: /home/lmz/armpiper/install/dynamixel_interfaces/share/dynamixel_interfaces/cmake/dynamixel_interfaces__rosidl_typesupport_introspection_cExport-noconfig.cmake
[7.083s] -- Installing: /home/lmz/armpiper/install/dynamixel_interfaces/share/dynamixel_interfaces/cmake/dynamixel_interfaces__rosidl_typesupport_cExport.cmake
[7.083s] -- Installing: /home/lmz/armpiper/install/dynamixel_interfaces/share/dynamixel_interfaces/cmake/dynamixel_interfaces__rosidl_typesupport_cExport-noconfig.cmake
[7.083s] -- Installing: /home/lmz/armpiper/install/dynamixel_interfaces/share/dynamixel_interfaces/cmake/dynamixel_interfaces__rosidl_typesupport_introspection_cppExport.cmake
[7.084s] -- Installing: /home/lmz/armpiper/install/dynamixel_interfaces/share/dynamixel_interfaces/cmake/dynamixel_interfaces__rosidl_typesupport_introspection_cppExport-noconfig.cmake
[7.084s] -- Installing: /home/lmz/armpiper/install/dynamixel_interfaces/share/dynamixel_interfaces/cmake/dynamixel_interfaces__rosidl_typesupport_cppExport.cmake
[7.084s] -- Installing: /home/lmz/armpiper/install/dynamixel_interfaces/share/dynamixel_interfaces/cmake/dynamixel_interfaces__rosidl_typesupport_cppExport-noconfig.cmake
[7.084s] -- Installing: /home/lmz/armpiper/install/dynamixel_interfaces/share/dynamixel_interfaces/cmake/export_dynamixel_interfaces__rosidl_generator_pyExport.cmake
[7.084s] -- Installing: /home/lmz/armpiper/install/dynamixel_interfaces/share/dynamixel_interfaces/cmake/export_dynamixel_interfaces__rosidl_generator_pyExport-noconfig.cmake
[7.085s] Invoked command in '/home/lmz/armpiper/build/dynamixel_interfaces' returned '0': CMAKE_PREFIX_PATH=${CMAKE_PREFIX_PATH}:/home/lmz/armpiper/install/vla:/home/lmz/armpiper/install/interface:/home/lmz/armpiper/install/piper:/home/lmz/armpiper/install/leapsim:/home/lmz/armpiper/install/follow:/home/lmz/armpiper/install/arm_control_pkg:/opt/ros/humble /usr/bin/cmake --install /home/lmz/armpiper/build/dynamixel_interfaces
